

================================================================
== Vitis HLS Report for 'predecoder_kernel'
================================================================
* Date:           Thu Sep  3 17:11:08 2026

* Version:        2023.2 (Build 4023990 on Oct 11 2023)
* Project:        predecoder_csynth_proj
* Solution:       solution1 (Vitis Kernel Flow Target)
* Product family: virtexuplusHBM
* Target device:  xcu55c-fsvh2892-2L-e


================================================================
== Performance Estimates
================================================================
+ Timing: 
    * Summary: 
    +--------+---------+----------+------------+
    |  Clock |  Target | Estimated| Uncertainty|
    +--------+---------+----------+------------+
    |ap_clk  |  3.33 ns|  2.757 ns|     0.90 ns|
    +--------+---------+----------+------------+

+ Latency: 
    * Summary: 
    +---------+---------+----------+----------+-------+--------+----------+
    |  Latency (cycles) |  Latency (absolute) |    Interval    | Pipeline |
    |   min   |   max   |    min   |    max   |  min  |   max  |   Type   |
    +---------+---------+----------+----------+-------+--------+----------+
    |   116284|   136935|  0.387 ms|  0.456 ms|  12783|  136919|  dataflow|
    +---------+---------+----------+----------+-------+--------+----------+

    + Detail: 
        * Instance: 
        +---------------------------+--------------------------+---------+---------+-----------+-----------+-------+--------+---------+
        |                           |                          |  Latency (cycles) |   Latency (absolute)  |    Interval    | Pipeline|
        |          Instance         |          Module          |   min   |   max   |    min    |    max    |  min  |   max  |   Type  |
        +---------------------------+--------------------------+---------+---------+-----------+-----------+-------+--------+---------+
        |entry_proc_U0              |entry_proc                |        0|        0|       0 ns|       0 ns|      0|       0|       no|
        |Block_entry1_proc_U0       |Block_entry1_proc         |       71|       71|   0.236 us|   0.236 us|     71|      71|       no|
        |unpack_input_U0            |unpack_input              |      219|      219|   0.729 us|   0.729 us|    219|     219|       no|
        |conv3d_hidden_layer_1_U0   |conv3d_hidden_layer_1_s   |      133|    23086|   0.443 us|  76.876 us|    133|   23086|       no|
        |conv3d_hidden_layer_12_U0  |conv3d_hidden_layer_12_s  |     1321|   136918|   4.399 us|   0.456 ms|   1321|  136918|       no|
        |conv1x1_output_layer_U0    |conv1x1_output_layer      |      225|      225|   0.749 us|   0.749 us|    225|     225|       no|
        |edge_correction_U0         |edge_correction           |    12782|    12782|  42.564 us|  42.564 us|  12782|   12782|       no|
        |Block_entry17_proc_U0      |Block_entry17_proc        |       70|       70|   0.233 us|   0.233 us|     70|      70|       no|
        +---------------------------+--------------------------+---------+---------+-----------+-----------+-------+--------+---------+

        * Loop: 
        N/A



================================================================
== Utilization Estimates
================================================================
* Summary: 
+---------------------+---------+------+---------+---------+-----+
|         Name        | BRAM_18K|  DSP |    FF   |   LUT   | URAM|
+---------------------+---------+------+---------+---------+-----+
|DSP                  |        -|     -|        -|        -|    -|
|Expression           |        -|     -|        0|       12|    -|
|FIFO                 |        0|     -|     3633|     2147|    -|
|Instance             |       60|   113|   155836|   184954|    0|
|Memory               |        -|     -|        -|        -|    -|
|Multiplexer          |        -|     -|        -|       18|    -|
|Register             |        -|     -|        5|        -|    -|
+---------------------+---------+------+---------+---------+-----+
|Total                |       60|   113|   159474|   187131|    0|
+---------------------+---------+------+---------+---------+-----+
|Available SLR        |     1344|  3008|   869120|   434560|  320|
+---------------------+---------+------+---------+---------+-----+
|Utilization SLR (%)  |        4|     3|       18|       43|    0|
+---------------------+---------+------+---------+---------+-----+
|Available            |     4032|  9024|  2607360|  1303680|  960|
+---------------------+---------+------+---------+---------+-----+
|Utilization (%)      |        1|     1|        6|       14|    0|
+---------------------+---------+------+---------+---------+-----+

+ Detail: 
    * Instance: 
    +---------------------------+--------------------------+---------+----+--------+--------+-----+
    |          Instance         |          Module          | BRAM_18K| DSP|   FF   |   LUT  | URAM|
    +---------------------------+--------------------------+---------+----+--------+--------+-----+
    |Block_entry17_proc_U0      |Block_entry17_proc        |        0|   0|     130|     372|    0|
    |Block_entry1_proc_U0       |Block_entry1_proc         |        0|   0|     585|     369|    0|
    |control_s_axi_U            |control_s_axi             |        0|   0|     176|     296|    0|
    |conv1x1_output_layer_U0    |conv1x1_output_layer      |        0|  12|    1013|    1376|    0|
    |conv3d_hidden_layer_12_U0  |conv3d_hidden_layer_12_s  |        0|  42|   13406|   33190|    0|
    |conv3d_hidden_layer_1_U0   |conv3d_hidden_layer_1_s   |        0|  30|    4601|    6311|    0|
    |edge_correction_U0         |edge_correction           |        0|  29|  128345|  137332|    0|
    |entry_proc_U0              |entry_proc                |        0|   0|       2|      20|    0|
    |gmem0_m_axi_U              |gmem0_m_axi               |       30|   0|    3514|    2683|    0|
    |gmem1_m_axi_U              |gmem1_m_axi               |       30|   0|    3514|    2683|    0|
    |unpack_input_U0            |unpack_input              |        0|   0|     550|     322|    0|
    +---------------------------+--------------------------+---------+----+--------+--------+-----+
    |Total                      |                          |       60| 113|  155836|  184954|    0|
    +---------------------------+--------------------------+---------+----+--------+--------+-----+

    * DSP: 
    N/A

    * Memory: 
    N/A

    * FIFO: 
    +--------------------+---------+------+----+-----+------+-----+---------+
    |        Name        | BRAM_18K|  FF  | LUT| URAM| Depth| Bits| Size:D*B|
    +--------------------+---------+------+----+-----+------+-----+---------+
    |correction_hbm_c_U  |        0|     7|   0|    -|     8|   64|      512|
    |in_beat_channel_U   |        0|  1028|   0|    -|     2|  512|     1024|
    |out_beat_U          |        0|  1028|   0|    -|     2|  512|     1024|
    |s0_U                |        0|     7|   0|    -|     8|   96|      768|
    |s1_U                |        0|     7|   0|    -|     8|   96|      768|
    |s2_U                |        0|     7|   0|    -|     8|   96|      768|
    |s3_U                |        0|  1549|   0|    -|     8|  448|     3584|
    +--------------------+---------+------+----+-----+------+-----+---------+
    |Total               |        0|  3633|   0|    0|    44| 1824|     8448|
    +--------------------+---------+------+----+-----+------+-----+---------+

    * Expression: 
    +---------------------------------------+----------+----+---+----+------------+------------+
    |             Variable Name             | Operation| DSP| FF| LUT| Bitwidth P0| Bitwidth P1|
    +---------------------------------------+----------+----+---+----+------------+------------+
    |Block_entry1_proc_U0_ap_start          |       and|   0|  0|   2|           1|           1|
    |ap_idle                                |       and|   0|  0|   2|           1|           1|
    |ap_sync_ready                          |       and|   0|  0|   2|           1|           1|
    |entry_proc_U0_ap_start                 |       and|   0|  0|   2|           1|           1|
    |ap_sync_Block_entry1_proc_U0_ap_ready  |        or|   0|  0|   2|           1|           1|
    |ap_sync_entry_proc_U0_ap_ready         |        or|   0|  0|   2|           1|           1|
    +---------------------------------------+----------+----+---+----+------------+------------+
    |Total                                  |          |   0|  0|  12|           6|           6|
    +---------------------------------------+----------+----+---+----+------------+------------+

    * Multiplexer: 
    +-------------------------------------------+----+-----------+-----+-----------+
    |                    Name                   | LUT| Input Size| Bits| Total Bits|
    +-------------------------------------------+----+-----------+-----+-----------+
    |ap_sync_reg_Block_entry1_proc_U0_ap_ready  |   9|          2|    1|          2|
    |ap_sync_reg_entry_proc_U0_ap_ready         |   9|          2|    1|          2|
    +-------------------------------------------+----+-----------+-----+-----------+
    |Total                                      |  18|          4|    2|          4|
    +-------------------------------------------+----+-----------+-----+-----------+

    * Register: 
    +-------------------------------------------+---+----+-----+-----------+
    |                    Name                   | FF| LUT| Bits| Const Bits|
    +-------------------------------------------+---+----+-----+-----------+
    |ap_rst_n_inv                               |  1|   0|    1|          0|
    |ap_rst_reg_1                               |  1|   0|    1|          0|
    |ap_rst_reg_2                               |  1|   0|    1|          0|
    |ap_sync_reg_Block_entry1_proc_U0_ap_ready  |  1|   0|    1|          0|
    |ap_sync_reg_entry_proc_U0_ap_ready         |  1|   0|    1|          0|
    +-------------------------------------------+---+----+-----+-----------+
    |Total                                      |  5|   0|    5|          0|
    +-------------------------------------------+---+----+-----+-----------+



================================================================
== Interface
================================================================
* Summary: 
+-----------------------+-----+-----+---------------+-------------------+--------------+
|       RTL Ports       | Dir | Bits|    Protocol   |   Source Object   |    C Type    |
+-----------------------+-----+-----+---------------+-------------------+--------------+
|s_axi_control_AWVALID  |   in|    1|          s_axi|            control|        scalar|
|s_axi_control_AWREADY  |  out|    1|          s_axi|            control|        scalar|
|s_axi_control_AWADDR   |   in|    6|          s_axi|            control|        scalar|
|s_axi_control_WVALID   |   in|    1|          s_axi|            control|        scalar|
|s_axi_control_WREADY   |  out|    1|          s_axi|            control|        scalar|
|s_axi_control_WDATA    |   in|   32|          s_axi|            control|        scalar|
|s_axi_control_WSTRB    |   in|    4|          s_axi|            control|        scalar|
|s_axi_control_ARVALID  |   in|    1|          s_axi|            control|        scalar|
|s_axi_control_ARREADY  |  out|    1|          s_axi|            control|        scalar|
|s_axi_control_ARADDR   |   in|    6|          s_axi|            control|        scalar|
|s_axi_control_RVALID   |  out|    1|          s_axi|            control|        scalar|
|s_axi_control_RREADY   |   in|    1|          s_axi|            control|        scalar|
|s_axi_control_RDATA    |  out|   32|          s_axi|            control|        scalar|
|s_axi_control_RRESP    |  out|    2|          s_axi|            control|        scalar|
|s_axi_control_BVALID   |  out|    1|          s_axi|            control|        scalar|
|s_axi_control_BREADY   |   in|    1|          s_axi|            control|        scalar|
|s_axi_control_BRESP    |  out|    2|          s_axi|            control|        scalar|
|ap_clk                 |   in|    1|  ap_ctrl_chain|  predecoder_kernel|  return value|
|ap_rst_n               |   in|    1|  ap_ctrl_chain|  predecoder_kernel|  return value|
|interrupt              |  out|    1|  ap_ctrl_chain|  predecoder_kernel|  return value|
|m_axi_gmem0_AWVALID    |  out|    1|          m_axi|              gmem0|       pointer|
|m_axi_gmem0_AWREADY    |   in|    1|          m_axi|              gmem0|       pointer|
|m_axi_gmem0_AWADDR     |  out|   64|          m_axi|              gmem0|       pointer|
|m_axi_gmem0_AWID       |  out|    1|          m_axi|              gmem0|       pointer|
|m_axi_gmem0_AWLEN      |  out|    8|          m_axi|              gmem0|       pointer|
|m_axi_gmem0_AWSIZE     |  out|    3|          m_axi|              gmem0|       pointer|
|m_axi_gmem0_AWBURST    |  out|    2|          m_axi|              gmem0|       pointer|
|m_axi_gmem0_AWLOCK     |  out|    2|          m_axi|              gmem0|       pointer|
|m_axi_gmem0_AWCACHE    |  out|    4|          m_axi|              gmem0|       pointer|
|m_axi_gmem0_AWPROT     |  out|    3|          m_axi|              gmem0|       pointer|
|m_axi_gmem0_AWQOS      |  out|    4|          m_axi|              gmem0|       pointer|
|m_axi_gmem0_AWREGION   |  out|    4|          m_axi|              gmem0|       pointer|
|m_axi_gmem0_AWUSER     |  out|    1|          m_axi|              gmem0|       pointer|
|m_axi_gmem0_WVALID     |  out|    1|          m_axi|              gmem0|       pointer|
|m_axi_gmem0_WREADY     |   in|    1|          m_axi|              gmem0|       pointer|
|m_axi_gmem0_WDATA      |  out|  512|          m_axi|              gmem0|       pointer|
|m_axi_gmem0_WSTRB      |  out|   64|          m_axi|              gmem0|       pointer|
|m_axi_gmem0_WLAST      |  out|    1|          m_axi|              gmem0|       pointer|
|m_axi_gmem0_WID        |  out|    1|          m_axi|              gmem0|       pointer|
|m_axi_gmem0_WUSER      |  out|    1|          m_axi|              gmem0|       pointer|
|m_axi_gmem0_ARVALID    |  out|    1|          m_axi|              gmem0|       pointer|
|m_axi_gmem0_ARREADY    |   in|    1|          m_axi|              gmem0|       pointer|
|m_axi_gmem0_ARADDR     |  out|   64|          m_axi|              gmem0|       pointer|
|m_axi_gmem0_ARID       |  out|    1|          m_axi|              gmem0|       pointer|
|m_axi_gmem0_ARLEN      |  out|    8|          m_axi|              gmem0|       pointer|
|m_axi_gmem0_ARSIZE     |  out|    3|          m_axi|              gmem0|       pointer|
|m_axi_gmem0_ARBURST    |  out|    2|          m_axi|              gmem0|       pointer|
|m_axi_gmem0_ARLOCK     |  out|    2|          m_axi|              gmem0|       pointer|
|m_axi_gmem0_ARCACHE    |  out|    4|          m_axi|              gmem0|       pointer|
|m_axi_gmem0_ARPROT     |  out|    3|          m_axi|              gmem0|       pointer|
|m_axi_gmem0_ARQOS      |  out|    4|          m_axi|              gmem0|       pointer|
|m_axi_gmem0_ARREGION   |  out|    4|          m_axi|              gmem0|       pointer|
|m_axi_gmem0_ARUSER     |  out|    1|          m_axi|              gmem0|       pointer|
|m_axi_gmem0_RVALID     |   in|    1|          m_axi|              gmem0|       pointer|
|m_axi_gmem0_RREADY     |  out|    1|          m_axi|              gmem0|       pointer|
|m_axi_gmem0_RDATA      |   in|  512|          m_axi|              gmem0|       pointer|
|m_axi_gmem0_RLAST      |   in|    1|          m_axi|              gmem0|       pointer|
|m_axi_gmem0_RID        |   in|    1|          m_axi|              gmem0|       pointer|
|m_axi_gmem0_RUSER      |   in|    1|          m_axi|              gmem0|       pointer|
|m_axi_gmem0_RRESP      |   in|    2|          m_axi|              gmem0|       pointer|
|m_axi_gmem0_BVALID     |   in|    1|          m_axi|              gmem0|       pointer|
|m_axi_gmem0_BREADY     |  out|    1|          m_axi|              gmem0|       pointer|
|m_axi_gmem0_BRESP      |   in|    2|          m_axi|              gmem0|       pointer|
|m_axi_gmem0_BID        |   in|    1|          m_axi|              gmem0|       pointer|
|m_axi_gmem0_BUSER      |   in|    1|          m_axi|              gmem0|       pointer|
|m_axi_gmem1_AWVALID    |  out|    1|          m_axi|              gmem1|       pointer|
|m_axi_gmem1_AWREADY    |   in|    1|          m_axi|              gmem1|       pointer|
|m_axi_gmem1_AWADDR     |  out|   64|          m_axi|              gmem1|       pointer|
|m_axi_gmem1_AWID       |  out|    1|          m_axi|              gmem1|       pointer|
|m_axi_gmem1_AWLEN      |  out|    8|          m_axi|              gmem1|       pointer|
|m_axi_gmem1_AWSIZE     |  out|    3|          m_axi|              gmem1|       pointer|
|m_axi_gmem1_AWBURST    |  out|    2|          m_axi|              gmem1|       pointer|
|m_axi_gmem1_AWLOCK     |  out|    2|          m_axi|              gmem1|       pointer|
|m_axi_gmem1_AWCACHE    |  out|    4|          m_axi|              gmem1|       pointer|
|m_axi_gmem1_AWPROT     |  out|    3|          m_axi|              gmem1|       pointer|
|m_axi_gmem1_AWQOS      |  out|    4|          m_axi|              gmem1|       pointer|
|m_axi_gmem1_AWREGION   |  out|    4|          m_axi|              gmem1|       pointer|
|m_axi_gmem1_AWUSER     |  out|    1|          m_axi|              gmem1|       pointer|
|m_axi_gmem1_WVALID     |  out|    1|          m_axi|              gmem1|       pointer|
|m_axi_gmem1_WREADY     |   in|    1|          m_axi|              gmem1|       pointer|
|m_axi_gmem1_WDATA      |  out|  512|          m_axi|              gmem1|       pointer|
|m_axi_gmem1_WSTRB      |  out|   64|          m_axi|              gmem1|       pointer|
|m_axi_gmem1_WLAST      |  out|    1|          m_axi|              gmem1|       pointer|
|m_axi_gmem1_WID        |  out|    1|          m_axi|              gmem1|       pointer|
|m_axi_gmem1_WUSER      |  out|    1|          m_axi|              gmem1|       pointer|
|m_axi_gmem1_ARVALID    |  out|    1|          m_axi|              gmem1|       pointer|
|m_axi_gmem1_ARREADY    |   in|    1|          m_axi|              gmem1|       pointer|
|m_axi_gmem1_ARADDR     |  out|   64|          m_axi|              gmem1|       pointer|
|m_axi_gmem1_ARID       |  out|    1|          m_axi|              gmem1|       pointer|
|m_axi_gmem1_ARLEN      |  out|    8|          m_axi|              gmem1|       pointer|
|m_axi_gmem1_ARSIZE     |  out|    3|          m_axi|              gmem1|       pointer|
|m_axi_gmem1_ARBURST    |  out|    2|          m_axi|              gmem1|       pointer|
|m_axi_gmem1_ARLOCK     |  out|    2|          m_axi|              gmem1|       pointer|
|m_axi_gmem1_ARCACHE    |  out|    4|          m_axi|              gmem1|       pointer|
|m_axi_gmem1_ARPROT     |  out|    3|          m_axi|              gmem1|       pointer|
|m_axi_gmem1_ARQOS      |  out|    4|          m_axi|              gmem1|       pointer|
|m_axi_gmem1_ARREGION   |  out|    4|          m_axi|              gmem1|       pointer|
|m_axi_gmem1_ARUSER     |  out|    1|          m_axi|              gmem1|       pointer|
|m_axi_gmem1_RVALID     |   in|    1|          m_axi|              gmem1|       pointer|
|m_axi_gmem1_RREADY     |  out|    1|          m_axi|              gmem1|       pointer|
|m_axi_gmem1_RDATA      |   in|  512|          m_axi|              gmem1|       pointer|
|m_axi_gmem1_RLAST      |   in|    1|          m_axi|              gmem1|       pointer|
|m_axi_gmem1_RID        |   in|    1|          m_axi|              gmem1|       pointer|
|m_axi_gmem1_RUSER      |   in|    1|          m_axi|              gmem1|       pointer|
|m_axi_gmem1_RRESP      |   in|    2|          m_axi|              gmem1|       pointer|
|m_axi_gmem1_BVALID     |   in|    1|          m_axi|              gmem1|       pointer|
|m_axi_gmem1_BREADY     |  out|    1|          m_axi|              gmem1|       pointer|
|m_axi_gmem1_BRESP      |   in|    2|          m_axi|              gmem1|       pointer|
|m_axi_gmem1_BID        |   in|    1|          m_axi|              gmem1|       pointer|
|m_axi_gmem1_BUSER      |   in|    1|          m_axi|              gmem1|       pointer|
+-----------------------+-----+-----+---------------+-------------------+--------------+

