

================================================================
== Vitis HLS Report for 'Block_entry1_proc'
================================================================
* Date:           Thu Sep  3 17:05:55 2026

* Version:        2023.2 (Build 4023990 on Oct 11 2023)
* Project:        predecoder_csynth_proj
* Solution:       solution1 (Vitis Kernel Flow Target)
* Product family: virtexuplusHBM
* Target device:  xcu55c-fsvh2892-2L-e


================================================================
== Performance Estimates
================================================================
+ Timing: 
    * Summary: 
    +--------+---------+----------+------------+
    |  Clock |  Target | Estimated| Uncertainty|
    +--------+---------+----------+------------+
    |ap_clk  |  3.33 ns|  2.431 ns|     0.90 ns|
    +--------+---------+----------+------------+

+ Latency: 
    * Summary: 
    +---------+---------+----------+----------+-----+-----+---------+
    |  Latency (cycles) |  Latency (absolute) |  Interval | Pipeline|
    |   min   |   max   |    min   |    max   | min | max |   Type  |
    +---------+---------+----------+----------+-----+-----+---------+
    |       71|       71|  0.236 us|  0.236 us|   71|   71|       no|
    +---------+---------+----------+----------+-----+-----+---------+

    + Detail: 
        * Instance: 
        N/A

        * Loop: 
        N/A

============================================================
+ Verbose Summary: Synthesis Manager
============================================================
InlineROM: 1
ExposeGlobal: 0
============================================================
+ Verbose Summary: CDFG Model
============================================================
IsTopModel: 0
ResetActiveHigh: 1
IsCombinational: 2
IsDatapathOnly: 0
HasWiredReturn: 1
HasMFsm: 0
HasVarLatency: 1
IsPipeline: 0
IsRtlPipelined: 0
IsInstanceOverlapped: 0
IsDontTouch: 0
HasImplIP: 0
IsGatedGlobalClock: 0


============================================================
+ Verbose Summary: Schedule
============================================================
* Number of FSM states : 72
* Pipeline : 0
* Dataflow Pipeline: 0

* FSM state transitions: 
1 --> 2 
2 --> 3 
3 --> 4 
4 --> 5 
5 --> 6 
6 --> 7 
7 --> 8 
8 --> 9 
9 --> 10 
10 --> 11 
11 --> 12 
12 --> 13 
13 --> 14 
14 --> 15 
15 --> 16 
16 --> 17 
17 --> 18 
18 --> 19 
19 --> 20 
20 --> 21 
21 --> 22 
22 --> 23 
23 --> 24 
24 --> 25 
25 --> 26 
26 --> 27 
27 --> 28 
28 --> 29 
29 --> 30 
30 --> 31 
31 --> 32 
32 --> 33 
33 --> 34 
34 --> 35 
35 --> 36 
36 --> 37 
37 --> 38 
38 --> 39 
39 --> 40 
40 --> 41 
41 --> 42 
42 --> 43 
43 --> 44 
44 --> 45 
45 --> 46 
46 --> 47 
47 --> 48 
48 --> 49 
49 --> 50 
50 --> 51 
51 --> 52 
52 --> 53 
53 --> 54 
54 --> 55 
55 --> 56 
56 --> 57 
57 --> 58 
58 --> 59 
59 --> 60 
60 --> 61 
61 --> 62 
62 --> 63 
63 --> 64 
64 --> 65 
65 --> 66 
66 --> 67 
67 --> 68 
68 --> 69 
69 --> 70 
70 --> 71 
71 --> 72 
72 --> 

* FSM state operations: 

State 1 <SV = 0> <Delay = 2.43>
ST_1 : Operation 73 [1/1] (0.00ns)   --->   "%syndrome_hbm_read = read i64 @_ssdm_op_Read.ap_auto.i64, i64 %syndrome_hbm" [predecoder_kernel.cpp:238]   --->   Operation 73 'read' 'syndrome_hbm_read' <Predicate = true> <Delay = 0.00>
ST_1 : Operation 74 [1/1] (0.00ns)   --->   "%trunc_ln = partselect i58 @_ssdm_op_PartSelect.i58.i64.i32.i32, i64 %syndrome_hbm_read, i32 6, i32 63" [predecoder_kernel.cpp:238]   --->   Operation 74 'partselect' 'trunc_ln' <Predicate = true> <Delay = 0.00>
ST_1 : Operation 75 [1/1] (0.00ns)   --->   "%sext_ln238 = sext i58 %trunc_ln" [predecoder_kernel.cpp:238]   --->   Operation 75 'sext' 'sext_ln238' <Predicate = true> <Delay = 0.00>
ST_1 : Operation 76 [1/1] (0.00ns)   --->   "%gmem0_addr = getelementptr i512 %gmem0, i64 %sext_ln238" [predecoder_kernel.cpp:238]   --->   Operation 76 'getelementptr' 'gmem0_addr' <Predicate = true> <Delay = 0.00>
ST_1 : Operation 77 [71/71] (2.43ns)   --->   "%in_beat_req = readreq i1 @_ssdm_op_ReadReq.m_axi.i512P1A, i512 %gmem0_addr, i32 1" [predecoder_kernel.cpp:238]   --->   Operation 77 'readreq' 'in_beat_req' <Predicate = true> <Delay = 2.43> <CoreInst = "m_axi">   --->   Core 121 'm_axi' <Latency = 0> <II = 1> <Delay = 1.00> <Adapter> <Opcode : 'read' 'write' 'readreq' 'writereq' 'writeresp'>

State 2 <SV = 1> <Delay = 2.43>
ST_2 : Operation 78 [70/71] (2.43ns)   --->   "%in_beat_req = readreq i1 @_ssdm_op_ReadReq.m_axi.i512P1A, i512 %gmem0_addr, i32 1" [predecoder_kernel.cpp:238]   --->   Operation 78 'readreq' 'in_beat_req' <Predicate = true> <Delay = 2.43> <CoreInst = "m_axi">   --->   Core 121 'm_axi' <Latency = 0> <II = 1> <Delay = 1.00> <Adapter> <Opcode : 'read' 'write' 'readreq' 'writereq' 'writeresp'>

State 3 <SV = 2> <Delay = 2.43>
ST_3 : Operation 79 [69/71] (2.43ns)   --->   "%in_beat_req = readreq i1 @_ssdm_op_ReadReq.m_axi.i512P1A, i512 %gmem0_addr, i32 1" [predecoder_kernel.cpp:238]   --->   Operation 79 'readreq' 'in_beat_req' <Predicate = true> <Delay = 2.43> <CoreInst = "m_axi">   --->   Core 121 'm_axi' <Latency = 0> <II = 1> <Delay = 1.00> <Adapter> <Opcode : 'read' 'write' 'readreq' 'writereq' 'writeresp'>

State 4 <SV = 3> <Delay = 2.43>
ST_4 : Operation 80 [68/71] (2.43ns)   --->   "%in_beat_req = readreq i1 @_ssdm_op_ReadReq.m_axi.i512P1A, i512 %gmem0_addr, i32 1" [predecoder_kernel.cpp:238]   --->   Operation 80 'readreq' 'in_beat_req' <Predicate = true> <Delay = 2.43> <CoreInst = "m_axi">   --->   Core 121 'm_axi' <Latency = 0> <II = 1> <Delay = 1.00> <Adapter> <Opcode : 'read' 'write' 'readreq' 'writereq' 'writeresp'>

State 5 <SV = 4> <Delay = 2.43>
ST_5 : Operation 81 [67/71] (2.43ns)   --->   "%in_beat_req = readreq i1 @_ssdm_op_ReadReq.m_axi.i512P1A, i512 %gmem0_addr, i32 1" [predecoder_kernel.cpp:238]   --->   Operation 81 'readreq' 'in_beat_req' <Predicate = true> <Delay = 2.43> <CoreInst = "m_axi">   --->   Core 121 'm_axi' <Latency = 0> <II = 1> <Delay = 1.00> <Adapter> <Opcode : 'read' 'write' 'readreq' 'writereq' 'writeresp'>

State 6 <SV = 5> <Delay = 2.43>
ST_6 : Operation 82 [66/71] (2.43ns)   --->   "%in_beat_req = readreq i1 @_ssdm_op_ReadReq.m_axi.i512P1A, i512 %gmem0_addr, i32 1" [predecoder_kernel.cpp:238]   --->   Operation 82 'readreq' 'in_beat_req' <Predicate = true> <Delay = 2.43> <CoreInst = "m_axi">   --->   Core 121 'm_axi' <Latency = 0> <II = 1> <Delay = 1.00> <Adapter> <Opcode : 'read' 'write' 'readreq' 'writereq' 'writeresp'>

State 7 <SV = 6> <Delay = 2.43>
ST_7 : Operation 83 [65/71] (2.43ns)   --->   "%in_beat_req = readreq i1 @_ssdm_op_ReadReq.m_axi.i512P1A, i512 %gmem0_addr, i32 1" [predecoder_kernel.cpp:238]   --->   Operation 83 'readreq' 'in_beat_req' <Predicate = true> <Delay = 2.43> <CoreInst = "m_axi">   --->   Core 121 'm_axi' <Latency = 0> <II = 1> <Delay = 1.00> <Adapter> <Opcode : 'read' 'write' 'readreq' 'writereq' 'writeresp'>

State 8 <SV = 7> <Delay = 2.43>
ST_8 : Operation 84 [64/71] (2.43ns)   --->   "%in_beat_req = readreq i1 @_ssdm_op_ReadReq.m_axi.i512P1A, i512 %gmem0_addr, i32 1" [predecoder_kernel.cpp:238]   --->   Operation 84 'readreq' 'in_beat_req' <Predicate = true> <Delay = 2.43> <CoreInst = "m_axi">   --->   Core 121 'm_axi' <Latency = 0> <II = 1> <Delay = 1.00> <Adapter> <Opcode : 'read' 'write' 'readreq' 'writereq' 'writeresp'>

State 9 <SV = 8> <Delay = 2.43>
ST_9 : Operation 85 [63/71] (2.43ns)   --->   "%in_beat_req = readreq i1 @_ssdm_op_ReadReq.m_axi.i512P1A, i512 %gmem0_addr, i32 1" [predecoder_kernel.cpp:238]   --->   Operation 85 'readreq' 'in_beat_req' <Predicate = true> <Delay = 2.43> <CoreInst = "m_axi">   --->   Core 121 'm_axi' <Latency = 0> <II = 1> <Delay = 1.00> <Adapter> <Opcode : 'read' 'write' 'readreq' 'writereq' 'writeresp'>

State 10 <SV = 9> <Delay = 2.43>
ST_10 : Operation 86 [62/71] (2.43ns)   --->   "%in_beat_req = readreq i1 @_ssdm_op_ReadReq.m_axi.i512P1A, i512 %gmem0_addr, i32 1" [predecoder_kernel.cpp:238]   --->   Operation 86 'readreq' 'in_beat_req' <Predicate = true> <Delay = 2.43> <CoreInst = "m_axi">   --->   Core 121 'm_axi' <Latency = 0> <II = 1> <Delay = 1.00> <Adapter> <Opcode : 'read' 'write' 'readreq' 'writereq' 'writeresp'>

State 11 <SV = 10> <Delay = 2.43>
ST_11 : Operation 87 [61/71] (2.43ns)   --->   "%in_beat_req = readreq i1 @_ssdm_op_ReadReq.m_axi.i512P1A, i512 %gmem0_addr, i32 1" [predecoder_kernel.cpp:238]   --->   Operation 87 'readreq' 'in_beat_req' <Predicate = true> <Delay = 2.43> <CoreInst = "m_axi">   --->   Core 121 'm_axi' <Latency = 0> <II = 1> <Delay = 1.00> <Adapter> <Opcode : 'read' 'write' 'readreq' 'writereq' 'writeresp'>

State 12 <SV = 11> <Delay = 2.43>
ST_12 : Operation 88 [60/71] (2.43ns)   --->   "%in_beat_req = readreq i1 @_ssdm_op_ReadReq.m_axi.i512P1A, i512 %gmem0_addr, i32 1" [predecoder_kernel.cpp:238]   --->   Operation 88 'readreq' 'in_beat_req' <Predicate = true> <Delay = 2.43> <CoreInst = "m_axi">   --->   Core 121 'm_axi' <Latency = 0> <II = 1> <Delay = 1.00> <Adapter> <Opcode : 'read' 'write' 'readreq' 'writereq' 'writeresp'>

State 13 <SV = 12> <Delay = 2.43>
ST_13 : Operation 89 [59/71] (2.43ns)   --->   "%in_beat_req = readreq i1 @_ssdm_op_ReadReq.m_axi.i512P1A, i512 %gmem0_addr, i32 1" [predecoder_kernel.cpp:238]   --->   Operation 89 'readreq' 'in_beat_req' <Predicate = true> <Delay = 2.43> <CoreInst = "m_axi">   --->   Core 121 'm_axi' <Latency = 0> <II = 1> <Delay = 1.00> <Adapter> <Opcode : 'read' 'write' 'readreq' 'writereq' 'writeresp'>

State 14 <SV = 13> <Delay = 2.43>
ST_14 : Operation 90 [58/71] (2.43ns)   --->   "%in_beat_req = readreq i1 @_ssdm_op_ReadReq.m_axi.i512P1A, i512 %gmem0_addr, i32 1" [predecoder_kernel.cpp:238]   --->   Operation 90 'readreq' 'in_beat_req' <Predicate = true> <Delay = 2.43> <CoreInst = "m_axi">   --->   Core 121 'm_axi' <Latency = 0> <II = 1> <Delay = 1.00> <Adapter> <Opcode : 'read' 'write' 'readreq' 'writereq' 'writeresp'>

State 15 <SV = 14> <Delay = 2.43>
ST_15 : Operation 91 [57/71] (2.43ns)   --->   "%in_beat_req = readreq i1 @_ssdm_op_ReadReq.m_axi.i512P1A, i512 %gmem0_addr, i32 1" [predecoder_kernel.cpp:238]   --->   Operation 91 'readreq' 'in_beat_req' <Predicate = true> <Delay = 2.43> <CoreInst = "m_axi">   --->   Core 121 'm_axi' <Latency = 0> <II = 1> <Delay = 1.00> <Adapter> <Opcode : 'read' 'write' 'readreq' 'writereq' 'writeresp'>

State 16 <SV = 15> <Delay = 2.43>
ST_16 : Operation 92 [56/71] (2.43ns)   --->   "%in_beat_req = readreq i1 @_ssdm_op_ReadReq.m_axi.i512P1A, i512 %gmem0_addr, i32 1" [predecoder_kernel.cpp:238]   --->   Operation 92 'readreq' 'in_beat_req' <Predicate = true> <Delay = 2.43> <CoreInst = "m_axi">   --->   Core 121 'm_axi' <Latency = 0> <II = 1> <Delay = 1.00> <Adapter> <Opcode : 'read' 'write' 'readreq' 'writereq' 'writeresp'>

State 17 <SV = 16> <Delay = 2.43>
ST_17 : Operation 93 [55/71] (2.43ns)   --->   "%in_beat_req = readreq i1 @_ssdm_op_ReadReq.m_axi.i512P1A, i512 %gmem0_addr, i32 1" [predecoder_kernel.cpp:238]   --->   Operation 93 'readreq' 'in_beat_req' <Predicate = true> <Delay = 2.43> <CoreInst = "m_axi">   --->   Core 121 'm_axi' <Latency = 0> <II = 1> <Delay = 1.00> <Adapter> <Opcode : 'read' 'write' 'readreq' 'writereq' 'writeresp'>

State 18 <SV = 17> <Delay = 2.43>
ST_18 : Operation 94 [54/71] (2.43ns)   --->   "%in_beat_req = readreq i1 @_ssdm_op_ReadReq.m_axi.i512P1A, i512 %gmem0_addr, i32 1" [predecoder_kernel.cpp:238]   --->   Operation 94 'readreq' 'in_beat_req' <Predicate = true> <Delay = 2.43> <CoreInst = "m_axi">   --->   Core 121 'm_axi' <Latency = 0> <II = 1> <Delay = 1.00> <Adapter> <Opcode : 'read' 'write' 'readreq' 'writereq' 'writeresp'>

State 19 <SV = 18> <Delay = 2.43>
ST_19 : Operation 95 [53/71] (2.43ns)   --->   "%in_beat_req = readreq i1 @_ssdm_op_ReadReq.m_axi.i512P1A, i512 %gmem0_addr, i32 1" [predecoder_kernel.cpp:238]   --->   Operation 95 'readreq' 'in_beat_req' <Predicate = true> <Delay = 2.43> <CoreInst = "m_axi">   --->   Core 121 'm_axi' <Latency = 0> <II = 1> <Delay = 1.00> <Adapter> <Opcode : 'read' 'write' 'readreq' 'writereq' 'writeresp'>

State 20 <SV = 19> <Delay = 2.43>
ST_20 : Operation 96 [52/71] (2.43ns)   --->   "%in_beat_req = readreq i1 @_ssdm_op_ReadReq.m_axi.i512P1A, i512 %gmem0_addr, i32 1" [predecoder_kernel.cpp:238]   --->   Operation 96 'readreq' 'in_beat_req' <Predicate = true> <Delay = 2.43> <CoreInst = "m_axi">   --->   Core 121 'm_axi' <Latency = 0> <II = 1> <Delay = 1.00> <Adapter> <Opcode : 'read' 'write' 'readreq' 'writereq' 'writeresp'>

State 21 <SV = 20> <Delay = 2.43>
ST_21 : Operation 97 [51/71] (2.43ns)   --->   "%in_beat_req = readreq i1 @_ssdm_op_ReadReq.m_axi.i512P1A, i512 %gmem0_addr, i32 1" [predecoder_kernel.cpp:238]   --->   Operation 97 'readreq' 'in_beat_req' <Predicate = true> <Delay = 2.43> <CoreInst = "m_axi">   --->   Core 121 'm_axi' <Latency = 0> <II = 1> <Delay = 1.00> <Adapter> <Opcode : 'read' 'write' 'readreq' 'writereq' 'writeresp'>

State 22 <SV = 21> <Delay = 2.43>
ST_22 : Operation 98 [50/71] (2.43ns)   --->   "%in_beat_req = readreq i1 @_ssdm_op_ReadReq.m_axi.i512P1A, i512 %gmem0_addr, i32 1" [predecoder_kernel.cpp:238]   --->   Operation 98 'readreq' 'in_beat_req' <Predicate = true> <Delay = 2.43> <CoreInst = "m_axi">   --->   Core 121 'm_axi' <Latency = 0> <II = 1> <Delay = 1.00> <Adapter> <Opcode : 'read' 'write' 'readreq' 'writereq' 'writeresp'>

State 23 <SV = 22> <Delay = 2.43>
ST_23 : Operation 99 [49/71] (2.43ns)   --->   "%in_beat_req = readreq i1 @_ssdm_op_ReadReq.m_axi.i512P1A, i512 %gmem0_addr, i32 1" [predecoder_kernel.cpp:238]   --->   Operation 99 'readreq' 'in_beat_req' <Predicate = true> <Delay = 2.43> <CoreInst = "m_axi">   --->   Core 121 'm_axi' <Latency = 0> <II = 1> <Delay = 1.00> <Adapter> <Opcode : 'read' 'write' 'readreq' 'writereq' 'writeresp'>

State 24 <SV = 23> <Delay = 2.43>
ST_24 : Operation 100 [48/71] (2.43ns)   --->   "%in_beat_req = readreq i1 @_ssdm_op_ReadReq.m_axi.i512P1A, i512 %gmem0_addr, i32 1" [predecoder_kernel.cpp:238]   --->   Operation 100 'readreq' 'in_beat_req' <Predicate = true> <Delay = 2.43> <CoreInst = "m_axi">   --->   Core 121 'm_axi' <Latency = 0> <II = 1> <Delay = 1.00> <Adapter> <Opcode : 'read' 'write' 'readreq' 'writereq' 'writeresp'>

State 25 <SV = 24> <Delay = 2.43>
ST_25 : Operation 101 [47/71] (2.43ns)   --->   "%in_beat_req = readreq i1 @_ssdm_op_ReadReq.m_axi.i512P1A, i512 %gmem0_addr, i32 1" [predecoder_kernel.cpp:238]   --->   Operation 101 'readreq' 'in_beat_req' <Predicate = true> <Delay = 2.43> <CoreInst = "m_axi">   --->   Core 121 'm_axi' <Latency = 0> <II = 1> <Delay = 1.00> <Adapter> <Opcode : 'read' 'write' 'readreq' 'writereq' 'writeresp'>

State 26 <SV = 25> <Delay = 2.43>
ST_26 : Operation 102 [46/71] (2.43ns)   --->   "%in_beat_req = readreq i1 @_ssdm_op_ReadReq.m_axi.i512P1A, i512 %gmem0_addr, i32 1" [predecoder_kernel.cpp:238]   --->   Operation 102 'readreq' 'in_beat_req' <Predicate = true> <Delay = 2.43> <CoreInst = "m_axi">   --->   Core 121 'm_axi' <Latency = 0> <II = 1> <Delay = 1.00> <Adapter> <Opcode : 'read' 'write' 'readreq' 'writereq' 'writeresp'>

State 27 <SV = 26> <Delay = 2.43>
ST_27 : Operation 103 [45/71] (2.43ns)   --->   "%in_beat_req = readreq i1 @_ssdm_op_ReadReq.m_axi.i512P1A, i512 %gmem0_addr, i32 1" [predecoder_kernel.cpp:238]   --->   Operation 103 'readreq' 'in_beat_req' <Predicate = true> <Delay = 2.43> <CoreInst = "m_axi">   --->   Core 121 'm_axi' <Latency = 0> <II = 1> <Delay = 1.00> <Adapter> <Opcode : 'read' 'write' 'readreq' 'writereq' 'writeresp'>

State 28 <SV = 27> <Delay = 2.43>
ST_28 : Operation 104 [44/71] (2.43ns)   --->   "%in_beat_req = readreq i1 @_ssdm_op_ReadReq.m_axi.i512P1A, i512 %gmem0_addr, i32 1" [predecoder_kernel.cpp:238]   --->   Operation 104 'readreq' 'in_beat_req' <Predicate = true> <Delay = 2.43> <CoreInst = "m_axi">   --->   Core 121 'm_axi' <Latency = 0> <II = 1> <Delay = 1.00> <Adapter> <Opcode : 'read' 'write' 'readreq' 'writereq' 'writeresp'>

State 29 <SV = 28> <Delay = 2.43>
ST_29 : Operation 105 [43/71] (2.43ns)   --->   "%in_beat_req = readreq i1 @_ssdm_op_ReadReq.m_axi.i512P1A, i512 %gmem0_addr, i32 1" [predecoder_kernel.cpp:238]   --->   Operation 105 'readreq' 'in_beat_req' <Predicate = true> <Delay = 2.43> <CoreInst = "m_axi">   --->   Core 121 'm_axi' <Latency = 0> <II = 1> <Delay = 1.00> <Adapter> <Opcode : 'read' 'write' 'readreq' 'writereq' 'writeresp'>

State 30 <SV = 29> <Delay = 2.43>
ST_30 : Operation 106 [42/71] (2.43ns)   --->   "%in_beat_req = readreq i1 @_ssdm_op_ReadReq.m_axi.i512P1A, i512 %gmem0_addr, i32 1" [predecoder_kernel.cpp:238]   --->   Operation 106 'readreq' 'in_beat_req' <Predicate = true> <Delay = 2.43> <CoreInst = "m_axi">   --->   Core 121 'm_axi' <Latency = 0> <II = 1> <Delay = 1.00> <Adapter> <Opcode : 'read' 'write' 'readreq' 'writereq' 'writeresp'>

State 31 <SV = 30> <Delay = 2.43>
ST_31 : Operation 107 [41/71] (2.43ns)   --->   "%in_beat_req = readreq i1 @_ssdm_op_ReadReq.m_axi.i512P1A, i512 %gmem0_addr, i32 1" [predecoder_kernel.cpp:238]   --->   Operation 107 'readreq' 'in_beat_req' <Predicate = true> <Delay = 2.43> <CoreInst = "m_axi">   --->   Core 121 'm_axi' <Latency = 0> <II = 1> <Delay = 1.00> <Adapter> <Opcode : 'read' 'write' 'readreq' 'writereq' 'writeresp'>

State 32 <SV = 31> <Delay = 2.43>
ST_32 : Operation 108 [40/71] (2.43ns)   --->   "%in_beat_req = readreq i1 @_ssdm_op_ReadReq.m_axi.i512P1A, i512 %gmem0_addr, i32 1" [predecoder_kernel.cpp:238]   --->   Operation 108 'readreq' 'in_beat_req' <Predicate = true> <Delay = 2.43> <CoreInst = "m_axi">   --->   Core 121 'm_axi' <Latency = 0> <II = 1> <Delay = 1.00> <Adapter> <Opcode : 'read' 'write' 'readreq' 'writereq' 'writeresp'>

State 33 <SV = 32> <Delay = 2.43>
ST_33 : Operation 109 [39/71] (2.43ns)   --->   "%in_beat_req = readreq i1 @_ssdm_op_ReadReq.m_axi.i512P1A, i512 %gmem0_addr, i32 1" [predecoder_kernel.cpp:238]   --->   Operation 109 'readreq' 'in_beat_req' <Predicate = true> <Delay = 2.43> <CoreInst = "m_axi">   --->   Core 121 'm_axi' <Latency = 0> <II = 1> <Delay = 1.00> <Adapter> <Opcode : 'read' 'write' 'readreq' 'writereq' 'writeresp'>

State 34 <SV = 33> <Delay = 2.43>
ST_34 : Operation 110 [38/71] (2.43ns)   --->   "%in_beat_req = readreq i1 @_ssdm_op_ReadReq.m_axi.i512P1A, i512 %gmem0_addr, i32 1" [predecoder_kernel.cpp:238]   --->   Operation 110 'readreq' 'in_beat_req' <Predicate = true> <Delay = 2.43> <CoreInst = "m_axi">   --->   Core 121 'm_axi' <Latency = 0> <II = 1> <Delay = 1.00> <Adapter> <Opcode : 'read' 'write' 'readreq' 'writereq' 'writeresp'>

State 35 <SV = 34> <Delay = 2.43>
ST_35 : Operation 111 [37/71] (2.43ns)   --->   "%in_beat_req = readreq i1 @_ssdm_op_ReadReq.m_axi.i512P1A, i512 %gmem0_addr, i32 1" [predecoder_kernel.cpp:238]   --->   Operation 111 'readreq' 'in_beat_req' <Predicate = true> <Delay = 2.43> <CoreInst = "m_axi">   --->   Core 121 'm_axi' <Latency = 0> <II = 1> <Delay = 1.00> <Adapter> <Opcode : 'read' 'write' 'readreq' 'writereq' 'writeresp'>

State 36 <SV = 35> <Delay = 2.43>
ST_36 : Operation 112 [36/71] (2.43ns)   --->   "%in_beat_req = readreq i1 @_ssdm_op_ReadReq.m_axi.i512P1A, i512 %gmem0_addr, i32 1" [predecoder_kernel.cpp:238]   --->   Operation 112 'readreq' 'in_beat_req' <Predicate = true> <Delay = 2.43> <CoreInst = "m_axi">   --->   Core 121 'm_axi' <Latency = 0> <II = 1> <Delay = 1.00> <Adapter> <Opcode : 'read' 'write' 'readreq' 'writereq' 'writeresp'>

State 37 <SV = 36> <Delay = 2.43>
ST_37 : Operation 113 [35/71] (2.43ns)   --->   "%in_beat_req = readreq i1 @_ssdm_op_ReadReq.m_axi.i512P1A, i512 %gmem0_addr, i32 1" [predecoder_kernel.cpp:238]   --->   Operation 113 'readreq' 'in_beat_req' <Predicate = true> <Delay = 2.43> <CoreInst = "m_axi">   --->   Core 121 'm_axi' <Latency = 0> <II = 1> <Delay = 1.00> <Adapter> <Opcode : 'read' 'write' 'readreq' 'writereq' 'writeresp'>

State 38 <SV = 37> <Delay = 2.43>
ST_38 : Operation 114 [34/71] (2.43ns)   --->   "%in_beat_req = readreq i1 @_ssdm_op_ReadReq.m_axi.i512P1A, i512 %gmem0_addr, i32 1" [predecoder_kernel.cpp:238]   --->   Operation 114 'readreq' 'in_beat_req' <Predicate = true> <Delay = 2.43> <CoreInst = "m_axi">   --->   Core 121 'm_axi' <Latency = 0> <II = 1> <Delay = 1.00> <Adapter> <Opcode : 'read' 'write' 'readreq' 'writereq' 'writeresp'>

State 39 <SV = 38> <Delay = 2.43>
ST_39 : Operation 115 [33/71] (2.43ns)   --->   "%in_beat_req = readreq i1 @_ssdm_op_ReadReq.m_axi.i512P1A, i512 %gmem0_addr, i32 1" [predecoder_kernel.cpp:238]   --->   Operation 115 'readreq' 'in_beat_req' <Predicate = true> <Delay = 2.43> <CoreInst = "m_axi">   --->   Core 121 'm_axi' <Latency = 0> <II = 1> <Delay = 1.00> <Adapter> <Opcode : 'read' 'write' 'readreq' 'writereq' 'writeresp'>

State 40 <SV = 39> <Delay = 2.43>
ST_40 : Operation 116 [32/71] (2.43ns)   --->   "%in_beat_req = readreq i1 @_ssdm_op_ReadReq.m_axi.i512P1A, i512 %gmem0_addr, i32 1" [predecoder_kernel.cpp:238]   --->   Operation 116 'readreq' 'in_beat_req' <Predicate = true> <Delay = 2.43> <CoreInst = "m_axi">   --->   Core 121 'm_axi' <Latency = 0> <II = 1> <Delay = 1.00> <Adapter> <Opcode : 'read' 'write' 'readreq' 'writereq' 'writeresp'>

State 41 <SV = 40> <Delay = 2.43>
ST_41 : Operation 117 [31/71] (2.43ns)   --->   "%in_beat_req = readreq i1 @_ssdm_op_ReadReq.m_axi.i512P1A, i512 %gmem0_addr, i32 1" [predecoder_kernel.cpp:238]   --->   Operation 117 'readreq' 'in_beat_req' <Predicate = true> <Delay = 2.43> <CoreInst = "m_axi">   --->   Core 121 'm_axi' <Latency = 0> <II = 1> <Delay = 1.00> <Adapter> <Opcode : 'read' 'write' 'readreq' 'writereq' 'writeresp'>

State 42 <SV = 41> <Delay = 2.43>
ST_42 : Operation 118 [30/71] (2.43ns)   --->   "%in_beat_req = readreq i1 @_ssdm_op_ReadReq.m_axi.i512P1A, i512 %gmem0_addr, i32 1" [predecoder_kernel.cpp:238]   --->   Operation 118 'readreq' 'in_beat_req' <Predicate = true> <Delay = 2.43> <CoreInst = "m_axi">   --->   Core 121 'm_axi' <Latency = 0> <II = 1> <Delay = 1.00> <Adapter> <Opcode : 'read' 'write' 'readreq' 'writereq' 'writeresp'>

State 43 <SV = 42> <Delay = 2.43>
ST_43 : Operation 119 [29/71] (2.43ns)   --->   "%in_beat_req = readreq i1 @_ssdm_op_ReadReq.m_axi.i512P1A, i512 %gmem0_addr, i32 1" [predecoder_kernel.cpp:238]   --->   Operation 119 'readreq' 'in_beat_req' <Predicate = true> <Delay = 2.43> <CoreInst = "m_axi">   --->   Core 121 'm_axi' <Latency = 0> <II = 1> <Delay = 1.00> <Adapter> <Opcode : 'read' 'write' 'readreq' 'writereq' 'writeresp'>

State 44 <SV = 43> <Delay = 2.43>
ST_44 : Operation 120 [28/71] (2.43ns)   --->   "%in_beat_req = readreq i1 @_ssdm_op_ReadReq.m_axi.i512P1A, i512 %gmem0_addr, i32 1" [predecoder_kernel.cpp:238]   --->   Operation 120 'readreq' 'in_beat_req' <Predicate = true> <Delay = 2.43> <CoreInst = "m_axi">   --->   Core 121 'm_axi' <Latency = 0> <II = 1> <Delay = 1.00> <Adapter> <Opcode : 'read' 'write' 'readreq' 'writereq' 'writeresp'>

State 45 <SV = 44> <Delay = 2.43>
ST_45 : Operation 121 [27/71] (2.43ns)   --->   "%in_beat_req = readreq i1 @_ssdm_op_ReadReq.m_axi.i512P1A, i512 %gmem0_addr, i32 1" [predecoder_kernel.cpp:238]   --->   Operation 121 'readreq' 'in_beat_req' <Predicate = true> <Delay = 2.43> <CoreInst = "m_axi">   --->   Core 121 'm_axi' <Latency = 0> <II = 1> <Delay = 1.00> <Adapter> <Opcode : 'read' 'write' 'readreq' 'writereq' 'writeresp'>

State 46 <SV = 45> <Delay = 2.43>
ST_46 : Operation 122 [26/71] (2.43ns)   --->   "%in_beat_req = readreq i1 @_ssdm_op_ReadReq.m_axi.i512P1A, i512 %gmem0_addr, i32 1" [predecoder_kernel.cpp:238]   --->   Operation 122 'readreq' 'in_beat_req' <Predicate = true> <Delay = 2.43> <CoreInst = "m_axi">   --->   Core 121 'm_axi' <Latency = 0> <II = 1> <Delay = 1.00> <Adapter> <Opcode : 'read' 'write' 'readreq' 'writereq' 'writeresp'>

State 47 <SV = 46> <Delay = 2.43>
ST_47 : Operation 123 [25/71] (2.43ns)   --->   "%in_beat_req = readreq i1 @_ssdm_op_ReadReq.m_axi.i512P1A, i512 %gmem0_addr, i32 1" [predecoder_kernel.cpp:238]   --->   Operation 123 'readreq' 'in_beat_req' <Predicate = true> <Delay = 2.43> <CoreInst = "m_axi">   --->   Core 121 'm_axi' <Latency = 0> <II = 1> <Delay = 1.00> <Adapter> <Opcode : 'read' 'write' 'readreq' 'writereq' 'writeresp'>

State 48 <SV = 47> <Delay = 2.43>
ST_48 : Operation 124 [24/71] (2.43ns)   --->   "%in_beat_req = readreq i1 @_ssdm_op_ReadReq.m_axi.i512P1A, i512 %gmem0_addr, i32 1" [predecoder_kernel.cpp:238]   --->   Operation 124 'readreq' 'in_beat_req' <Predicate = true> <Delay = 2.43> <CoreInst = "m_axi">   --->   Core 121 'm_axi' <Latency = 0> <II = 1> <Delay = 1.00> <Adapter> <Opcode : 'read' 'write' 'readreq' 'writereq' 'writeresp'>

State 49 <SV = 48> <Delay = 2.43>
ST_49 : Operation 125 [23/71] (2.43ns)   --->   "%in_beat_req = readreq i1 @_ssdm_op_ReadReq.m_axi.i512P1A, i512 %gmem0_addr, i32 1" [predecoder_kernel.cpp:238]   --->   Operation 125 'readreq' 'in_beat_req' <Predicate = true> <Delay = 2.43> <CoreInst = "m_axi">   --->   Core 121 'm_axi' <Latency = 0> <II = 1> <Delay = 1.00> <Adapter> <Opcode : 'read' 'write' 'readreq' 'writereq' 'writeresp'>

State 50 <SV = 49> <Delay = 2.43>
ST_50 : Operation 126 [22/71] (2.43ns)   --->   "%in_beat_req = readreq i1 @_ssdm_op_ReadReq.m_axi.i512P1A, i512 %gmem0_addr, i32 1" [predecoder_kernel.cpp:238]   --->   Operation 126 'readreq' 'in_beat_req' <Predicate = true> <Delay = 2.43> <CoreInst = "m_axi">   --->   Core 121 'm_axi' <Latency = 0> <II = 1> <Delay = 1.00> <Adapter> <Opcode : 'read' 'write' 'readreq' 'writereq' 'writeresp'>

State 51 <SV = 50> <Delay = 2.43>
ST_51 : Operation 127 [21/71] (2.43ns)   --->   "%in_beat_req = readreq i1 @_ssdm_op_ReadReq.m_axi.i512P1A, i512 %gmem0_addr, i32 1" [predecoder_kernel.cpp:238]   --->   Operation 127 'readreq' 'in_beat_req' <Predicate = true> <Delay = 2.43> <CoreInst = "m_axi">   --->   Core 121 'm_axi' <Latency = 0> <II = 1> <Delay = 1.00> <Adapter> <Opcode : 'read' 'write' 'readreq' 'writereq' 'writeresp'>

State 52 <SV = 51> <Delay = 2.43>
ST_52 : Operation 128 [20/71] (2.43ns)   --->   "%in_beat_req = readreq i1 @_ssdm_op_ReadReq.m_axi.i512P1A, i512 %gmem0_addr, i32 1" [predecoder_kernel.cpp:238]   --->   Operation 128 'readreq' 'in_beat_req' <Predicate = true> <Delay = 2.43> <CoreInst = "m_axi">   --->   Core 121 'm_axi' <Latency = 0> <II = 1> <Delay = 1.00> <Adapter> <Opcode : 'read' 'write' 'readreq' 'writereq' 'writeresp'>

State 53 <SV = 52> <Delay = 2.43>
ST_53 : Operation 129 [19/71] (2.43ns)   --->   "%in_beat_req = readreq i1 @_ssdm_op_ReadReq.m_axi.i512P1A, i512 %gmem0_addr, i32 1" [predecoder_kernel.cpp:238]   --->   Operation 129 'readreq' 'in_beat_req' <Predicate = true> <Delay = 2.43> <CoreInst = "m_axi">   --->   Core 121 'm_axi' <Latency = 0> <II = 1> <Delay = 1.00> <Adapter> <Opcode : 'read' 'write' 'readreq' 'writereq' 'writeresp'>

State 54 <SV = 53> <Delay = 2.43>
ST_54 : Operation 130 [18/71] (2.43ns)   --->   "%in_beat_req = readreq i1 @_ssdm_op_ReadReq.m_axi.i512P1A, i512 %gmem0_addr, i32 1" [predecoder_kernel.cpp:238]   --->   Operation 130 'readreq' 'in_beat_req' <Predicate = true> <Delay = 2.43> <CoreInst = "m_axi">   --->   Core 121 'm_axi' <Latency = 0> <II = 1> <Delay = 1.00> <Adapter> <Opcode : 'read' 'write' 'readreq' 'writereq' 'writeresp'>

State 55 <SV = 54> <Delay = 2.43>
ST_55 : Operation 131 [17/71] (2.43ns)   --->   "%in_beat_req = readreq i1 @_ssdm_op_ReadReq.m_axi.i512P1A, i512 %gmem0_addr, i32 1" [predecoder_kernel.cpp:238]   --->   Operation 131 'readreq' 'in_beat_req' <Predicate = true> <Delay = 2.43> <CoreInst = "m_axi">   --->   Core 121 'm_axi' <Latency = 0> <II = 1> <Delay = 1.00> <Adapter> <Opcode : 'read' 'write' 'readreq' 'writereq' 'writeresp'>

State 56 <SV = 55> <Delay = 2.43>
ST_56 : Operation 132 [16/71] (2.43ns)   --->   "%in_beat_req = readreq i1 @_ssdm_op_ReadReq.m_axi.i512P1A, i512 %gmem0_addr, i32 1" [predecoder_kernel.cpp:238]   --->   Operation 132 'readreq' 'in_beat_req' <Predicate = true> <Delay = 2.43> <CoreInst = "m_axi">   --->   Core 121 'm_axi' <Latency = 0> <II = 1> <Delay = 1.00> <Adapter> <Opcode : 'read' 'write' 'readreq' 'writereq' 'writeresp'>

State 57 <SV = 56> <Delay = 2.43>
ST_57 : Operation 133 [15/71] (2.43ns)   --->   "%in_beat_req = readreq i1 @_ssdm_op_ReadReq.m_axi.i512P1A, i512 %gmem0_addr, i32 1" [predecoder_kernel.cpp:238]   --->   Operation 133 'readreq' 'in_beat_req' <Predicate = true> <Delay = 2.43> <CoreInst = "m_axi">   --->   Core 121 'm_axi' <Latency = 0> <II = 1> <Delay = 1.00> <Adapter> <Opcode : 'read' 'write' 'readreq' 'writereq' 'writeresp'>

State 58 <SV = 57> <Delay = 2.43>
ST_58 : Operation 134 [14/71] (2.43ns)   --->   "%in_beat_req = readreq i1 @_ssdm_op_ReadReq.m_axi.i512P1A, i512 %gmem0_addr, i32 1" [predecoder_kernel.cpp:238]   --->   Operation 134 'readreq' 'in_beat_req' <Predicate = true> <Delay = 2.43> <CoreInst = "m_axi">   --->   Core 121 'm_axi' <Latency = 0> <II = 1> <Delay = 1.00> <Adapter> <Opcode : 'read' 'write' 'readreq' 'writereq' 'writeresp'>

State 59 <SV = 58> <Delay = 2.43>
ST_59 : Operation 135 [13/71] (2.43ns)   --->   "%in_beat_req = readreq i1 @_ssdm_op_ReadReq.m_axi.i512P1A, i512 %gmem0_addr, i32 1" [predecoder_kernel.cpp:238]   --->   Operation 135 'readreq' 'in_beat_req' <Predicate = true> <Delay = 2.43> <CoreInst = "m_axi">   --->   Core 121 'm_axi' <Latency = 0> <II = 1> <Delay = 1.00> <Adapter> <Opcode : 'read' 'write' 'readreq' 'writereq' 'writeresp'>

State 60 <SV = 59> <Delay = 2.43>
ST_60 : Operation 136 [12/71] (2.43ns)   --->   "%in_beat_req = readreq i1 @_ssdm_op_ReadReq.m_axi.i512P1A, i512 %gmem0_addr, i32 1" [predecoder_kernel.cpp:238]   --->   Operation 136 'readreq' 'in_beat_req' <Predicate = true> <Delay = 2.43> <CoreInst = "m_axi">   --->   Core 121 'm_axi' <Latency = 0> <II = 1> <Delay = 1.00> <Adapter> <Opcode : 'read' 'write' 'readreq' 'writereq' 'writeresp'>

State 61 <SV = 60> <Delay = 2.43>
ST_61 : Operation 137 [11/71] (2.43ns)   --->   "%in_beat_req = readreq i1 @_ssdm_op_ReadReq.m_axi.i512P1A, i512 %gmem0_addr, i32 1" [predecoder_kernel.cpp:238]   --->   Operation 137 'readreq' 'in_beat_req' <Predicate = true> <Delay = 2.43> <CoreInst = "m_axi">   --->   Core 121 'm_axi' <Latency = 0> <II = 1> <Delay = 1.00> <Adapter> <Opcode : 'read' 'write' 'readreq' 'writereq' 'writeresp'>

State 62 <SV = 61> <Delay = 2.43>
ST_62 : Operation 138 [10/71] (2.43ns)   --->   "%in_beat_req = readreq i1 @_ssdm_op_ReadReq.m_axi.i512P1A, i512 %gmem0_addr, i32 1" [predecoder_kernel.cpp:238]   --->   Operation 138 'readreq' 'in_beat_req' <Predicate = true> <Delay = 2.43> <CoreInst = "m_axi">   --->   Core 121 'm_axi' <Latency = 0> <II = 1> <Delay = 1.00> <Adapter> <Opcode : 'read' 'write' 'readreq' 'writereq' 'writeresp'>

State 63 <SV = 62> <Delay = 2.43>
ST_63 : Operation 139 [9/71] (2.43ns)   --->   "%in_beat_req = readreq i1 @_ssdm_op_ReadReq.m_axi.i512P1A, i512 %gmem0_addr, i32 1" [predecoder_kernel.cpp:238]   --->   Operation 139 'readreq' 'in_beat_req' <Predicate = true> <Delay = 2.43> <CoreInst = "m_axi">   --->   Core 121 'm_axi' <Latency = 0> <II = 1> <Delay = 1.00> <Adapter> <Opcode : 'read' 'write' 'readreq' 'writereq' 'writeresp'>

State 64 <SV = 63> <Delay = 2.43>
ST_64 : Operation 140 [8/71] (2.43ns)   --->   "%in_beat_req = readreq i1 @_ssdm_op_ReadReq.m_axi.i512P1A, i512 %gmem0_addr, i32 1" [predecoder_kernel.cpp:238]   --->   Operation 140 'readreq' 'in_beat_req' <Predicate = true> <Delay = 2.43> <CoreInst = "m_axi">   --->   Core 121 'm_axi' <Latency = 0> <II = 1> <Delay = 1.00> <Adapter> <Opcode : 'read' 'write' 'readreq' 'writereq' 'writeresp'>

State 65 <SV = 64> <Delay = 2.43>
ST_65 : Operation 141 [7/71] (2.43ns)   --->   "%in_beat_req = readreq i1 @_ssdm_op_ReadReq.m_axi.i512P1A, i512 %gmem0_addr, i32 1" [predecoder_kernel.cpp:238]   --->   Operation 141 'readreq' 'in_beat_req' <Predicate = true> <Delay = 2.43> <CoreInst = "m_axi">   --->   Core 121 'm_axi' <Latency = 0> <II = 1> <Delay = 1.00> <Adapter> <Opcode : 'read' 'write' 'readreq' 'writereq' 'writeresp'>

State 66 <SV = 65> <Delay = 2.43>
ST_66 : Operation 142 [6/71] (2.43ns)   --->   "%in_beat_req = readreq i1 @_ssdm_op_ReadReq.m_axi.i512P1A, i512 %gmem0_addr, i32 1" [predecoder_kernel.cpp:238]   --->   Operation 142 'readreq' 'in_beat_req' <Predicate = true> <Delay = 2.43> <CoreInst = "m_axi">   --->   Core 121 'm_axi' <Latency = 0> <II = 1> <Delay = 1.00> <Adapter> <Opcode : 'read' 'write' 'readreq' 'writereq' 'writeresp'>

State 67 <SV = 66> <Delay = 2.43>
ST_67 : Operation 143 [5/71] (2.43ns)   --->   "%in_beat_req = readreq i1 @_ssdm_op_ReadReq.m_axi.i512P1A, i512 %gmem0_addr, i32 1" [predecoder_kernel.cpp:238]   --->   Operation 143 'readreq' 'in_beat_req' <Predicate = true> <Delay = 2.43> <CoreInst = "m_axi">   --->   Core 121 'm_axi' <Latency = 0> <II = 1> <Delay = 1.00> <Adapter> <Opcode : 'read' 'write' 'readreq' 'writereq' 'writeresp'>

State 68 <SV = 67> <Delay = 2.43>
ST_68 : Operation 144 [4/71] (2.43ns)   --->   "%in_beat_req = readreq i1 @_ssdm_op_ReadReq.m_axi.i512P1A, i512 %gmem0_addr, i32 1" [predecoder_kernel.cpp:238]   --->   Operation 144 'readreq' 'in_beat_req' <Predicate = true> <Delay = 2.43> <CoreInst = "m_axi">   --->   Core 121 'm_axi' <Latency = 0> <II = 1> <Delay = 1.00> <Adapter> <Opcode : 'read' 'write' 'readreq' 'writereq' 'writeresp'>

State 69 <SV = 68> <Delay = 2.43>
ST_69 : Operation 145 [3/71] (2.43ns)   --->   "%in_beat_req = readreq i1 @_ssdm_op_ReadReq.m_axi.i512P1A, i512 %gmem0_addr, i32 1" [predecoder_kernel.cpp:238]   --->   Operation 145 'readreq' 'in_beat_req' <Predicate = true> <Delay = 2.43> <CoreInst = "m_axi">   --->   Core 121 'm_axi' <Latency = 0> <II = 1> <Delay = 1.00> <Adapter> <Opcode : 'read' 'write' 'readreq' 'writereq' 'writeresp'>

State 70 <SV = 69> <Delay = 2.43>
ST_70 : Operation 146 [2/71] (2.43ns)   --->   "%in_beat_req = readreq i1 @_ssdm_op_ReadReq.m_axi.i512P1A, i512 %gmem0_addr, i32 1" [predecoder_kernel.cpp:238]   --->   Operation 146 'readreq' 'in_beat_req' <Predicate = true> <Delay = 2.43> <CoreInst = "m_axi">   --->   Core 121 'm_axi' <Latency = 0> <II = 1> <Delay = 1.00> <Adapter> <Opcode : 'read' 'write' 'readreq' 'writereq' 'writeresp'>

State 71 <SV = 70> <Delay = 2.43>
ST_71 : Operation 147 [1/71] (2.43ns)   --->   "%in_beat_req = readreq i1 @_ssdm_op_ReadReq.m_axi.i512P1A, i512 %gmem0_addr, i32 1" [predecoder_kernel.cpp:238]   --->   Operation 147 'readreq' 'in_beat_req' <Predicate = true> <Delay = 2.43> <CoreInst = "m_axi">   --->   Core 121 'm_axi' <Latency = 0> <II = 1> <Delay = 1.00> <Adapter> <Opcode : 'read' 'write' 'readreq' 'writereq' 'writeresp'>

State 72 <SV = 71> <Delay = 2.43>
ST_72 : Operation 148 [1/1] (0.00ns)   --->   "%specinterface_ln0 = specinterface void @_ssdm_op_SpecInterface, i512 %gmem0, void @empty_8, i32 0, i32 0, void @empty_5, i32 64, i32 1, void @empty_2, void @empty_3, void @empty_5, i32 4, i32 16, i32 16, i32 16, void @empty_5, void @empty_5, i32 4294967295, i32 0"   --->   Operation 148 'specinterface' 'specinterface_ln0' <Predicate = true> <Delay = 0.00>
ST_72 : Operation 149 [1/1] (2.43ns)   --->   "%in_beat = read i512 @_ssdm_op_Read.m_axi.i512P1A, i512 %gmem0_addr" [predecoder_kernel.cpp:238]   --->   Operation 149 'read' 'in_beat' <Predicate = true> <Delay = 2.43> <CoreInst = "m_axi">   --->   Core 121 'm_axi' <Latency = 0> <II = 1> <Delay = 1.00> <Adapter> <Opcode : 'read' 'write' 'readreq' 'writereq' 'writeresp'>
ST_72 : Operation 150 [1/1] (0.00ns)   --->   "%ret_ln238 = ret i512 %in_beat" [predecoder_kernel.cpp:238]   --->   Operation 150 'ret' 'ret_ln238' <Predicate = true> <Delay = 0.00>


============================================================
+ Verbose Summary: Timing violations
============================================================
Target clock period: 3.330ns, clock uncertainty: 0.899ns.

 <State 1>: 2.431ns
The critical path consists of the following:
	wire read operation ('syndrome_hbm_read', predecoder_kernel.cpp:238) on port 'syndrome_hbm' (predecoder_kernel.cpp:238) [4]  (0.000 ns)
	'getelementptr' operation 512 bit ('gmem0_addr', predecoder_kernel.cpp:238) [7]  (0.000 ns)
	bus request operation ('in_beat_req', predecoder_kernel.cpp:238) on port 'gmem0' (predecoder_kernel.cpp:238) [8]  (2.431 ns)

 <State 2>: 2.431ns
The critical path consists of the following:
	bus request operation ('in_beat_req', predecoder_kernel.cpp:238) on port 'gmem0' (predecoder_kernel.cpp:238) [8]  (2.431 ns)

 <State 3>: 2.431ns
The critical path consists of the following:
	bus request operation ('in_beat_req', predecoder_kernel.cpp:238) on port 'gmem0' (predecoder_kernel.cpp:238) [8]  (2.431 ns)

 <State 4>: 2.431ns
The critical path consists of the following:
	bus request operation ('in_beat_req', predecoder_kernel.cpp:238) on port 'gmem0' (predecoder_kernel.cpp:238) [8]  (2.431 ns)

 <State 5>: 2.431ns
The critical path consists of the following:
	bus request operation ('in_beat_req', predecoder_kernel.cpp:238) on port 'gmem0' (predecoder_kernel.cpp:238) [8]  (2.431 ns)

 <State 6>: 2.431ns
The critical path consists of the following:
	bus request operation ('in_beat_req', predecoder_kernel.cpp:238) on port 'gmem0' (predecoder_kernel.cpp:238) [8]  (2.431 ns)

 <State 7>: 2.431ns
The critical path consists of the following:
	bus request operation ('in_beat_req', predecoder_kernel.cpp:238) on port 'gmem0' (predecoder_kernel.cpp:238) [8]  (2.431 ns)

 <State 8>: 2.431ns
The critical path consists of the following:
	bus request operation ('in_beat_req', predecoder_kernel.cpp:238) on port 'gmem0' (predecoder_kernel.cpp:238) [8]  (2.431 ns)

 <State 9>: 2.431ns
The critical path consists of the following:
	bus request operation ('in_beat_req', predecoder_kernel.cpp:238) on port 'gmem0' (predecoder_kernel.cpp:238) [8]  (2.431 ns)

 <State 10>: 2.431ns
The critical path consists of the following:
	bus request operation ('in_beat_req', predecoder_kernel.cpp:238) on port 'gmem0' (predecoder_kernel.cpp:238) [8]  (2.431 ns)

 <State 11>: 2.431ns
The critical path consists of the following:
	bus request operation ('in_beat_req', predecoder_kernel.cpp:238) on port 'gmem0' (predecoder_kernel.cpp:238) [8]  (2.431 ns)

 <State 12>: 2.431ns
The critical path consists of the following:
	bus request operation ('in_beat_req', predecoder_kernel.cpp:238) on port 'gmem0' (predecoder_kernel.cpp:238) [8]  (2.431 ns)

 <State 13>: 2.431ns
The critical path consists of the following:
	bus request operation ('in_beat_req', predecoder_kernel.cpp:238) on port 'gmem0' (predecoder_kernel.cpp:238) [8]  (2.431 ns)

 <State 14>: 2.431ns
The critical path consists of the following:
	bus request operation ('in_beat_req', predecoder_kernel.cpp:238) on port 'gmem0' (predecoder_kernel.cpp:238) [8]  (2.431 ns)

 <State 15>: 2.431ns
The critical path consists of the following:
	bus request operation ('in_beat_req', predecoder_kernel.cpp:238) on port 'gmem0' (predecoder_kernel.cpp:238) [8]  (2.431 ns)

 <State 16>: 2.431ns
The critical path consists of the following:
	bus request operation ('in_beat_req', predecoder_kernel.cpp:238) on port 'gmem0' (predecoder_kernel.cpp:238) [8]  (2.431 ns)

 <State 17>: 2.431ns
The critical path consists of the following:
	bus request operation ('in_beat_req', predecoder_kernel.cpp:238) on port 'gmem0' (predecoder_kernel.cpp:238) [8]  (2.431 ns)

 <State 18>: 2.431ns
The critical path consists of the following:
	bus request operation ('in_beat_req', predecoder_kernel.cpp:238) on port 'gmem0' (predecoder_kernel.cpp:238) [8]  (2.431 ns)

 <State 19>: 2.431ns
The critical path consists of the following:
	bus request operation ('in_beat_req', predecoder_kernel.cpp:238) on port 'gmem0' (predecoder_kernel.cpp:238) [8]  (2.431 ns)

 <State 20>: 2.431ns
The critical path consists of the following:
	bus request operation ('in_beat_req', predecoder_kernel.cpp:238) on port 'gmem0' (predecoder_kernel.cpp:238) [8]  (2.431 ns)

 <State 21>: 2.431ns
The critical path consists of the following:
	bus request operation ('in_beat_req', predecoder_kernel.cpp:238) on port 'gmem0' (predecoder_kernel.cpp:238) [8]  (2.431 ns)

 <State 22>: 2.431ns
The critical path consists of the following:
	bus request operation ('in_beat_req', predecoder_kernel.cpp:238) on port 'gmem0' (predecoder_kernel.cpp:238) [8]  (2.431 ns)

 <State 23>: 2.431ns
The critical path consists of the following:
	bus request operation ('in_beat_req', predecoder_kernel.cpp:238) on port 'gmem0' (predecoder_kernel.cpp:238) [8]  (2.431 ns)

 <State 24>: 2.431ns
The critical path consists of the following:
	bus request operation ('in_beat_req', predecoder_kernel.cpp:238) on port 'gmem0' (predecoder_kernel.cpp:238) [8]  (2.431 ns)

 <State 25>: 2.431ns
The critical path consists of the following:
	bus request operation ('in_beat_req', predecoder_kernel.cpp:238) on port 'gmem0' (predecoder_kernel.cpp:238) [8]  (2.431 ns)

 <State 26>: 2.431ns
The critical path consists of the following:
	bus request operation ('in_beat_req', predecoder_kernel.cpp:238) on port 'gmem0' (predecoder_kernel.cpp:238) [8]  (2.431 ns)

 <State 27>: 2.431ns
The critical path consists of the following:
	bus request operation ('in_beat_req', predecoder_kernel.cpp:238) on port 'gmem0' (predecoder_kernel.cpp:238) [8]  (2.431 ns)

 <State 28>: 2.431ns
The critical path consists of the following:
	bus request operation ('in_beat_req', predecoder_kernel.cpp:238) on port 'gmem0' (predecoder_kernel.cpp:238) [8]  (2.431 ns)

 <State 29>: 2.431ns
The critical path consists of the following:
	bus request operation ('in_beat_req', predecoder_kernel.cpp:238) on port 'gmem0' (predecoder_kernel.cpp:238) [8]  (2.431 ns)

 <State 30>: 2.431ns
The critical path consists of the following:
	bus request operation ('in_beat_req', predecoder_kernel.cpp:238) on port 'gmem0' (predecoder_kernel.cpp:238) [8]  (2.431 ns)

 <State 31>: 2.431ns
The critical path consists of the following:
	bus request operation ('in_beat_req', predecoder_kernel.cpp:238) on port 'gmem0' (predecoder_kernel.cpp:238) [8]  (2.431 ns)

 <State 32>: 2.431ns
The critical path consists of the following:
	bus request operation ('in_beat_req', predecoder_kernel.cpp:238) on port 'gmem0' (predecoder_kernel.cpp:238) [8]  (2.431 ns)

 <State 33>: 2.431ns
The critical path consists of the following:
	bus request operation ('in_beat_req', predecoder_kernel.cpp:238) on port 'gmem0' (predecoder_kernel.cpp:238) [8]  (2.431 ns)

 <State 34>: 2.431ns
The critical path consists of the following:
	bus request operation ('in_beat_req', predecoder_kernel.cpp:238) on port 'gmem0' (predecoder_kernel.cpp:238) [8]  (2.431 ns)

 <State 35>: 2.431ns
The critical path consists of the following:
	bus request operation ('in_beat_req', predecoder_kernel.cpp:238) on port 'gmem0' (predecoder_kernel.cpp:238) [8]  (2.431 ns)

 <State 36>: 2.431ns
The critical path consists of the following:
	bus request operation ('in_beat_req', predecoder_kernel.cpp:238) on port 'gmem0' (predecoder_kernel.cpp:238) [8]  (2.431 ns)

 <State 37>: 2.431ns
The critical path consists of the following:
	bus request operation ('in_beat_req', predecoder_kernel.cpp:238) on port 'gmem0' (predecoder_kernel.cpp:238) [8]  (2.431 ns)

 <State 38>: 2.431ns
The critical path consists of the following:
	bus request operation ('in_beat_req', predecoder_kernel.cpp:238) on port 'gmem0' (predecoder_kernel.cpp:238) [8]  (2.431 ns)

 <State 39>: 2.431ns
The critical path consists of the following:
	bus request operation ('in_beat_req', predecoder_kernel.cpp:238) on port 'gmem0' (predecoder_kernel.cpp:238) [8]  (2.431 ns)

 <State 40>: 2.431ns
The critical path consists of the following:
	bus request operation ('in_beat_req', predecoder_kernel.cpp:238) on port 'gmem0' (predecoder_kernel.cpp:238) [8]  (2.431 ns)

 <State 41>: 2.431ns
The critical path consists of the following:
	bus request operation ('in_beat_req', predecoder_kernel.cpp:238) on port 'gmem0' (predecoder_kernel.cpp:238) [8]  (2.431 ns)

 <State 42>: 2.431ns
The critical path consists of the following:
	bus request operation ('in_beat_req', predecoder_kernel.cpp:238) on port 'gmem0' (predecoder_kernel.cpp:238) [8]  (2.431 ns)

 <State 43>: 2.431ns
The critical path consists of the following:
	bus request operation ('in_beat_req', predecoder_kernel.cpp:238) on port 'gmem0' (predecoder_kernel.cpp:238) [8]  (2.431 ns)

 <State 44>: 2.431ns
The critical path consists of the following:
	bus request operation ('in_beat_req', predecoder_kernel.cpp:238) on port 'gmem0' (predecoder_kernel.cpp:238) [8]  (2.431 ns)

 <State 45>: 2.431ns
The critical path consists of the following:
	bus request operation ('in_beat_req', predecoder_kernel.cpp:238) on port 'gmem0' (predecoder_kernel.cpp:238) [8]  (2.431 ns)

 <State 46>: 2.431ns
The critical path consists of the following:
	bus request operation ('in_beat_req', predecoder_kernel.cpp:238) on port 'gmem0' (predecoder_kernel.cpp:238) [8]  (2.431 ns)

 <State 47>: 2.431ns
The critical path consists of the following:
	bus request operation ('in_beat_req', predecoder_kernel.cpp:238) on port 'gmem0' (predecoder_kernel.cpp:238) [8]  (2.431 ns)

 <State 48>: 2.431ns
The critical path consists of the following:
	bus request operation ('in_beat_req', predecoder_kernel.cpp:238) on port 'gmem0' (predecoder_kernel.cpp:238) [8]  (2.431 ns)

 <State 49>: 2.431ns
The critical path consists of the following:
	bus request operation ('in_beat_req', predecoder_kernel.cpp:238) on port 'gmem0' (predecoder_kernel.cpp:238) [8]  (2.431 ns)

 <State 50>: 2.431ns
The critical path consists of the following:
	bus request operation ('in_beat_req', predecoder_kernel.cpp:238) on port 'gmem0' (predecoder_kernel.cpp:238) [8]  (2.431 ns)

 <State 51>: 2.431ns
The critical path consists of the following:
	bus request operation ('in_beat_req', predecoder_kernel.cpp:238) on port 'gmem0' (predecoder_kernel.cpp:238) [8]  (2.431 ns)

 <State 52>: 2.431ns
The critical path consists of the following:
	bus request operation ('in_beat_req', predecoder_kernel.cpp:238) on port 'gmem0' (predecoder_kernel.cpp:238) [8]  (2.431 ns)

 <State 53>: 2.431ns
The critical path consists of the following:
	bus request operation ('in_beat_req', predecoder_kernel.cpp:238) on port 'gmem0' (predecoder_kernel.cpp:238) [8]  (2.431 ns)

 <State 54>: 2.431ns
The critical path consists of the following:
	bus request operation ('in_beat_req', predecoder_kernel.cpp:238) on port 'gmem0' (predecoder_kernel.cpp:238) [8]  (2.431 ns)

 <State 55>: 2.431ns
The critical path consists of the following:
	bus request operation ('in_beat_req', predecoder_kernel.cpp:238) on port 'gmem0' (predecoder_kernel.cpp:238) [8]  (2.431 ns)

 <State 56>: 2.431ns
The critical path consists of the following:
	bus request operation ('in_beat_req', predecoder_kernel.cpp:238) on port 'gmem0' (predecoder_kernel.cpp:238) [8]  (2.431 ns)

 <State 57>: 2.431ns
The critical path consists of the following:
	bus request operation ('in_beat_req', predecoder_kernel.cpp:238) on port 'gmem0' (predecoder_kernel.cpp:238) [8]  (2.431 ns)

 <State 58>: 2.431ns
The critical path consists of the following:
	bus request operation ('in_beat_req', predecoder_kernel.cpp:238) on port 'gmem0' (predecoder_kernel.cpp:238) [8]  (2.431 ns)

 <State 59>: 2.431ns
The critical path consists of the following:
	bus request operation ('in_beat_req', predecoder_kernel.cpp:238) on port 'gmem0' (predecoder_kernel.cpp:238) [8]  (2.431 ns)

 <State 60>: 2.431ns
The critical path consists of the following:
	bus request operation ('in_beat_req', predecoder_kernel.cpp:238) on port 'gmem0' (predecoder_kernel.cpp:238) [8]  (2.431 ns)

 <State 61>: 2.431ns
The critical path consists of the following:
	bus request operation ('in_beat_req', predecoder_kernel.cpp:238) on port 'gmem0' (predecoder_kernel.cpp:238) [8]  (2.431 ns)

 <State 62>: 2.431ns
The critical path consists of the following:
	bus request operation ('in_beat_req', predecoder_kernel.cpp:238) on port 'gmem0' (predecoder_kernel.cpp:238) [8]  (2.431 ns)

 <State 63>: 2.431ns
The critical path consists of the following:
	bus request operation ('in_beat_req', predecoder_kernel.cpp:238) on port 'gmem0' (predecoder_kernel.cpp:238) [8]  (2.431 ns)

 <State 64>: 2.431ns
The critical path consists of the following:
	bus request operation ('in_beat_req', predecoder_kernel.cpp:238) on port 'gmem0' (predecoder_kernel.cpp:238) [8]  (2.431 ns)

 <State 65>: 2.431ns
The critical path consists of the following:
	bus request operation ('in_beat_req', predecoder_kernel.cpp:238) on port 'gmem0' (predecoder_kernel.cpp:238) [8]  (2.431 ns)

 <State 66>: 2.431ns
The critical path consists of the following:
	bus request operation ('in_beat_req', predecoder_kernel.cpp:238) on port 'gmem0' (predecoder_kernel.cpp:238) [8]  (2.431 ns)

 <State 67>: 2.431ns
The critical path consists of the following:
	bus request operation ('in_beat_req', predecoder_kernel.cpp:238) on port 'gmem0' (predecoder_kernel.cpp:238) [8]  (2.431 ns)

 <State 68>: 2.431ns
The critical path consists of the following:
	bus request operation ('in_beat_req', predecoder_kernel.cpp:238) on port 'gmem0' (predecoder_kernel.cpp:238) [8]  (2.431 ns)

 <State 69>: 2.431ns
The critical path consists of the following:
	bus request operation ('in_beat_req', predecoder_kernel.cpp:238) on port 'gmem0' (predecoder_kernel.cpp:238) [8]  (2.431 ns)

 <State 70>: 2.431ns
The critical path consists of the following:
	bus request operation ('in_beat_req', predecoder_kernel.cpp:238) on port 'gmem0' (predecoder_kernel.cpp:238) [8]  (2.431 ns)

 <State 71>: 2.431ns
The critical path consists of the following:
	bus request operation ('in_beat_req', predecoder_kernel.cpp:238) on port 'gmem0' (predecoder_kernel.cpp:238) [8]  (2.431 ns)

 <State 72>: 2.431ns
The critical path consists of the following:
	bus read operation ('in_beat', predecoder_kernel.cpp:238) on port 'gmem0' (predecoder_kernel.cpp:238) [9]  (2.431 ns)


============================================================
+ Verbose Summary: Binding
============================================================
N/A
* FSMD analyzer results:
  - Output states:
 - Input state : 
  - Chain level:
	State 1
	State 2
	State 3
	State 4
	State 5
	State 6
	State 7
	State 8
	State 9
	State 10
	State 11
	State 12
	State 13
	State 14
	State 15
	State 16
	State 17
	State 18
	State 19
	State 20
	State 21
	State 22
	State 23
	State 24
	State 25
	State 26
	State 27
	State 28
	State 29
	State 30
	State 31
	State 32
	State 33
	State 34
	State 35
	State 36
	State 37
	State 38
	State 39
	State 40
	State 41
	State 42
	State 43
	State 44
	State 45
	State 46
	State 47
	State 48
	State 49
	State 50
	State 51
	State 52
	State 53
	State 54
	State 55
	State 56
	State 57
	State 58
	State 59
	State 60
	State 61
	State 62
	State 63
	State 64
	State 65
	State 66
	State 67
	State 68
	State 69
	State 70
	State 71
	State 72


============================================================
+ Verbose Summary: Datapath Resource usage 
============================================================
N/A
