

================================================================
== Vitis HLS Report for 'conv3d_hidden_layer_1_Pipeline_VITIS_LOOP_46_1_VITIS_LOOP_47_2'
================================================================
* Date:           Thu Sep  3 17:05:55 2026

* Version:        2023.2 (Build 4023990 on Oct 11 2023)
* Project:        predecoder_csynth_proj
* Solution:       solution1 (Vitis Kernel Flow Target)
* Product family: virtexuplusHBM
* Target device:  xcu55c-fsvh2892-2L-e


================================================================
== Performance Estimates
================================================================
+ Timing: 
    * Summary: 
    +--------+---------+----------+------------+
    |  Clock |  Target | Estimated| Uncertainty|
    +--------+---------+----------+------------+
    |ap_clk  |  3.33 ns|  2.188 ns|     0.90 ns|
    +--------+---------+----------+------------+

+ Latency: 
    * Summary: 
    +---------+---------+----------+----------+-----+-----+---------+
    |  Latency (cycles) |  Latency (absolute) |  Interval | Pipeline|
    |   min   |   max   |    min   |    max   | min | max |   Type  |
    +---------+---------+----------+----------+-----+-----+---------+
    |       38|       38|  0.127 us|  0.127 us|   38|   38|       no|
    +---------+---------+----------+----------+-----+-----+---------+

    + Detail: 
        * Instance: 
        N/A

        * Loop: 
        +-----------------------------------+---------+---------+----------+-----------+-----------+------+----------+
        |                                   |  Latency (cycles) | Iteration|  Initiation Interval  | Trip |          |
        |             Loop Name             |   min   |   max   |  Latency |  achieved |   target  | Count| Pipelined|
        +-----------------------------------+---------+---------+----------+-----------+-----------+------+----------+
        |- VITIS_LOOP_46_1_VITIS_LOOP_47_2  |       36|       36|         2|          1|          1|    36|       yes|
        +-----------------------------------+---------+---------+----------+-----------+-----------+------+----------+

============================================================
+ Verbose Summary: Synthesis Manager
============================================================
InlineROM: 1
ExposeGlobal: 0
============================================================
+ Verbose Summary: CDFG Model
============================================================
IsTopModel: 0
ResetActiveHigh: 1
IsCombinational: 0
IsDatapathOnly: 0
HasWiredReturn: 1
HasMFsm: 2
HasVarLatency: 1
IsPipeline: 0
IsRtlPipelined: 0
IsInstanceOverlapped: 0
IsDontTouch: 0
HasImplIP: 0
IsGatedGlobalClock: 0

+ Individual pipeline summary: 
  * Pipeline-0: initiation interval (II) = 1, depth = 2


============================================================
+ Verbose Summary: Schedule
============================================================
* Number of FSM states : 2
* Pipeline : 1
  Pipeline-0 : II = 1, D = 2, States = { 1 2 }
* Dataflow Pipeline: 0

* FSM state transitions: 
1 --> 2 
2 --> 

* FSM state operations: 

State 1 <SV = 0> <Delay = 1.48>
ST_1 : Operation 5 [1/1] (0.00ns)   --->   "%x_5 = alloca i32 1" [./line_buffer.h:50->predecoder_kernel.cpp:55]   --->   Operation 5 'alloca' 'x_5' <Predicate = true> <Delay = 0.00>
ST_1 : Operation 6 [1/1] (0.00ns)   --->   "%y = alloca i32 1" [predecoder_kernel.cpp:46]   --->   Operation 6 'alloca' 'y' <Predicate = true> <Delay = 0.00>
ST_1 : Operation 7 [1/1] (0.00ns)   --->   "%indvar_flatten18 = alloca i32 1"   --->   Operation 7 'alloca' 'indvar_flatten18' <Predicate = true> <Delay = 0.00>
ST_1 : Operation 8 [1/1] (0.00ns)   --->   "%specinterface_ln0 = specinterface void @_ssdm_op_SpecInterface, i96 %s0, void @empty_1, i32 0, i32 0, void @empty_5, i32 0, i32 0, void @empty_5, void @empty_5, void @empty_5, i32 0, i32 0, i32 0, i32 0, void @empty_5, void @empty_5, i32 4294967295, i32 0"   --->   Operation 8 'specinterface' 'specinterface_ln0' <Predicate = true> <Delay = 0.00>
ST_1 : Operation 9 [1/1] (0.00ns)   --->   "%tmp = read i2 @_ssdm_op_Read.ap_auto.i2, i2 %empty"   --->   Operation 9 'read' 'tmp' <Predicate = true> <Delay = 0.00>
ST_1 : Operation 10 [1/1] (0.38ns)   --->   "%store_ln0 = store i6 0, i6 %indvar_flatten18"   --->   Operation 10 'store' 'store_ln0' <Predicate = true> <Delay = 0.38>
ST_1 : Operation 11 [1/1] (0.38ns)   --->   "%store_ln46 = store i3 0, i3 %y" [predecoder_kernel.cpp:46]   --->   Operation 11 'store' 'store_ln46' <Predicate = true> <Delay = 0.38>
ST_1 : Operation 12 [1/1] (0.38ns)   --->   "%store_ln50 = store i3 0, i3 %x_5" [./line_buffer.h:50->predecoder_kernel.cpp:55]   --->   Operation 12 'store' 'store_ln50' <Predicate = true> <Delay = 0.38>
ST_1 : Operation 13 [1/1] (0.00ns)   --->   "%br_ln0 = br void %VITIS_LOOP_51_3"   --->   Operation 13 'br' 'br_ln0' <Predicate = true> <Delay = 0.00>
ST_1 : Operation 14 [1/1] (0.00ns)   --->   "%indvar_flatten18_load = load i6 %indvar_flatten18" [predecoder_kernel.cpp:46]   --->   Operation 14 'load' 'indvar_flatten18_load' <Predicate = true> <Delay = 0.00>
ST_1 : Operation 15 [1/1] (0.70ns)   --->   "%icmp_ln46 = icmp_eq  i6 %indvar_flatten18_load, i6 36" [predecoder_kernel.cpp:46]   --->   Operation 15 'icmp' 'icmp_ln46' <Predicate = true> <Delay = 0.70> <CoreInst = "Cmp">   --->   Core 9 'Cmp' <Latency = 0> <II = 1> <Delay = 0.70> <FuncUnit> <Opcode : 'icmp'> <InPorts = 2> <OutPorts = 1>
ST_1 : Operation 16 [1/1] (0.70ns)   --->   "%add_ln46_1 = add i6 %indvar_flatten18_load, i6 1" [predecoder_kernel.cpp:46]   --->   Operation 16 'add' 'add_ln46_1' <Predicate = true> <Delay = 0.70> <CoreInst = "Adder">   --->   Core 1 'Adder' <Latency = 0> <II = 1> <Delay = 0.70> <FuncUnit> <Opcode : 'add' 'sub'> <InPorts = 2> <OutPorts = 1>
ST_1 : Operation 17 [1/1] (0.00ns)   --->   "%br_ln46 = br i1 %icmp_ln46, void %for.inc19, void %if.end.loopexit.exitStub" [predecoder_kernel.cpp:46]   --->   Operation 17 'br' 'br_ln46' <Predicate = true> <Delay = 0.00>
ST_1 : Operation 18 [1/1] (0.66ns)   --->   "%switch_ln55 = switch i2 %tmp, void %arrayidx94.i.case.2, i2 0, void %arrayidx94.i.case.0, i2 1, void %arrayidx94.i.case.1" [./line_buffer.h:55->predecoder_kernel.cpp:55]   --->   Operation 18 'switch' 'switch_ln55' <Predicate = (!icmp_ln46)> <Delay = 0.66>
ST_1 : Operation 19 [1/1] (0.00ns)   --->   "%br_ln55 = br void %arrayidx94.i.exit" [./line_buffer.h:55->predecoder_kernel.cpp:55]   --->   Operation 19 'br' 'br_ln55' <Predicate = (!icmp_ln46 & tmp == 1)> <Delay = 0.00>
ST_1 : Operation 20 [1/1] (0.00ns)   --->   "%br_ln55 = br void %arrayidx94.i.exit" [./line_buffer.h:55->predecoder_kernel.cpp:55]   --->   Operation 20 'br' 'br_ln55' <Predicate = (!icmp_ln46 & tmp == 0)> <Delay = 0.00>
ST_1 : Operation 21 [1/1] (0.00ns)   --->   "%br_ln55 = br void %arrayidx94.i.exit" [./line_buffer.h:55->predecoder_kernel.cpp:55]   --->   Operation 21 'br' 'br_ln55' <Predicate = (!icmp_ln46 & tmp != 0 & tmp != 1)> <Delay = 0.00>
ST_1 : Operation 22 [1/1] (0.38ns)   --->   "%store_ln46 = store i6 %add_ln46_1, i6 %indvar_flatten18" [predecoder_kernel.cpp:46]   --->   Operation 22 'store' 'store_ln46' <Predicate = (!icmp_ln46)> <Delay = 0.38>
ST_1 : Operation 96 [1/1] (0.00ns)   --->   "%ret_ln0 = ret"   --->   Operation 96 'ret' 'ret_ln0' <Predicate = (icmp_ln46)> <Delay = 0.00>

State 2 <SV = 1> <Delay = 2.18>
ST_2 : Operation 23 [1/1] (0.00ns)   --->   "%x_5_load = load i3 %x_5" [predecoder_kernel.cpp:47]   --->   Operation 23 'load' 'x_5_load' <Predicate = true> <Delay = 0.00>
ST_2 : Operation 24 [1/1] (0.00ns)   --->   "%y_load = load i3 %y" [predecoder_kernel.cpp:46]   --->   Operation 24 'load' 'y_load' <Predicate = true> <Delay = 0.00>
ST_2 : Operation 25 [1/1] (0.57ns)   --->   "%add_ln46 = add i3 %y_load, i3 1" [predecoder_kernel.cpp:46]   --->   Operation 25 'add' 'add_ln46' <Predicate = true> <Delay = 0.57> <CoreInst = "Adder">   --->   Core 1 'Adder' <Latency = 0> <II = 1> <Delay = 0.57> <FuncUnit> <Opcode : 'add' 'sub'> <InPorts = 2> <OutPorts = 1>
ST_2 : Operation 26 [1/1] (0.00ns)   --->   "%specloopname_ln0 = specloopname void @_ssdm_op_SpecLoopName, void @VITIS_LOOP_46_1_VITIS_LOOP_47_2_str"   --->   Operation 26 'specloopname' 'specloopname_ln0' <Predicate = true> <Delay = 0.00>
ST_2 : Operation 27 [1/1] (0.00ns)   --->   "%speclooptripcount_ln0 = speclooptripcount void @_ssdm_op_SpecLoopTripCount, i64 36, i64 36, i64 36"   --->   Operation 27 'speclooptripcount' 'speclooptripcount_ln0' <Predicate = true> <Delay = 0.00>
ST_2 : Operation 28 [1/1] (0.57ns)   --->   "%icmp_ln47 = icmp_eq  i3 %x_5_load, i3 6" [predecoder_kernel.cpp:47]   --->   Operation 28 'icmp' 'icmp_ln47' <Predicate = true> <Delay = 0.57> <CoreInst = "Cmp">   --->   Core 9 'Cmp' <Latency = 0> <II = 1> <Delay = 0.57> <FuncUnit> <Opcode : 'icmp'> <InPorts = 2> <OutPorts = 1>
ST_2 : Operation 29 [1/1] (0.27ns)   --->   "%select_ln46 = select i1 %icmp_ln47, i3 0, i3 %x_5_load" [predecoder_kernel.cpp:46]   --->   Operation 29 'select' 'select_ln46' <Predicate = true> <Delay = 0.27> <CoreInst = "Sel">   --->   Core 73 'Sel' <Latency = 0> <II = 1> <Delay = 0.27> <FuncUnit> <Opcode : 'select'> <InPorts = 3> <OutPorts = 1>
ST_2 : Operation 30 [1/1] (0.27ns)   --->   "%select_ln46_1 = select i1 %icmp_ln47, i3 %add_ln46, i3 %y_load" [predecoder_kernel.cpp:46]   --->   Operation 30 'select' 'select_ln46_1' <Predicate = true> <Delay = 0.27> <CoreInst = "Sel">   --->   Core 73 'Sel' <Latency = 0> <II = 1> <Delay = 0.27> <FuncUnit> <Opcode : 'select'> <InPorts = 3> <OutPorts = 1>
ST_2 : Operation 31 [1/1] (0.00ns)   --->   "%zext_ln46 = zext i3 %select_ln46_1" [predecoder_kernel.cpp:46]   --->   Operation 31 'zext' 'zext_ln46' <Predicate = true> <Delay = 0.00>
ST_2 : Operation 32 [1/1] (0.00ns)   --->   "%fb_0_addr = getelementptr i8 %fb_0, i64 0, i64 %zext_ln46" [./line_buffer.h:55->predecoder_kernel.cpp:55]   --->   Operation 32 'getelementptr' 'fb_0_addr' <Predicate = true> <Delay = 0.00>
ST_2 : Operation 33 [1/1] (0.00ns)   --->   "%fb_0_1_addr = getelementptr i8 %fb_0_1, i64 0, i64 %zext_ln46" [./line_buffer.h:55->predecoder_kernel.cpp:55]   --->   Operation 33 'getelementptr' 'fb_0_1_addr' <Predicate = true> <Delay = 0.00>
ST_2 : Operation 34 [1/1] (0.00ns)   --->   "%fb_0_2_addr = getelementptr i8 %fb_0_2, i64 0, i64 %zext_ln46" [./line_buffer.h:55->predecoder_kernel.cpp:55]   --->   Operation 34 'getelementptr' 'fb_0_2_addr' <Predicate = true> <Delay = 0.00>
ST_2 : Operation 35 [1/1] (0.00ns)   --->   "%fb_0_3_addr = getelementptr i8 %fb_0_3, i64 0, i64 %zext_ln46" [./line_buffer.h:55->predecoder_kernel.cpp:55]   --->   Operation 35 'getelementptr' 'fb_0_3_addr' <Predicate = true> <Delay = 0.00>
ST_2 : Operation 36 [1/1] (0.00ns)   --->   "%fb_0_4_addr = getelementptr i8 %fb_0_4, i64 0, i64 %zext_ln46" [./line_buffer.h:55->predecoder_kernel.cpp:55]   --->   Operation 36 'getelementptr' 'fb_0_4_addr' <Predicate = true> <Delay = 0.00>
ST_2 : Operation 37 [1/1] (0.00ns)   --->   "%fb_0_5_addr = getelementptr i8 %fb_0_5, i64 0, i64 %zext_ln46" [./line_buffer.h:55->predecoder_kernel.cpp:55]   --->   Operation 37 'getelementptr' 'fb_0_5_addr' <Predicate = true> <Delay = 0.00>
ST_2 : Operation 38 [1/1] (0.00ns)   --->   "%fb_0_6_addr = getelementptr i8 %fb_0_6, i64 0, i64 %zext_ln46" [./line_buffer.h:55->predecoder_kernel.cpp:55]   --->   Operation 38 'getelementptr' 'fb_0_6_addr' <Predicate = true> <Delay = 0.00>
ST_2 : Operation 39 [1/1] (0.00ns)   --->   "%fb_0_7_addr = getelementptr i8 %fb_0_7, i64 0, i64 %zext_ln46" [./line_buffer.h:55->predecoder_kernel.cpp:55]   --->   Operation 39 'getelementptr' 'fb_0_7_addr' <Predicate = true> <Delay = 0.00>
ST_2 : Operation 40 [1/1] (0.00ns)   --->   "%fb_0_8_addr = getelementptr i8 %fb_0_8, i64 0, i64 %zext_ln46" [./line_buffer.h:55->predecoder_kernel.cpp:55]   --->   Operation 40 'getelementptr' 'fb_0_8_addr' <Predicate = true> <Delay = 0.00>
ST_2 : Operation 41 [1/1] (0.00ns)   --->   "%fb_0_9_addr = getelementptr i8 %fb_0_9, i64 0, i64 %zext_ln46" [./line_buffer.h:55->predecoder_kernel.cpp:55]   --->   Operation 41 'getelementptr' 'fb_0_9_addr' <Predicate = true> <Delay = 0.00>
ST_2 : Operation 42 [1/1] (0.00ns)   --->   "%fb_0_10_addr = getelementptr i8 %fb_0_10, i64 0, i64 %zext_ln46" [./line_buffer.h:55->predecoder_kernel.cpp:55]   --->   Operation 42 'getelementptr' 'fb_0_10_addr' <Predicate = true> <Delay = 0.00>
ST_2 : Operation 43 [1/1] (0.00ns)   --->   "%fb_0_11_addr = getelementptr i8 %fb_0_11, i64 0, i64 %zext_ln46" [./line_buffer.h:55->predecoder_kernel.cpp:55]   --->   Operation 43 'getelementptr' 'fb_0_11_addr' <Predicate = true> <Delay = 0.00>
ST_2 : Operation 44 [1/1] (0.00ns)   --->   "%fb_0_12_addr = getelementptr i8 %fb_0_12, i64 0, i64 %zext_ln46" [./line_buffer.h:55->predecoder_kernel.cpp:55]   --->   Operation 44 'getelementptr' 'fb_0_12_addr' <Predicate = true> <Delay = 0.00>
ST_2 : Operation 45 [1/1] (0.00ns)   --->   "%fb_0_13_addr = getelementptr i8 %fb_0_13, i64 0, i64 %zext_ln46" [./line_buffer.h:55->predecoder_kernel.cpp:55]   --->   Operation 45 'getelementptr' 'fb_0_13_addr' <Predicate = true> <Delay = 0.00>
ST_2 : Operation 46 [1/1] (0.00ns)   --->   "%fb_0_14_addr = getelementptr i8 %fb_0_14, i64 0, i64 %zext_ln46" [./line_buffer.h:55->predecoder_kernel.cpp:55]   --->   Operation 46 'getelementptr' 'fb_0_14_addr' <Predicate = true> <Delay = 0.00>
ST_2 : Operation 47 [1/1] (0.00ns)   --->   "%fb_0_15_addr = getelementptr i8 %fb_0_15, i64 0, i64 %zext_ln46" [./line_buffer.h:55->predecoder_kernel.cpp:55]   --->   Operation 47 'getelementptr' 'fb_0_15_addr' <Predicate = true> <Delay = 0.00>
ST_2 : Operation 48 [1/1] (0.00ns)   --->   "%fb_0_16_addr = getelementptr i8 %fb_0_16, i64 0, i64 %zext_ln46" [./line_buffer.h:55->predecoder_kernel.cpp:55]   --->   Operation 48 'getelementptr' 'fb_0_16_addr' <Predicate = true> <Delay = 0.00>
ST_2 : Operation 49 [1/1] (0.00ns)   --->   "%fb_0_17_addr = getelementptr i8 %fb_0_17, i64 0, i64 %zext_ln46" [./line_buffer.h:55->predecoder_kernel.cpp:55]   --->   Operation 49 'getelementptr' 'fb_0_17_addr' <Predicate = true> <Delay = 0.00>
ST_2 : Operation 50 [1/1] (0.00ns)   --->   "%specpipeline_ln48 = specpipeline void @_ssdm_op_SpecPipeline, i32 1, i32 0, i32 0, i32 0, void @empty_5" [predecoder_kernel.cpp:48]   --->   Operation 50 'specpipeline' 'specpipeline_ln48' <Predicate = true> <Delay = 0.00>
ST_2 : Operation 51 [1/1] (1.21ns)   --->   "%s0_read = read i96 @_ssdm_op_Read.ap_fifo.volatile.i96P0A, i96 %s0" [predecoder_kernel.cpp:49]   --->   Operation 51 'read' 's0_read' <Predicate = true> <Delay = 1.21> <CoreInst = "FIFO_SRL">   --->   Core 81 'FIFO_SRL' <Latency = 0> <II = 1> <Delay = 1.42> <Storage> <Opcode : 'read' 'write' 'nbread' 'nbwrite'> <Ports = 0> <Width = 96> <Depth = 8> <FIFO>
ST_2 : Operation 52 [1/1] (0.00ns)   --->   "%a = trunc i96 %s0_read" [predecoder_kernel.cpp:49]   --->   Operation 52 'trunc' 'a' <Predicate = true> <Delay = 0.00>
ST_2 : Operation 53 [1/1] (0.67ns)   --->   "%switch_ln55 = switch i3 %select_ln46, void %arrayidx94.i_1.case.5, i3 0, void %arrayidx94.i_1.case.0, i3 1, void %arrayidx94.i_1.case.1, i3 2, void %arrayidx94.i_1.case.2, i3 3, void %arrayidx94.i_1.case.3, i3 4, void %arrayidx94.i_1.case.4" [./line_buffer.h:55->predecoder_kernel.cpp:55]   --->   Operation 53 'switch' 'switch_ln55' <Predicate = (tmp == 1)> <Delay = 0.67>
ST_2 : Operation 54 [1/1] (0.66ns)   --->   "%store_ln55 = store i8 %a, i3 %fb_0_10_addr" [./line_buffer.h:55->predecoder_kernel.cpp:55]   --->   Operation 54 'store' 'store_ln55' <Predicate = (tmp == 1 & select_ln46 == 4)> <Delay = 0.66> <CoreInst = "RAM">   --->   Core 83 'RAM' <Latency = 1> <II = 1> <Delay = 0.66> <Storage> <Opcode : 'load' 'store'> <Ports = 2> <Width = 8> <Depth = 6> <RAM>
ST_2 : Operation 55 [1/1] (0.00ns)   --->   "%br_ln55 = br void %arrayidx94.i_1.exit" [./line_buffer.h:55->predecoder_kernel.cpp:55]   --->   Operation 55 'br' 'br_ln55' <Predicate = (tmp == 1 & select_ln46 == 4)> <Delay = 0.00>
ST_2 : Operation 56 [1/1] (0.66ns)   --->   "%store_ln55 = store i8 %a, i3 %fb_0_9_addr" [./line_buffer.h:55->predecoder_kernel.cpp:55]   --->   Operation 56 'store' 'store_ln55' <Predicate = (tmp == 1 & select_ln46 == 3)> <Delay = 0.66> <CoreInst = "RAM">   --->   Core 83 'RAM' <Latency = 1> <II = 1> <Delay = 0.66> <Storage> <Opcode : 'load' 'store'> <Ports = 2> <Width = 8> <Depth = 6> <RAM>
ST_2 : Operation 57 [1/1] (0.00ns)   --->   "%br_ln55 = br void %arrayidx94.i_1.exit" [./line_buffer.h:55->predecoder_kernel.cpp:55]   --->   Operation 57 'br' 'br_ln55' <Predicate = (tmp == 1 & select_ln46 == 3)> <Delay = 0.00>
ST_2 : Operation 58 [1/1] (0.66ns)   --->   "%store_ln55 = store i8 %a, i3 %fb_0_8_addr" [./line_buffer.h:55->predecoder_kernel.cpp:55]   --->   Operation 58 'store' 'store_ln55' <Predicate = (tmp == 1 & select_ln46 == 2)> <Delay = 0.66> <CoreInst = "RAM">   --->   Core 83 'RAM' <Latency = 1> <II = 1> <Delay = 0.66> <Storage> <Opcode : 'load' 'store'> <Ports = 2> <Width = 8> <Depth = 6> <RAM>
ST_2 : Operation 59 [1/1] (0.00ns)   --->   "%br_ln55 = br void %arrayidx94.i_1.exit" [./line_buffer.h:55->predecoder_kernel.cpp:55]   --->   Operation 59 'br' 'br_ln55' <Predicate = (tmp == 1 & select_ln46 == 2)> <Delay = 0.00>
ST_2 : Operation 60 [1/1] (0.66ns)   --->   "%store_ln55 = store i8 %a, i3 %fb_0_7_addr" [./line_buffer.h:55->predecoder_kernel.cpp:55]   --->   Operation 60 'store' 'store_ln55' <Predicate = (tmp == 1 & select_ln46 == 1)> <Delay = 0.66> <CoreInst = "RAM">   --->   Core 83 'RAM' <Latency = 1> <II = 1> <Delay = 0.66> <Storage> <Opcode : 'load' 'store'> <Ports = 2> <Width = 8> <Depth = 6> <RAM>
ST_2 : Operation 61 [1/1] (0.00ns)   --->   "%br_ln55 = br void %arrayidx94.i_1.exit" [./line_buffer.h:55->predecoder_kernel.cpp:55]   --->   Operation 61 'br' 'br_ln55' <Predicate = (tmp == 1 & select_ln46 == 1)> <Delay = 0.00>
ST_2 : Operation 62 [1/1] (0.66ns)   --->   "%store_ln55 = store i8 %a, i3 %fb_0_6_addr" [./line_buffer.h:55->predecoder_kernel.cpp:55]   --->   Operation 62 'store' 'store_ln55' <Predicate = (tmp == 1 & select_ln46 == 0)> <Delay = 0.66> <CoreInst = "RAM">   --->   Core 83 'RAM' <Latency = 1> <II = 1> <Delay = 0.66> <Storage> <Opcode : 'load' 'store'> <Ports = 2> <Width = 8> <Depth = 6> <RAM>
ST_2 : Operation 63 [1/1] (0.00ns)   --->   "%br_ln55 = br void %arrayidx94.i_1.exit" [./line_buffer.h:55->predecoder_kernel.cpp:55]   --->   Operation 63 'br' 'br_ln55' <Predicate = (tmp == 1 & select_ln46 == 0)> <Delay = 0.00>
ST_2 : Operation 64 [1/1] (0.66ns)   --->   "%store_ln55 = store i8 %a, i3 %fb_0_11_addr" [./line_buffer.h:55->predecoder_kernel.cpp:55]   --->   Operation 64 'store' 'store_ln55' <Predicate = (tmp == 1 & select_ln46 != 0 & select_ln46 != 1 & select_ln46 != 2 & select_ln46 != 3 & select_ln46 != 4)> <Delay = 0.66> <CoreInst = "RAM">   --->   Core 83 'RAM' <Latency = 1> <II = 1> <Delay = 0.66> <Storage> <Opcode : 'load' 'store'> <Ports = 2> <Width = 8> <Depth = 6> <RAM>
ST_2 : Operation 65 [1/1] (0.00ns)   --->   "%br_ln55 = br void %arrayidx94.i_1.exit" [./line_buffer.h:55->predecoder_kernel.cpp:55]   --->   Operation 65 'br' 'br_ln55' <Predicate = (tmp == 1 & select_ln46 != 0 & select_ln46 != 1 & select_ln46 != 2 & select_ln46 != 3 & select_ln46 != 4)> <Delay = 0.00>
ST_2 : Operation 66 [1/1] (0.67ns)   --->   "%switch_ln55 = switch i3 %select_ln46, void %arrayidx94.i_0.case.5, i3 0, void %arrayidx94.i_0.case.0, i3 1, void %arrayidx94.i_0.case.1, i3 2, void %arrayidx94.i_0.case.2, i3 3, void %arrayidx94.i_0.case.3, i3 4, void %arrayidx94.i_0.case.4" [./line_buffer.h:55->predecoder_kernel.cpp:55]   --->   Operation 66 'switch' 'switch_ln55' <Predicate = (tmp == 0)> <Delay = 0.67>
ST_2 : Operation 67 [1/1] (0.66ns)   --->   "%store_ln55 = store i8 %a, i3 %fb_0_4_addr" [./line_buffer.h:55->predecoder_kernel.cpp:55]   --->   Operation 67 'store' 'store_ln55' <Predicate = (tmp == 0 & select_ln46 == 4)> <Delay = 0.66> <CoreInst = "RAM">   --->   Core 83 'RAM' <Latency = 1> <II = 1> <Delay = 0.66> <Storage> <Opcode : 'load' 'store'> <Ports = 2> <Width = 8> <Depth = 6> <RAM>
ST_2 : Operation 68 [1/1] (0.00ns)   --->   "%br_ln55 = br void %arrayidx94.i_0.exit" [./line_buffer.h:55->predecoder_kernel.cpp:55]   --->   Operation 68 'br' 'br_ln55' <Predicate = (tmp == 0 & select_ln46 == 4)> <Delay = 0.00>
ST_2 : Operation 69 [1/1] (0.66ns)   --->   "%store_ln55 = store i8 %a, i3 %fb_0_3_addr" [./line_buffer.h:55->predecoder_kernel.cpp:55]   --->   Operation 69 'store' 'store_ln55' <Predicate = (tmp == 0 & select_ln46 == 3)> <Delay = 0.66> <CoreInst = "RAM">   --->   Core 83 'RAM' <Latency = 1> <II = 1> <Delay = 0.66> <Storage> <Opcode : 'load' 'store'> <Ports = 2> <Width = 8> <Depth = 6> <RAM>
ST_2 : Operation 70 [1/1] (0.00ns)   --->   "%br_ln55 = br void %arrayidx94.i_0.exit" [./line_buffer.h:55->predecoder_kernel.cpp:55]   --->   Operation 70 'br' 'br_ln55' <Predicate = (tmp == 0 & select_ln46 == 3)> <Delay = 0.00>
ST_2 : Operation 71 [1/1] (0.66ns)   --->   "%store_ln55 = store i8 %a, i3 %fb_0_2_addr" [./line_buffer.h:55->predecoder_kernel.cpp:55]   --->   Operation 71 'store' 'store_ln55' <Predicate = (tmp == 0 & select_ln46 == 2)> <Delay = 0.66> <CoreInst = "RAM">   --->   Core 83 'RAM' <Latency = 1> <II = 1> <Delay = 0.66> <Storage> <Opcode : 'load' 'store'> <Ports = 2> <Width = 8> <Depth = 6> <RAM>
ST_2 : Operation 72 [1/1] (0.00ns)   --->   "%br_ln55 = br void %arrayidx94.i_0.exit" [./line_buffer.h:55->predecoder_kernel.cpp:55]   --->   Operation 72 'br' 'br_ln55' <Predicate = (tmp == 0 & select_ln46 == 2)> <Delay = 0.00>
ST_2 : Operation 73 [1/1] (0.66ns)   --->   "%store_ln55 = store i8 %a, i3 %fb_0_1_addr" [./line_buffer.h:55->predecoder_kernel.cpp:55]   --->   Operation 73 'store' 'store_ln55' <Predicate = (tmp == 0 & select_ln46 == 1)> <Delay = 0.66> <CoreInst = "RAM">   --->   Core 83 'RAM' <Latency = 1> <II = 1> <Delay = 0.66> <Storage> <Opcode : 'load' 'store'> <Ports = 2> <Width = 8> <Depth = 6> <RAM>
ST_2 : Operation 74 [1/1] (0.00ns)   --->   "%br_ln55 = br void %arrayidx94.i_0.exit" [./line_buffer.h:55->predecoder_kernel.cpp:55]   --->   Operation 74 'br' 'br_ln55' <Predicate = (tmp == 0 & select_ln46 == 1)> <Delay = 0.00>
ST_2 : Operation 75 [1/1] (0.66ns)   --->   "%store_ln55 = store i8 %a, i3 %fb_0_addr" [./line_buffer.h:55->predecoder_kernel.cpp:55]   --->   Operation 75 'store' 'store_ln55' <Predicate = (tmp == 0 & select_ln46 == 0)> <Delay = 0.66> <CoreInst = "RAM">   --->   Core 83 'RAM' <Latency = 1> <II = 1> <Delay = 0.66> <Storage> <Opcode : 'load' 'store'> <Ports = 2> <Width = 8> <Depth = 6> <RAM>
ST_2 : Operation 76 [1/1] (0.00ns)   --->   "%br_ln55 = br void %arrayidx94.i_0.exit" [./line_buffer.h:55->predecoder_kernel.cpp:55]   --->   Operation 76 'br' 'br_ln55' <Predicate = (tmp == 0 & select_ln46 == 0)> <Delay = 0.00>
ST_2 : Operation 77 [1/1] (0.66ns)   --->   "%store_ln55 = store i8 %a, i3 %fb_0_5_addr" [./line_buffer.h:55->predecoder_kernel.cpp:55]   --->   Operation 77 'store' 'store_ln55' <Predicate = (tmp == 0 & select_ln46 != 0 & select_ln46 != 1 & select_ln46 != 2 & select_ln46 != 3 & select_ln46 != 4)> <Delay = 0.66> <CoreInst = "RAM">   --->   Core 83 'RAM' <Latency = 1> <II = 1> <Delay = 0.66> <Storage> <Opcode : 'load' 'store'> <Ports = 2> <Width = 8> <Depth = 6> <RAM>
ST_2 : Operation 78 [1/1] (0.00ns)   --->   "%br_ln55 = br void %arrayidx94.i_0.exit" [./line_buffer.h:55->predecoder_kernel.cpp:55]   --->   Operation 78 'br' 'br_ln55' <Predicate = (tmp == 0 & select_ln46 != 0 & select_ln46 != 1 & select_ln46 != 2 & select_ln46 != 3 & select_ln46 != 4)> <Delay = 0.00>
ST_2 : Operation 79 [1/1] (0.67ns)   --->   "%switch_ln55 = switch i3 %select_ln46, void %arrayidx94.i_2.case.5, i3 0, void %arrayidx94.i_2.case.0, i3 1, void %arrayidx94.i_2.case.1, i3 2, void %arrayidx94.i_2.case.2, i3 3, void %arrayidx94.i_2.case.3, i3 4, void %arrayidx94.i_2.case.4" [./line_buffer.h:55->predecoder_kernel.cpp:55]   --->   Operation 79 'switch' 'switch_ln55' <Predicate = (tmp != 0 & tmp != 1)> <Delay = 0.67>
ST_2 : Operation 80 [1/1] (0.66ns)   --->   "%store_ln55 = store i8 %a, i3 %fb_0_16_addr" [./line_buffer.h:55->predecoder_kernel.cpp:55]   --->   Operation 80 'store' 'store_ln55' <Predicate = (tmp != 0 & tmp != 1 & select_ln46 == 4)> <Delay = 0.66> <CoreInst = "RAM">   --->   Core 83 'RAM' <Latency = 1> <II = 1> <Delay = 0.66> <Storage> <Opcode : 'load' 'store'> <Ports = 2> <Width = 8> <Depth = 6> <RAM>
ST_2 : Operation 81 [1/1] (0.00ns)   --->   "%br_ln55 = br void %arrayidx94.i_2.exit" [./line_buffer.h:55->predecoder_kernel.cpp:55]   --->   Operation 81 'br' 'br_ln55' <Predicate = (tmp != 0 & tmp != 1 & select_ln46 == 4)> <Delay = 0.00>
ST_2 : Operation 82 [1/1] (0.66ns)   --->   "%store_ln55 = store i8 %a, i3 %fb_0_15_addr" [./line_buffer.h:55->predecoder_kernel.cpp:55]   --->   Operation 82 'store' 'store_ln55' <Predicate = (tmp != 0 & tmp != 1 & select_ln46 == 3)> <Delay = 0.66> <CoreInst = "RAM">   --->   Core 83 'RAM' <Latency = 1> <II = 1> <Delay = 0.66> <Storage> <Opcode : 'load' 'store'> <Ports = 2> <Width = 8> <Depth = 6> <RAM>
ST_2 : Operation 83 [1/1] (0.00ns)   --->   "%br_ln55 = br void %arrayidx94.i_2.exit" [./line_buffer.h:55->predecoder_kernel.cpp:55]   --->   Operation 83 'br' 'br_ln55' <Predicate = (tmp != 0 & tmp != 1 & select_ln46 == 3)> <Delay = 0.00>
ST_2 : Operation 84 [1/1] (0.66ns)   --->   "%store_ln55 = store i8 %a, i3 %fb_0_14_addr" [./line_buffer.h:55->predecoder_kernel.cpp:55]   --->   Operation 84 'store' 'store_ln55' <Predicate = (tmp != 0 & tmp != 1 & select_ln46 == 2)> <Delay = 0.66> <CoreInst = "RAM">   --->   Core 83 'RAM' <Latency = 1> <II = 1> <Delay = 0.66> <Storage> <Opcode : 'load' 'store'> <Ports = 2> <Width = 8> <Depth = 6> <RAM>
ST_2 : Operation 85 [1/1] (0.00ns)   --->   "%br_ln55 = br void %arrayidx94.i_2.exit" [./line_buffer.h:55->predecoder_kernel.cpp:55]   --->   Operation 85 'br' 'br_ln55' <Predicate = (tmp != 0 & tmp != 1 & select_ln46 == 2)> <Delay = 0.00>
ST_2 : Operation 86 [1/1] (0.66ns)   --->   "%store_ln55 = store i8 %a, i3 %fb_0_13_addr" [./line_buffer.h:55->predecoder_kernel.cpp:55]   --->   Operation 86 'store' 'store_ln55' <Predicate = (tmp != 0 & tmp != 1 & select_ln46 == 1)> <Delay = 0.66> <CoreInst = "RAM">   --->   Core 83 'RAM' <Latency = 1> <II = 1> <Delay = 0.66> <Storage> <Opcode : 'load' 'store'> <Ports = 2> <Width = 8> <Depth = 6> <RAM>
ST_2 : Operation 87 [1/1] (0.00ns)   --->   "%br_ln55 = br void %arrayidx94.i_2.exit" [./line_buffer.h:55->predecoder_kernel.cpp:55]   --->   Operation 87 'br' 'br_ln55' <Predicate = (tmp != 0 & tmp != 1 & select_ln46 == 1)> <Delay = 0.00>
ST_2 : Operation 88 [1/1] (0.66ns)   --->   "%store_ln55 = store i8 %a, i3 %fb_0_12_addr" [./line_buffer.h:55->predecoder_kernel.cpp:55]   --->   Operation 88 'store' 'store_ln55' <Predicate = (tmp != 0 & tmp != 1 & select_ln46 == 0)> <Delay = 0.66> <CoreInst = "RAM">   --->   Core 83 'RAM' <Latency = 1> <II = 1> <Delay = 0.66> <Storage> <Opcode : 'load' 'store'> <Ports = 2> <Width = 8> <Depth = 6> <RAM>
ST_2 : Operation 89 [1/1] (0.00ns)   --->   "%br_ln55 = br void %arrayidx94.i_2.exit" [./line_buffer.h:55->predecoder_kernel.cpp:55]   --->   Operation 89 'br' 'br_ln55' <Predicate = (tmp != 0 & tmp != 1 & select_ln46 == 0)> <Delay = 0.00>
ST_2 : Operation 90 [1/1] (0.66ns)   --->   "%store_ln55 = store i8 %a, i3 %fb_0_17_addr" [./line_buffer.h:55->predecoder_kernel.cpp:55]   --->   Operation 90 'store' 'store_ln55' <Predicate = (tmp != 0 & tmp != 1 & select_ln46 != 0 & select_ln46 != 1 & select_ln46 != 2 & select_ln46 != 3 & select_ln46 != 4)> <Delay = 0.66> <CoreInst = "RAM">   --->   Core 83 'RAM' <Latency = 1> <II = 1> <Delay = 0.66> <Storage> <Opcode : 'load' 'store'> <Ports = 2> <Width = 8> <Depth = 6> <RAM>
ST_2 : Operation 91 [1/1] (0.00ns)   --->   "%br_ln55 = br void %arrayidx94.i_2.exit" [./line_buffer.h:55->predecoder_kernel.cpp:55]   --->   Operation 91 'br' 'br_ln55' <Predicate = (tmp != 0 & tmp != 1 & select_ln46 != 0 & select_ln46 != 1 & select_ln46 != 2 & select_ln46 != 3 & select_ln46 != 4)> <Delay = 0.00>
ST_2 : Operation 92 [1/1] (0.57ns)   --->   "%add_ln47 = add i3 %select_ln46, i3 1" [predecoder_kernel.cpp:47]   --->   Operation 92 'add' 'add_ln47' <Predicate = true> <Delay = 0.57> <CoreInst = "Adder">   --->   Core 1 'Adder' <Latency = 0> <II = 1> <Delay = 0.57> <FuncUnit> <Opcode : 'add' 'sub'> <InPorts = 2> <OutPorts = 1>
ST_2 : Operation 93 [1/1] (0.38ns)   --->   "%store_ln46 = store i3 %select_ln46_1, i3 %y" [predecoder_kernel.cpp:46]   --->   Operation 93 'store' 'store_ln46' <Predicate = true> <Delay = 0.38>
ST_2 : Operation 94 [1/1] (0.38ns)   --->   "%store_ln50 = store i3 %add_ln47, i3 %x_5" [./line_buffer.h:50->predecoder_kernel.cpp:55]   --->   Operation 94 'store' 'store_ln50' <Predicate = true> <Delay = 0.38>
ST_2 : Operation 95 [1/1] (0.00ns)   --->   "%br_ln47 = br void %VITIS_LOOP_51_3" [predecoder_kernel.cpp:47]   --->   Operation 95 'br' 'br_ln47' <Predicate = true> <Delay = 0.00>


============================================================
+ Verbose Summary: Binding
============================================================
STG Binding: 
---------------- STG Properties BEGIN ----------------
- Is combinational: 0
- Is one-state seq: 0
- Is datapath-only: 0
- Is pipelined: 0
- Is top level: 0
Port [ Return ] is wired: 1; IO mode=ap_ctrl_hs:ce=0
Port [ fb_0]:  wired=1; compound=1; hidden=0; nouse=0; global=0; static=0; extern=0; dir=1; type=1; pingpong=0; private_global=0; MemPort=[03]; IO mode=ap_memory:ce=0
Port [ fb_0_1]:  wired=1; compound=1; hidden=0; nouse=0; global=0; static=0; extern=0; dir=1; type=1; pingpong=0; private_global=0; MemPort=[03]; IO mode=ap_memory:ce=0
Port [ fb_0_2]:  wired=1; compound=1; hidden=0; nouse=0; global=0; static=0; extern=0; dir=1; type=1; pingpong=0; private_global=0; MemPort=[03]; IO mode=ap_memory:ce=0
Port [ fb_0_3]:  wired=1; compound=1; hidden=0; nouse=0; global=0; static=0; extern=0; dir=1; type=1; pingpong=0; private_global=0; MemPort=[03]; IO mode=ap_memory:ce=0
Port [ fb_0_4]:  wired=1; compound=1; hidden=0; nouse=0; global=0; static=0; extern=0; dir=1; type=1; pingpong=0; private_global=0; MemPort=[03]; IO mode=ap_memory:ce=0
Port [ fb_0_5]:  wired=1; compound=1; hidden=0; nouse=0; global=0; static=0; extern=0; dir=1; type=1; pingpong=0; private_global=0; MemPort=[03]; IO mode=ap_memory:ce=0
Port [ fb_0_6]:  wired=1; compound=1; hidden=0; nouse=0; global=0; static=0; extern=0; dir=1; type=1; pingpong=0; private_global=0; MemPort=[03]; IO mode=ap_memory:ce=0
Port [ fb_0_7]:  wired=1; compound=1; hidden=0; nouse=0; global=0; static=0; extern=0; dir=1; type=1; pingpong=0; private_global=0; MemPort=[03]; IO mode=ap_memory:ce=0
Port [ fb_0_8]:  wired=1; compound=1; hidden=0; nouse=0; global=0; static=0; extern=0; dir=1; type=1; pingpong=0; private_global=0; MemPort=[03]; IO mode=ap_memory:ce=0
Port [ fb_0_9]:  wired=1; compound=1; hidden=0; nouse=0; global=0; static=0; extern=0; dir=1; type=1; pingpong=0; private_global=0; MemPort=[03]; IO mode=ap_memory:ce=0
Port [ fb_0_10]:  wired=1; compound=1; hidden=0; nouse=0; global=0; static=0; extern=0; dir=1; type=1; pingpong=0; private_global=0; MemPort=[03]; IO mode=ap_memory:ce=0
Port [ fb_0_11]:  wired=1; compound=1; hidden=0; nouse=0; global=0; static=0; extern=0; dir=1; type=1; pingpong=0; private_global=0; MemPort=[03]; IO mode=ap_memory:ce=0
Port [ fb_0_12]:  wired=1; compound=1; hidden=0; nouse=0; global=0; static=0; extern=0; dir=1; type=1; pingpong=0; private_global=0; MemPort=[03]; IO mode=ap_memory:ce=0
Port [ fb_0_13]:  wired=1; compound=1; hidden=0; nouse=0; global=0; static=0; extern=0; dir=1; type=1; pingpong=0; private_global=0; MemPort=[03]; IO mode=ap_memory:ce=0
Port [ fb_0_14]:  wired=1; compound=1; hidden=0; nouse=0; global=0; static=0; extern=0; dir=1; type=1; pingpong=0; private_global=0; MemPort=[03]; IO mode=ap_memory:ce=0
Port [ fb_0_15]:  wired=1; compound=1; hidden=0; nouse=0; global=0; static=0; extern=0; dir=1; type=1; pingpong=0; private_global=0; MemPort=[03]; IO mode=ap_memory:ce=0
Port [ fb_0_16]:  wired=1; compound=1; hidden=0; nouse=0; global=0; static=0; extern=0; dir=1; type=1; pingpong=0; private_global=0; MemPort=[03]; IO mode=ap_memory:ce=0
Port [ fb_0_17]:  wired=1; compound=1; hidden=0; nouse=0; global=0; static=0; extern=0; dir=1; type=1; pingpong=0; private_global=0; MemPort=[03]; IO mode=ap_memory:ce=0
Port [ s0]:  wired=1; compound=1; hidden=0; nouse=0; global=0; static=0; extern=0; dir=0; type=3; pingpong=0; private_global=0; IO mode=ap_fifo:ce=0
Port [ empty]:  wired=1; compound=0; hidden=0; nouse=0; global=0; static=0; extern=0; dir=0; type=0; pingpong=0; private_global=0; IO mode=ap_none:ce=0
---------------- STG Properties END ------------------

---------------- Datapath Model BEGIN ----------------

<LifeTime>
<method=bitvector/>
x_5                   (alloca           ) [ 011]
y                     (alloca           ) [ 011]
indvar_flatten18      (alloca           ) [ 010]
specinterface_ln0     (specinterface    ) [ 000]
tmp                   (read             ) [ 011]
store_ln0             (store            ) [ 000]
store_ln46            (store            ) [ 000]
store_ln50            (store            ) [ 000]
br_ln0                (br               ) [ 000]
indvar_flatten18_load (load             ) [ 000]
icmp_ln46             (icmp             ) [ 010]
add_ln46_1            (add              ) [ 000]
br_ln46               (br               ) [ 000]
switch_ln55           (switch           ) [ 000]
br_ln55               (br               ) [ 000]
br_ln55               (br               ) [ 000]
br_ln55               (br               ) [ 000]
store_ln46            (store            ) [ 000]
x_5_load              (load             ) [ 000]
y_load                (load             ) [ 000]
add_ln46              (add              ) [ 000]
specloopname_ln0      (specloopname     ) [ 000]
speclooptripcount_ln0 (speclooptripcount) [ 000]
icmp_ln47             (icmp             ) [ 000]
select_ln46           (select           ) [ 011]
select_ln46_1         (select           ) [ 000]
zext_ln46             (zext             ) [ 000]
fb_0_addr             (getelementptr    ) [ 000]
fb_0_1_addr           (getelementptr    ) [ 000]
fb_0_2_addr           (getelementptr    ) [ 000]
fb_0_3_addr           (getelementptr    ) [ 000]
fb_0_4_addr           (getelementptr    ) [ 000]
fb_0_5_addr           (getelementptr    ) [ 000]
fb_0_6_addr           (getelementptr    ) [ 000]
fb_0_7_addr           (getelementptr    ) [ 000]
fb_0_8_addr           (getelementptr    ) [ 000]
fb_0_9_addr           (getelementptr    ) [ 000]
fb_0_10_addr          (getelementptr    ) [ 000]
fb_0_11_addr          (getelementptr    ) [ 000]
fb_0_12_addr          (getelementptr    ) [ 000]
fb_0_13_addr          (getelementptr    ) [ 000]
fb_0_14_addr          (getelementptr    ) [ 000]
fb_0_15_addr          (getelementptr    ) [ 000]
fb_0_16_addr          (getelementptr    ) [ 000]
fb_0_17_addr          (getelementptr    ) [ 000]
specpipeline_ln48     (specpipeline     ) [ 000]
s0_read               (read             ) [ 000]
a                     (trunc            ) [ 000]
switch_ln55           (switch           ) [ 000]
store_ln55            (store            ) [ 000]
br_ln55               (br               ) [ 000]
store_ln55            (store            ) [ 000]
br_ln55               (br               ) [ 000]
store_ln55            (store            ) [ 000]
br_ln55               (br               ) [ 000]
store_ln55            (store            ) [ 000]
br_ln55               (br               ) [ 000]
store_ln55            (store            ) [ 000]
br_ln55               (br               ) [ 000]
store_ln55            (store            ) [ 000]
br_ln55               (br               ) [ 000]
switch_ln55           (switch           ) [ 000]
store_ln55            (store            ) [ 000]
br_ln55               (br               ) [ 000]
store_ln55            (store            ) [ 000]
br_ln55               (br               ) [ 000]
store_ln55            (store            ) [ 000]
br_ln55               (br               ) [ 000]
store_ln55            (store            ) [ 000]
br_ln55               (br               ) [ 000]
store_ln55            (store            ) [ 000]
br_ln55               (br               ) [ 000]
store_ln55            (store            ) [ 000]
br_ln55               (br               ) [ 000]
switch_ln55           (switch           ) [ 000]
store_ln55            (store            ) [ 000]
br_ln55               (br               ) [ 000]
store_ln55            (store            ) [ 000]
br_ln55               (br               ) [ 000]
store_ln55            (store            ) [ 000]
br_ln55               (br               ) [ 000]
store_ln55            (store            ) [ 000]
br_ln55               (br               ) [ 000]
store_ln55            (store            ) [ 000]
br_ln55               (br               ) [ 000]
store_ln55            (store            ) [ 000]
br_ln55               (br               ) [ 000]
add_ln47              (add              ) [ 000]
store_ln46            (store            ) [ 000]
store_ln50            (store            ) [ 000]
br_ln47               (br               ) [ 000]
ret_ln0               (ret              ) [ 000]
</LifeTime>

<model>

<comp_list>
<comp id="0" class="1000" name="fb_0">
<pin_list>
<pin id="1" dir="1" index="0" bw="1" slack="0"/>
</pin_list>
<bind>
<StgValue><ssdm name="fb_0"/><MemPortTyVec>0 3 </MemPortTyVec>
</StgValue>
</bind>
</comp>

<comp id="2" class="1000" name="fb_0_1">
<pin_list>
<pin id="3" dir="1" index="0" bw="1" slack="0"/>
</pin_list>
<bind>
<StgValue><ssdm name="fb_0_1"/><MemPortTyVec>0 3 </MemPortTyVec>
</StgValue>
</bind>
</comp>

<comp id="4" class="1000" name="fb_0_2">
<pin_list>
<pin id="5" dir="1" index="0" bw="1" slack="0"/>
</pin_list>
<bind>
<StgValue><ssdm name="fb_0_2"/><MemPortTyVec>0 3 </MemPortTyVec>
</StgValue>
</bind>
</comp>

<comp id="6" class="1000" name="fb_0_3">
<pin_list>
<pin id="7" dir="1" index="0" bw="1" slack="0"/>
</pin_list>
<bind>
<StgValue><ssdm name="fb_0_3"/><MemPortTyVec>0 3 </MemPortTyVec>
</StgValue>
</bind>
</comp>

<comp id="8" class="1000" name="fb_0_4">
<pin_list>
<pin id="9" dir="1" index="0" bw="1" slack="0"/>
</pin_list>
<bind>
<StgValue><ssdm name="fb_0_4"/><MemPortTyVec>0 3 </MemPortTyVec>
</StgValue>
</bind>
</comp>

<comp id="10" class="1000" name="fb_0_5">
<pin_list>
<pin id="11" dir="1" index="0" bw="1" slack="0"/>
</pin_list>
<bind>
<StgValue><ssdm name="fb_0_5"/><MemPortTyVec>0 3 </MemPortTyVec>
</StgValue>
</bind>
</comp>

<comp id="12" class="1000" name="fb_0_6">
<pin_list>
<pin id="13" dir="1" index="0" bw="1" slack="0"/>
</pin_list>
<bind>
<StgValue><ssdm name="fb_0_6"/><MemPortTyVec>0 3 </MemPortTyVec>
</StgValue>
</bind>
</comp>

<comp id="14" class="1000" name="fb_0_7">
<pin_list>
<pin id="15" dir="1" index="0" bw="1" slack="0"/>
</pin_list>
<bind>
<StgValue><ssdm name="fb_0_7"/><MemPortTyVec>0 3 </MemPortTyVec>
</StgValue>
</bind>
</comp>

<comp id="16" class="1000" name="fb_0_8">
<pin_list>
<pin id="17" dir="1" index="0" bw="1" slack="0"/>
</pin_list>
<bind>
<StgValue><ssdm name="fb_0_8"/><MemPortTyVec>0 3 </MemPortTyVec>
</StgValue>
</bind>
</comp>

<comp id="18" class="1000" name="fb_0_9">
<pin_list>
<pin id="19" dir="1" index="0" bw="1" slack="0"/>
</pin_list>
<bind>
<StgValue><ssdm name="fb_0_9"/><MemPortTyVec>0 3 </MemPortTyVec>
</StgValue>
</bind>
</comp>

<comp id="20" class="1000" name="fb_0_10">
<pin_list>
<pin id="21" dir="1" index="0" bw="1" slack="0"/>
</pin_list>
<bind>
<StgValue><ssdm name="fb_0_10"/><MemPortTyVec>0 3 </MemPortTyVec>
</StgValue>
</bind>
</comp>

<comp id="22" class="1000" name="fb_0_11">
<pin_list>
<pin id="23" dir="1" index="0" bw="1" slack="0"/>
</pin_list>
<bind>
<StgValue><ssdm name="fb_0_11"/><MemPortTyVec>0 3 </MemPortTyVec>
</StgValue>
</bind>
</comp>

<comp id="24" class="1000" name="fb_0_12">
<pin_list>
<pin id="25" dir="1" index="0" bw="1" slack="0"/>
</pin_list>
<bind>
<StgValue><ssdm name="fb_0_12"/><MemPortTyVec>0 3 </MemPortTyVec>
</StgValue>
</bind>
</comp>

<comp id="26" class="1000" name="fb_0_13">
<pin_list>
<pin id="27" dir="1" index="0" bw="1" slack="0"/>
</pin_list>
<bind>
<StgValue><ssdm name="fb_0_13"/><MemPortTyVec>0 3 </MemPortTyVec>
</StgValue>
</bind>
</comp>

<comp id="28" class="1000" name="fb_0_14">
<pin_list>
<pin id="29" dir="1" index="0" bw="1" slack="0"/>
</pin_list>
<bind>
<StgValue><ssdm name="fb_0_14"/><MemPortTyVec>0 3 </MemPortTyVec>
</StgValue>
</bind>
</comp>

<comp id="30" class="1000" name="fb_0_15">
<pin_list>
<pin id="31" dir="1" index="0" bw="1" slack="0"/>
</pin_list>
<bind>
<StgValue><ssdm name="fb_0_15"/><MemPortTyVec>0 3 </MemPortTyVec>
</StgValue>
</bind>
</comp>

<comp id="32" class="1000" name="fb_0_16">
<pin_list>
<pin id="33" dir="1" index="0" bw="1" slack="0"/>
</pin_list>
<bind>
<StgValue><ssdm name="fb_0_16"/><MemPortTyVec>0 3 </MemPortTyVec>
</StgValue>
</bind>
</comp>

<comp id="34" class="1000" name="fb_0_17">
<pin_list>
<pin id="35" dir="1" index="0" bw="1" slack="0"/>
</pin_list>
<bind>
<StgValue><ssdm name="fb_0_17"/><MemPortTyVec>0 3 </MemPortTyVec>
</StgValue>
</bind>
</comp>

<comp id="36" class="1000" name="s0">
<pin_list>
<pin id="37" dir="1" index="0" bw="1" slack="0"/>
</pin_list>
<bind>
<StgValue><ssdm name="s0"/></StgValue>
</bind>
</comp>

<comp id="38" class="1000" name="empty">
<pin_list>
<pin id="39" dir="1" index="0" bw="1" slack="0"/>
</pin_list>
<bind>
<StgValue><ssdm name="empty"/></StgValue>
</bind>
</comp>

<comp id="40" class="1001" name="const_40">
<pin_list>
<pin id="41" dir="1" index="0" bw="1" slack="0"/>
</pin_list>
<bind>
<StgValue><ssdm name=""/></StgValue>
</bind>
</comp>

<comp id="42" class="1001" name="const_42">
<pin_list>
<pin id="43" dir="1" index="0" bw="1" slack="2147483647"/>
</pin_list>
<bind>
<StgValue><ssdm name="_ssdm_op_SpecInterface"/></StgValue>
</bind>
</comp>

<comp id="44" class="1001" name="const_44">
<pin_list>
<pin id="45" dir="1" index="0" bw="1" slack="2147483647"/>
</pin_list>
<bind>
<StgValue><ssdm name="empty_1"/></StgValue>
</bind>
</comp>

<comp id="46" class="1001" name="const_46">
<pin_list>
<pin id="47" dir="1" index="0" bw="1" slack="2147483647"/>
</pin_list>
<bind>
<StgValue><ssdm name=""/></StgValue>
</bind>
</comp>

<comp id="48" class="1001" name="const_48">
<pin_list>
<pin id="49" dir="1" index="0" bw="1" slack="2147483647"/>
</pin_list>
<bind>
<StgValue><ssdm name="empty_5"/></StgValue>
</bind>
</comp>

<comp id="50" class="1001" name="const_50">
<pin_list>
<pin id="51" dir="1" index="0" bw="1" slack="2147483647"/>
</pin_list>
<bind>
<StgValue><ssdm name=""/></StgValue>
</bind>
</comp>

<comp id="52" class="1001" name="const_52">
<pin_list>
<pin id="53" dir="1" index="0" bw="1" slack="0"/>
</pin_list>
<bind>
<StgValue><ssdm name="_ssdm_op_Read.ap_auto.i2"/></StgValue>
</bind>
</comp>

<comp id="54" class="1001" name="const_54">
<pin_list>
<pin id="55" dir="1" index="0" bw="1" slack="0"/>
</pin_list>
<bind>
<StgValue><ssdm name=""/></StgValue>
</bind>
</comp>

<comp id="56" class="1001" name="const_56">
<pin_list>
<pin id="57" dir="1" index="0" bw="1" slack="0"/>
</pin_list>
<bind>
<StgValue><ssdm name=""/></StgValue>
</bind>
</comp>

<comp id="58" class="1001" name="const_58">
<pin_list>
<pin id="59" dir="1" index="0" bw="1" slack="0"/>
</pin_list>
<bind>
<StgValue><ssdm name=""/></StgValue>
</bind>
</comp>

<comp id="60" class="1001" name="const_60">
<pin_list>
<pin id="61" dir="1" index="0" bw="1" slack="0"/>
</pin_list>
<bind>
<StgValue><ssdm name=""/></StgValue>
</bind>
</comp>

<comp id="62" class="1001" name="const_62">
<pin_list>
<pin id="63" dir="1" index="0" bw="1" slack="2147483647"/>
</pin_list>
<bind>
<StgValue><ssdm name=""/></StgValue>
</bind>
</comp>

<comp id="64" class="1001" name="const_64">
<pin_list>
<pin id="65" dir="1" index="0" bw="1" slack="2147483647"/>
</pin_list>
<bind>
<StgValue><ssdm name=""/></StgValue>
</bind>
</comp>

<comp id="66" class="1001" name="const_66">
<pin_list>
<pin id="67" dir="1" index="0" bw="1" slack="0"/>
</pin_list>
<bind>
<StgValue><ssdm name=""/></StgValue>
</bind>
</comp>

<comp id="68" class="1001" name="const_68">
<pin_list>
<pin id="69" dir="1" index="0" bw="1" slack="2147483647"/>
</pin_list>
<bind>
<StgValue><ssdm name="_ssdm_op_SpecLoopName"/></StgValue>
</bind>
</comp>

<comp id="70" class="1001" name="const_70">
<pin_list>
<pin id="71" dir="1" index="0" bw="1" slack="2147483647"/>
</pin_list>
<bind>
<StgValue><ssdm name="VITIS_LOOP_46_1_VITIS_LOOP_47_2_str"/></StgValue>
</bind>
</comp>

<comp id="72" class="1001" name="const_72">
<pin_list>
<pin id="73" dir="1" index="0" bw="1" slack="2147483647"/>
</pin_list>
<bind>
<StgValue><ssdm name="_ssdm_op_SpecLoopTripCount"/></StgValue>
</bind>
</comp>

<comp id="74" class="1001" name="const_74">
<pin_list>
<pin id="75" dir="1" index="0" bw="1" slack="2147483647"/>
</pin_list>
<bind>
<StgValue><ssdm name=""/></StgValue>
</bind>
</comp>

<comp id="76" class="1001" name="const_76">
<pin_list>
<pin id="77" dir="1" index="0" bw="1" slack="0"/>
</pin_list>
<bind>
<StgValue><ssdm name=""/></StgValue>
</bind>
</comp>

<comp id="78" class="1001" name="const_78">
<pin_list>
<pin id="79" dir="1" index="0" bw="1" slack="0"/>
</pin_list>
<bind>
<StgValue><ssdm name=""/></StgValue>
</bind>
</comp>

<comp id="80" class="1001" name="const_80">
<pin_list>
<pin id="81" dir="1" index="0" bw="1" slack="2147483647"/>
</pin_list>
<bind>
<StgValue><ssdm name="_ssdm_op_SpecPipeline"/></StgValue>
</bind>
</comp>

<comp id="82" class="1001" name="const_82">
<pin_list>
<pin id="83" dir="1" index="0" bw="1" slack="0"/>
</pin_list>
<bind>
<StgValue><ssdm name="_ssdm_op_Read.ap_fifo.volatile.i96P0A"/></StgValue>
</bind>
</comp>

<comp id="84" class="1001" name="const_84">
<pin_list>
<pin id="85" dir="1" index="0" bw="1" slack="2147483647"/>
</pin_list>
<bind>
<StgValue><ssdm name=""/></StgValue>
</bind>
</comp>

<comp id="86" class="1001" name="const_86">
<pin_list>
<pin id="87" dir="1" index="0" bw="1" slack="2147483647"/>
</pin_list>
<bind>
<StgValue><ssdm name=""/></StgValue>
</bind>
</comp>

<comp id="88" class="1001" name="const_88">
<pin_list>
<pin id="89" dir="1" index="0" bw="1" slack="2147483647"/>
</pin_list>
<bind>
<StgValue><ssdm name=""/></StgValue>
</bind>
</comp>

<comp id="90" class="1004" name="x_5_fu_90">
<pin_list>
<pin id="91" dir="0" index="0" bw="1" slack="0"/>
<pin id="92" dir="1" index="1" bw="3" slack="0"/>
</pin_list>
<bind>
<opcode="alloca(26) " fcode="alloca"/>
<opset="x_5/1 "/>
</bind>
</comp>

<comp id="94" class="1004" name="y_fu_94">
<pin_list>
<pin id="95" dir="0" index="0" bw="1" slack="0"/>
<pin id="96" dir="1" index="1" bw="3" slack="0"/>
</pin_list>
<bind>
<opcode="alloca(26) " fcode="alloca"/>
<opset="y/1 "/>
</bind>
</comp>

<comp id="98" class="1004" name="indvar_flatten18_fu_98">
<pin_list>
<pin id="99" dir="0" index="0" bw="1" slack="0"/>
<pin id="100" dir="1" index="1" bw="6" slack="0"/>
</pin_list>
<bind>
<opcode="alloca(26) " fcode="alloca"/>
<opset="indvar_flatten18/1 "/>
</bind>
</comp>

<comp id="102" class="1004" name="tmp_read_fu_102">
<pin_list>
<pin id="103" dir="0" index="0" bw="2" slack="0"/>
<pin id="104" dir="0" index="1" bw="2" slack="0"/>
<pin id="105" dir="1" index="2" bw="2" slack="1"/>
</pin_list>
<bind>
<opcode="read(1150) " fcode="read"/>
<opset="tmp/1 "/>
</bind>
</comp>

<comp id="108" class="1004" name="s0_read_read_fu_108">
<pin_list>
<pin id="109" dir="0" index="0" bw="96" slack="0"/>
<pin id="110" dir="0" index="1" bw="96" slack="0"/>
<pin id="111" dir="1" index="2" bw="96" slack="0"/>
</pin_list>
<bind>
<opcode="read(1150) " fcode="read"/>
<opset="s0_read/2 "/>
</bind>
</comp>

<comp id="114" class="1004" name="fb_0_addr_gep_fu_114">
<pin_list>
<pin id="115" dir="0" index="0" bw="8" slack="0"/>
<pin id="116" dir="0" index="1" bw="1" slack="0"/>
<pin id="117" dir="0" index="2" bw="3" slack="0"/>
<pin id="118" dir="1" index="3" bw="3" slack="0"/>
</pin_list>
<bind>
<opcode="getelementptr(29) " fcode="getelementptr"/>
<opset="fb_0_addr/2 "/>
</bind>
</comp>

<comp id="121" class="1004" name="fb_0_1_addr_gep_fu_121">
<pin_list>
<pin id="122" dir="0" index="0" bw="8" slack="0"/>
<pin id="123" dir="0" index="1" bw="1" slack="0"/>
<pin id="124" dir="0" index="2" bw="3" slack="0"/>
<pin id="125" dir="1" index="3" bw="3" slack="0"/>
</pin_list>
<bind>
<opcode="getelementptr(29) " fcode="getelementptr"/>
<opset="fb_0_1_addr/2 "/>
</bind>
</comp>

<comp id="128" class="1004" name="fb_0_2_addr_gep_fu_128">
<pin_list>
<pin id="129" dir="0" index="0" bw="8" slack="0"/>
<pin id="130" dir="0" index="1" bw="1" slack="0"/>
<pin id="131" dir="0" index="2" bw="3" slack="0"/>
<pin id="132" dir="1" index="3" bw="3" slack="0"/>
</pin_list>
<bind>
<opcode="getelementptr(29) " fcode="getelementptr"/>
<opset="fb_0_2_addr/2 "/>
</bind>
</comp>

<comp id="135" class="1004" name="fb_0_3_addr_gep_fu_135">
<pin_list>
<pin id="136" dir="0" index="0" bw="8" slack="0"/>
<pin id="137" dir="0" index="1" bw="1" slack="0"/>
<pin id="138" dir="0" index="2" bw="3" slack="0"/>
<pin id="139" dir="1" index="3" bw="3" slack="0"/>
</pin_list>
<bind>
<opcode="getelementptr(29) " fcode="getelementptr"/>
<opset="fb_0_3_addr/2 "/>
</bind>
</comp>

<comp id="142" class="1004" name="fb_0_4_addr_gep_fu_142">
<pin_list>
<pin id="143" dir="0" index="0" bw="8" slack="0"/>
<pin id="144" dir="0" index="1" bw="1" slack="0"/>
<pin id="145" dir="0" index="2" bw="3" slack="0"/>
<pin id="146" dir="1" index="3" bw="3" slack="0"/>
</pin_list>
<bind>
<opcode="getelementptr(29) " fcode="getelementptr"/>
<opset="fb_0_4_addr/2 "/>
</bind>
</comp>

<comp id="149" class="1004" name="fb_0_5_addr_gep_fu_149">
<pin_list>
<pin id="150" dir="0" index="0" bw="8" slack="0"/>
<pin id="151" dir="0" index="1" bw="1" slack="0"/>
<pin id="152" dir="0" index="2" bw="3" slack="0"/>
<pin id="153" dir="1" index="3" bw="3" slack="0"/>
</pin_list>
<bind>
<opcode="getelementptr(29) " fcode="getelementptr"/>
<opset="fb_0_5_addr/2 "/>
</bind>
</comp>

<comp id="156" class="1004" name="fb_0_6_addr_gep_fu_156">
<pin_list>
<pin id="157" dir="0" index="0" bw="8" slack="0"/>
<pin id="158" dir="0" index="1" bw="1" slack="0"/>
<pin id="159" dir="0" index="2" bw="3" slack="0"/>
<pin id="160" dir="1" index="3" bw="3" slack="0"/>
</pin_list>
<bind>
<opcode="getelementptr(29) " fcode="getelementptr"/>
<opset="fb_0_6_addr/2 "/>
</bind>
</comp>

<comp id="163" class="1004" name="fb_0_7_addr_gep_fu_163">
<pin_list>
<pin id="164" dir="0" index="0" bw="8" slack="0"/>
<pin id="165" dir="0" index="1" bw="1" slack="0"/>
<pin id="166" dir="0" index="2" bw="3" slack="0"/>
<pin id="167" dir="1" index="3" bw="3" slack="0"/>
</pin_list>
<bind>
<opcode="getelementptr(29) " fcode="getelementptr"/>
<opset="fb_0_7_addr/2 "/>
</bind>
</comp>

<comp id="170" class="1004" name="fb_0_8_addr_gep_fu_170">
<pin_list>
<pin id="171" dir="0" index="0" bw="8" slack="0"/>
<pin id="172" dir="0" index="1" bw="1" slack="0"/>
<pin id="173" dir="0" index="2" bw="3" slack="0"/>
<pin id="174" dir="1" index="3" bw="3" slack="0"/>
</pin_list>
<bind>
<opcode="getelementptr(29) " fcode="getelementptr"/>
<opset="fb_0_8_addr/2 "/>
</bind>
</comp>

<comp id="177" class="1004" name="fb_0_9_addr_gep_fu_177">
<pin_list>
<pin id="178" dir="0" index="0" bw="8" slack="0"/>
<pin id="179" dir="0" index="1" bw="1" slack="0"/>
<pin id="180" dir="0" index="2" bw="3" slack="0"/>
<pin id="181" dir="1" index="3" bw="3" slack="0"/>
</pin_list>
<bind>
<opcode="getelementptr(29) " fcode="getelementptr"/>
<opset="fb_0_9_addr/2 "/>
</bind>
</comp>

<comp id="184" class="1004" name="fb_0_10_addr_gep_fu_184">
<pin_list>
<pin id="185" dir="0" index="0" bw="8" slack="0"/>
<pin id="186" dir="0" index="1" bw="1" slack="0"/>
<pin id="187" dir="0" index="2" bw="3" slack="0"/>
<pin id="188" dir="1" index="3" bw="3" slack="0"/>
</pin_list>
<bind>
<opcode="getelementptr(29) " fcode="getelementptr"/>
<opset="fb_0_10_addr/2 "/>
</bind>
</comp>

<comp id="191" class="1004" name="fb_0_11_addr_gep_fu_191">
<pin_list>
<pin id="192" dir="0" index="0" bw="8" slack="0"/>
<pin id="193" dir="0" index="1" bw="1" slack="0"/>
<pin id="194" dir="0" index="2" bw="3" slack="0"/>
<pin id="195" dir="1" index="3" bw="3" slack="0"/>
</pin_list>
<bind>
<opcode="getelementptr(29) " fcode="getelementptr"/>
<opset="fb_0_11_addr/2 "/>
</bind>
</comp>

<comp id="198" class="1004" name="fb_0_12_addr_gep_fu_198">
<pin_list>
<pin id="199" dir="0" index="0" bw="8" slack="0"/>
<pin id="200" dir="0" index="1" bw="1" slack="0"/>
<pin id="201" dir="0" index="2" bw="3" slack="0"/>
<pin id="202" dir="1" index="3" bw="3" slack="0"/>
</pin_list>
<bind>
<opcode="getelementptr(29) " fcode="getelementptr"/>
<opset="fb_0_12_addr/2 "/>
</bind>
</comp>

<comp id="205" class="1004" name="fb_0_13_addr_gep_fu_205">
<pin_list>
<pin id="206" dir="0" index="0" bw="8" slack="0"/>
<pin id="207" dir="0" index="1" bw="1" slack="0"/>
<pin id="208" dir="0" index="2" bw="3" slack="0"/>
<pin id="209" dir="1" index="3" bw="3" slack="0"/>
</pin_list>
<bind>
<opcode="getelementptr(29) " fcode="getelementptr"/>
<opset="fb_0_13_addr/2 "/>
</bind>
</comp>

<comp id="212" class="1004" name="fb_0_14_addr_gep_fu_212">
<pin_list>
<pin id="213" dir="0" index="0" bw="8" slack="0"/>
<pin id="214" dir="0" index="1" bw="1" slack="0"/>
<pin id="215" dir="0" index="2" bw="3" slack="0"/>
<pin id="216" dir="1" index="3" bw="3" slack="0"/>
</pin_list>
<bind>
<opcode="getelementptr(29) " fcode="getelementptr"/>
<opset="fb_0_14_addr/2 "/>
</bind>
</comp>

<comp id="219" class="1004" name="fb_0_15_addr_gep_fu_219">
<pin_list>
<pin id="220" dir="0" index="0" bw="8" slack="0"/>
<pin id="221" dir="0" index="1" bw="1" slack="0"/>
<pin id="222" dir="0" index="2" bw="3" slack="0"/>
<pin id="223" dir="1" index="3" bw="3" slack="0"/>
</pin_list>
<bind>
<opcode="getelementptr(29) " fcode="getelementptr"/>
<opset="fb_0_15_addr/2 "/>
</bind>
</comp>

<comp id="226" class="1004" name="fb_0_16_addr_gep_fu_226">
<pin_list>
<pin id="227" dir="0" index="0" bw="8" slack="0"/>
<pin id="228" dir="0" index="1" bw="1" slack="0"/>
<pin id="229" dir="0" index="2" bw="3" slack="0"/>
<pin id="230" dir="1" index="3" bw="3" slack="0"/>
</pin_list>
<bind>
<opcode="getelementptr(29) " fcode="getelementptr"/>
<opset="fb_0_16_addr/2 "/>
</bind>
</comp>

<comp id="233" class="1004" name="fb_0_17_addr_gep_fu_233">
<pin_list>
<pin id="234" dir="0" index="0" bw="8" slack="0"/>
<pin id="235" dir="0" index="1" bw="1" slack="0"/>
<pin id="236" dir="0" index="2" bw="3" slack="0"/>
<pin id="237" dir="1" index="3" bw="3" slack="0"/>
</pin_list>
<bind>
<opcode="getelementptr(29) " fcode="getelementptr"/>
<opset="fb_0_17_addr/2 "/>
</bind>
</comp>

<comp id="240" class="1004" name="store_ln55_access_fu_240">
<pin_list>
<pin id="241" dir="0" index="0" bw="3" slack="0"/>
<pin id="242" dir="0" index="1" bw="8" slack="0"/>
<pin id="243" dir="0" index="2" bw="0" slack="2147483647"/>
<pin id="244" dir="1" index="3" bw="8" slack="2147483647"/>
</pin_list>
<bind>
<opcode="store(28) " fcode="store"/>
<opset="store_ln55/2 "/>
</bind>
</comp>

<comp id="246" class="1004" name="store_ln55_access_fu_246">
<pin_list>
<pin id="247" dir="0" index="0" bw="3" slack="0"/>
<pin id="248" dir="0" index="1" bw="8" slack="0"/>
<pin id="249" dir="0" index="2" bw="0" slack="2147483647"/>
<pin id="250" dir="1" index="3" bw="8" slack="2147483647"/>
</pin_list>
<bind>
<opcode="store(28) " fcode="store"/>
<opset="store_ln55/2 "/>
</bind>
</comp>

<comp id="252" class="1004" name="store_ln55_access_fu_252">
<pin_list>
<pin id="253" dir="0" index="0" bw="3" slack="0"/>
<pin id="254" dir="0" index="1" bw="8" slack="0"/>
<pin id="255" dir="0" index="2" bw="0" slack="2147483647"/>
<pin id="256" dir="1" index="3" bw="8" slack="2147483647"/>
</pin_list>
<bind>
<opcode="store(28) " fcode="store"/>
<opset="store_ln55/2 "/>
</bind>
</comp>

<comp id="258" class="1004" name="store_ln55_access_fu_258">
<pin_list>
<pin id="259" dir="0" index="0" bw="3" slack="0"/>
<pin id="260" dir="0" index="1" bw="8" slack="0"/>
<pin id="261" dir="0" index="2" bw="0" slack="2147483647"/>
<pin id="262" dir="1" index="3" bw="8" slack="2147483647"/>
</pin_list>
<bind>
<opcode="store(28) " fcode="store"/>
<opset="store_ln55/2 "/>
</bind>
</comp>

<comp id="264" class="1004" name="store_ln55_access_fu_264">
<pin_list>
<pin id="265" dir="0" index="0" bw="3" slack="0"/>
<pin id="266" dir="0" index="1" bw="8" slack="0"/>
<pin id="267" dir="0" index="2" bw="0" slack="2147483647"/>
<pin id="268" dir="1" index="3" bw="8" slack="2147483647"/>
</pin_list>
<bind>
<opcode="store(28) " fcode="store"/>
<opset="store_ln55/2 "/>
</bind>
</comp>

<comp id="270" class="1004" name="store_ln55_access_fu_270">
<pin_list>
<pin id="271" dir="0" index="0" bw="3" slack="0"/>
<pin id="272" dir="0" index="1" bw="8" slack="0"/>
<pin id="273" dir="0" index="2" bw="0" slack="2147483647"/>
<pin id="274" dir="1" index="3" bw="8" slack="2147483647"/>
</pin_list>
<bind>
<opcode="store(28) " fcode="store"/>
<opset="store_ln55/2 "/>
</bind>
</comp>

<comp id="276" class="1004" name="store_ln55_access_fu_276">
<pin_list>
<pin id="277" dir="0" index="0" bw="3" slack="0"/>
<pin id="278" dir="0" index="1" bw="8" slack="0"/>
<pin id="279" dir="0" index="2" bw="0" slack="2147483647"/>
<pin id="280" dir="1" index="3" bw="8" slack="2147483647"/>
</pin_list>
<bind>
<opcode="store(28) " fcode="store"/>
<opset="store_ln55/2 "/>
</bind>
</comp>

<comp id="282" class="1004" name="store_ln55_access_fu_282">
<pin_list>
<pin id="283" dir="0" index="0" bw="3" slack="0"/>
<pin id="284" dir="0" index="1" bw="8" slack="0"/>
<pin id="285" dir="0" index="2" bw="0" slack="2147483647"/>
<pin id="286" dir="1" index="3" bw="8" slack="2147483647"/>
</pin_list>
<bind>
<opcode="store(28) " fcode="store"/>
<opset="store_ln55/2 "/>
</bind>
</comp>

<comp id="288" class="1004" name="store_ln55_access_fu_288">
<pin_list>
<pin id="289" dir="0" index="0" bw="3" slack="0"/>
<pin id="290" dir="0" index="1" bw="8" slack="0"/>
<pin id="291" dir="0" index="2" bw="0" slack="2147483647"/>
<pin id="292" dir="1" index="3" bw="8" slack="2147483647"/>
</pin_list>
<bind>
<opcode="store(28) " fcode="store"/>
<opset="store_ln55/2 "/>
</bind>
</comp>

<comp id="294" class="1004" name="store_ln55_access_fu_294">
<pin_list>
<pin id="295" dir="0" index="0" bw="3" slack="0"/>
<pin id="296" dir="0" index="1" bw="8" slack="0"/>
<pin id="297" dir="0" index="2" bw="0" slack="2147483647"/>
<pin id="298" dir="1" index="3" bw="8" slack="2147483647"/>
</pin_list>
<bind>
<opcode="store(28) " fcode="store"/>
<opset="store_ln55/2 "/>
</bind>
</comp>

<comp id="300" class="1004" name="store_ln55_access_fu_300">
<pin_list>
<pin id="301" dir="0" index="0" bw="3" slack="0"/>
<pin id="302" dir="0" index="1" bw="8" slack="0"/>
<pin id="303" dir="0" index="2" bw="0" slack="2147483647"/>
<pin id="304" dir="1" index="3" bw="8" slack="2147483647"/>
</pin_list>
<bind>
<opcode="store(28) " fcode="store"/>
<opset="store_ln55/2 "/>
</bind>
</comp>

<comp id="306" class="1004" name="store_ln55_access_fu_306">
<pin_list>
<pin id="307" dir="0" index="0" bw="3" slack="0"/>
<pin id="308" dir="0" index="1" bw="8" slack="0"/>
<pin id="309" dir="0" index="2" bw="0" slack="2147483647"/>
<pin id="310" dir="1" index="3" bw="8" slack="2147483647"/>
</pin_list>
<bind>
<opcode="store(28) " fcode="store"/>
<opset="store_ln55/2 "/>
</bind>
</comp>

<comp id="312" class="1004" name="store_ln55_access_fu_312">
<pin_list>
<pin id="313" dir="0" index="0" bw="3" slack="0"/>
<pin id="314" dir="0" index="1" bw="8" slack="0"/>
<pin id="315" dir="0" index="2" bw="0" slack="2147483647"/>
<pin id="316" dir="1" index="3" bw="8" slack="2147483647"/>
</pin_list>
<bind>
<opcode="store(28) " fcode="store"/>
<opset="store_ln55/2 "/>
</bind>
</comp>

<comp id="318" class="1004" name="store_ln55_access_fu_318">
<pin_list>
<pin id="319" dir="0" index="0" bw="3" slack="0"/>
<pin id="320" dir="0" index="1" bw="8" slack="0"/>
<pin id="321" dir="0" index="2" bw="0" slack="2147483647"/>
<pin id="322" dir="1" index="3" bw="8" slack="2147483647"/>
</pin_list>
<bind>
<opcode="store(28) " fcode="store"/>
<opset="store_ln55/2 "/>
</bind>
</comp>

<comp id="324" class="1004" name="store_ln55_access_fu_324">
<pin_list>
<pin id="325" dir="0" index="0" bw="3" slack="0"/>
<pin id="326" dir="0" index="1" bw="8" slack="0"/>
<pin id="327" dir="0" index="2" bw="0" slack="2147483647"/>
<pin id="328" dir="1" index="3" bw="8" slack="2147483647"/>
</pin_list>
<bind>
<opcode="store(28) " fcode="store"/>
<opset="store_ln55/2 "/>
</bind>
</comp>

<comp id="330" class="1004" name="store_ln55_access_fu_330">
<pin_list>
<pin id="331" dir="0" index="0" bw="3" slack="0"/>
<pin id="332" dir="0" index="1" bw="8" slack="0"/>
<pin id="333" dir="0" index="2" bw="0" slack="2147483647"/>
<pin id="334" dir="1" index="3" bw="8" slack="2147483647"/>
</pin_list>
<bind>
<opcode="store(28) " fcode="store"/>
<opset="store_ln55/2 "/>
</bind>
</comp>

<comp id="336" class="1004" name="store_ln55_access_fu_336">
<pin_list>
<pin id="337" dir="0" index="0" bw="3" slack="0"/>
<pin id="338" dir="0" index="1" bw="8" slack="0"/>
<pin id="339" dir="0" index="2" bw="0" slack="2147483647"/>
<pin id="340" dir="1" index="3" bw="8" slack="2147483647"/>
</pin_list>
<bind>
<opcode="store(28) " fcode="store"/>
<opset="store_ln55/2 "/>
</bind>
</comp>

<comp id="342" class="1004" name="store_ln55_access_fu_342">
<pin_list>
<pin id="343" dir="0" index="0" bw="3" slack="0"/>
<pin id="344" dir="0" index="1" bw="8" slack="0"/>
<pin id="345" dir="0" index="2" bw="0" slack="2147483647"/>
<pin id="346" dir="1" index="3" bw="8" slack="2147483647"/>
</pin_list>
<bind>
<opcode="store(28) " fcode="store"/>
<opset="store_ln55/2 "/>
</bind>
</comp>

<comp id="348" class="1004" name="store_ln0_store_fu_348">
<pin_list>
<pin id="349" dir="0" index="0" bw="1" slack="0"/>
<pin id="350" dir="0" index="1" bw="6" slack="0"/>
<pin id="351" dir="1" index="2" bw="0" slack="2147483647"/>
</pin_list>
<bind>
<opcode="store(28) " fcode="store"/>
<opset="store_ln0/1 "/>
</bind>
</comp>

<comp id="353" class="1004" name="store_ln46_store_fu_353">
<pin_list>
<pin id="354" dir="0" index="0" bw="1" slack="0"/>
<pin id="355" dir="0" index="1" bw="3" slack="0"/>
<pin id="356" dir="1" index="2" bw="0" slack="2147483647"/>
</pin_list>
<bind>
<opcode="store(28) " fcode="store"/>
<opset="store_ln46/1 "/>
</bind>
</comp>

<comp id="358" class="1004" name="store_ln50_store_fu_358">
<pin_list>
<pin id="359" dir="0" index="0" bw="1" slack="0"/>
<pin id="360" dir="0" index="1" bw="3" slack="0"/>
<pin id="361" dir="1" index="2" bw="0" slack="2147483647"/>
</pin_list>
<bind>
<opcode="store(28) " fcode="store"/>
<opset="store_ln50/1 "/>
</bind>
</comp>

<comp id="363" class="1004" name="indvar_flatten18_load_load_fu_363">
<pin_list>
<pin id="364" dir="0" index="0" bw="6" slack="0"/>
<pin id="365" dir="1" index="1" bw="6" slack="0"/>
</pin_list>
<bind>
<opcode="load(27) " fcode="load"/>
<opset="indvar_flatten18_load/1 "/>
</bind>
</comp>

<comp id="366" class="1004" name="icmp_ln46_fu_366">
<pin_list>
<pin id="367" dir="0" index="0" bw="6" slack="0"/>
<pin id="368" dir="0" index="1" bw="6" slack="0"/>
<pin id="369" dir="1" index="2" bw="1" slack="2147483647"/>
</pin_list>
<bind>
<opcode="icmp(45) " fcode="icmp"/>
<opset="icmp_ln46/1 "/>
</bind>
</comp>

<comp id="372" class="1004" name="add_ln46_1_fu_372">
<pin_list>
<pin id="373" dir="0" index="0" bw="6" slack="0"/>
<pin id="374" dir="0" index="1" bw="1" slack="0"/>
<pin id="375" dir="1" index="2" bw="6" slack="0"/>
</pin_list>
<bind>
<opcode="add(8) " fcode="add"/>
<opset="add_ln46_1/1 "/>
</bind>
</comp>

<comp id="378" class="1004" name="store_ln46_store_fu_378">
<pin_list>
<pin id="379" dir="0" index="0" bw="6" slack="0"/>
<pin id="380" dir="0" index="1" bw="6" slack="0"/>
<pin id="381" dir="1" index="2" bw="0" slack="2147483647"/>
</pin_list>
<bind>
<opcode="store(28) " fcode="store"/>
<opset="store_ln46/1 "/>
</bind>
</comp>

<comp id="383" class="1004" name="x_5_load_load_fu_383">
<pin_list>
<pin id="384" dir="0" index="0" bw="3" slack="1"/>
<pin id="385" dir="1" index="1" bw="3" slack="0"/>
</pin_list>
<bind>
<opcode="load(27) " fcode="load"/>
<opset="x_5_load/2 "/>
</bind>
</comp>

<comp id="386" class="1004" name="y_load_load_fu_386">
<pin_list>
<pin id="387" dir="0" index="0" bw="3" slack="1"/>
<pin id="388" dir="1" index="1" bw="3" slack="0"/>
</pin_list>
<bind>
<opcode="load(27) " fcode="load"/>
<opset="y_load/2 "/>
</bind>
</comp>

<comp id="389" class="1004" name="add_ln46_fu_389">
<pin_list>
<pin id="390" dir="0" index="0" bw="3" slack="0"/>
<pin id="391" dir="0" index="1" bw="1" slack="0"/>
<pin id="392" dir="1" index="2" bw="3" slack="0"/>
</pin_list>
<bind>
<opcode="add(8) " fcode="add"/>
<opset="add_ln46/2 "/>
</bind>
</comp>

<comp id="395" class="1004" name="icmp_ln47_fu_395">
<pin_list>
<pin id="396" dir="0" index="0" bw="3" slack="0"/>
<pin id="397" dir="0" index="1" bw="2" slack="0"/>
<pin id="398" dir="1" index="2" bw="1" slack="0"/>
</pin_list>
<bind>
<opcode="icmp(45) " fcode="icmp"/>
<opset="icmp_ln47/2 "/>
</bind>
</comp>

<comp id="401" class="1004" name="select_ln46_fu_401">
<pin_list>
<pin id="402" dir="0" index="0" bw="1" slack="0"/>
<pin id="403" dir="0" index="1" bw="1" slack="0"/>
<pin id="404" dir="0" index="2" bw="3" slack="0"/>
<pin id="405" dir="1" index="3" bw="3" slack="0"/>
</pin_list>
<bind>
<opcode="select(49) " fcode="select"/>
<opset="select_ln46/2 "/>
</bind>
</comp>

<comp id="409" class="1004" name="select_ln46_1_fu_409">
<pin_list>
<pin id="410" dir="0" index="0" bw="1" slack="0"/>
<pin id="411" dir="0" index="1" bw="3" slack="0"/>
<pin id="412" dir="0" index="2" bw="3" slack="0"/>
<pin id="413" dir="1" index="3" bw="3" slack="0"/>
</pin_list>
<bind>
<opcode="select(49) " fcode="select"/>
<opset="select_ln46_1/2 "/>
</bind>
</comp>

<comp id="417" class="1004" name="zext_ln46_fu_417">
<pin_list>
<pin id="418" dir="0" index="0" bw="3" slack="0"/>
<pin id="419" dir="1" index="1" bw="64" slack="0"/>
</pin_list>
<bind>
<opcode="zext(34) " fcode="zext"/>
<opset="zext_ln46/2 "/>
</bind>
</comp>

<comp id="439" class="1004" name="a_fu_439">
<pin_list>
<pin id="440" dir="0" index="0" bw="96" slack="0"/>
<pin id="441" dir="1" index="1" bw="8" slack="0"/>
</pin_list>
<bind>
<opcode="trunc(33) " fcode="trunc"/>
<opset="a/2 "/>
</bind>
</comp>

<comp id="461" class="1004" name="add_ln47_fu_461">
<pin_list>
<pin id="462" dir="0" index="0" bw="3" slack="0"/>
<pin id="463" dir="0" index="1" bw="1" slack="0"/>
<pin id="464" dir="1" index="2" bw="3" slack="0"/>
</pin_list>
<bind>
<opcode="add(8) " fcode="add"/>
<opset="add_ln47/2 "/>
</bind>
</comp>

<comp id="467" class="1004" name="store_ln46_store_fu_467">
<pin_list>
<pin id="468" dir="0" index="0" bw="3" slack="0"/>
<pin id="469" dir="0" index="1" bw="3" slack="1"/>
<pin id="470" dir="1" index="2" bw="0" slack="2147483647"/>
</pin_list>
<bind>
<opcode="store(28) " fcode="store"/>
<opset="store_ln46/2 "/>
</bind>
</comp>

<comp id="472" class="1004" name="store_ln50_store_fu_472">
<pin_list>
<pin id="473" dir="0" index="0" bw="3" slack="0"/>
<pin id="474" dir="0" index="1" bw="3" slack="1"/>
<pin id="475" dir="1" index="2" bw="0" slack="2147483647"/>
</pin_list>
<bind>
<opcode="store(28) " fcode="store"/>
<opset="store_ln50/2 "/>
</bind>
</comp>

<comp id="477" class="1005" name="x_5_reg_477">
<pin_list>
<pin id="478" dir="0" index="0" bw="3" slack="0"/>
<pin id="479" dir="1" index="1" bw="3" slack="0"/>
</pin_list>
<bind>
<opset="x_5 "/>
</bind>
</comp>

<comp id="484" class="1005" name="y_reg_484">
<pin_list>
<pin id="485" dir="0" index="0" bw="3" slack="0"/>
<pin id="486" dir="1" index="1" bw="3" slack="0"/>
</pin_list>
<bind>
<opset="y "/>
</bind>
</comp>

<comp id="491" class="1005" name="indvar_flatten18_reg_491">
<pin_list>
<pin id="492" dir="0" index="0" bw="6" slack="0"/>
<pin id="493" dir="1" index="1" bw="6" slack="0"/>
</pin_list>
<bind>
<opset="indvar_flatten18 "/>
</bind>
</comp>

<comp id="498" class="1005" name="tmp_reg_498">
<pin_list>
<pin id="499" dir="0" index="0" bw="2" slack="1"/>
<pin id="500" dir="1" index="1" bw="2" slack="2147483647"/>
</pin_list>
<bind>
<opset="tmp "/>
</bind>
</comp>

</comp_list>

<net_list>
<net id="93"><net_src comp="40" pin="0"/><net_sink comp="90" pin=0"/></net>

<net id="97"><net_src comp="40" pin="0"/><net_sink comp="94" pin=0"/></net>

<net id="101"><net_src comp="40" pin="0"/><net_sink comp="98" pin=0"/></net>

<net id="106"><net_src comp="52" pin="0"/><net_sink comp="102" pin=0"/></net>

<net id="107"><net_src comp="38" pin="0"/><net_sink comp="102" pin=1"/></net>

<net id="112"><net_src comp="82" pin="0"/><net_sink comp="108" pin=0"/></net>

<net id="113"><net_src comp="36" pin="0"/><net_sink comp="108" pin=1"/></net>

<net id="119"><net_src comp="0" pin="0"/><net_sink comp="114" pin=0"/></net>

<net id="120"><net_src comp="78" pin="0"/><net_sink comp="114" pin=1"/></net>

<net id="126"><net_src comp="2" pin="0"/><net_sink comp="121" pin=0"/></net>

<net id="127"><net_src comp="78" pin="0"/><net_sink comp="121" pin=1"/></net>

<net id="133"><net_src comp="4" pin="0"/><net_sink comp="128" pin=0"/></net>

<net id="134"><net_src comp="78" pin="0"/><net_sink comp="128" pin=1"/></net>

<net id="140"><net_src comp="6" pin="0"/><net_sink comp="135" pin=0"/></net>

<net id="141"><net_src comp="78" pin="0"/><net_sink comp="135" pin=1"/></net>

<net id="147"><net_src comp="8" pin="0"/><net_sink comp="142" pin=0"/></net>

<net id="148"><net_src comp="78" pin="0"/><net_sink comp="142" pin=1"/></net>

<net id="154"><net_src comp="10" pin="0"/><net_sink comp="149" pin=0"/></net>

<net id="155"><net_src comp="78" pin="0"/><net_sink comp="149" pin=1"/></net>

<net id="161"><net_src comp="12" pin="0"/><net_sink comp="156" pin=0"/></net>

<net id="162"><net_src comp="78" pin="0"/><net_sink comp="156" pin=1"/></net>

<net id="168"><net_src comp="14" pin="0"/><net_sink comp="163" pin=0"/></net>

<net id="169"><net_src comp="78" pin="0"/><net_sink comp="163" pin=1"/></net>

<net id="175"><net_src comp="16" pin="0"/><net_sink comp="170" pin=0"/></net>

<net id="176"><net_src comp="78" pin="0"/><net_sink comp="170" pin=1"/></net>

<net id="182"><net_src comp="18" pin="0"/><net_sink comp="177" pin=0"/></net>

<net id="183"><net_src comp="78" pin="0"/><net_sink comp="177" pin=1"/></net>

<net id="189"><net_src comp="20" pin="0"/><net_sink comp="184" pin=0"/></net>

<net id="190"><net_src comp="78" pin="0"/><net_sink comp="184" pin=1"/></net>

<net id="196"><net_src comp="22" pin="0"/><net_sink comp="191" pin=0"/></net>

<net id="197"><net_src comp="78" pin="0"/><net_sink comp="191" pin=1"/></net>

<net id="203"><net_src comp="24" pin="0"/><net_sink comp="198" pin=0"/></net>

<net id="204"><net_src comp="78" pin="0"/><net_sink comp="198" pin=1"/></net>

<net id="210"><net_src comp="26" pin="0"/><net_sink comp="205" pin=0"/></net>

<net id="211"><net_src comp="78" pin="0"/><net_sink comp="205" pin=1"/></net>

<net id="217"><net_src comp="28" pin="0"/><net_sink comp="212" pin=0"/></net>

<net id="218"><net_src comp="78" pin="0"/><net_sink comp="212" pin=1"/></net>

<net id="224"><net_src comp="30" pin="0"/><net_sink comp="219" pin=0"/></net>

<net id="225"><net_src comp="78" pin="0"/><net_sink comp="219" pin=1"/></net>

<net id="231"><net_src comp="32" pin="0"/><net_sink comp="226" pin=0"/></net>

<net id="232"><net_src comp="78" pin="0"/><net_sink comp="226" pin=1"/></net>

<net id="238"><net_src comp="34" pin="0"/><net_sink comp="233" pin=0"/></net>

<net id="239"><net_src comp="78" pin="0"/><net_sink comp="233" pin=1"/></net>

<net id="245"><net_src comp="184" pin="3"/><net_sink comp="240" pin=0"/></net>

<net id="251"><net_src comp="177" pin="3"/><net_sink comp="246" pin=0"/></net>

<net id="257"><net_src comp="170" pin="3"/><net_sink comp="252" pin=0"/></net>

<net id="263"><net_src comp="163" pin="3"/><net_sink comp="258" pin=0"/></net>

<net id="269"><net_src comp="156" pin="3"/><net_sink comp="264" pin=0"/></net>

<net id="275"><net_src comp="191" pin="3"/><net_sink comp="270" pin=0"/></net>

<net id="281"><net_src comp="142" pin="3"/><net_sink comp="276" pin=0"/></net>

<net id="287"><net_src comp="135" pin="3"/><net_sink comp="282" pin=0"/></net>

<net id="293"><net_src comp="128" pin="3"/><net_sink comp="288" pin=0"/></net>

<net id="299"><net_src comp="121" pin="3"/><net_sink comp="294" pin=0"/></net>

<net id="305"><net_src comp="114" pin="3"/><net_sink comp="300" pin=0"/></net>

<net id="311"><net_src comp="149" pin="3"/><net_sink comp="306" pin=0"/></net>

<net id="317"><net_src comp="226" pin="3"/><net_sink comp="312" pin=0"/></net>

<net id="323"><net_src comp="219" pin="3"/><net_sink comp="318" pin=0"/></net>

<net id="329"><net_src comp="212" pin="3"/><net_sink comp="324" pin=0"/></net>

<net id="335"><net_src comp="205" pin="3"/><net_sink comp="330" pin=0"/></net>

<net id="341"><net_src comp="198" pin="3"/><net_sink comp="336" pin=0"/></net>

<net id="347"><net_src comp="233" pin="3"/><net_sink comp="342" pin=0"/></net>

<net id="352"><net_src comp="54" pin="0"/><net_sink comp="348" pin=0"/></net>

<net id="357"><net_src comp="56" pin="0"/><net_sink comp="353" pin=0"/></net>

<net id="362"><net_src comp="56" pin="0"/><net_sink comp="358" pin=0"/></net>

<net id="370"><net_src comp="363" pin="1"/><net_sink comp="366" pin=0"/></net>

<net id="371"><net_src comp="58" pin="0"/><net_sink comp="366" pin=1"/></net>

<net id="376"><net_src comp="363" pin="1"/><net_sink comp="372" pin=0"/></net>

<net id="377"><net_src comp="60" pin="0"/><net_sink comp="372" pin=1"/></net>

<net id="382"><net_src comp="372" pin="2"/><net_sink comp="378" pin=0"/></net>

<net id="393"><net_src comp="386" pin="1"/><net_sink comp="389" pin=0"/></net>

<net id="394"><net_src comp="66" pin="0"/><net_sink comp="389" pin=1"/></net>

<net id="399"><net_src comp="383" pin="1"/><net_sink comp="395" pin=0"/></net>

<net id="400"><net_src comp="76" pin="0"/><net_sink comp="395" pin=1"/></net>

<net id="406"><net_src comp="395" pin="2"/><net_sink comp="401" pin=0"/></net>

<net id="407"><net_src comp="56" pin="0"/><net_sink comp="401" pin=1"/></net>

<net id="408"><net_src comp="383" pin="1"/><net_sink comp="401" pin=2"/></net>

<net id="414"><net_src comp="395" pin="2"/><net_sink comp="409" pin=0"/></net>

<net id="415"><net_src comp="389" pin="2"/><net_sink comp="409" pin=1"/></net>

<net id="416"><net_src comp="386" pin="1"/><net_sink comp="409" pin=2"/></net>

<net id="420"><net_src comp="409" pin="3"/><net_sink comp="417" pin=0"/></net>

<net id="421"><net_src comp="417" pin="1"/><net_sink comp="114" pin=2"/></net>

<net id="422"><net_src comp="417" pin="1"/><net_sink comp="121" pin=2"/></net>

<net id="423"><net_src comp="417" pin="1"/><net_sink comp="128" pin=2"/></net>

<net id="424"><net_src comp="417" pin="1"/><net_sink comp="135" pin=2"/></net>

<net id="425"><net_src comp="417" pin="1"/><net_sink comp="142" pin=2"/></net>

<net id="426"><net_src comp="417" pin="1"/><net_sink comp="149" pin=2"/></net>

<net id="427"><net_src comp="417" pin="1"/><net_sink comp="156" pin=2"/></net>

<net id="428"><net_src comp="417" pin="1"/><net_sink comp="163" pin=2"/></net>

<net id="429"><net_src comp="417" pin="1"/><net_sink comp="170" pin=2"/></net>

<net id="430"><net_src comp="417" pin="1"/><net_sink comp="177" pin=2"/></net>

<net id="431"><net_src comp="417" pin="1"/><net_sink comp="184" pin=2"/></net>

<net id="432"><net_src comp="417" pin="1"/><net_sink comp="191" pin=2"/></net>

<net id="433"><net_src comp="417" pin="1"/><net_sink comp="198" pin=2"/></net>

<net id="434"><net_src comp="417" pin="1"/><net_sink comp="205" pin=2"/></net>

<net id="435"><net_src comp="417" pin="1"/><net_sink comp="212" pin=2"/></net>

<net id="436"><net_src comp="417" pin="1"/><net_sink comp="219" pin=2"/></net>

<net id="437"><net_src comp="417" pin="1"/><net_sink comp="226" pin=2"/></net>

<net id="438"><net_src comp="417" pin="1"/><net_sink comp="233" pin=2"/></net>

<net id="442"><net_src comp="108" pin="2"/><net_sink comp="439" pin=0"/></net>

<net id="443"><net_src comp="439" pin="1"/><net_sink comp="240" pin=1"/></net>

<net id="444"><net_src comp="439" pin="1"/><net_sink comp="246" pin=1"/></net>

<net id="445"><net_src comp="439" pin="1"/><net_sink comp="252" pin=1"/></net>

<net id="446"><net_src comp="439" pin="1"/><net_sink comp="258" pin=1"/></net>

<net id="447"><net_src comp="439" pin="1"/><net_sink comp="264" pin=1"/></net>

<net id="448"><net_src comp="439" pin="1"/><net_sink comp="270" pin=1"/></net>

<net id="449"><net_src comp="439" pin="1"/><net_sink comp="276" pin=1"/></net>

<net id="450"><net_src comp="439" pin="1"/><net_sink comp="282" pin=1"/></net>

<net id="451"><net_src comp="439" pin="1"/><net_sink comp="288" pin=1"/></net>

<net id="452"><net_src comp="439" pin="1"/><net_sink comp="294" pin=1"/></net>

<net id="453"><net_src comp="439" pin="1"/><net_sink comp="300" pin=1"/></net>

<net id="454"><net_src comp="439" pin="1"/><net_sink comp="306" pin=1"/></net>

<net id="455"><net_src comp="439" pin="1"/><net_sink comp="312" pin=1"/></net>

<net id="456"><net_src comp="439" pin="1"/><net_sink comp="318" pin=1"/></net>

<net id="457"><net_src comp="439" pin="1"/><net_sink comp="324" pin=1"/></net>

<net id="458"><net_src comp="439" pin="1"/><net_sink comp="330" pin=1"/></net>

<net id="459"><net_src comp="439" pin="1"/><net_sink comp="336" pin=1"/></net>

<net id="460"><net_src comp="439" pin="1"/><net_sink comp="342" pin=1"/></net>

<net id="465"><net_src comp="401" pin="3"/><net_sink comp="461" pin=0"/></net>

<net id="466"><net_src comp="66" pin="0"/><net_sink comp="461" pin=1"/></net>

<net id="471"><net_src comp="409" pin="3"/><net_sink comp="467" pin=0"/></net>

<net id="476"><net_src comp="461" pin="2"/><net_sink comp="472" pin=0"/></net>

<net id="480"><net_src comp="90" pin="1"/><net_sink comp="477" pin=0"/></net>

<net id="481"><net_src comp="477" pin="1"/><net_sink comp="358" pin=1"/></net>

<net id="482"><net_src comp="477" pin="1"/><net_sink comp="383" pin=0"/></net>

<net id="483"><net_src comp="477" pin="1"/><net_sink comp="472" pin=1"/></net>

<net id="487"><net_src comp="94" pin="1"/><net_sink comp="484" pin=0"/></net>

<net id="488"><net_src comp="484" pin="1"/><net_sink comp="353" pin=1"/></net>

<net id="489"><net_src comp="484" pin="1"/><net_sink comp="386" pin=0"/></net>

<net id="490"><net_src comp="484" pin="1"/><net_sink comp="467" pin=1"/></net>

<net id="494"><net_src comp="98" pin="1"/><net_sink comp="491" pin=0"/></net>

<net id="495"><net_src comp="491" pin="1"/><net_sink comp="348" pin=1"/></net>

<net id="496"><net_src comp="491" pin="1"/><net_sink comp="363" pin=0"/></net>

<net id="497"><net_src comp="491" pin="1"/><net_sink comp="378" pin=1"/></net>

<net id="501"><net_src comp="102" pin="2"/><net_sink comp="498" pin=0"/></net>

</net_list>

</model> 
---------------- Datapath Model END ------------------

* FSMD analyzer results:
  - Output states:
	Port: fb_0 | {2 }
	Port: fb_0_1 | {2 }
	Port: fb_0_2 | {2 }
	Port: fb_0_3 | {2 }
	Port: fb_0_4 | {2 }
	Port: fb_0_5 | {2 }
	Port: fb_0_6 | {2 }
	Port: fb_0_7 | {2 }
	Port: fb_0_8 | {2 }
	Port: fb_0_9 | {2 }
	Port: fb_0_10 | {2 }
	Port: fb_0_11 | {2 }
	Port: fb_0_12 | {2 }
	Port: fb_0_13 | {2 }
	Port: fb_0_14 | {2 }
	Port: fb_0_15 | {2 }
	Port: fb_0_16 | {2 }
	Port: fb_0_17 | {2 }
 - Input state : 
	Port: conv3d_hidden_layer<1>_Pipeline_VITIS_LOOP_46_1_VITIS_LOOP_47_2 : s0 | {2 }
	Port: conv3d_hidden_layer<1>_Pipeline_VITIS_LOOP_46_1_VITIS_LOOP_47_2 : empty | {1 }
  - Chain level:
	State 1
		store_ln0 : 1
		store_ln46 : 1
		store_ln50 : 1
		indvar_flatten18_load : 1
		icmp_ln46 : 2
		add_ln46_1 : 2
		br_ln46 : 3
		store_ln46 : 3
	State 2
		add_ln46 : 1
		icmp_ln47 : 1
		select_ln46 : 2
		select_ln46_1 : 2
		zext_ln46 : 3
		fb_0_addr : 4
		fb_0_1_addr : 4
		fb_0_2_addr : 4
		fb_0_3_addr : 4
		fb_0_4_addr : 4
		fb_0_5_addr : 4
		fb_0_6_addr : 4
		fb_0_7_addr : 4
		fb_0_8_addr : 4
		fb_0_9_addr : 4
		fb_0_10_addr : 4
		fb_0_11_addr : 4
		fb_0_12_addr : 4
		fb_0_13_addr : 4
		fb_0_14_addr : 4
		fb_0_15_addr : 4
		fb_0_16_addr : 4
		fb_0_17_addr : 4
		switch_ln55 : 3
		store_ln55 : 5
		store_ln55 : 5
		store_ln55 : 5
		store_ln55 : 5
		store_ln55 : 5
		store_ln55 : 5
		switch_ln55 : 3
		store_ln55 : 5
		store_ln55 : 5
		store_ln55 : 5
		store_ln55 : 5
		store_ln55 : 5
		store_ln55 : 5
		switch_ln55 : 3
		store_ln55 : 5
		store_ln55 : 5
		store_ln55 : 5
		store_ln55 : 5
		store_ln55 : 5
		store_ln55 : 5
		add_ln47 : 3
		store_ln46 : 3
		store_ln50 : 4


============================================================
+ Verbose Summary: Datapath Resource usage 
============================================================

* Functional unit list:
|----------|----------------------|---------|---------|
| Operation|    Functional Unit   |    FF   |   LUT   |
|----------|----------------------|---------|---------|
|          |   add_ln46_1_fu_372  |    0    |    13   |
|    add   |    add_ln46_fu_389   |    0    |    10   |
|          |    add_ln47_fu_461   |    0    |    10   |
|----------|----------------------|---------|---------|
|   icmp   |   icmp_ln46_fu_366   |    0    |    13   |
|          |   icmp_ln47_fu_395   |    0    |    10   |
|----------|----------------------|---------|---------|
|  select  |  select_ln46_fu_401  |    0    |    3    |
|          | select_ln46_1_fu_409 |    0    |    3    |
|----------|----------------------|---------|---------|
|   read   |    tmp_read_fu_102   |    0    |    0    |
|          |  s0_read_read_fu_108 |    0    |    0    |
|----------|----------------------|---------|---------|
|   zext   |   zext_ln46_fu_417   |    0    |    0    |
|----------|----------------------|---------|---------|
|   trunc  |       a_fu_439       |    0    |    0    |
|----------|----------------------|---------|---------|
|   Total  |                      |    0    |    62   |
|----------|----------------------|---------|---------|

Memories:
N/A

* Register list:
+------------------------+--------+
|                        |   FF   |
+------------------------+--------+
|indvar_flatten18_reg_491|    6   |
|       tmp_reg_498      |    2   |
|       x_5_reg_477      |    3   |
|        y_reg_484       |    3   |
+------------------------+--------+
|          Total         |   14   |
+------------------------+--------+

* Multiplexer (MUX) list: 
|--------|------|------|------|--------|
|  Comp  |  Pin | Size |  BW  | S x BW |
|--------|------|------|------|--------|
|  Total |      |      |      |    0   |
|--------|------|------|------|--------|



* Summary:
+-----------+--------+--------+
|           |   FF   |   LUT  |
+-----------+--------+--------+
|  Function |    0   |   62   |
|   Memory  |    -   |    -   |
|Multiplexer|    -   |    -   |
|  Register |   14   |    -   |
+-----------+--------+--------+
|   Total   |   14   |   62   |
+-----------+--------+--------+
