

================================================================
== Vitis HLS Report for 'conv3d_hidden_layer_1_Pipeline_VITIS_LOOP_89_1_VITIS_LOOP_90_2'
================================================================
* Date:           Thu Sep  3 17:05:55 2026

* Version:        2023.2 (Build 4023990 on Oct 11 2023)
* Project:        predecoder_csynth_proj
* Solution:       solution1 (Vitis Kernel Flow Target)
* Product family: virtexuplusHBM
* Target device:  xcu55c-fsvh2892-2L-e


================================================================
== Performance Estimates
================================================================
+ Timing: 
    * Summary: 
    +--------+---------+----------+------------+
    |  Clock |  Target | Estimated| Uncertainty|
    +--------+---------+----------+------------+
    |ap_clk  |  3.33 ns|  2.299 ns|     0.90 ns|
    +--------+---------+----------+------------+

+ Latency: 
    * Summary: 
    +---------+---------+----------+----------+-----+-----+---------+
    |  Latency (cycles) |  Latency (absolute) |  Interval | Pipeline|
    |   min   |   max   |    min   |    max   | min | max |   Type  |
    +---------+---------+----------+----------+-----+-----+---------+
    |       47|       47|  0.157 us|  0.157 us|   47|   47|       no|
    +---------+---------+----------+----------+-----+-----+---------+

    + Detail: 
        * Instance: 
        N/A

        * Loop: 
        +-----------------------------------+---------+---------+----------+-----------+-----------+------+----------+
        |                                   |  Latency (cycles) | Iteration|  Initiation Interval  | Trip |          |
        |             Loop Name             |   min   |   max   |  Latency |  achieved |   target  | Count| Pipelined|
        +-----------------------------------+---------+---------+----------+-----------+-----------+------+----------+
        |- VITIS_LOOP_89_1_VITIS_LOOP_90_2  |       45|       45|        38|          1|          1|     9|       yes|
        +-----------------------------------+---------+---------+----------+-----------+-----------+------+----------+

============================================================
+ Verbose Summary: Synthesis Manager
============================================================
InlineROM: 1
ExposeGlobal: 0
============================================================
+ Verbose Summary: CDFG Model
============================================================
IsTopModel: 0
ResetActiveHigh: 1
IsCombinational: 0
IsDatapathOnly: 0
HasWiredReturn: 1
HasMFsm: 2
HasVarLatency: 1
IsPipeline: 0
IsRtlPipelined: 0
IsInstanceOverlapped: 0
IsDontTouch: 0
HasImplIP: 0
IsGatedGlobalClock: 0

+ Individual pipeline summary: 
  * Pipeline-0: initiation interval (II) = 1, depth = 38


============================================================
+ Verbose Summary: Schedule
============================================================
* Number of FSM states : 38
* Pipeline : 1
  Pipeline-0 : II = 1, D = 38, States = { 1 2 3 4 5 6 7 8 9 10 11 12 13 14 15 16 17 18 19 20 21 22 23 24 25 26 27 28 29 30 31 32 33 34 35 36 37 38 }
* Dataflow Pipeline: 0

* FSM state transitions: 
1 --> 2 
2 --> 3 
3 --> 4 
4 --> 5 
5 --> 6 
6 --> 7 
7 --> 8 
8 --> 9 
9 --> 10 
10 --> 11 
11 --> 12 
12 --> 13 
13 --> 14 
14 --> 15 
15 --> 16 
16 --> 17 
17 --> 18 
18 --> 19 
19 --> 20 
20 --> 21 
21 --> 22 
22 --> 23 
23 --> 24 
24 --> 25 
25 --> 26 
26 --> 27 
27 --> 28 
28 --> 29 
29 --> 30 
30 --> 31 
31 --> 32 
32 --> 33 
33 --> 34 
34 --> 35 
35 --> 36 
36 --> 37 
37 --> 38 
38 --> 

* FSM state operations: 

State 1 <SV = 0> <Delay = 1.92>
ST_1 : Operation 41 [1/1] (0.00ns)   --->   "%dy = alloca i32 1" [./line_buffer.h:90->predecoder_kernel.cpp:65]   --->   Operation 41 'alloca' 'dy' <Predicate = true> <Delay = 0.00>
ST_1 : Operation 42 [1/1] (0.00ns)   --->   "%dz = alloca i32 1" [./line_buffer.h:89->predecoder_kernel.cpp:65]   --->   Operation 42 'alloca' 'dz' <Predicate = true> <Delay = 0.00>
ST_1 : Operation 43 [1/1] (0.00ns)   --->   "%indvar_flatten25 = alloca i32 1"   --->   Operation 43 'alloca' 'indvar_flatten25' <Predicate = true> <Delay = 0.00>
ST_1 : Operation 44 [1/1] (0.00ns)   --->   "%cmp9_i_i_2_read = read i1 @_ssdm_op_Read.ap_auto.i1, i1 %cmp9_i_i_2"   --->   Operation 44 'read' 'cmp9_i_i_2_read' <Predicate = true> <Delay = 0.00>
ST_1 : Operation 45 [1/1] (0.00ns)   --->   "%select_ln62_read = read i3 @_ssdm_op_Read.ap_auto.i3, i3 %select_ln62"   --->   Operation 45 'read' 'select_ln62_read' <Predicate = true> <Delay = 0.00>
ST_1 : Operation 46 [1/1] (0.00ns)   --->   "%cmp8_i_i_read = read i1 @_ssdm_op_Read.ap_auto.i1, i1 %cmp8_i_i"   --->   Operation 46 'read' 'cmp8_i_i_read' <Predicate = true> <Delay = 0.00>
ST_1 : Operation 47 [1/1] (0.00ns)   --->   "%zext_ln62_read = read i3 @_ssdm_op_Read.ap_auto.i3, i3 %zext_ln62"   --->   Operation 47 'read' 'zext_ln62_read' <Predicate = true> <Delay = 0.00>
ST_1 : Operation 48 [1/1] (0.00ns)   --->   "%zext_ln43_read = read i3 @_ssdm_op_Read.ap_auto.i3, i3 %zext_ln43"   --->   Operation 48 'read' 'zext_ln43_read' <Predicate = true> <Delay = 0.00>
ST_1 : Operation 49 [1/1] (0.00ns)   --->   "%zext_ln62_cast = zext i3 %zext_ln62_read"   --->   Operation 49 'zext' 'zext_ln62_cast' <Predicate = true> <Delay = 0.00>
ST_1 : Operation 50 [1/1] (0.00ns)   --->   "%zext_ln43_cast = zext i3 %zext_ln43_read"   --->   Operation 50 'zext' 'zext_ln43_cast' <Predicate = true> <Delay = 0.00>
ST_1 : Operation 51 [1/1] (0.38ns)   --->   "%store_ln0 = store i4 0, i4 %indvar_flatten25"   --->   Operation 51 'store' 'store_ln0' <Predicate = true> <Delay = 0.38>
ST_1 : Operation 52 [1/1] (0.38ns)   --->   "%store_ln89 = store i2 0, i2 %dz" [./line_buffer.h:89->predecoder_kernel.cpp:65]   --->   Operation 52 'store' 'store_ln89' <Predicate = true> <Delay = 0.38>
ST_1 : Operation 53 [1/1] (0.38ns)   --->   "%store_ln90 = store i2 0, i2 %dy" [./line_buffer.h:90->predecoder_kernel.cpp:65]   --->   Operation 53 'store' 'store_ln90' <Predicate = true> <Delay = 0.38>
ST_1 : Operation 54 [1/1] (0.00ns)   --->   "%br_ln0 = br void %for.body4.i"   --->   Operation 54 'br' 'br_ln0' <Predicate = true> <Delay = 0.00>
ST_1 : Operation 55 [1/1] (0.00ns)   --->   "%indvar_flatten25_load = load i4 %indvar_flatten25" [./line_buffer.h:89->predecoder_kernel.cpp:65]   --->   Operation 55 'load' 'indvar_flatten25_load' <Predicate = true> <Delay = 0.00>
ST_1 : Operation 56 [1/1] (0.70ns)   --->   "%icmp_ln89 = icmp_eq  i4 %indvar_flatten25_load, i4 9" [./line_buffer.h:89->predecoder_kernel.cpp:65]   --->   Operation 56 'icmp' 'icmp_ln89' <Predicate = true> <Delay = 0.70> <CoreInst = "Cmp">   --->   Core 9 'Cmp' <Latency = 0> <II = 1> <Delay = 0.70> <FuncUnit> <Opcode : 'icmp'> <InPorts = 2> <OutPorts = 1>
ST_1 : Operation 57 [1/1] (0.70ns)   --->   "%add_ln89_1 = add i4 %indvar_flatten25_load, i4 1" [./line_buffer.h:89->predecoder_kernel.cpp:65]   --->   Operation 57 'add' 'add_ln89_1' <Predicate = true> <Delay = 0.70> <CoreInst = "Adder">   --->   Core 1 'Adder' <Latency = 0> <II = 1> <Delay = 0.70> <FuncUnit> <Opcode : 'add' 'sub'> <InPorts = 2> <OutPorts = 1>
ST_1 : Operation 58 [1/1] (0.00ns)   --->   "%br_ln89 = br i1 %icmp_ln89, void %for.cond.cleanup3.i, void %OC_LOOP.exitStub" [./line_buffer.h:89->predecoder_kernel.cpp:65]   --->   Operation 58 'br' 'br_ln89' <Predicate = true> <Delay = 0.00>
ST_1 : Operation 59 [1/1] (0.00ns)   --->   "%dy_load = load i2 %dy" [./line_buffer.h:90->predecoder_kernel.cpp:65]   --->   Operation 59 'load' 'dy_load' <Predicate = (!icmp_ln89)> <Delay = 0.00>
ST_1 : Operation 60 [1/1] (0.00ns)   --->   "%dz_load = load i2 %dz" [./line_buffer.h:89->predecoder_kernel.cpp:65]   --->   Operation 60 'load' 'dz_load' <Predicate = (!icmp_ln89)> <Delay = 0.00>
ST_1 : Operation 61 [1/1] (0.43ns)   --->   "%add_ln89 = add i2 %dz_load, i2 1" [./line_buffer.h:89->predecoder_kernel.cpp:65]   --->   Operation 61 'add' 'add_ln89' <Predicate = (!icmp_ln89)> <Delay = 0.43> <CoreInst = "Adder">   --->   Core 1 'Adder' <Latency = 0> <II = 1> <Delay = 0.43> <FuncUnit> <Opcode : 'add' 'sub'> <InPorts = 2> <OutPorts = 1>
ST_1 : Operation 62 [1/1] (0.43ns)   --->   "%icmp_ln90 = icmp_eq  i2 %dy_load, i2 3" [./line_buffer.h:90->predecoder_kernel.cpp:65]   --->   Operation 62 'icmp' 'icmp_ln90' <Predicate = (!icmp_ln89)> <Delay = 0.43> <CoreInst = "Cmp">   --->   Core 9 'Cmp' <Latency = 0> <II = 1> <Delay = 0.43> <FuncUnit> <Opcode : 'icmp'> <InPorts = 2> <OutPorts = 1>
ST_1 : Operation 63 [1/1] (0.27ns)   --->   "%select_ln89 = select i1 %icmp_ln90, i2 0, i2 %dy_load" [./line_buffer.h:89->predecoder_kernel.cpp:65]   --->   Operation 63 'select' 'select_ln89' <Predicate = (!icmp_ln89)> <Delay = 0.27> <CoreInst = "Sel">   --->   Core 73 'Sel' <Latency = 0> <II = 1> <Delay = 0.27> <FuncUnit> <Opcode : 'select'> <InPorts = 3> <OutPorts = 1>
ST_1 : Operation 64 [1/1] (0.27ns)   --->   "%select_ln89_1 = select i1 %icmp_ln90, i2 %add_ln89, i2 %dz_load" [./line_buffer.h:89->predecoder_kernel.cpp:65]   --->   Operation 64 'select' 'select_ln89_1' <Predicate = (!icmp_ln89)> <Delay = 0.27> <CoreInst = "Sel">   --->   Core 73 'Sel' <Latency = 0> <II = 1> <Delay = 0.27> <FuncUnit> <Opcode : 'select'> <InPorts = 3> <OutPorts = 1>
ST_1 : Operation 65 [1/1] (0.43ns)   --->   "%add_ln90 = add i2 %select_ln89, i2 1" [./line_buffer.h:90->predecoder_kernel.cpp:65]   --->   Operation 65 'add' 'add_ln90' <Predicate = (!icmp_ln89)> <Delay = 0.43> <CoreInst = "Adder">   --->   Core 1 'Adder' <Latency = 0> <II = 1> <Delay = 0.43> <FuncUnit> <Opcode : 'add' 'sub'> <InPorts = 2> <OutPorts = 1>
ST_1 : Operation 66 [1/1] (0.38ns)   --->   "%store_ln89 = store i4 %add_ln89_1, i4 %indvar_flatten25" [./line_buffer.h:89->predecoder_kernel.cpp:65]   --->   Operation 66 'store' 'store_ln89' <Predicate = (!icmp_ln89)> <Delay = 0.38>
ST_1 : Operation 67 [1/1] (0.38ns)   --->   "%store_ln89 = store i2 %select_ln89_1, i2 %dz" [./line_buffer.h:89->predecoder_kernel.cpp:65]   --->   Operation 67 'store' 'store_ln89' <Predicate = (!icmp_ln89)> <Delay = 0.38>
ST_1 : Operation 68 [1/1] (0.38ns)   --->   "%store_ln90 = store i2 %add_ln90, i2 %dy" [./line_buffer.h:90->predecoder_kernel.cpp:65]   --->   Operation 68 'store' 'store_ln90' <Predicate = (!icmp_ln89)> <Delay = 0.38>

State 2 <SV = 1> <Delay = 2.01>
ST_2 : Operation 69 [1/1] (0.00ns) (grouped into LUT with out node empty)   --->   "%tmp = xor i2 %select_ln89_1, i2 2" [./line_buffer.h:89->predecoder_kernel.cpp:65]   --->   Operation 69 'xor' 'tmp' <Predicate = true> <Delay = 0.00> <CoreInst = "LogicGate">   --->   Core 74 'LogicGate' <Latency = 0> <II = 1> <Delay = 0.12> <FuncUnit> <Opcode : 'and' 'or' 'xor'> <InPorts = 2> <OutPorts = 1>
ST_2 : Operation 70 [1/1] (0.00ns) (grouped into LUT with out node empty)   --->   "%tmp_cast = sext i2 %tmp" [./line_buffer.h:89->predecoder_kernel.cpp:65]   --->   Operation 70 'sext' 'tmp_cast' <Predicate = true> <Delay = 0.00>
ST_2 : Operation 71 [1/1] (0.57ns) (out node of the LUT)   --->   "%empty = add i4 %tmp_cast, i4 %zext_ln43_cast" [./line_buffer.h:89->predecoder_kernel.cpp:65]   --->   Operation 71 'add' 'empty' <Predicate = true> <Delay = 0.57> <CoreInst = "Adder">   --->   Core 1 'Adder' <Latency = 0> <II = 1> <Delay = 0.57> <FuncUnit> <Opcode : 'add' 'sub'> <InPorts = 2> <OutPorts = 1>
ST_2 : Operation 72 [1/1] (0.00ns)   --->   "%tmp_358 = bitselect i1 @_ssdm_op_BitSelect.i1.i4.i32, i4 %empty, i32 3" [./line_buffer.h:89->predecoder_kernel.cpp:65]   --->   Operation 72 'bitselect' 'tmp_358' <Predicate = true> <Delay = 0.00>
ST_2 : Operation 73 [1/1] (0.00ns) (grouped into LUT with out node p_smodpre16)   --->   "%p_cast119 = select i1 %tmp_358, i4 15, i4 0" [./line_buffer.h:89->predecoder_kernel.cpp:65]   --->   Operation 73 'select' 'p_cast119' <Predicate = true> <Delay = 0.00> <CoreInst = "Sel">   --->   Core 73 'Sel' <Latency = 0> <II = 1> <Delay = 0.27> <FuncUnit> <Opcode : 'select'> <InPorts = 3> <OutPorts = 1>
ST_2 : Operation 74 [1/1] (0.27ns) (out node of the LUT)   --->   "%p_smodpre16 = xor i4 %empty, i4 %p_cast119" [./line_buffer.h:89->predecoder_kernel.cpp:65]   --->   Operation 74 'xor' 'p_smodpre16' <Predicate = true> <Delay = 0.27> <CoreInst = "LogicGate">   --->   Core 74 'LogicGate' <Latency = 0> <II = 1> <Delay = 0.22> <FuncUnit> <Opcode : 'and' 'or' 'xor'> <InPorts = 2> <OutPorts = 1>
ST_2 : Operation 75 [1/1] (0.00ns)   --->   "%p_smodpre16_cast = sext i4 %p_smodpre16" [./line_buffer.h:89->predecoder_kernel.cpp:65]   --->   Operation 75 'sext' 'p_smodpre16_cast' <Predicate = true> <Delay = 0.00>
ST_2 : Operation 76 [36/36] (1.16ns)   --->   "%empty_57 = urem i32 %p_smodpre16_cast, i32 3" [./line_buffer.h:89->predecoder_kernel.cpp:65]   --->   Operation 76 'urem' 'empty_57' <Predicate = true> <Delay = 1.16> <CoreInst = "Divider">   --->   Core 6 'Divider' <Latency = 35> <II = 1> <Delay = 1.16> <FuncUnit> <Opcode : 'udiv' 'sdiv' 'urem' 'srem'> <InPorts = 2> <OutPorts = 1>
ST_2 : Operation 77 [1/1] (0.70ns)   --->   "%cmp2_i_i_not = icmp_sgt  i4 %empty, i4 5" [./line_buffer.h:89->predecoder_kernel.cpp:65]   --->   Operation 77 'icmp' 'cmp2_i_i_not' <Predicate = true> <Delay = 0.70> <CoreInst = "Cmp">   --->   Core 9 'Cmp' <Latency = 0> <II = 1> <Delay = 0.70> <FuncUnit> <Opcode : 'icmp'> <InPorts = 2> <OutPorts = 1>

State 3 <SV = 2> <Delay = 1.16>
ST_3 : Operation 78 [35/36] (1.16ns)   --->   "%empty_57 = urem i32 %p_smodpre16_cast, i32 3" [./line_buffer.h:89->predecoder_kernel.cpp:65]   --->   Operation 78 'urem' 'empty_57' <Predicate = true> <Delay = 1.16> <CoreInst = "Divider">   --->   Core 6 'Divider' <Latency = 35> <II = 1> <Delay = 1.16> <FuncUnit> <Opcode : 'udiv' 'sdiv' 'urem' 'srem'> <InPorts = 2> <OutPorts = 1>

State 4 <SV = 3> <Delay = 1.16>
ST_4 : Operation 79 [34/36] (1.16ns)   --->   "%empty_57 = urem i32 %p_smodpre16_cast, i32 3" [./line_buffer.h:89->predecoder_kernel.cpp:65]   --->   Operation 79 'urem' 'empty_57' <Predicate = true> <Delay = 1.16> <CoreInst = "Divider">   --->   Core 6 'Divider' <Latency = 35> <II = 1> <Delay = 1.16> <FuncUnit> <Opcode : 'udiv' 'sdiv' 'urem' 'srem'> <InPorts = 2> <OutPorts = 1>

State 5 <SV = 4> <Delay = 1.16>
ST_5 : Operation 80 [33/36] (1.16ns)   --->   "%empty_57 = urem i32 %p_smodpre16_cast, i32 3" [./line_buffer.h:89->predecoder_kernel.cpp:65]   --->   Operation 80 'urem' 'empty_57' <Predicate = true> <Delay = 1.16> <CoreInst = "Divider">   --->   Core 6 'Divider' <Latency = 35> <II = 1> <Delay = 1.16> <FuncUnit> <Opcode : 'udiv' 'sdiv' 'urem' 'srem'> <InPorts = 2> <OutPorts = 1>

State 6 <SV = 5> <Delay = 1.16>
ST_6 : Operation 81 [32/36] (1.16ns)   --->   "%empty_57 = urem i32 %p_smodpre16_cast, i32 3" [./line_buffer.h:89->predecoder_kernel.cpp:65]   --->   Operation 81 'urem' 'empty_57' <Predicate = true> <Delay = 1.16> <CoreInst = "Divider">   --->   Core 6 'Divider' <Latency = 35> <II = 1> <Delay = 1.16> <FuncUnit> <Opcode : 'udiv' 'sdiv' 'urem' 'srem'> <InPorts = 2> <OutPorts = 1>

State 7 <SV = 6> <Delay = 1.16>
ST_7 : Operation 82 [31/36] (1.16ns)   --->   "%empty_57 = urem i32 %p_smodpre16_cast, i32 3" [./line_buffer.h:89->predecoder_kernel.cpp:65]   --->   Operation 82 'urem' 'empty_57' <Predicate = true> <Delay = 1.16> <CoreInst = "Divider">   --->   Core 6 'Divider' <Latency = 35> <II = 1> <Delay = 1.16> <FuncUnit> <Opcode : 'udiv' 'sdiv' 'urem' 'srem'> <InPorts = 2> <OutPorts = 1>

State 8 <SV = 7> <Delay = 1.16>
ST_8 : Operation 83 [30/36] (1.16ns)   --->   "%empty_57 = urem i32 %p_smodpre16_cast, i32 3" [./line_buffer.h:89->predecoder_kernel.cpp:65]   --->   Operation 83 'urem' 'empty_57' <Predicate = true> <Delay = 1.16> <CoreInst = "Divider">   --->   Core 6 'Divider' <Latency = 35> <II = 1> <Delay = 1.16> <FuncUnit> <Opcode : 'udiv' 'sdiv' 'urem' 'srem'> <InPorts = 2> <OutPorts = 1>

State 9 <SV = 8> <Delay = 1.16>
ST_9 : Operation 84 [29/36] (1.16ns)   --->   "%empty_57 = urem i32 %p_smodpre16_cast, i32 3" [./line_buffer.h:89->predecoder_kernel.cpp:65]   --->   Operation 84 'urem' 'empty_57' <Predicate = true> <Delay = 1.16> <CoreInst = "Divider">   --->   Core 6 'Divider' <Latency = 35> <II = 1> <Delay = 1.16> <FuncUnit> <Opcode : 'udiv' 'sdiv' 'urem' 'srem'> <InPorts = 2> <OutPorts = 1>

State 10 <SV = 9> <Delay = 1.16>
ST_10 : Operation 85 [28/36] (1.16ns)   --->   "%empty_57 = urem i32 %p_smodpre16_cast, i32 3" [./line_buffer.h:89->predecoder_kernel.cpp:65]   --->   Operation 85 'urem' 'empty_57' <Predicate = true> <Delay = 1.16> <CoreInst = "Divider">   --->   Core 6 'Divider' <Latency = 35> <II = 1> <Delay = 1.16> <FuncUnit> <Opcode : 'udiv' 'sdiv' 'urem' 'srem'> <InPorts = 2> <OutPorts = 1>

State 11 <SV = 10> <Delay = 1.16>
ST_11 : Operation 86 [27/36] (1.16ns)   --->   "%empty_57 = urem i32 %p_smodpre16_cast, i32 3" [./line_buffer.h:89->predecoder_kernel.cpp:65]   --->   Operation 86 'urem' 'empty_57' <Predicate = true> <Delay = 1.16> <CoreInst = "Divider">   --->   Core 6 'Divider' <Latency = 35> <II = 1> <Delay = 1.16> <FuncUnit> <Opcode : 'udiv' 'sdiv' 'urem' 'srem'> <InPorts = 2> <OutPorts = 1>

State 12 <SV = 11> <Delay = 1.16>
ST_12 : Operation 87 [26/36] (1.16ns)   --->   "%empty_57 = urem i32 %p_smodpre16_cast, i32 3" [./line_buffer.h:89->predecoder_kernel.cpp:65]   --->   Operation 87 'urem' 'empty_57' <Predicate = true> <Delay = 1.16> <CoreInst = "Divider">   --->   Core 6 'Divider' <Latency = 35> <II = 1> <Delay = 1.16> <FuncUnit> <Opcode : 'udiv' 'sdiv' 'urem' 'srem'> <InPorts = 2> <OutPorts = 1>

State 13 <SV = 12> <Delay = 1.16>
ST_13 : Operation 88 [25/36] (1.16ns)   --->   "%empty_57 = urem i32 %p_smodpre16_cast, i32 3" [./line_buffer.h:89->predecoder_kernel.cpp:65]   --->   Operation 88 'urem' 'empty_57' <Predicate = true> <Delay = 1.16> <CoreInst = "Divider">   --->   Core 6 'Divider' <Latency = 35> <II = 1> <Delay = 1.16> <FuncUnit> <Opcode : 'udiv' 'sdiv' 'urem' 'srem'> <InPorts = 2> <OutPorts = 1>

State 14 <SV = 13> <Delay = 1.16>
ST_14 : Operation 89 [24/36] (1.16ns)   --->   "%empty_57 = urem i32 %p_smodpre16_cast, i32 3" [./line_buffer.h:89->predecoder_kernel.cpp:65]   --->   Operation 89 'urem' 'empty_57' <Predicate = true> <Delay = 1.16> <CoreInst = "Divider">   --->   Core 6 'Divider' <Latency = 35> <II = 1> <Delay = 1.16> <FuncUnit> <Opcode : 'udiv' 'sdiv' 'urem' 'srem'> <InPorts = 2> <OutPorts = 1>

State 15 <SV = 14> <Delay = 1.16>
ST_15 : Operation 90 [23/36] (1.16ns)   --->   "%empty_57 = urem i32 %p_smodpre16_cast, i32 3" [./line_buffer.h:89->predecoder_kernel.cpp:65]   --->   Operation 90 'urem' 'empty_57' <Predicate = true> <Delay = 1.16> <CoreInst = "Divider">   --->   Core 6 'Divider' <Latency = 35> <II = 1> <Delay = 1.16> <FuncUnit> <Opcode : 'udiv' 'sdiv' 'urem' 'srem'> <InPorts = 2> <OutPorts = 1>

State 16 <SV = 15> <Delay = 1.16>
ST_16 : Operation 91 [22/36] (1.16ns)   --->   "%empty_57 = urem i32 %p_smodpre16_cast, i32 3" [./line_buffer.h:89->predecoder_kernel.cpp:65]   --->   Operation 91 'urem' 'empty_57' <Predicate = true> <Delay = 1.16> <CoreInst = "Divider">   --->   Core 6 'Divider' <Latency = 35> <II = 1> <Delay = 1.16> <FuncUnit> <Opcode : 'udiv' 'sdiv' 'urem' 'srem'> <InPorts = 2> <OutPorts = 1>

State 17 <SV = 16> <Delay = 1.16>
ST_17 : Operation 92 [21/36] (1.16ns)   --->   "%empty_57 = urem i32 %p_smodpre16_cast, i32 3" [./line_buffer.h:89->predecoder_kernel.cpp:65]   --->   Operation 92 'urem' 'empty_57' <Predicate = true> <Delay = 1.16> <CoreInst = "Divider">   --->   Core 6 'Divider' <Latency = 35> <II = 1> <Delay = 1.16> <FuncUnit> <Opcode : 'udiv' 'sdiv' 'urem' 'srem'> <InPorts = 2> <OutPorts = 1>

State 18 <SV = 17> <Delay = 1.16>
ST_18 : Operation 93 [20/36] (1.16ns)   --->   "%empty_57 = urem i32 %p_smodpre16_cast, i32 3" [./line_buffer.h:89->predecoder_kernel.cpp:65]   --->   Operation 93 'urem' 'empty_57' <Predicate = true> <Delay = 1.16> <CoreInst = "Divider">   --->   Core 6 'Divider' <Latency = 35> <II = 1> <Delay = 1.16> <FuncUnit> <Opcode : 'udiv' 'sdiv' 'urem' 'srem'> <InPorts = 2> <OutPorts = 1>

State 19 <SV = 18> <Delay = 1.16>
ST_19 : Operation 94 [19/36] (1.16ns)   --->   "%empty_57 = urem i32 %p_smodpre16_cast, i32 3" [./line_buffer.h:89->predecoder_kernel.cpp:65]   --->   Operation 94 'urem' 'empty_57' <Predicate = true> <Delay = 1.16> <CoreInst = "Divider">   --->   Core 6 'Divider' <Latency = 35> <II = 1> <Delay = 1.16> <FuncUnit> <Opcode : 'udiv' 'sdiv' 'urem' 'srem'> <InPorts = 2> <OutPorts = 1>

State 20 <SV = 19> <Delay = 1.16>
ST_20 : Operation 95 [18/36] (1.16ns)   --->   "%empty_57 = urem i32 %p_smodpre16_cast, i32 3" [./line_buffer.h:89->predecoder_kernel.cpp:65]   --->   Operation 95 'urem' 'empty_57' <Predicate = true> <Delay = 1.16> <CoreInst = "Divider">   --->   Core 6 'Divider' <Latency = 35> <II = 1> <Delay = 1.16> <FuncUnit> <Opcode : 'udiv' 'sdiv' 'urem' 'srem'> <InPorts = 2> <OutPorts = 1>

State 21 <SV = 20> <Delay = 1.16>
ST_21 : Operation 96 [17/36] (1.16ns)   --->   "%empty_57 = urem i32 %p_smodpre16_cast, i32 3" [./line_buffer.h:89->predecoder_kernel.cpp:65]   --->   Operation 96 'urem' 'empty_57' <Predicate = true> <Delay = 1.16> <CoreInst = "Divider">   --->   Core 6 'Divider' <Latency = 35> <II = 1> <Delay = 1.16> <FuncUnit> <Opcode : 'udiv' 'sdiv' 'urem' 'srem'> <InPorts = 2> <OutPorts = 1>

State 22 <SV = 21> <Delay = 1.16>
ST_22 : Operation 97 [16/36] (1.16ns)   --->   "%empty_57 = urem i32 %p_smodpre16_cast, i32 3" [./line_buffer.h:89->predecoder_kernel.cpp:65]   --->   Operation 97 'urem' 'empty_57' <Predicate = true> <Delay = 1.16> <CoreInst = "Divider">   --->   Core 6 'Divider' <Latency = 35> <II = 1> <Delay = 1.16> <FuncUnit> <Opcode : 'udiv' 'sdiv' 'urem' 'srem'> <InPorts = 2> <OutPorts = 1>

State 23 <SV = 22> <Delay = 1.16>
ST_23 : Operation 98 [15/36] (1.16ns)   --->   "%empty_57 = urem i32 %p_smodpre16_cast, i32 3" [./line_buffer.h:89->predecoder_kernel.cpp:65]   --->   Operation 98 'urem' 'empty_57' <Predicate = true> <Delay = 1.16> <CoreInst = "Divider">   --->   Core 6 'Divider' <Latency = 35> <II = 1> <Delay = 1.16> <FuncUnit> <Opcode : 'udiv' 'sdiv' 'urem' 'srem'> <InPorts = 2> <OutPorts = 1>

State 24 <SV = 23> <Delay = 1.16>
ST_24 : Operation 99 [14/36] (1.16ns)   --->   "%empty_57 = urem i32 %p_smodpre16_cast, i32 3" [./line_buffer.h:89->predecoder_kernel.cpp:65]   --->   Operation 99 'urem' 'empty_57' <Predicate = true> <Delay = 1.16> <CoreInst = "Divider">   --->   Core 6 'Divider' <Latency = 35> <II = 1> <Delay = 1.16> <FuncUnit> <Opcode : 'udiv' 'sdiv' 'urem' 'srem'> <InPorts = 2> <OutPorts = 1>

State 25 <SV = 24> <Delay = 1.16>
ST_25 : Operation 100 [13/36] (1.16ns)   --->   "%empty_57 = urem i32 %p_smodpre16_cast, i32 3" [./line_buffer.h:89->predecoder_kernel.cpp:65]   --->   Operation 100 'urem' 'empty_57' <Predicate = true> <Delay = 1.16> <CoreInst = "Divider">   --->   Core 6 'Divider' <Latency = 35> <II = 1> <Delay = 1.16> <FuncUnit> <Opcode : 'udiv' 'sdiv' 'urem' 'srem'> <InPorts = 2> <OutPorts = 1>

State 26 <SV = 25> <Delay = 1.16>
ST_26 : Operation 101 [12/36] (1.16ns)   --->   "%empty_57 = urem i32 %p_smodpre16_cast, i32 3" [./line_buffer.h:89->predecoder_kernel.cpp:65]   --->   Operation 101 'urem' 'empty_57' <Predicate = true> <Delay = 1.16> <CoreInst = "Divider">   --->   Core 6 'Divider' <Latency = 35> <II = 1> <Delay = 1.16> <FuncUnit> <Opcode : 'udiv' 'sdiv' 'urem' 'srem'> <InPorts = 2> <OutPorts = 1>

State 27 <SV = 26> <Delay = 1.16>
ST_27 : Operation 102 [11/36] (1.16ns)   --->   "%empty_57 = urem i32 %p_smodpre16_cast, i32 3" [./line_buffer.h:89->predecoder_kernel.cpp:65]   --->   Operation 102 'urem' 'empty_57' <Predicate = true> <Delay = 1.16> <CoreInst = "Divider">   --->   Core 6 'Divider' <Latency = 35> <II = 1> <Delay = 1.16> <FuncUnit> <Opcode : 'udiv' 'sdiv' 'urem' 'srem'> <InPorts = 2> <OutPorts = 1>

State 28 <SV = 27> <Delay = 1.16>
ST_28 : Operation 103 [10/36] (1.16ns)   --->   "%empty_57 = urem i32 %p_smodpre16_cast, i32 3" [./line_buffer.h:89->predecoder_kernel.cpp:65]   --->   Operation 103 'urem' 'empty_57' <Predicate = true> <Delay = 1.16> <CoreInst = "Divider">   --->   Core 6 'Divider' <Latency = 35> <II = 1> <Delay = 1.16> <FuncUnit> <Opcode : 'udiv' 'sdiv' 'urem' 'srem'> <InPorts = 2> <OutPorts = 1>

State 29 <SV = 28> <Delay = 1.16>
ST_29 : Operation 104 [9/36] (1.16ns)   --->   "%empty_57 = urem i32 %p_smodpre16_cast, i32 3" [./line_buffer.h:89->predecoder_kernel.cpp:65]   --->   Operation 104 'urem' 'empty_57' <Predicate = true> <Delay = 1.16> <CoreInst = "Divider">   --->   Core 6 'Divider' <Latency = 35> <II = 1> <Delay = 1.16> <FuncUnit> <Opcode : 'udiv' 'sdiv' 'urem' 'srem'> <InPorts = 2> <OutPorts = 1>

State 30 <SV = 29> <Delay = 1.16>
ST_30 : Operation 105 [8/36] (1.16ns)   --->   "%empty_57 = urem i32 %p_smodpre16_cast, i32 3" [./line_buffer.h:89->predecoder_kernel.cpp:65]   --->   Operation 105 'urem' 'empty_57' <Predicate = true> <Delay = 1.16> <CoreInst = "Divider">   --->   Core 6 'Divider' <Latency = 35> <II = 1> <Delay = 1.16> <FuncUnit> <Opcode : 'udiv' 'sdiv' 'urem' 'srem'> <InPorts = 2> <OutPorts = 1>

State 31 <SV = 30> <Delay = 1.16>
ST_31 : Operation 106 [7/36] (1.16ns)   --->   "%empty_57 = urem i32 %p_smodpre16_cast, i32 3" [./line_buffer.h:89->predecoder_kernel.cpp:65]   --->   Operation 106 'urem' 'empty_57' <Predicate = true> <Delay = 1.16> <CoreInst = "Divider">   --->   Core 6 'Divider' <Latency = 35> <II = 1> <Delay = 1.16> <FuncUnit> <Opcode : 'udiv' 'sdiv' 'urem' 'srem'> <InPorts = 2> <OutPorts = 1>

State 32 <SV = 31> <Delay = 1.16>
ST_32 : Operation 107 [6/36] (1.16ns)   --->   "%empty_57 = urem i32 %p_smodpre16_cast, i32 3" [./line_buffer.h:89->predecoder_kernel.cpp:65]   --->   Operation 107 'urem' 'empty_57' <Predicate = true> <Delay = 1.16> <CoreInst = "Divider">   --->   Core 6 'Divider' <Latency = 35> <II = 1> <Delay = 1.16> <FuncUnit> <Opcode : 'udiv' 'sdiv' 'urem' 'srem'> <InPorts = 2> <OutPorts = 1>

State 33 <SV = 32> <Delay = 1.16>
ST_33 : Operation 108 [5/36] (1.16ns)   --->   "%empty_57 = urem i32 %p_smodpre16_cast, i32 3" [./line_buffer.h:89->predecoder_kernel.cpp:65]   --->   Operation 108 'urem' 'empty_57' <Predicate = true> <Delay = 1.16> <CoreInst = "Divider">   --->   Core 6 'Divider' <Latency = 35> <II = 1> <Delay = 1.16> <FuncUnit> <Opcode : 'udiv' 'sdiv' 'urem' 'srem'> <InPorts = 2> <OutPorts = 1>

State 34 <SV = 33> <Delay = 1.16>
ST_34 : Operation 109 [4/36] (1.16ns)   --->   "%empty_57 = urem i32 %p_smodpre16_cast, i32 3" [./line_buffer.h:89->predecoder_kernel.cpp:65]   --->   Operation 109 'urem' 'empty_57' <Predicate = true> <Delay = 1.16> <CoreInst = "Divider">   --->   Core 6 'Divider' <Latency = 35> <II = 1> <Delay = 1.16> <FuncUnit> <Opcode : 'udiv' 'sdiv' 'urem' 'srem'> <InPorts = 2> <OutPorts = 1>

State 35 <SV = 34> <Delay = 1.16>
ST_35 : Operation 110 [3/36] (1.16ns)   --->   "%empty_57 = urem i32 %p_smodpre16_cast, i32 3" [./line_buffer.h:89->predecoder_kernel.cpp:65]   --->   Operation 110 'urem' 'empty_57' <Predicate = true> <Delay = 1.16> <CoreInst = "Divider">   --->   Core 6 'Divider' <Latency = 35> <II = 1> <Delay = 1.16> <FuncUnit> <Opcode : 'udiv' 'sdiv' 'urem' 'srem'> <InPorts = 2> <OutPorts = 1>

State 36 <SV = 35> <Delay = 1.83>
ST_36 : Operation 111 [2/36] (1.16ns)   --->   "%empty_57 = urem i32 %p_smodpre16_cast, i32 3" [./line_buffer.h:89->predecoder_kernel.cpp:65]   --->   Operation 111 'urem' 'empty_57' <Predicate = true> <Delay = 1.16> <CoreInst = "Divider">   --->   Core 6 'Divider' <Latency = 35> <II = 1> <Delay = 1.16> <FuncUnit> <Opcode : 'udiv' 'sdiv' 'urem' 'srem'> <InPorts = 2> <OutPorts = 1>
ST_36 : Operation 112 [1/1] (0.00ns)   --->   "%zext_ln90 = zext i2 %select_ln89" [./line_buffer.h:90->predecoder_kernel.cpp:65]   --->   Operation 112 'zext' 'zext_ln90' <Predicate = true> <Delay = 0.00>
ST_36 : Operation 113 [1/1] (0.43ns)   --->   "%tmp1 = add i3 %zext_ln90, i3 7" [./line_buffer.h:90->predecoder_kernel.cpp:65]   --->   Operation 113 'add' 'tmp1' <Predicate = true> <Delay = 0.43> <CoreInst = "Adder">   --->   Core 1 'Adder' <Latency = 0> <II = 1> <Delay = 0.43> <FuncUnit> <Opcode : 'add' 'sub'> <InPorts = 2> <OutPorts = 1>
ST_36 : Operation 114 [1/1] (0.00ns)   --->   "%tmp1_cast = sext i3 %tmp1" [./line_buffer.h:90->predecoder_kernel.cpp:65]   --->   Operation 114 'sext' 'tmp1_cast' <Predicate = true> <Delay = 0.00>
ST_36 : Operation 115 [1/1] (0.57ns)   --->   "%empty_60 = add i4 %tmp1_cast, i4 %zext_ln62_cast" [./line_buffer.h:90->predecoder_kernel.cpp:65]   --->   Operation 115 'add' 'empty_60' <Predicate = true> <Delay = 0.57> <CoreInst = "Adder">   --->   Core 1 'Adder' <Latency = 0> <II = 1> <Delay = 0.57> <FuncUnit> <Opcode : 'add' 'sub'> <InPorts = 2> <OutPorts = 1>
ST_36 : Operation 116 [1/1] (0.00ns)   --->   "%zext_ln65 = zext i4 %empty_60" [./line_buffer.h:65->./line_buffer.h:94->predecoder_kernel.cpp:65]   --->   Operation 116 'zext' 'zext_ln65' <Predicate = true> <Delay = 0.00>
ST_36 : Operation 117 [1/1] (0.00ns) (grouped into LUT with out node or_ln65_1)   --->   "%tmp_359 = bitselect i1 @_ssdm_op_BitSelect.i1.i4.i32, i4 %empty_60, i32 3" [./line_buffer.h:65->./line_buffer.h:94->predecoder_kernel.cpp:65]   --->   Operation 117 'bitselect' 'tmp_359' <Predicate = true> <Delay = 0.00>
ST_36 : Operation 118 [1/1] (0.70ns)   --->   "%icmp_ln65 = icmp_sgt  i4 %empty_60, i4 5" [./line_buffer.h:65->./line_buffer.h:94->predecoder_kernel.cpp:65]   --->   Operation 118 'icmp' 'icmp_ln65' <Predicate = true> <Delay = 0.70> <CoreInst = "Cmp">   --->   Core 9 'Cmp' <Latency = 0> <II = 1> <Delay = 0.70> <FuncUnit> <Opcode : 'icmp'> <InPorts = 2> <OutPorts = 1>
ST_36 : Operation 119 [1/1] (0.00ns) (grouped into LUT with out node or_ln65_1)   --->   "%or_ln65 = or i1 %cmp2_i_i_not, i1 %tmp_359" [./line_buffer.h:65->./line_buffer.h:94->predecoder_kernel.cpp:65]   --->   Operation 119 'or' 'or_ln65' <Predicate = true> <Delay = 0.00> <CoreInst = "LogicGate">   --->   Core 74 'LogicGate' <Latency = 0> <II = 1> <Delay = 0.12> <FuncUnit> <Opcode : 'and' 'or' 'xor'> <InPorts = 2> <OutPorts = 1>
ST_36 : Operation 120 [1/1] (0.00ns) (grouped into LUT with out node or_ln65_1)   --->   "%or_ln65_2 = or i1 %tmp_358, i1 %icmp_ln65" [./line_buffer.h:65->./line_buffer.h:94->predecoder_kernel.cpp:65]   --->   Operation 120 'or' 'or_ln65_2' <Predicate = true> <Delay = 0.00> <CoreInst = "LogicGate">   --->   Core 74 'LogicGate' <Latency = 0> <II = 1> <Delay = 0.12> <FuncUnit> <Opcode : 'and' 'or' 'xor'> <InPorts = 2> <OutPorts = 1>
ST_36 : Operation 121 [1/1] (0.12ns) (out node of the LUT)   --->   "%or_ln65_1 = or i1 %or_ln65_2, i1 %or_ln65" [./line_buffer.h:65->./line_buffer.h:94->predecoder_kernel.cpp:65]   --->   Operation 121 'or' 'or_ln65_1' <Predicate = true> <Delay = 0.12> <CoreInst = "LogicGate">   --->   Core 74 'LogicGate' <Latency = 0> <II = 1> <Delay = 0.12> <FuncUnit> <Opcode : 'and' 'or' 'xor'> <InPorts = 2> <OutPorts = 1>
ST_36 : Operation 122 [1/1] (0.00ns)   --->   "%fb_0_addr = getelementptr i8 %fb_0, i64 0, i64 %zext_ln65" [./line_buffer.h:69->./line_buffer.h:94->predecoder_kernel.cpp:65]   --->   Operation 122 'getelementptr' 'fb_0_addr' <Predicate = true> <Delay = 0.00>
ST_36 : Operation 123 [1/1] (0.00ns)   --->   "%fb_0_1_addr = getelementptr i8 %fb_0_1, i64 0, i64 %zext_ln65" [./line_buffer.h:69->./line_buffer.h:94->predecoder_kernel.cpp:65]   --->   Operation 123 'getelementptr' 'fb_0_1_addr' <Predicate = true> <Delay = 0.00>
ST_36 : Operation 124 [1/1] (0.00ns)   --->   "%fb_0_2_addr = getelementptr i8 %fb_0_2, i64 0, i64 %zext_ln65" [./line_buffer.h:69->./line_buffer.h:94->predecoder_kernel.cpp:65]   --->   Operation 124 'getelementptr' 'fb_0_2_addr' <Predicate = true> <Delay = 0.00>
ST_36 : Operation 125 [1/1] (0.00ns)   --->   "%fb_0_3_addr = getelementptr i8 %fb_0_3, i64 0, i64 %zext_ln65" [./line_buffer.h:69->./line_buffer.h:94->predecoder_kernel.cpp:65]   --->   Operation 125 'getelementptr' 'fb_0_3_addr' <Predicate = true> <Delay = 0.00>
ST_36 : Operation 126 [1/1] (0.00ns)   --->   "%fb_0_4_addr = getelementptr i8 %fb_0_4, i64 0, i64 %zext_ln65" [./line_buffer.h:69->./line_buffer.h:94->predecoder_kernel.cpp:65]   --->   Operation 126 'getelementptr' 'fb_0_4_addr' <Predicate = true> <Delay = 0.00>
ST_36 : Operation 127 [1/1] (0.00ns)   --->   "%fb_0_6_addr = getelementptr i8 %fb_0_6, i64 0, i64 %zext_ln65" [./line_buffer.h:69->./line_buffer.h:94->predecoder_kernel.cpp:65]   --->   Operation 127 'getelementptr' 'fb_0_6_addr' <Predicate = true> <Delay = 0.00>
ST_36 : Operation 128 [1/1] (0.00ns)   --->   "%fb_0_7_addr = getelementptr i8 %fb_0_7, i64 0, i64 %zext_ln65" [./line_buffer.h:69->./line_buffer.h:94->predecoder_kernel.cpp:65]   --->   Operation 128 'getelementptr' 'fb_0_7_addr' <Predicate = true> <Delay = 0.00>
ST_36 : Operation 129 [1/1] (0.00ns)   --->   "%fb_0_8_addr = getelementptr i8 %fb_0_8, i64 0, i64 %zext_ln65" [./line_buffer.h:69->./line_buffer.h:94->predecoder_kernel.cpp:65]   --->   Operation 129 'getelementptr' 'fb_0_8_addr' <Predicate = true> <Delay = 0.00>
ST_36 : Operation 130 [1/1] (0.00ns)   --->   "%fb_0_9_addr = getelementptr i8 %fb_0_9, i64 0, i64 %zext_ln65" [./line_buffer.h:69->./line_buffer.h:94->predecoder_kernel.cpp:65]   --->   Operation 130 'getelementptr' 'fb_0_9_addr' <Predicate = true> <Delay = 0.00>
ST_36 : Operation 131 [1/1] (0.00ns)   --->   "%fb_0_10_addr = getelementptr i8 %fb_0_10, i64 0, i64 %zext_ln65" [./line_buffer.h:69->./line_buffer.h:94->predecoder_kernel.cpp:65]   --->   Operation 131 'getelementptr' 'fb_0_10_addr' <Predicate = true> <Delay = 0.00>
ST_36 : Operation 132 [1/1] (0.00ns)   --->   "%fb_0_12_addr = getelementptr i8 %fb_0_12, i64 0, i64 %zext_ln65" [./line_buffer.h:69->./line_buffer.h:94->predecoder_kernel.cpp:65]   --->   Operation 132 'getelementptr' 'fb_0_12_addr' <Predicate = true> <Delay = 0.00>
ST_36 : Operation 133 [1/1] (0.00ns)   --->   "%fb_0_13_addr = getelementptr i8 %fb_0_13, i64 0, i64 %zext_ln65" [./line_buffer.h:69->./line_buffer.h:94->predecoder_kernel.cpp:65]   --->   Operation 133 'getelementptr' 'fb_0_13_addr' <Predicate = true> <Delay = 0.00>
ST_36 : Operation 134 [1/1] (0.00ns)   --->   "%fb_0_14_addr = getelementptr i8 %fb_0_14, i64 0, i64 %zext_ln65" [./line_buffer.h:69->./line_buffer.h:94->predecoder_kernel.cpp:65]   --->   Operation 134 'getelementptr' 'fb_0_14_addr' <Predicate = true> <Delay = 0.00>
ST_36 : Operation 135 [1/1] (0.00ns)   --->   "%fb_0_15_addr = getelementptr i8 %fb_0_15, i64 0, i64 %zext_ln65" [./line_buffer.h:69->./line_buffer.h:94->predecoder_kernel.cpp:65]   --->   Operation 135 'getelementptr' 'fb_0_15_addr' <Predicate = true> <Delay = 0.00>
ST_36 : Operation 136 [1/1] (0.00ns)   --->   "%fb_0_16_addr = getelementptr i8 %fb_0_16, i64 0, i64 %zext_ln65" [./line_buffer.h:69->./line_buffer.h:94->predecoder_kernel.cpp:65]   --->   Operation 136 'getelementptr' 'fb_0_16_addr' <Predicate = true> <Delay = 0.00>
ST_36 : Operation 137 [2/2] (0.66ns)   --->   "%fb_0_load = load i3 %fb_0_addr" [./line_buffer.h:69->./line_buffer.h:94->predecoder_kernel.cpp:65]   --->   Operation 137 'load' 'fb_0_load' <Predicate = true> <Delay = 0.66> <CoreInst = "RAM">   --->   Core 83 'RAM' <Latency = 1> <II = 1> <Delay = 0.66> <Storage> <Opcode : 'load' 'store'> <Ports = 2> <Width = 8> <Depth = 6> <RAM>
ST_36 : Operation 138 [2/2] (0.66ns)   --->   "%fb_0_1_load = load i3 %fb_0_1_addr" [./line_buffer.h:69->./line_buffer.h:94->predecoder_kernel.cpp:65]   --->   Operation 138 'load' 'fb_0_1_load' <Predicate = true> <Delay = 0.66> <CoreInst = "RAM">   --->   Core 83 'RAM' <Latency = 1> <II = 1> <Delay = 0.66> <Storage> <Opcode : 'load' 'store'> <Ports = 2> <Width = 8> <Depth = 6> <RAM>
ST_36 : Operation 139 [2/2] (0.66ns)   --->   "%fb_0_2_load = load i3 %fb_0_2_addr" [./line_buffer.h:69->./line_buffer.h:94->predecoder_kernel.cpp:65]   --->   Operation 139 'load' 'fb_0_2_load' <Predicate = true> <Delay = 0.66> <CoreInst = "RAM">   --->   Core 83 'RAM' <Latency = 1> <II = 1> <Delay = 0.66> <Storage> <Opcode : 'load' 'store'> <Ports = 2> <Width = 8> <Depth = 6> <RAM>
ST_36 : Operation 140 [2/2] (0.66ns)   --->   "%fb_0_3_load = load i3 %fb_0_3_addr" [./line_buffer.h:69->./line_buffer.h:94->predecoder_kernel.cpp:65]   --->   Operation 140 'load' 'fb_0_3_load' <Predicate = true> <Delay = 0.66> <CoreInst = "RAM">   --->   Core 83 'RAM' <Latency = 1> <II = 1> <Delay = 0.66> <Storage> <Opcode : 'load' 'store'> <Ports = 2> <Width = 8> <Depth = 6> <RAM>
ST_36 : Operation 141 [2/2] (0.66ns)   --->   "%fb_0_4_load = load i3 %fb_0_4_addr" [./line_buffer.h:69->./line_buffer.h:94->predecoder_kernel.cpp:65]   --->   Operation 141 'load' 'fb_0_4_load' <Predicate = true> <Delay = 0.66> <CoreInst = "RAM">   --->   Core 83 'RAM' <Latency = 1> <II = 1> <Delay = 0.66> <Storage> <Opcode : 'load' 'store'> <Ports = 2> <Width = 8> <Depth = 6> <RAM>
ST_36 : Operation 142 [2/2] (0.66ns)   --->   "%fb_0_6_load = load i3 %fb_0_6_addr" [./line_buffer.h:69->./line_buffer.h:94->predecoder_kernel.cpp:65]   --->   Operation 142 'load' 'fb_0_6_load' <Predicate = true> <Delay = 0.66> <CoreInst = "RAM">   --->   Core 83 'RAM' <Latency = 1> <II = 1> <Delay = 0.66> <Storage> <Opcode : 'load' 'store'> <Ports = 2> <Width = 8> <Depth = 6> <RAM>
ST_36 : Operation 143 [2/2] (0.66ns)   --->   "%fb_0_7_load = load i3 %fb_0_7_addr" [./line_buffer.h:69->./line_buffer.h:94->predecoder_kernel.cpp:65]   --->   Operation 143 'load' 'fb_0_7_load' <Predicate = true> <Delay = 0.66> <CoreInst = "RAM">   --->   Core 83 'RAM' <Latency = 1> <II = 1> <Delay = 0.66> <Storage> <Opcode : 'load' 'store'> <Ports = 2> <Width = 8> <Depth = 6> <RAM>
ST_36 : Operation 144 [2/2] (0.66ns)   --->   "%fb_0_8_load = load i3 %fb_0_8_addr" [./line_buffer.h:69->./line_buffer.h:94->predecoder_kernel.cpp:65]   --->   Operation 144 'load' 'fb_0_8_load' <Predicate = true> <Delay = 0.66> <CoreInst = "RAM">   --->   Core 83 'RAM' <Latency = 1> <II = 1> <Delay = 0.66> <Storage> <Opcode : 'load' 'store'> <Ports = 2> <Width = 8> <Depth = 6> <RAM>
ST_36 : Operation 145 [2/2] (0.66ns)   --->   "%fb_0_9_load = load i3 %fb_0_9_addr" [./line_buffer.h:69->./line_buffer.h:94->predecoder_kernel.cpp:65]   --->   Operation 145 'load' 'fb_0_9_load' <Predicate = true> <Delay = 0.66> <CoreInst = "RAM">   --->   Core 83 'RAM' <Latency = 1> <II = 1> <Delay = 0.66> <Storage> <Opcode : 'load' 'store'> <Ports = 2> <Width = 8> <Depth = 6> <RAM>
ST_36 : Operation 146 [2/2] (0.66ns)   --->   "%fb_0_10_load = load i3 %fb_0_10_addr" [./line_buffer.h:69->./line_buffer.h:94->predecoder_kernel.cpp:65]   --->   Operation 146 'load' 'fb_0_10_load' <Predicate = true> <Delay = 0.66> <CoreInst = "RAM">   --->   Core 83 'RAM' <Latency = 1> <II = 1> <Delay = 0.66> <Storage> <Opcode : 'load' 'store'> <Ports = 2> <Width = 8> <Depth = 6> <RAM>
ST_36 : Operation 147 [2/2] (0.66ns)   --->   "%fb_0_12_load = load i3 %fb_0_12_addr" [./line_buffer.h:69->./line_buffer.h:94->predecoder_kernel.cpp:65]   --->   Operation 147 'load' 'fb_0_12_load' <Predicate = true> <Delay = 0.66> <CoreInst = "RAM">   --->   Core 83 'RAM' <Latency = 1> <II = 1> <Delay = 0.66> <Storage> <Opcode : 'load' 'store'> <Ports = 2> <Width = 8> <Depth = 6> <RAM>
ST_36 : Operation 148 [2/2] (0.66ns)   --->   "%fb_0_13_load = load i3 %fb_0_13_addr" [./line_buffer.h:69->./line_buffer.h:94->predecoder_kernel.cpp:65]   --->   Operation 148 'load' 'fb_0_13_load' <Predicate = true> <Delay = 0.66> <CoreInst = "RAM">   --->   Core 83 'RAM' <Latency = 1> <II = 1> <Delay = 0.66> <Storage> <Opcode : 'load' 'store'> <Ports = 2> <Width = 8> <Depth = 6> <RAM>
ST_36 : Operation 149 [2/2] (0.66ns)   --->   "%fb_0_14_load = load i3 %fb_0_14_addr" [./line_buffer.h:69->./line_buffer.h:94->predecoder_kernel.cpp:65]   --->   Operation 149 'load' 'fb_0_14_load' <Predicate = true> <Delay = 0.66> <CoreInst = "RAM">   --->   Core 83 'RAM' <Latency = 1> <II = 1> <Delay = 0.66> <Storage> <Opcode : 'load' 'store'> <Ports = 2> <Width = 8> <Depth = 6> <RAM>
ST_36 : Operation 150 [2/2] (0.66ns)   --->   "%fb_0_15_load = load i3 %fb_0_15_addr" [./line_buffer.h:69->./line_buffer.h:94->predecoder_kernel.cpp:65]   --->   Operation 150 'load' 'fb_0_15_load' <Predicate = true> <Delay = 0.66> <CoreInst = "RAM">   --->   Core 83 'RAM' <Latency = 1> <II = 1> <Delay = 0.66> <Storage> <Opcode : 'load' 'store'> <Ports = 2> <Width = 8> <Depth = 6> <RAM>
ST_36 : Operation 151 [2/2] (0.66ns)   --->   "%fb_0_16_load = load i3 %fb_0_16_addr" [./line_buffer.h:69->./line_buffer.h:94->predecoder_kernel.cpp:65]   --->   Operation 151 'load' 'fb_0_16_load' <Predicate = true> <Delay = 0.66> <CoreInst = "RAM">   --->   Core 83 'RAM' <Latency = 1> <II = 1> <Delay = 0.66> <Storage> <Opcode : 'load' 'store'> <Ports = 2> <Width = 8> <Depth = 6> <RAM>
ST_36 : Operation 152 [1/1] (0.00ns)   --->   "%fb_0_5_addr = getelementptr i8 %fb_0_5, i64 0, i64 %zext_ln65" [./line_buffer.h:69->./line_buffer.h:94->predecoder_kernel.cpp:65]   --->   Operation 152 'getelementptr' 'fb_0_5_addr' <Predicate = true> <Delay = 0.00>
ST_36 : Operation 153 [1/1] (0.00ns)   --->   "%fb_0_11_addr = getelementptr i8 %fb_0_11, i64 0, i64 %zext_ln65" [./line_buffer.h:69->./line_buffer.h:94->predecoder_kernel.cpp:65]   --->   Operation 153 'getelementptr' 'fb_0_11_addr' <Predicate = true> <Delay = 0.00>
ST_36 : Operation 154 [1/1] (0.00ns)   --->   "%fb_0_17_addr = getelementptr i8 %fb_0_17, i64 0, i64 %zext_ln65" [./line_buffer.h:69->./line_buffer.h:94->predecoder_kernel.cpp:65]   --->   Operation 154 'getelementptr' 'fb_0_17_addr' <Predicate = true> <Delay = 0.00>
ST_36 : Operation 155 [2/2] (0.66ns)   --->   "%fb_0_5_load = load i3 %fb_0_5_addr" [./line_buffer.h:69->./line_buffer.h:94->predecoder_kernel.cpp:65]   --->   Operation 155 'load' 'fb_0_5_load' <Predicate = true> <Delay = 0.66> <CoreInst = "RAM">   --->   Core 83 'RAM' <Latency = 1> <II = 1> <Delay = 0.66> <Storage> <Opcode : 'load' 'store'> <Ports = 2> <Width = 8> <Depth = 6> <RAM>
ST_36 : Operation 156 [2/2] (0.66ns)   --->   "%fb_0_11_load = load i3 %fb_0_11_addr" [./line_buffer.h:69->./line_buffer.h:94->predecoder_kernel.cpp:65]   --->   Operation 156 'load' 'fb_0_11_load' <Predicate = true> <Delay = 0.66> <CoreInst = "RAM">   --->   Core 83 'RAM' <Latency = 1> <II = 1> <Delay = 0.66> <Storage> <Opcode : 'load' 'store'> <Ports = 2> <Width = 8> <Depth = 6> <RAM>
ST_36 : Operation 157 [2/2] (0.66ns)   --->   "%fb_0_17_load = load i3 %fb_0_17_addr" [./line_buffer.h:69->./line_buffer.h:94->predecoder_kernel.cpp:65]   --->   Operation 157 'load' 'fb_0_17_load' <Predicate = true> <Delay = 0.66> <CoreInst = "RAM">   --->   Core 83 'RAM' <Latency = 1> <II = 1> <Delay = 0.66> <Storage> <Opcode : 'load' 'store'> <Ports = 2> <Width = 8> <Depth = 6> <RAM>

State 37 <SV = 36> <Delay = 2.29>
ST_37 : Operation 158 [1/36] (1.16ns)   --->   "%empty_57 = urem i32 %p_smodpre16_cast, i32 3" [./line_buffer.h:89->predecoder_kernel.cpp:65]   --->   Operation 158 'urem' 'empty_57' <Predicate = true> <Delay = 1.16> <CoreInst = "Divider">   --->   Core 6 'Divider' <Latency = 35> <II = 1> <Delay = 1.16> <FuncUnit> <Opcode : 'udiv' 'sdiv' 'urem' 'srem'> <InPorts = 2> <OutPorts = 1>
ST_37 : Operation 159 [1/1] (0.00ns)   --->   "%empty_58 = trunc i2 %empty_57" [./line_buffer.h:89->predecoder_kernel.cpp:65]   --->   Operation 159 'trunc' 'empty_58' <Predicate = true> <Delay = 0.00>
ST_37 : Operation 160 [1/1] (0.43ns)   --->   "%empty_59 = sub i2 2, i2 %empty_58" [./line_buffer.h:89->predecoder_kernel.cpp:65]   --->   Operation 160 'sub' 'empty_59' <Predicate = (tmp_358)> <Delay = 0.43> <CoreInst = "Adder">   --->   Core 1 'Adder' <Latency = 0> <II = 1> <Delay = 0.43> <FuncUnit> <Opcode : 'add' 'sub'> <InPorts = 2> <OutPorts = 1>
ST_37 : Operation 161 [1/1] (0.27ns)   --->   "%p_smodpost17 = select i1 %tmp_358, i2 %empty_59, i2 %empty_58" [./line_buffer.h:89->predecoder_kernel.cpp:65]   --->   Operation 161 'select' 'p_smodpost17' <Predicate = true> <Delay = 0.27> <CoreInst = "Sel">   --->   Core 73 'Sel' <Latency = 0> <II = 1> <Delay = 0.27> <FuncUnit> <Opcode : 'select'> <InPorts = 3> <OutPorts = 1>
ST_37 : Operation 162 [1/2] (0.66ns)   --->   "%fb_0_load = load i3 %fb_0_addr" [./line_buffer.h:69->./line_buffer.h:94->predecoder_kernel.cpp:65]   --->   Operation 162 'load' 'fb_0_load' <Predicate = true> <Delay = 0.66> <CoreInst = "RAM">   --->   Core 83 'RAM' <Latency = 1> <II = 1> <Delay = 0.66> <Storage> <Opcode : 'load' 'store'> <Ports = 2> <Width = 8> <Depth = 6> <RAM>
ST_37 : Operation 163 [1/2] (0.66ns)   --->   "%fb_0_1_load = load i3 %fb_0_1_addr" [./line_buffer.h:69->./line_buffer.h:94->predecoder_kernel.cpp:65]   --->   Operation 163 'load' 'fb_0_1_load' <Predicate = true> <Delay = 0.66> <CoreInst = "RAM">   --->   Core 83 'RAM' <Latency = 1> <II = 1> <Delay = 0.66> <Storage> <Opcode : 'load' 'store'> <Ports = 2> <Width = 8> <Depth = 6> <RAM>
ST_37 : Operation 164 [1/2] (0.66ns)   --->   "%fb_0_2_load = load i3 %fb_0_2_addr" [./line_buffer.h:69->./line_buffer.h:94->predecoder_kernel.cpp:65]   --->   Operation 164 'load' 'fb_0_2_load' <Predicate = true> <Delay = 0.66> <CoreInst = "RAM">   --->   Core 83 'RAM' <Latency = 1> <II = 1> <Delay = 0.66> <Storage> <Opcode : 'load' 'store'> <Ports = 2> <Width = 8> <Depth = 6> <RAM>
ST_37 : Operation 165 [1/2] (0.66ns)   --->   "%fb_0_3_load = load i3 %fb_0_3_addr" [./line_buffer.h:69->./line_buffer.h:94->predecoder_kernel.cpp:65]   --->   Operation 165 'load' 'fb_0_3_load' <Predicate = true> <Delay = 0.66> <CoreInst = "RAM">   --->   Core 83 'RAM' <Latency = 1> <II = 1> <Delay = 0.66> <Storage> <Opcode : 'load' 'store'> <Ports = 2> <Width = 8> <Depth = 6> <RAM>
ST_37 : Operation 166 [1/2] (0.66ns)   --->   "%fb_0_4_load = load i3 %fb_0_4_addr" [./line_buffer.h:69->./line_buffer.h:94->predecoder_kernel.cpp:65]   --->   Operation 166 'load' 'fb_0_4_load' <Predicate = true> <Delay = 0.66> <CoreInst = "RAM">   --->   Core 83 'RAM' <Latency = 1> <II = 1> <Delay = 0.66> <Storage> <Opcode : 'load' 'store'> <Ports = 2> <Width = 8> <Depth = 6> <RAM>
ST_37 : Operation 167 [1/1] (0.48ns)   --->   "%tmp_s = sparsemux i8 @_ssdm_op_SparseMux.ap_auto.5i8.i8.i3, i3 1, i8 %fb_0_load, i3 2, i8 %fb_0_1_load, i3 3, i8 %fb_0_2_load, i3 4, i8 %fb_0_3_load, i3 5, i8 %fb_0_4_load, i8 0, i3 %select_ln62_read" [./line_buffer.h:69->./line_buffer.h:94->predecoder_kernel.cpp:65]   --->   Operation 167 'sparsemux' 'tmp_s' <Predicate = true> <Delay = 0.48> <CoreInst = "SparseMux">   --->   Core 147 'SparseMux' <Latency = 0> <II = 1> <Delay = 0.48> <FuncUnit> <Opcode : 'sparsemux'> <InPorts = 2> <OutPorts = 1>
ST_37 : Operation 168 [1/2] (0.66ns)   --->   "%fb_0_6_load = load i3 %fb_0_6_addr" [./line_buffer.h:69->./line_buffer.h:94->predecoder_kernel.cpp:65]   --->   Operation 168 'load' 'fb_0_6_load' <Predicate = true> <Delay = 0.66> <CoreInst = "RAM">   --->   Core 83 'RAM' <Latency = 1> <II = 1> <Delay = 0.66> <Storage> <Opcode : 'load' 'store'> <Ports = 2> <Width = 8> <Depth = 6> <RAM>
ST_37 : Operation 169 [1/2] (0.66ns)   --->   "%fb_0_7_load = load i3 %fb_0_7_addr" [./line_buffer.h:69->./line_buffer.h:94->predecoder_kernel.cpp:65]   --->   Operation 169 'load' 'fb_0_7_load' <Predicate = true> <Delay = 0.66> <CoreInst = "RAM">   --->   Core 83 'RAM' <Latency = 1> <II = 1> <Delay = 0.66> <Storage> <Opcode : 'load' 'store'> <Ports = 2> <Width = 8> <Depth = 6> <RAM>
ST_37 : Operation 170 [1/2] (0.66ns)   --->   "%fb_0_8_load = load i3 %fb_0_8_addr" [./line_buffer.h:69->./line_buffer.h:94->predecoder_kernel.cpp:65]   --->   Operation 170 'load' 'fb_0_8_load' <Predicate = true> <Delay = 0.66> <CoreInst = "RAM">   --->   Core 83 'RAM' <Latency = 1> <II = 1> <Delay = 0.66> <Storage> <Opcode : 'load' 'store'> <Ports = 2> <Width = 8> <Depth = 6> <RAM>
ST_37 : Operation 171 [1/2] (0.66ns)   --->   "%fb_0_9_load = load i3 %fb_0_9_addr" [./line_buffer.h:69->./line_buffer.h:94->predecoder_kernel.cpp:65]   --->   Operation 171 'load' 'fb_0_9_load' <Predicate = true> <Delay = 0.66> <CoreInst = "RAM">   --->   Core 83 'RAM' <Latency = 1> <II = 1> <Delay = 0.66> <Storage> <Opcode : 'load' 'store'> <Ports = 2> <Width = 8> <Depth = 6> <RAM>
ST_37 : Operation 172 [1/2] (0.66ns)   --->   "%fb_0_10_load = load i3 %fb_0_10_addr" [./line_buffer.h:69->./line_buffer.h:94->predecoder_kernel.cpp:65]   --->   Operation 172 'load' 'fb_0_10_load' <Predicate = true> <Delay = 0.66> <CoreInst = "RAM">   --->   Core 83 'RAM' <Latency = 1> <II = 1> <Delay = 0.66> <Storage> <Opcode : 'load' 'store'> <Ports = 2> <Width = 8> <Depth = 6> <RAM>
ST_37 : Operation 173 [1/1] (0.48ns)   --->   "%tmp_372 = sparsemux i8 @_ssdm_op_SparseMux.ap_auto.5i8.i8.i3, i3 1, i8 %fb_0_6_load, i3 2, i8 %fb_0_7_load, i3 3, i8 %fb_0_8_load, i3 4, i8 %fb_0_9_load, i3 5, i8 %fb_0_10_load, i8 0, i3 %select_ln62_read" [./line_buffer.h:69->./line_buffer.h:94->predecoder_kernel.cpp:65]   --->   Operation 173 'sparsemux' 'tmp_372' <Predicate = true> <Delay = 0.48> <CoreInst = "SparseMux">   --->   Core 147 'SparseMux' <Latency = 0> <II = 1> <Delay = 0.48> <FuncUnit> <Opcode : 'sparsemux'> <InPorts = 2> <OutPorts = 1>
ST_37 : Operation 174 [1/2] (0.66ns)   --->   "%fb_0_12_load = load i3 %fb_0_12_addr" [./line_buffer.h:69->./line_buffer.h:94->predecoder_kernel.cpp:65]   --->   Operation 174 'load' 'fb_0_12_load' <Predicate = true> <Delay = 0.66> <CoreInst = "RAM">   --->   Core 83 'RAM' <Latency = 1> <II = 1> <Delay = 0.66> <Storage> <Opcode : 'load' 'store'> <Ports = 2> <Width = 8> <Depth = 6> <RAM>
ST_37 : Operation 175 [1/2] (0.66ns)   --->   "%fb_0_13_load = load i3 %fb_0_13_addr" [./line_buffer.h:69->./line_buffer.h:94->predecoder_kernel.cpp:65]   --->   Operation 175 'load' 'fb_0_13_load' <Predicate = true> <Delay = 0.66> <CoreInst = "RAM">   --->   Core 83 'RAM' <Latency = 1> <II = 1> <Delay = 0.66> <Storage> <Opcode : 'load' 'store'> <Ports = 2> <Width = 8> <Depth = 6> <RAM>
ST_37 : Operation 176 [1/2] (0.66ns)   --->   "%fb_0_14_load = load i3 %fb_0_14_addr" [./line_buffer.h:69->./line_buffer.h:94->predecoder_kernel.cpp:65]   --->   Operation 176 'load' 'fb_0_14_load' <Predicate = true> <Delay = 0.66> <CoreInst = "RAM">   --->   Core 83 'RAM' <Latency = 1> <II = 1> <Delay = 0.66> <Storage> <Opcode : 'load' 'store'> <Ports = 2> <Width = 8> <Depth = 6> <RAM>
ST_37 : Operation 177 [1/2] (0.66ns)   --->   "%fb_0_15_load = load i3 %fb_0_15_addr" [./line_buffer.h:69->./line_buffer.h:94->predecoder_kernel.cpp:65]   --->   Operation 177 'load' 'fb_0_15_load' <Predicate = true> <Delay = 0.66> <CoreInst = "RAM">   --->   Core 83 'RAM' <Latency = 1> <II = 1> <Delay = 0.66> <Storage> <Opcode : 'load' 'store'> <Ports = 2> <Width = 8> <Depth = 6> <RAM>
ST_37 : Operation 178 [1/2] (0.66ns)   --->   "%fb_0_16_load = load i3 %fb_0_16_addr" [./line_buffer.h:69->./line_buffer.h:94->predecoder_kernel.cpp:65]   --->   Operation 178 'load' 'fb_0_16_load' <Predicate = true> <Delay = 0.66> <CoreInst = "RAM">   --->   Core 83 'RAM' <Latency = 1> <II = 1> <Delay = 0.66> <Storage> <Opcode : 'load' 'store'> <Ports = 2> <Width = 8> <Depth = 6> <RAM>
ST_37 : Operation 179 [1/1] (0.48ns)   --->   "%tmp_373 = sparsemux i8 @_ssdm_op_SparseMux.ap_auto.5i8.i8.i3, i3 1, i8 %fb_0_12_load, i3 2, i8 %fb_0_13_load, i3 3, i8 %fb_0_14_load, i3 4, i8 %fb_0_15_load, i3 5, i8 %fb_0_16_load, i8 0, i3 %select_ln62_read" [./line_buffer.h:69->./line_buffer.h:94->predecoder_kernel.cpp:65]   --->   Operation 179 'sparsemux' 'tmp_373' <Predicate = true> <Delay = 0.48> <CoreInst = "SparseMux">   --->   Core 147 'SparseMux' <Latency = 0> <II = 1> <Delay = 0.48> <FuncUnit> <Opcode : 'sparsemux'> <InPorts = 2> <OutPorts = 1>
ST_37 : Operation 180 [1/1] (0.41ns)   --->   "%tmp_374 = sparsemux i8 @_ssdm_op_SparseMux.ap_auto.3i8.i8.i2, i2 0, i8 %tmp_s, i2 1, i8 %tmp_372, i2 2, i8 %tmp_373, i8 0, i2 %p_smodpost17" [./line_buffer.h:69->./line_buffer.h:94->predecoder_kernel.cpp:65]   --->   Operation 180 'sparsemux' 'tmp_374' <Predicate = true> <Delay = 0.41> <CoreInst = "SparseMux">   --->   Core 147 'SparseMux' <Latency = 0> <II = 1> <Delay = 0.41> <FuncUnit> <Opcode : 'sparsemux'> <InPorts = 2> <OutPorts = 1>
ST_37 : Operation 181 [1/2] (0.66ns)   --->   "%fb_0_5_load = load i3 %fb_0_5_addr" [./line_buffer.h:69->./line_buffer.h:94->predecoder_kernel.cpp:65]   --->   Operation 181 'load' 'fb_0_5_load' <Predicate = true> <Delay = 0.66> <CoreInst = "RAM">   --->   Core 83 'RAM' <Latency = 1> <II = 1> <Delay = 0.66> <Storage> <Opcode : 'load' 'store'> <Ports = 2> <Width = 8> <Depth = 6> <RAM>
ST_37 : Operation 182 [1/1] (0.51ns)   --->   "%tmp_375 = sparsemux i8 @_ssdm_op_SparseMux.ap_auto.6i8.i8.i3, i3 0, i8 %fb_0_load, i3 1, i8 %fb_0_1_load, i3 2, i8 %fb_0_2_load, i3 3, i8 %fb_0_3_load, i3 4, i8 %fb_0_4_load, i3 5, i8 %fb_0_5_load, i8 0, i3 %select_ln62_read" [./line_buffer.h:69->./line_buffer.h:94->predecoder_kernel.cpp:65]   --->   Operation 182 'sparsemux' 'tmp_375' <Predicate = (!or_ln65_1)> <Delay = 0.51> <CoreInst = "SparseMux">   --->   Core 147 'SparseMux' <Latency = 0> <II = 1> <Delay = 0.51> <FuncUnit> <Opcode : 'sparsemux'> <InPorts = 2> <OutPorts = 1>
ST_37 : Operation 183 [1/2] (0.66ns)   --->   "%fb_0_11_load = load i3 %fb_0_11_addr" [./line_buffer.h:69->./line_buffer.h:94->predecoder_kernel.cpp:65]   --->   Operation 183 'load' 'fb_0_11_load' <Predicate = true> <Delay = 0.66> <CoreInst = "RAM">   --->   Core 83 'RAM' <Latency = 1> <II = 1> <Delay = 0.66> <Storage> <Opcode : 'load' 'store'> <Ports = 2> <Width = 8> <Depth = 6> <RAM>
ST_37 : Operation 184 [1/1] (0.51ns)   --->   "%tmp_376 = sparsemux i8 @_ssdm_op_SparseMux.ap_auto.6i8.i8.i3, i3 0, i8 %fb_0_6_load, i3 1, i8 %fb_0_7_load, i3 2, i8 %fb_0_8_load, i3 3, i8 %fb_0_9_load, i3 4, i8 %fb_0_10_load, i3 5, i8 %fb_0_11_load, i8 0, i3 %select_ln62_read" [./line_buffer.h:69->./line_buffer.h:94->predecoder_kernel.cpp:65]   --->   Operation 184 'sparsemux' 'tmp_376' <Predicate = (!or_ln65_1)> <Delay = 0.51> <CoreInst = "SparseMux">   --->   Core 147 'SparseMux' <Latency = 0> <II = 1> <Delay = 0.51> <FuncUnit> <Opcode : 'sparsemux'> <InPorts = 2> <OutPorts = 1>
ST_37 : Operation 185 [1/2] (0.66ns)   --->   "%fb_0_17_load = load i3 %fb_0_17_addr" [./line_buffer.h:69->./line_buffer.h:94->predecoder_kernel.cpp:65]   --->   Operation 185 'load' 'fb_0_17_load' <Predicate = true> <Delay = 0.66> <CoreInst = "RAM">   --->   Core 83 'RAM' <Latency = 1> <II = 1> <Delay = 0.66> <Storage> <Opcode : 'load' 'store'> <Ports = 2> <Width = 8> <Depth = 6> <RAM>
ST_37 : Operation 186 [1/1] (0.51ns)   --->   "%tmp_377 = sparsemux i8 @_ssdm_op_SparseMux.ap_auto.6i8.i8.i3, i3 0, i8 %fb_0_12_load, i3 1, i8 %fb_0_13_load, i3 2, i8 %fb_0_14_load, i3 3, i8 %fb_0_15_load, i3 4, i8 %fb_0_16_load, i3 5, i8 %fb_0_17_load, i8 0, i3 %select_ln62_read" [./line_buffer.h:69->./line_buffer.h:94->predecoder_kernel.cpp:65]   --->   Operation 186 'sparsemux' 'tmp_377' <Predicate = (!or_ln65_1)> <Delay = 0.51> <CoreInst = "SparseMux">   --->   Core 147 'SparseMux' <Latency = 0> <II = 1> <Delay = 0.51> <FuncUnit> <Opcode : 'sparsemux'> <InPorts = 2> <OutPorts = 1>
ST_37 : Operation 187 [1/1] (0.41ns)   --->   "%tmp_378 = sparsemux i8 @_ssdm_op_SparseMux.ap_auto.3i8.i8.i2, i2 0, i8 %tmp_375, i2 1, i8 %tmp_376, i2 2, i8 %tmp_377, i8 0, i2 %p_smodpost17" [./line_buffer.h:69->./line_buffer.h:94->predecoder_kernel.cpp:65]   --->   Operation 187 'sparsemux' 'tmp_378' <Predicate = (!or_ln65_1)> <Delay = 0.41> <CoreInst = "SparseMux">   --->   Core 147 'SparseMux' <Latency = 0> <II = 1> <Delay = 0.41> <FuncUnit> <Opcode : 'sparsemux'> <InPorts = 2> <OutPorts = 1>
ST_37 : Operation 188 [1/1] (0.48ns)   --->   "%tmp_379 = sparsemux i8 @_ssdm_op_SparseMux.ap_auto.5i8.i8.i3, i3 0, i8 %fb_0_1_load, i3 1, i8 %fb_0_2_load, i3 2, i8 %fb_0_3_load, i3 3, i8 %fb_0_4_load, i3 4, i8 %fb_0_5_load, i8 0, i3 %select_ln62_read" [./line_buffer.h:69->./line_buffer.h:94->predecoder_kernel.cpp:65]   --->   Operation 188 'sparsemux' 'tmp_379' <Predicate = true> <Delay = 0.48> <CoreInst = "SparseMux">   --->   Core 147 'SparseMux' <Latency = 0> <II = 1> <Delay = 0.48> <FuncUnit> <Opcode : 'sparsemux'> <InPorts = 2> <OutPorts = 1>
ST_37 : Operation 189 [1/1] (0.48ns)   --->   "%tmp_380 = sparsemux i8 @_ssdm_op_SparseMux.ap_auto.5i8.i8.i3, i3 0, i8 %fb_0_7_load, i3 1, i8 %fb_0_8_load, i3 2, i8 %fb_0_9_load, i3 3, i8 %fb_0_10_load, i3 4, i8 %fb_0_11_load, i8 0, i3 %select_ln62_read" [./line_buffer.h:69->./line_buffer.h:94->predecoder_kernel.cpp:65]   --->   Operation 189 'sparsemux' 'tmp_380' <Predicate = true> <Delay = 0.48> <CoreInst = "SparseMux">   --->   Core 147 'SparseMux' <Latency = 0> <II = 1> <Delay = 0.48> <FuncUnit> <Opcode : 'sparsemux'> <InPorts = 2> <OutPorts = 1>
ST_37 : Operation 190 [1/1] (0.48ns)   --->   "%tmp_381 = sparsemux i8 @_ssdm_op_SparseMux.ap_auto.5i8.i8.i3, i3 0, i8 %fb_0_13_load, i3 1, i8 %fb_0_14_load, i3 2, i8 %fb_0_15_load, i3 3, i8 %fb_0_16_load, i3 4, i8 %fb_0_17_load, i8 0, i3 %select_ln62_read" [./line_buffer.h:69->./line_buffer.h:94->predecoder_kernel.cpp:65]   --->   Operation 190 'sparsemux' 'tmp_381' <Predicate = true> <Delay = 0.48> <CoreInst = "SparseMux">   --->   Core 147 'SparseMux' <Latency = 0> <II = 1> <Delay = 0.48> <FuncUnit> <Opcode : 'sparsemux'> <InPorts = 2> <OutPorts = 1>
ST_37 : Operation 191 [1/1] (0.41ns)   --->   "%tmp_382 = sparsemux i8 @_ssdm_op_SparseMux.ap_auto.3i8.i8.i2, i2 0, i8 %tmp_379, i2 1, i8 %tmp_380, i2 2, i8 %tmp_381, i8 0, i2 %p_smodpost17" [./line_buffer.h:69->./line_buffer.h:94->predecoder_kernel.cpp:65]   --->   Operation 191 'sparsemux' 'tmp_382' <Predicate = true> <Delay = 0.41> <CoreInst = "SparseMux">   --->   Core 147 'SparseMux' <Latency = 0> <II = 1> <Delay = 0.41> <FuncUnit> <Opcode : 'sparsemux'> <InPorts = 2> <OutPorts = 1>
ST_37 : Operation 214 [1/1] (0.00ns)   --->   "%ret_ln0 = ret"   --->   Operation 214 'ret' 'ret_ln0' <Predicate = (icmp_ln89)> <Delay = 0.00>

State 38 <SV = 37> <Delay = 1.09>
ST_38 : Operation 192 [1/1] (0.00ns)   --->   "%specloopname_ln0 = specloopname void @_ssdm_op_SpecLoopName, void @VITIS_LOOP_89_1_VITIS_LOOP_90_2_str"   --->   Operation 192 'specloopname' 'specloopname_ln0' <Predicate = true> <Delay = 0.00>
ST_38 : Operation 193 [1/1] (0.00ns)   --->   "%speclooptripcount_ln0 = speclooptripcount void @_ssdm_op_SpecLoopTripCount, i64 9, i64 9, i64 9"   --->   Operation 193 'speclooptripcount' 'speclooptripcount_ln0' <Predicate = true> <Delay = 0.00>
ST_38 : Operation 194 [1/1] (0.00ns)   --->   "%zext_ln97 = zext i2 %select_ln89_1" [./line_buffer.h:97->predecoder_kernel.cpp:65]   --->   Operation 194 'zext' 'zext_ln97' <Predicate = true> <Delay = 0.00>
ST_38 : Operation 195 [1/1] (0.00ns)   --->   "%tmp_3 = bitconcatenate i4 @_ssdm_op_BitConcatenate.i4.i2.i2, i2 %select_ln89_1, i2 0" [./line_buffer.h:97->predecoder_kernel.cpp:65]   --->   Operation 195 'bitconcatenate' 'tmp_3' <Predicate = true> <Delay = 0.00>
ST_38 : Operation 196 [1/1] (0.00ns) (grouped into TernaryAdder)   --->   "%sub_ln97 = sub i4 %tmp_3, i4 %zext_ln97" [./line_buffer.h:97->predecoder_kernel.cpp:65]   --->   Operation 196 'sub' 'sub_ln97' <Predicate = true> <Delay = 0.00> <CoreInst = "TAddSub">   --->   Core 10 'TAddSub' <Latency = 0> <II = 1> <Delay = 0.18> <IPBlock> <Opcode : '' 'add' 'sub'> <InPorts = 3> <OutPorts = 1> <Sync> <CReg>
ST_38 : Operation 197 [1/1] (0.00ns)   --->   "%zext_ln97_1 = zext i2 %select_ln89" [./line_buffer.h:97->predecoder_kernel.cpp:65]   --->   Operation 197 'zext' 'zext_ln97_1' <Predicate = true> <Delay = 0.00>
ST_38 : Operation 198 [1/1] (0.37ns) (root node of TernaryAdder)   --->   "%add_ln97 = add i4 %sub_ln97, i4 %zext_ln97_1" [./line_buffer.h:97->predecoder_kernel.cpp:65]   --->   Operation 198 'add' 'add_ln97' <Predicate = true> <Delay = 0.37> <CoreInst = "TAddSub">   --->   Core 10 'TAddSub' <Latency = 0> <II = 1> <Delay = 0.18> <IPBlock> <Opcode : '' 'add' 'sub'> <InPorts = 3> <OutPorts = 1> <Sync> <CReg>
ST_38 : Operation 199 [1/1] (0.00ns)   --->   "%zext_ln97_2 = zext i4 %add_ln97" [./line_buffer.h:97->predecoder_kernel.cpp:65]   --->   Operation 199 'zext' 'zext_ln97_2' <Predicate = true> <Delay = 0.00>
ST_38 : Operation 200 [1/1] (0.00ns)   --->   "%window_0_addr = getelementptr i8 %window_0, i64 0, i64 %zext_ln97_2" [./line_buffer.h:97->predecoder_kernel.cpp:65]   --->   Operation 200 'getelementptr' 'window_0_addr' <Predicate = true> <Delay = 0.00>
ST_38 : Operation 201 [1/1] (0.00ns)   --->   "%window_0_1_addr = getelementptr i8 %window_0_1, i64 0, i64 %zext_ln97_2" [./line_buffer.h:97->predecoder_kernel.cpp:65]   --->   Operation 201 'getelementptr' 'window_0_1_addr' <Predicate = true> <Delay = 0.00>
ST_38 : Operation 202 [1/1] (0.00ns)   --->   "%window_0_2_addr = getelementptr i8 %window_0_2, i64 0, i64 %zext_ln97_2" [./line_buffer.h:97->predecoder_kernel.cpp:65]   --->   Operation 202 'getelementptr' 'window_0_2_addr' <Predicate = true> <Delay = 0.00>
ST_38 : Operation 203 [1/1] (0.00ns)   --->   "%specpipeline_ln90 = specpipeline void @_ssdm_op_SpecPipeline, i32 4294967295, i32 0, i32 0, i32 0, void @empty_5" [./line_buffer.h:90->predecoder_kernel.cpp:65]   --->   Operation 203 'specpipeline' 'specpipeline_ln90' <Predicate = true> <Delay = 0.00>
ST_38 : Operation 204 [1/1] (0.12ns)   --->   "%xor_ln65 = xor i1 %or_ln65_1, i1 1" [./line_buffer.h:65->./line_buffer.h:94->predecoder_kernel.cpp:65]   --->   Operation 204 'xor' 'xor_ln65' <Predicate = true> <Delay = 0.12> <CoreInst = "LogicGate">   --->   Core 74 'LogicGate' <Latency = 0> <II = 1> <Delay = 0.12> <FuncUnit> <Opcode : 'and' 'or' 'xor'> <InPorts = 2> <OutPorts = 1>
ST_38 : Operation 205 [1/1] (0.00ns) (grouped into LUT with out node pix)   --->   "%in_bounds = and i1 %cmp8_i_i_read, i1 %xor_ln65" [./line_buffer.h:65->./line_buffer.h:94->predecoder_kernel.cpp:65]   --->   Operation 205 'and' 'in_bounds' <Predicate = true> <Delay = 0.00> <CoreInst = "LogicGate">   --->   Core 74 'LogicGate' <Latency = 0> <II = 1> <Delay = 0.12> <FuncUnit> <Opcode : 'and' 'or' 'xor'> <InPorts = 2> <OutPorts = 1>
ST_38 : Operation 206 [1/1] (0.30ns) (out node of the LUT)   --->   "%pix = select i1 %in_bounds, i8 %tmp_374, i8 0" [./line_buffer.h:65->./line_buffer.h:94->predecoder_kernel.cpp:65]   --->   Operation 206 'select' 'pix' <Predicate = true> <Delay = 0.30> <CoreInst = "Sel">   --->   Core 73 'Sel' <Latency = 0> <II = 1> <Delay = 0.30> <FuncUnit> <Opcode : 'select'> <InPorts = 3> <OutPorts = 1>
ST_38 : Operation 207 [1/1] (0.66ns)   --->   "%store_ln97 = store i8 %pix, i4 %window_0_addr" [./line_buffer.h:97->predecoder_kernel.cpp:65]   --->   Operation 207 'store' 'store_ln97' <Predicate = true> <Delay = 0.66> <CoreInst = "RAM">   --->   Core 83 'RAM' <Latency = 1> <II = 1> <Delay = 0.66> <Storage> <Opcode : 'load' 'store'> <Ports = 2> <Width = 8> <Depth = 9> <RAM>
ST_38 : Operation 208 [1/1] (0.30ns)   --->   "%pix_1 = select i1 %or_ln65_1, i8 0, i8 %tmp_378" [./line_buffer.h:65->./line_buffer.h:94->predecoder_kernel.cpp:65]   --->   Operation 208 'select' 'pix_1' <Predicate = true> <Delay = 0.30> <CoreInst = "Sel">   --->   Core 73 'Sel' <Latency = 0> <II = 1> <Delay = 0.30> <FuncUnit> <Opcode : 'select'> <InPorts = 3> <OutPorts = 1>
ST_38 : Operation 209 [1/1] (0.66ns)   --->   "%store_ln97 = store i8 %pix_1, i4 %window_0_1_addr" [./line_buffer.h:97->predecoder_kernel.cpp:65]   --->   Operation 209 'store' 'store_ln97' <Predicate = true> <Delay = 0.66> <CoreInst = "RAM">   --->   Core 83 'RAM' <Latency = 1> <II = 1> <Delay = 0.66> <Storage> <Opcode : 'load' 'store'> <Ports = 2> <Width = 8> <Depth = 9> <RAM>
ST_38 : Operation 210 [1/1] (0.00ns) (grouped into LUT with out node pix_2)   --->   "%in_bounds_1 = and i1 %cmp9_i_i_2_read, i1 %xor_ln65" [./line_buffer.h:65->./line_buffer.h:94->predecoder_kernel.cpp:65]   --->   Operation 210 'and' 'in_bounds_1' <Predicate = true> <Delay = 0.00> <CoreInst = "LogicGate">   --->   Core 74 'LogicGate' <Latency = 0> <II = 1> <Delay = 0.12> <FuncUnit> <Opcode : 'and' 'or' 'xor'> <InPorts = 2> <OutPorts = 1>
ST_38 : Operation 211 [1/1] (0.30ns) (out node of the LUT)   --->   "%pix_2 = select i1 %in_bounds_1, i8 %tmp_382, i8 0" [./line_buffer.h:65->./line_buffer.h:94->predecoder_kernel.cpp:65]   --->   Operation 211 'select' 'pix_2' <Predicate = true> <Delay = 0.30> <CoreInst = "Sel">   --->   Core 73 'Sel' <Latency = 0> <II = 1> <Delay = 0.30> <FuncUnit> <Opcode : 'select'> <InPorts = 3> <OutPorts = 1>
ST_38 : Operation 212 [1/1] (0.66ns)   --->   "%store_ln97 = store i8 %pix_2, i4 %window_0_2_addr" [./line_buffer.h:97->predecoder_kernel.cpp:65]   --->   Operation 212 'store' 'store_ln97' <Predicate = true> <Delay = 0.66> <CoreInst = "RAM">   --->   Core 83 'RAM' <Latency = 1> <II = 1> <Delay = 0.66> <Storage> <Opcode : 'load' 'store'> <Ports = 2> <Width = 8> <Depth = 9> <RAM>
ST_38 : Operation 213 [1/1] (0.00ns)   --->   "%br_ln90 = br void %for.body4.i" [./line_buffer.h:90->predecoder_kernel.cpp:65]   --->   Operation 213 'br' 'br_ln90' <Predicate = true> <Delay = 0.00>


============================================================
+ Verbose Summary: Timing violations
============================================================
Target clock period: 3.330ns, clock uncertainty: 0.899ns.

 <State 1>: 1.924ns
The critical path consists of the following:
	'store' operation 0 bit ('store_ln90', ./line_buffer.h:90->predecoder_kernel.cpp:65) of constant 0 on local variable 'dy', ./line_buffer.h:90->predecoder_kernel.cpp:65 [39]  (0.387 ns)
	'load' operation 2 bit ('dy_load', ./line_buffer.h:90->predecoder_kernel.cpp:65) on local variable 'dy', ./line_buffer.h:90->predecoder_kernel.cpp:65 [47]  (0.000 ns)
	'icmp' operation 1 bit ('icmp_ln90', ./line_buffer.h:90->predecoder_kernel.cpp:65) [52]  (0.436 ns)
	'select' operation 2 bit ('select_ln89', ./line_buffer.h:89->predecoder_kernel.cpp:65) [53]  (0.278 ns)
	'add' operation 2 bit ('add_ln90', ./line_buffer.h:90->predecoder_kernel.cpp:65) [144]  (0.436 ns)
	'store' operation 0 bit ('store_ln90', ./line_buffer.h:90->predecoder_kernel.cpp:65) of variable 'add_ln90', ./line_buffer.h:90->predecoder_kernel.cpp:65 on local variable 'dy', ./line_buffer.h:90->predecoder_kernel.cpp:65 [147]  (0.387 ns)

 <State 2>: 2.015ns
The critical path consists of the following:
	'xor' operation 2 bit ('tmp', ./line_buffer.h:89->predecoder_kernel.cpp:65) [58]  (0.000 ns)
	'add' operation 4 bit ('empty', ./line_buffer.h:89->predecoder_kernel.cpp:65) [60]  (0.572 ns)
	'xor' operation 4 bit ('p_smodpre16', ./line_buffer.h:89->predecoder_kernel.cpp:65) [63]  (0.278 ns)
	'urem' operation 2 bit ('empty_57', ./line_buffer.h:89->predecoder_kernel.cpp:65) [65]  (1.165 ns)

 <State 3>: 1.165ns
The critical path consists of the following:
	'urem' operation 2 bit ('empty_57', ./line_buffer.h:89->predecoder_kernel.cpp:65) [65]  (1.165 ns)

 <State 4>: 1.165ns
The critical path consists of the following:
	'urem' operation 2 bit ('empty_57', ./line_buffer.h:89->predecoder_kernel.cpp:65) [65]  (1.165 ns)

 <State 5>: 1.165ns
The critical path consists of the following:
	'urem' operation 2 bit ('empty_57', ./line_buffer.h:89->predecoder_kernel.cpp:65) [65]  (1.165 ns)

 <State 6>: 1.165ns
The critical path consists of the following:
	'urem' operation 2 bit ('empty_57', ./line_buffer.h:89->predecoder_kernel.cpp:65) [65]  (1.165 ns)

 <State 7>: 1.165ns
The critical path consists of the following:
	'urem' operation 2 bit ('empty_57', ./line_buffer.h:89->predecoder_kernel.cpp:65) [65]  (1.165 ns)

 <State 8>: 1.165ns
The critical path consists of the following:
	'urem' operation 2 bit ('empty_57', ./line_buffer.h:89->predecoder_kernel.cpp:65) [65]  (1.165 ns)

 <State 9>: 1.165ns
The critical path consists of the following:
	'urem' operation 2 bit ('empty_57', ./line_buffer.h:89->predecoder_kernel.cpp:65) [65]  (1.165 ns)

 <State 10>: 1.165ns
The critical path consists of the following:
	'urem' operation 2 bit ('empty_57', ./line_buffer.h:89->predecoder_kernel.cpp:65) [65]  (1.165 ns)

 <State 11>: 1.165ns
The critical path consists of the following:
	'urem' operation 2 bit ('empty_57', ./line_buffer.h:89->predecoder_kernel.cpp:65) [65]  (1.165 ns)

 <State 12>: 1.165ns
The critical path consists of the following:
	'urem' operation 2 bit ('empty_57', ./line_buffer.h:89->predecoder_kernel.cpp:65) [65]  (1.165 ns)

 <State 13>: 1.165ns
The critical path consists of the following:
	'urem' operation 2 bit ('empty_57', ./line_buffer.h:89->predecoder_kernel.cpp:65) [65]  (1.165 ns)

 <State 14>: 1.165ns
The critical path consists of the following:
	'urem' operation 2 bit ('empty_57', ./line_buffer.h:89->predecoder_kernel.cpp:65) [65]  (1.165 ns)

 <State 15>: 1.165ns
The critical path consists of the following:
	'urem' operation 2 bit ('empty_57', ./line_buffer.h:89->predecoder_kernel.cpp:65) [65]  (1.165 ns)

 <State 16>: 1.165ns
The critical path consists of the following:
	'urem' operation 2 bit ('empty_57', ./line_buffer.h:89->predecoder_kernel.cpp:65) [65]  (1.165 ns)

 <State 17>: 1.165ns
The critical path consists of the following:
	'urem' operation 2 bit ('empty_57', ./line_buffer.h:89->predecoder_kernel.cpp:65) [65]  (1.165 ns)

 <State 18>: 1.165ns
The critical path consists of the following:
	'urem' operation 2 bit ('empty_57', ./line_buffer.h:89->predecoder_kernel.cpp:65) [65]  (1.165 ns)

 <State 19>: 1.165ns
The critical path consists of the following:
	'urem' operation 2 bit ('empty_57', ./line_buffer.h:89->predecoder_kernel.cpp:65) [65]  (1.165 ns)

 <State 20>: 1.165ns
The critical path consists of the following:
	'urem' operation 2 bit ('empty_57', ./line_buffer.h:89->predecoder_kernel.cpp:65) [65]  (1.165 ns)

 <State 21>: 1.165ns
The critical path consists of the following:
	'urem' operation 2 bit ('empty_57', ./line_buffer.h:89->predecoder_kernel.cpp:65) [65]  (1.165 ns)

 <State 22>: 1.165ns
The critical path consists of the following:
	'urem' operation 2 bit ('empty_57', ./line_buffer.h:89->predecoder_kernel.cpp:65) [65]  (1.165 ns)

 <State 23>: 1.165ns
The critical path consists of the following:
	'urem' operation 2 bit ('empty_57', ./line_buffer.h:89->predecoder_kernel.cpp:65) [65]  (1.165 ns)

 <State 24>: 1.165ns
The critical path consists of the following:
	'urem' operation 2 bit ('empty_57', ./line_buffer.h:89->predecoder_kernel.cpp:65) [65]  (1.165 ns)

 <State 25>: 1.165ns
The critical path consists of the following:
	'urem' operation 2 bit ('empty_57', ./line_buffer.h:89->predecoder_kernel.cpp:65) [65]  (1.165 ns)

 <State 26>: 1.165ns
The critical path consists of the following:
	'urem' operation 2 bit ('empty_57', ./line_buffer.h:89->predecoder_kernel.cpp:65) [65]  (1.165 ns)

 <State 27>: 1.165ns
The critical path consists of the following:
	'urem' operation 2 bit ('empty_57', ./line_buffer.h:89->predecoder_kernel.cpp:65) [65]  (1.165 ns)

 <State 28>: 1.165ns
The critical path consists of the following:
	'urem' operation 2 bit ('empty_57', ./line_buffer.h:89->predecoder_kernel.cpp:65) [65]  (1.165 ns)

 <State 29>: 1.165ns
The critical path consists of the following:
	'urem' operation 2 bit ('empty_57', ./line_buffer.h:89->predecoder_kernel.cpp:65) [65]  (1.165 ns)

 <State 30>: 1.165ns
The critical path consists of the following:
	'urem' operation 2 bit ('empty_57', ./line_buffer.h:89->predecoder_kernel.cpp:65) [65]  (1.165 ns)

 <State 31>: 1.165ns
The critical path consists of the following:
	'urem' operation 2 bit ('empty_57', ./line_buffer.h:89->predecoder_kernel.cpp:65) [65]  (1.165 ns)

 <State 32>: 1.165ns
The critical path consists of the following:
	'urem' operation 2 bit ('empty_57', ./line_buffer.h:89->predecoder_kernel.cpp:65) [65]  (1.165 ns)

 <State 33>: 1.165ns
The critical path consists of the following:
	'urem' operation 2 bit ('empty_57', ./line_buffer.h:89->predecoder_kernel.cpp:65) [65]  (1.165 ns)

 <State 34>: 1.165ns
The critical path consists of the following:
	'urem' operation 2 bit ('empty_57', ./line_buffer.h:89->predecoder_kernel.cpp:65) [65]  (1.165 ns)

 <State 35>: 1.165ns
The critical path consists of the following:
	'urem' operation 2 bit ('empty_57', ./line_buffer.h:89->predecoder_kernel.cpp:65) [65]  (1.165 ns)

 <State 36>: 1.838ns
The critical path consists of the following:
	'add' operation 3 bit ('tmp1', ./line_buffer.h:90->predecoder_kernel.cpp:65) [78]  (0.436 ns)
	'add' operation 4 bit ('empty_60', ./line_buffer.h:90->predecoder_kernel.cpp:65) [80]  (0.572 ns)
	'icmp' operation 1 bit ('icmp_ln65', ./line_buffer.h:65->./line_buffer.h:94->predecoder_kernel.cpp:65) [83]  (0.708 ns)
	'or' operation 1 bit ('or_ln65_2', ./line_buffer.h:65->./line_buffer.h:94->predecoder_kernel.cpp:65) [85]  (0.000 ns)
	'or' operation 1 bit ('or_ln65_1', ./line_buffer.h:65->./line_buffer.h:94->predecoder_kernel.cpp:65) [86]  (0.122 ns)

 <State 37>: 2.299ns
The critical path consists of the following:
	'urem' operation 2 bit ('empty_57', ./line_buffer.h:89->predecoder_kernel.cpp:65) [65]  (1.165 ns)
	'sub' operation 2 bit ('empty_59', ./line_buffer.h:89->predecoder_kernel.cpp:65) [67]  (0.436 ns)
	'select' operation 2 bit ('p_smodpost17', ./line_buffer.h:89->predecoder_kernel.cpp:65) [68]  (0.278 ns)
	'sparsemux' operation 8 bit ('tmp_374', ./line_buffer.h:69->./line_buffer.h:94->predecoder_kernel.cpp:65) [122]  (0.420 ns)

 <State 38>: 1.092ns
The critical path consists of the following:
	'xor' operation 1 bit ('xor_ln65', ./line_buffer.h:65->./line_buffer.h:94->predecoder_kernel.cpp:65) [87]  (0.122 ns)
	'and' operation 1 bit ('in_bounds', ./line_buffer.h:65->./line_buffer.h:94->predecoder_kernel.cpp:65) [88]  (0.000 ns)
	'select' operation 8 bit ('pix', ./line_buffer.h:65->./line_buffer.h:94->predecoder_kernel.cpp:65) [123]  (0.303 ns)
	'store' operation 0 bit ('store_ln97', ./line_buffer.h:97->predecoder_kernel.cpp:65) of variable 'pix', ./line_buffer.h:65->./line_buffer.h:94->predecoder_kernel.cpp:65 on array 'window_0' [124]  (0.667 ns)


============================================================
+ Verbose Summary: Binding
============================================================
N/A
* FSMD analyzer results:
  - Output states:
 - Input state : 
  - Chain level:
	State 1
	State 2
	State 3
	State 4
	State 5
	State 6
	State 7
	State 8
	State 9
	State 10
	State 11
	State 12
	State 13
	State 14
	State 15
	State 16
	State 17
	State 18
	State 19
	State 20
	State 21
	State 22
	State 23
	State 24
	State 25
	State 26
	State 27
	State 28
	State 29
	State 30
	State 31
	State 32
	State 33
	State 34
	State 35
	State 36
	State 37
	State 38


============================================================
+ Verbose Summary: Datapath Resource usage 
============================================================
N/A
