

================================================================
== Vitis HLS Report for 'conv3d_hidden_layer_1_Pipeline_VITIS_LOOP_46_1_VITIS_LOOP_47_2'
================================================================
* Date:           Thu Sep  3 17:05:55 2026

* Version:        2023.2 (Build 4023990 on Oct 11 2023)
* Project:        predecoder_csynth_proj
* Solution:       solution1 (Vitis Kernel Flow Target)
* Product family: virtexuplusHBM
* Target device:  xcu55c-fsvh2892-2L-e


================================================================
== Performance Estimates
================================================================
+ Timing: 
    * Summary: 
    +--------+---------+----------+------------+
    |  Clock |  Target | Estimated| Uncertainty|
    +--------+---------+----------+------------+
    |ap_clk  |  3.33 ns|  2.188 ns|     0.90 ns|
    +--------+---------+----------+------------+

+ Latency: 
    * Summary: 
    +---------+---------+----------+----------+-----+-----+---------+
    |  Latency (cycles) |  Latency (absolute) |  Interval | Pipeline|
    |   min   |   max   |    min   |    max   | min | max |   Type  |
    +---------+---------+----------+----------+-----+-----+---------+
    |       38|       38|  0.127 us|  0.127 us|   38|   38|       no|
    +---------+---------+----------+----------+-----+-----+---------+

    + Detail: 
        * Instance: 
        N/A

        * Loop: 
        +-----------------------------------+---------+---------+----------+-----------+-----------+------+----------+
        |                                   |  Latency (cycles) | Iteration|  Initiation Interval  | Trip |          |
        |             Loop Name             |   min   |   max   |  Latency |  achieved |   target  | Count| Pipelined|
        +-----------------------------------+---------+---------+----------+-----------+-----------+------+----------+
        |- VITIS_LOOP_46_1_VITIS_LOOP_47_2  |       36|       36|         2|          1|          1|    36|       yes|
        +-----------------------------------+---------+---------+----------+-----------+-----------+------+----------+

============================================================
+ Verbose Summary: Synthesis Manager
============================================================
InlineROM: 1
ExposeGlobal: 0
============================================================
+ Verbose Summary: CDFG Model
============================================================
IsTopModel: 0
ResetActiveHigh: 1
IsCombinational: 0
IsDatapathOnly: 0
HasWiredReturn: 1
HasMFsm: 2
HasVarLatency: 1
IsPipeline: 0
IsRtlPipelined: 0
IsInstanceOverlapped: 0
IsDontTouch: 0
HasImplIP: 0
IsGatedGlobalClock: 0

+ Individual pipeline summary: 
  * Pipeline-0: initiation interval (II) = 1, depth = 2


============================================================
+ Verbose Summary: Schedule
============================================================
* Number of FSM states : 2
* Pipeline : 1
  Pipeline-0 : II = 1, D = 2, States = { 1 2 }
* Dataflow Pipeline: 0

* FSM state transitions: 
1 --> 2 
2 --> 

* FSM state operations: 

State 1 <SV = 0> <Delay = 1.48>
ST_1 : Operation 5 [1/1] (0.00ns)   --->   "%x_5 = alloca i32 1" [./line_buffer.h:50->predecoder_kernel.cpp:55]   --->   Operation 5 'alloca' 'x_5' <Predicate = true> <Delay = 0.00>
ST_1 : Operation 6 [1/1] (0.00ns)   --->   "%y = alloca i32 1" [predecoder_kernel.cpp:46]   --->   Operation 6 'alloca' 'y' <Predicate = true> <Delay = 0.00>
ST_1 : Operation 7 [1/1] (0.00ns)   --->   "%indvar_flatten18 = alloca i32 1"   --->   Operation 7 'alloca' 'indvar_flatten18' <Predicate = true> <Delay = 0.00>
ST_1 : Operation 8 [1/1] (0.00ns)   --->   "%specinterface_ln0 = specinterface void @_ssdm_op_SpecInterface, i96 %s0, void @empty_1, i32 0, i32 0, void @empty_5, i32 0, i32 0, void @empty_5, void @empty_5, void @empty_5, i32 0, i32 0, i32 0, i32 0, void @empty_5, void @empty_5, i32 4294967295, i32 0"   --->   Operation 8 'specinterface' 'specinterface_ln0' <Predicate = true> <Delay = 0.00>
ST_1 : Operation 9 [1/1] (0.00ns)   --->   "%tmp = read i2 @_ssdm_op_Read.ap_auto.i2, i2 %empty"   --->   Operation 9 'read' 'tmp' <Predicate = true> <Delay = 0.00>
ST_1 : Operation 10 [1/1] (0.38ns)   --->   "%store_ln0 = store i6 0, i6 %indvar_flatten18"   --->   Operation 10 'store' 'store_ln0' <Predicate = true> <Delay = 0.38>
ST_1 : Operation 11 [1/1] (0.38ns)   --->   "%store_ln46 = store i3 0, i3 %y" [predecoder_kernel.cpp:46]   --->   Operation 11 'store' 'store_ln46' <Predicate = true> <Delay = 0.38>
ST_1 : Operation 12 [1/1] (0.38ns)   --->   "%store_ln50 = store i3 0, i3 %x_5" [./line_buffer.h:50->predecoder_kernel.cpp:55]   --->   Operation 12 'store' 'store_ln50' <Predicate = true> <Delay = 0.38>
ST_1 : Operation 13 [1/1] (0.00ns)   --->   "%br_ln0 = br void %VITIS_LOOP_51_3"   --->   Operation 13 'br' 'br_ln0' <Predicate = true> <Delay = 0.00>
ST_1 : Operation 14 [1/1] (0.00ns)   --->   "%indvar_flatten18_load = load i6 %indvar_flatten18" [predecoder_kernel.cpp:46]   --->   Operation 14 'load' 'indvar_flatten18_load' <Predicate = true> <Delay = 0.00>
ST_1 : Operation 15 [1/1] (0.70ns)   --->   "%icmp_ln46 = icmp_eq  i6 %indvar_flatten18_load, i6 36" [predecoder_kernel.cpp:46]   --->   Operation 15 'icmp' 'icmp_ln46' <Predicate = true> <Delay = 0.70> <CoreInst = "Cmp">   --->   Core 9 'Cmp' <Latency = 0> <II = 1> <Delay = 0.70> <FuncUnit> <Opcode : 'icmp'> <InPorts = 2> <OutPorts = 1>
ST_1 : Operation 16 [1/1] (0.70ns)   --->   "%add_ln46_1 = add i6 %indvar_flatten18_load, i6 1" [predecoder_kernel.cpp:46]   --->   Operation 16 'add' 'add_ln46_1' <Predicate = true> <Delay = 0.70> <CoreInst = "Adder">   --->   Core 1 'Adder' <Latency = 0> <II = 1> <Delay = 0.70> <FuncUnit> <Opcode : 'add' 'sub'> <InPorts = 2> <OutPorts = 1>
ST_1 : Operation 17 [1/1] (0.00ns)   --->   "%br_ln46 = br i1 %icmp_ln46, void %for.inc19, void %if.end.loopexit.exitStub" [predecoder_kernel.cpp:46]   --->   Operation 17 'br' 'br_ln46' <Predicate = true> <Delay = 0.00>
ST_1 : Operation 18 [1/1] (0.66ns)   --->   "%switch_ln55 = switch i2 %tmp, void %arrayidx94.i.case.2, i2 0, void %arrayidx94.i.case.0, i2 1, void %arrayidx94.i.case.1" [./line_buffer.h:55->predecoder_kernel.cpp:55]   --->   Operation 18 'switch' 'switch_ln55' <Predicate = (!icmp_ln46)> <Delay = 0.66>
ST_1 : Operation 19 [1/1] (0.00ns)   --->   "%br_ln55 = br void %arrayidx94.i.exit" [./line_buffer.h:55->predecoder_kernel.cpp:55]   --->   Operation 19 'br' 'br_ln55' <Predicate = (!icmp_ln46 & tmp == 1)> <Delay = 0.00>
ST_1 : Operation 20 [1/1] (0.00ns)   --->   "%br_ln55 = br void %arrayidx94.i.exit" [./line_buffer.h:55->predecoder_kernel.cpp:55]   --->   Operation 20 'br' 'br_ln55' <Predicate = (!icmp_ln46 & tmp == 0)> <Delay = 0.00>
ST_1 : Operation 21 [1/1] (0.00ns)   --->   "%br_ln55 = br void %arrayidx94.i.exit" [./line_buffer.h:55->predecoder_kernel.cpp:55]   --->   Operation 21 'br' 'br_ln55' <Predicate = (!icmp_ln46 & tmp != 0 & tmp != 1)> <Delay = 0.00>
ST_1 : Operation 22 [1/1] (0.38ns)   --->   "%store_ln46 = store i6 %add_ln46_1, i6 %indvar_flatten18" [predecoder_kernel.cpp:46]   --->   Operation 22 'store' 'store_ln46' <Predicate = (!icmp_ln46)> <Delay = 0.38>
ST_1 : Operation 96 [1/1] (0.00ns)   --->   "%ret_ln0 = ret"   --->   Operation 96 'ret' 'ret_ln0' <Predicate = (icmp_ln46)> <Delay = 0.00>

State 2 <SV = 1> <Delay = 2.18>
ST_2 : Operation 23 [1/1] (0.00ns)   --->   "%x_5_load = load i3 %x_5" [predecoder_kernel.cpp:47]   --->   Operation 23 'load' 'x_5_load' <Predicate = true> <Delay = 0.00>
ST_2 : Operation 24 [1/1] (0.00ns)   --->   "%y_load = load i3 %y" [predecoder_kernel.cpp:46]   --->   Operation 24 'load' 'y_load' <Predicate = true> <Delay = 0.00>
ST_2 : Operation 25 [1/1] (0.57ns)   --->   "%add_ln46 = add i3 %y_load, i3 1" [predecoder_kernel.cpp:46]   --->   Operation 25 'add' 'add_ln46' <Predicate = true> <Delay = 0.57> <CoreInst = "Adder">   --->   Core 1 'Adder' <Latency = 0> <II = 1> <Delay = 0.57> <FuncUnit> <Opcode : 'add' 'sub'> <InPorts = 2> <OutPorts = 1>
ST_2 : Operation 26 [1/1] (0.00ns)   --->   "%specloopname_ln0 = specloopname void @_ssdm_op_SpecLoopName, void @VITIS_LOOP_46_1_VITIS_LOOP_47_2_str"   --->   Operation 26 'specloopname' 'specloopname_ln0' <Predicate = true> <Delay = 0.00>
ST_2 : Operation 27 [1/1] (0.00ns)   --->   "%speclooptripcount_ln0 = speclooptripcount void @_ssdm_op_SpecLoopTripCount, i64 36, i64 36, i64 36"   --->   Operation 27 'speclooptripcount' 'speclooptripcount_ln0' <Predicate = true> <Delay = 0.00>
ST_2 : Operation 28 [1/1] (0.57ns)   --->   "%icmp_ln47 = icmp_eq  i3 %x_5_load, i3 6" [predecoder_kernel.cpp:47]   --->   Operation 28 'icmp' 'icmp_ln47' <Predicate = true> <Delay = 0.57> <CoreInst = "Cmp">   --->   Core 9 'Cmp' <Latency = 0> <II = 1> <Delay = 0.57> <FuncUnit> <Opcode : 'icmp'> <InPorts = 2> <OutPorts = 1>
ST_2 : Operation 29 [1/1] (0.27ns)   --->   "%select_ln46 = select i1 %icmp_ln47, i3 0, i3 %x_5_load" [predecoder_kernel.cpp:46]   --->   Operation 29 'select' 'select_ln46' <Predicate = true> <Delay = 0.27> <CoreInst = "Sel">   --->   Core 73 'Sel' <Latency = 0> <II = 1> <Delay = 0.27> <FuncUnit> <Opcode : 'select'> <InPorts = 3> <OutPorts = 1>
ST_2 : Operation 30 [1/1] (0.27ns)   --->   "%select_ln46_1 = select i1 %icmp_ln47, i3 %add_ln46, i3 %y_load" [predecoder_kernel.cpp:46]   --->   Operation 30 'select' 'select_ln46_1' <Predicate = true> <Delay = 0.27> <CoreInst = "Sel">   --->   Core 73 'Sel' <Latency = 0> <II = 1> <Delay = 0.27> <FuncUnit> <Opcode : 'select'> <InPorts = 3> <OutPorts = 1>
ST_2 : Operation 31 [1/1] (0.00ns)   --->   "%zext_ln46 = zext i3 %select_ln46_1" [predecoder_kernel.cpp:46]   --->   Operation 31 'zext' 'zext_ln46' <Predicate = true> <Delay = 0.00>
ST_2 : Operation 32 [1/1] (0.00ns)   --->   "%fb_0_addr = getelementptr i8 %fb_0, i64 0, i64 %zext_ln46" [./line_buffer.h:55->predecoder_kernel.cpp:55]   --->   Operation 32 'getelementptr' 'fb_0_addr' <Predicate = true> <Delay = 0.00>
ST_2 : Operation 33 [1/1] (0.00ns)   --->   "%fb_0_1_addr = getelementptr i8 %fb_0_1, i64 0, i64 %zext_ln46" [./line_buffer.h:55->predecoder_kernel.cpp:55]   --->   Operation 33 'getelementptr' 'fb_0_1_addr' <Predicate = true> <Delay = 0.00>
ST_2 : Operation 34 [1/1] (0.00ns)   --->   "%fb_0_2_addr = getelementptr i8 %fb_0_2, i64 0, i64 %zext_ln46" [./line_buffer.h:55->predecoder_kernel.cpp:55]   --->   Operation 34 'getelementptr' 'fb_0_2_addr' <Predicate = true> <Delay = 0.00>
ST_2 : Operation 35 [1/1] (0.00ns)   --->   "%fb_0_3_addr = getelementptr i8 %fb_0_3, i64 0, i64 %zext_ln46" [./line_buffer.h:55->predecoder_kernel.cpp:55]   --->   Operation 35 'getelementptr' 'fb_0_3_addr' <Predicate = true> <Delay = 0.00>
ST_2 : Operation 36 [1/1] (0.00ns)   --->   "%fb_0_4_addr = getelementptr i8 %fb_0_4, i64 0, i64 %zext_ln46" [./line_buffer.h:55->predecoder_kernel.cpp:55]   --->   Operation 36 'getelementptr' 'fb_0_4_addr' <Predicate = true> <Delay = 0.00>
ST_2 : Operation 37 [1/1] (0.00ns)   --->   "%fb_0_5_addr = getelementptr i8 %fb_0_5, i64 0, i64 %zext_ln46" [./line_buffer.h:55->predecoder_kernel.cpp:55]   --->   Operation 37 'getelementptr' 'fb_0_5_addr' <Predicate = true> <Delay = 0.00>
ST_2 : Operation 38 [1/1] (0.00ns)   --->   "%fb_0_6_addr = getelementptr i8 %fb_0_6, i64 0, i64 %zext_ln46" [./line_buffer.h:55->predecoder_kernel.cpp:55]   --->   Operation 38 'getelementptr' 'fb_0_6_addr' <Predicate = true> <Delay = 0.00>
ST_2 : Operation 39 [1/1] (0.00ns)   --->   "%fb_0_7_addr = getelementptr i8 %fb_0_7, i64 0, i64 %zext_ln46" [./line_buffer.h:55->predecoder_kernel.cpp:55]   --->   Operation 39 'getelementptr' 'fb_0_7_addr' <Predicate = true> <Delay = 0.00>
ST_2 : Operation 40 [1/1] (0.00ns)   --->   "%fb_0_8_addr = getelementptr i8 %fb_0_8, i64 0, i64 %zext_ln46" [./line_buffer.h:55->predecoder_kernel.cpp:55]   --->   Operation 40 'getelementptr' 'fb_0_8_addr' <Predicate = true> <Delay = 0.00>
ST_2 : Operation 41 [1/1] (0.00ns)   --->   "%fb_0_9_addr = getelementptr i8 %fb_0_9, i64 0, i64 %zext_ln46" [./line_buffer.h:55->predecoder_kernel.cpp:55]   --->   Operation 41 'getelementptr' 'fb_0_9_addr' <Predicate = true> <Delay = 0.00>
ST_2 : Operation 42 [1/1] (0.00ns)   --->   "%fb_0_10_addr = getelementptr i8 %fb_0_10, i64 0, i64 %zext_ln46" [./line_buffer.h:55->predecoder_kernel.cpp:55]   --->   Operation 42 'getelementptr' 'fb_0_10_addr' <Predicate = true> <Delay = 0.00>
ST_2 : Operation 43 [1/1] (0.00ns)   --->   "%fb_0_11_addr = getelementptr i8 %fb_0_11, i64 0, i64 %zext_ln46" [./line_buffer.h:55->predecoder_kernel.cpp:55]   --->   Operation 43 'getelementptr' 'fb_0_11_addr' <Predicate = true> <Delay = 0.00>
ST_2 : Operation 44 [1/1] (0.00ns)   --->   "%fb_0_12_addr = getelementptr i8 %fb_0_12, i64 0, i64 %zext_ln46" [./line_buffer.h:55->predecoder_kernel.cpp:55]   --->   Operation 44 'getelementptr' 'fb_0_12_addr' <Predicate = true> <Delay = 0.00>
ST_2 : Operation 45 [1/1] (0.00ns)   --->   "%fb_0_13_addr = getelementptr i8 %fb_0_13, i64 0, i64 %zext_ln46" [./line_buffer.h:55->predecoder_kernel.cpp:55]   --->   Operation 45 'getelementptr' 'fb_0_13_addr' <Predicate = true> <Delay = 0.00>
ST_2 : Operation 46 [1/1] (0.00ns)   --->   "%fb_0_14_addr = getelementptr i8 %fb_0_14, i64 0, i64 %zext_ln46" [./line_buffer.h:55->predecoder_kernel.cpp:55]   --->   Operation 46 'getelementptr' 'fb_0_14_addr' <Predicate = true> <Delay = 0.00>
ST_2 : Operation 47 [1/1] (0.00ns)   --->   "%fb_0_15_addr = getelementptr i8 %fb_0_15, i64 0, i64 %zext_ln46" [./line_buffer.h:55->predecoder_kernel.cpp:55]   --->   Operation 47 'getelementptr' 'fb_0_15_addr' <Predicate = true> <Delay = 0.00>
ST_2 : Operation 48 [1/1] (0.00ns)   --->   "%fb_0_16_addr = getelementptr i8 %fb_0_16, i64 0, i64 %zext_ln46" [./line_buffer.h:55->predecoder_kernel.cpp:55]   --->   Operation 48 'getelementptr' 'fb_0_16_addr' <Predicate = true> <Delay = 0.00>
ST_2 : Operation 49 [1/1] (0.00ns)   --->   "%fb_0_17_addr = getelementptr i8 %fb_0_17, i64 0, i64 %zext_ln46" [./line_buffer.h:55->predecoder_kernel.cpp:55]   --->   Operation 49 'getelementptr' 'fb_0_17_addr' <Predicate = true> <Delay = 0.00>
ST_2 : Operation 50 [1/1] (0.00ns)   --->   "%specpipeline_ln48 = specpipeline void @_ssdm_op_SpecPipeline, i32 1, i32 0, i32 0, i32 0, void @empty_5" [predecoder_kernel.cpp:48]   --->   Operation 50 'specpipeline' 'specpipeline_ln48' <Predicate = true> <Delay = 0.00>
ST_2 : Operation 51 [1/1] (1.21ns)   --->   "%s0_read = read i96 @_ssdm_op_Read.ap_fifo.volatile.i96P0A, i96 %s0" [predecoder_kernel.cpp:49]   --->   Operation 51 'read' 's0_read' <Predicate = true> <Delay = 1.21> <CoreInst = "FIFO_SRL">   --->   Core 81 'FIFO_SRL' <Latency = 0> <II = 1> <Delay = 1.42> <Storage> <Opcode : 'read' 'write' 'nbread' 'nbwrite'> <Ports = 0> <Width = 96> <Depth = 8> <FIFO>
ST_2 : Operation 52 [1/1] (0.00ns)   --->   "%a = trunc i96 %s0_read" [predecoder_kernel.cpp:49]   --->   Operation 52 'trunc' 'a' <Predicate = true> <Delay = 0.00>
ST_2 : Operation 53 [1/1] (0.67ns)   --->   "%switch_ln55 = switch i3 %select_ln46, void %arrayidx94.i_1.case.5, i3 0, void %arrayidx94.i_1.case.0, i3 1, void %arrayidx94.i_1.case.1, i3 2, void %arrayidx94.i_1.case.2, i3 3, void %arrayidx94.i_1.case.3, i3 4, void %arrayidx94.i_1.case.4" [./line_buffer.h:55->predecoder_kernel.cpp:55]   --->   Operation 53 'switch' 'switch_ln55' <Predicate = (tmp == 1)> <Delay = 0.67>
ST_2 : Operation 54 [1/1] (0.66ns)   --->   "%store_ln55 = store i8 %a, i3 %fb_0_10_addr" [./line_buffer.h:55->predecoder_kernel.cpp:55]   --->   Operation 54 'store' 'store_ln55' <Predicate = (tmp == 1 & select_ln46 == 4)> <Delay = 0.66> <CoreInst = "RAM">   --->   Core 83 'RAM' <Latency = 1> <II = 1> <Delay = 0.66> <Storage> <Opcode : 'load' 'store'> <Ports = 2> <Width = 8> <Depth = 6> <RAM>
ST_2 : Operation 55 [1/1] (0.00ns)   --->   "%br_ln55 = br void %arrayidx94.i_1.exit" [./line_buffer.h:55->predecoder_kernel.cpp:55]   --->   Operation 55 'br' 'br_ln55' <Predicate = (tmp == 1 & select_ln46 == 4)> <Delay = 0.00>
ST_2 : Operation 56 [1/1] (0.66ns)   --->   "%store_ln55 = store i8 %a, i3 %fb_0_9_addr" [./line_buffer.h:55->predecoder_kernel.cpp:55]   --->   Operation 56 'store' 'store_ln55' <Predicate = (tmp == 1 & select_ln46 == 3)> <Delay = 0.66> <CoreInst = "RAM">   --->   Core 83 'RAM' <Latency = 1> <II = 1> <Delay = 0.66> <Storage> <Opcode : 'load' 'store'> <Ports = 2> <Width = 8> <Depth = 6> <RAM>
ST_2 : Operation 57 [1/1] (0.00ns)   --->   "%br_ln55 = br void %arrayidx94.i_1.exit" [./line_buffer.h:55->predecoder_kernel.cpp:55]   --->   Operation 57 'br' 'br_ln55' <Predicate = (tmp == 1 & select_ln46 == 3)> <Delay = 0.00>
ST_2 : Operation 58 [1/1] (0.66ns)   --->   "%store_ln55 = store i8 %a, i3 %fb_0_8_addr" [./line_buffer.h:55->predecoder_kernel.cpp:55]   --->   Operation 58 'store' 'store_ln55' <Predicate = (tmp == 1 & select_ln46 == 2)> <Delay = 0.66> <CoreInst = "RAM">   --->   Core 83 'RAM' <Latency = 1> <II = 1> <Delay = 0.66> <Storage> <Opcode : 'load' 'store'> <Ports = 2> <Width = 8> <Depth = 6> <RAM>
ST_2 : Operation 59 [1/1] (0.00ns)   --->   "%br_ln55 = br void %arrayidx94.i_1.exit" [./line_buffer.h:55->predecoder_kernel.cpp:55]   --->   Operation 59 'br' 'br_ln55' <Predicate = (tmp == 1 & select_ln46 == 2)> <Delay = 0.00>
ST_2 : Operation 60 [1/1] (0.66ns)   --->   "%store_ln55 = store i8 %a, i3 %fb_0_7_addr" [./line_buffer.h:55->predecoder_kernel.cpp:55]   --->   Operation 60 'store' 'store_ln55' <Predicate = (tmp == 1 & select_ln46 == 1)> <Delay = 0.66> <CoreInst = "RAM">   --->   Core 83 'RAM' <Latency = 1> <II = 1> <Delay = 0.66> <Storage> <Opcode : 'load' 'store'> <Ports = 2> <Width = 8> <Depth = 6> <RAM>
ST_2 : Operation 61 [1/1] (0.00ns)   --->   "%br_ln55 = br void %arrayidx94.i_1.exit" [./line_buffer.h:55->predecoder_kernel.cpp:55]   --->   Operation 61 'br' 'br_ln55' <Predicate = (tmp == 1 & select_ln46 == 1)> <Delay = 0.00>
ST_2 : Operation 62 [1/1] (0.66ns)   --->   "%store_ln55 = store i8 %a, i3 %fb_0_6_addr" [./line_buffer.h:55->predecoder_kernel.cpp:55]   --->   Operation 62 'store' 'store_ln55' <Predicate = (tmp == 1 & select_ln46 == 0)> <Delay = 0.66> <CoreInst = "RAM">   --->   Core 83 'RAM' <Latency = 1> <II = 1> <Delay = 0.66> <Storage> <Opcode : 'load' 'store'> <Ports = 2> <Width = 8> <Depth = 6> <RAM>
ST_2 : Operation 63 [1/1] (0.00ns)   --->   "%br_ln55 = br void %arrayidx94.i_1.exit" [./line_buffer.h:55->predecoder_kernel.cpp:55]   --->   Operation 63 'br' 'br_ln55' <Predicate = (tmp == 1 & select_ln46 == 0)> <Delay = 0.00>
ST_2 : Operation 64 [1/1] (0.66ns)   --->   "%store_ln55 = store i8 %a, i3 %fb_0_11_addr" [./line_buffer.h:55->predecoder_kernel.cpp:55]   --->   Operation 64 'store' 'store_ln55' <Predicate = (tmp == 1 & select_ln46 != 0 & select_ln46 != 1 & select_ln46 != 2 & select_ln46 != 3 & select_ln46 != 4)> <Delay = 0.66> <CoreInst = "RAM">   --->   Core 83 'RAM' <Latency = 1> <II = 1> <Delay = 0.66> <Storage> <Opcode : 'load' 'store'> <Ports = 2> <Width = 8> <Depth = 6> <RAM>
ST_2 : Operation 65 [1/1] (0.00ns)   --->   "%br_ln55 = br void %arrayidx94.i_1.exit" [./line_buffer.h:55->predecoder_kernel.cpp:55]   --->   Operation 65 'br' 'br_ln55' <Predicate = (tmp == 1 & select_ln46 != 0 & select_ln46 != 1 & select_ln46 != 2 & select_ln46 != 3 & select_ln46 != 4)> <Delay = 0.00>
ST_2 : Operation 66 [1/1] (0.67ns)   --->   "%switch_ln55 = switch i3 %select_ln46, void %arrayidx94.i_0.case.5, i3 0, void %arrayidx94.i_0.case.0, i3 1, void %arrayidx94.i_0.case.1, i3 2, void %arrayidx94.i_0.case.2, i3 3, void %arrayidx94.i_0.case.3, i3 4, void %arrayidx94.i_0.case.4" [./line_buffer.h:55->predecoder_kernel.cpp:55]   --->   Operation 66 'switch' 'switch_ln55' <Predicate = (tmp == 0)> <Delay = 0.67>
ST_2 : Operation 67 [1/1] (0.66ns)   --->   "%store_ln55 = store i8 %a, i3 %fb_0_4_addr" [./line_buffer.h:55->predecoder_kernel.cpp:55]   --->   Operation 67 'store' 'store_ln55' <Predicate = (tmp == 0 & select_ln46 == 4)> <Delay = 0.66> <CoreInst = "RAM">   --->   Core 83 'RAM' <Latency = 1> <II = 1> <Delay = 0.66> <Storage> <Opcode : 'load' 'store'> <Ports = 2> <Width = 8> <Depth = 6> <RAM>
ST_2 : Operation 68 [1/1] (0.00ns)   --->   "%br_ln55 = br void %arrayidx94.i_0.exit" [./line_buffer.h:55->predecoder_kernel.cpp:55]   --->   Operation 68 'br' 'br_ln55' <Predicate = (tmp == 0 & select_ln46 == 4)> <Delay = 0.00>
ST_2 : Operation 69 [1/1] (0.66ns)   --->   "%store_ln55 = store i8 %a, i3 %fb_0_3_addr" [./line_buffer.h:55->predecoder_kernel.cpp:55]   --->   Operation 69 'store' 'store_ln55' <Predicate = (tmp == 0 & select_ln46 == 3)> <Delay = 0.66> <CoreInst = "RAM">   --->   Core 83 'RAM' <Latency = 1> <II = 1> <Delay = 0.66> <Storage> <Opcode : 'load' 'store'> <Ports = 2> <Width = 8> <Depth = 6> <RAM>
ST_2 : Operation 70 [1/1] (0.00ns)   --->   "%br_ln55 = br void %arrayidx94.i_0.exit" [./line_buffer.h:55->predecoder_kernel.cpp:55]   --->   Operation 70 'br' 'br_ln55' <Predicate = (tmp == 0 & select_ln46 == 3)> <Delay = 0.00>
ST_2 : Operation 71 [1/1] (0.66ns)   --->   "%store_ln55 = store i8 %a, i3 %fb_0_2_addr" [./line_buffer.h:55->predecoder_kernel.cpp:55]   --->   Operation 71 'store' 'store_ln55' <Predicate = (tmp == 0 & select_ln46 == 2)> <Delay = 0.66> <CoreInst = "RAM">   --->   Core 83 'RAM' <Latency = 1> <II = 1> <Delay = 0.66> <Storage> <Opcode : 'load' 'store'> <Ports = 2> <Width = 8> <Depth = 6> <RAM>
ST_2 : Operation 72 [1/1] (0.00ns)   --->   "%br_ln55 = br void %arrayidx94.i_0.exit" [./line_buffer.h:55->predecoder_kernel.cpp:55]   --->   Operation 72 'br' 'br_ln55' <Predicate = (tmp == 0 & select_ln46 == 2)> <Delay = 0.00>
ST_2 : Operation 73 [1/1] (0.66ns)   --->   "%store_ln55 = store i8 %a, i3 %fb_0_1_addr" [./line_buffer.h:55->predecoder_kernel.cpp:55]   --->   Operation 73 'store' 'store_ln55' <Predicate = (tmp == 0 & select_ln46 == 1)> <Delay = 0.66> <CoreInst = "RAM">   --->   Core 83 'RAM' <Latency = 1> <II = 1> <Delay = 0.66> <Storage> <Opcode : 'load' 'store'> <Ports = 2> <Width = 8> <Depth = 6> <RAM>
ST_2 : Operation 74 [1/1] (0.00ns)   --->   "%br_ln55 = br void %arrayidx94.i_0.exit" [./line_buffer.h:55->predecoder_kernel.cpp:55]   --->   Operation 74 'br' 'br_ln55' <Predicate = (tmp == 0 & select_ln46 == 1)> <Delay = 0.00>
ST_2 : Operation 75 [1/1] (0.66ns)   --->   "%store_ln55 = store i8 %a, i3 %fb_0_addr" [./line_buffer.h:55->predecoder_kernel.cpp:55]   --->   Operation 75 'store' 'store_ln55' <Predicate = (tmp == 0 & select_ln46 == 0)> <Delay = 0.66> <CoreInst = "RAM">   --->   Core 83 'RAM' <Latency = 1> <II = 1> <Delay = 0.66> <Storage> <Opcode : 'load' 'store'> <Ports = 2> <Width = 8> <Depth = 6> <RAM>
ST_2 : Operation 76 [1/1] (0.00ns)   --->   "%br_ln55 = br void %arrayidx94.i_0.exit" [./line_buffer.h:55->predecoder_kernel.cpp:55]   --->   Operation 76 'br' 'br_ln55' <Predicate = (tmp == 0 & select_ln46 == 0)> <Delay = 0.00>
ST_2 : Operation 77 [1/1] (0.66ns)   --->   "%store_ln55 = store i8 %a, i3 %fb_0_5_addr" [./line_buffer.h:55->predecoder_kernel.cpp:55]   --->   Operation 77 'store' 'store_ln55' <Predicate = (tmp == 0 & select_ln46 != 0 & select_ln46 != 1 & select_ln46 != 2 & select_ln46 != 3 & select_ln46 != 4)> <Delay = 0.66> <CoreInst = "RAM">   --->   Core 83 'RAM' <Latency = 1> <II = 1> <Delay = 0.66> <Storage> <Opcode : 'load' 'store'> <Ports = 2> <Width = 8> <Depth = 6> <RAM>
ST_2 : Operation 78 [1/1] (0.00ns)   --->   "%br_ln55 = br void %arrayidx94.i_0.exit" [./line_buffer.h:55->predecoder_kernel.cpp:55]   --->   Operation 78 'br' 'br_ln55' <Predicate = (tmp == 0 & select_ln46 != 0 & select_ln46 != 1 & select_ln46 != 2 & select_ln46 != 3 & select_ln46 != 4)> <Delay = 0.00>
ST_2 : Operation 79 [1/1] (0.67ns)   --->   "%switch_ln55 = switch i3 %select_ln46, void %arrayidx94.i_2.case.5, i3 0, void %arrayidx94.i_2.case.0, i3 1, void %arrayidx94.i_2.case.1, i3 2, void %arrayidx94.i_2.case.2, i3 3, void %arrayidx94.i_2.case.3, i3 4, void %arrayidx94.i_2.case.4" [./line_buffer.h:55->predecoder_kernel.cpp:55]   --->   Operation 79 'switch' 'switch_ln55' <Predicate = (tmp != 0 & tmp != 1)> <Delay = 0.67>
ST_2 : Operation 80 [1/1] (0.66ns)   --->   "%store_ln55 = store i8 %a, i3 %fb_0_16_addr" [./line_buffer.h:55->predecoder_kernel.cpp:55]   --->   Operation 80 'store' 'store_ln55' <Predicate = (tmp != 0 & tmp != 1 & select_ln46 == 4)> <Delay = 0.66> <CoreInst = "RAM">   --->   Core 83 'RAM' <Latency = 1> <II = 1> <Delay = 0.66> <Storage> <Opcode : 'load' 'store'> <Ports = 2> <Width = 8> <Depth = 6> <RAM>
ST_2 : Operation 81 [1/1] (0.00ns)   --->   "%br_ln55 = br void %arrayidx94.i_2.exit" [./line_buffer.h:55->predecoder_kernel.cpp:55]   --->   Operation 81 'br' 'br_ln55' <Predicate = (tmp != 0 & tmp != 1 & select_ln46 == 4)> <Delay = 0.00>
ST_2 : Operation 82 [1/1] (0.66ns)   --->   "%store_ln55 = store i8 %a, i3 %fb_0_15_addr" [./line_buffer.h:55->predecoder_kernel.cpp:55]   --->   Operation 82 'store' 'store_ln55' <Predicate = (tmp != 0 & tmp != 1 & select_ln46 == 3)> <Delay = 0.66> <CoreInst = "RAM">   --->   Core 83 'RAM' <Latency = 1> <II = 1> <Delay = 0.66> <Storage> <Opcode : 'load' 'store'> <Ports = 2> <Width = 8> <Depth = 6> <RAM>
ST_2 : Operation 83 [1/1] (0.00ns)   --->   "%br_ln55 = br void %arrayidx94.i_2.exit" [./line_buffer.h:55->predecoder_kernel.cpp:55]   --->   Operation 83 'br' 'br_ln55' <Predicate = (tmp != 0 & tmp != 1 & select_ln46 == 3)> <Delay = 0.00>
ST_2 : Operation 84 [1/1] (0.66ns)   --->   "%store_ln55 = store i8 %a, i3 %fb_0_14_addr" [./line_buffer.h:55->predecoder_kernel.cpp:55]   --->   Operation 84 'store' 'store_ln55' <Predicate = (tmp != 0 & tmp != 1 & select_ln46 == 2)> <Delay = 0.66> <CoreInst = "RAM">   --->   Core 83 'RAM' <Latency = 1> <II = 1> <Delay = 0.66> <Storage> <Opcode : 'load' 'store'> <Ports = 2> <Width = 8> <Depth = 6> <RAM>
ST_2 : Operation 85 [1/1] (0.00ns)   --->   "%br_ln55 = br void %arrayidx94.i_2.exit" [./line_buffer.h:55->predecoder_kernel.cpp:55]   --->   Operation 85 'br' 'br_ln55' <Predicate = (tmp != 0 & tmp != 1 & select_ln46 == 2)> <Delay = 0.00>
ST_2 : Operation 86 [1/1] (0.66ns)   --->   "%store_ln55 = store i8 %a, i3 %fb_0_13_addr" [./line_buffer.h:55->predecoder_kernel.cpp:55]   --->   Operation 86 'store' 'store_ln55' <Predicate = (tmp != 0 & tmp != 1 & select_ln46 == 1)> <Delay = 0.66> <CoreInst = "RAM">   --->   Core 83 'RAM' <Latency = 1> <II = 1> <Delay = 0.66> <Storage> <Opcode : 'load' 'store'> <Ports = 2> <Width = 8> <Depth = 6> <RAM>
ST_2 : Operation 87 [1/1] (0.00ns)   --->   "%br_ln55 = br void %arrayidx94.i_2.exit" [./line_buffer.h:55->predecoder_kernel.cpp:55]   --->   Operation 87 'br' 'br_ln55' <Predicate = (tmp != 0 & tmp != 1 & select_ln46 == 1)> <Delay = 0.00>
ST_2 : Operation 88 [1/1] (0.66ns)   --->   "%store_ln55 = store i8 %a, i3 %fb_0_12_addr" [./line_buffer.h:55->predecoder_kernel.cpp:55]   --->   Operation 88 'store' 'store_ln55' <Predicate = (tmp != 0 & tmp != 1 & select_ln46 == 0)> <Delay = 0.66> <CoreInst = "RAM">   --->   Core 83 'RAM' <Latency = 1> <II = 1> <Delay = 0.66> <Storage> <Opcode : 'load' 'store'> <Ports = 2> <Width = 8> <Depth = 6> <RAM>
ST_2 : Operation 89 [1/1] (0.00ns)   --->   "%br_ln55 = br void %arrayidx94.i_2.exit" [./line_buffer.h:55->predecoder_kernel.cpp:55]   --->   Operation 89 'br' 'br_ln55' <Predicate = (tmp != 0 & tmp != 1 & select_ln46 == 0)> <Delay = 0.00>
ST_2 : Operation 90 [1/1] (0.66ns)   --->   "%store_ln55 = store i8 %a, i3 %fb_0_17_addr" [./line_buffer.h:55->predecoder_kernel.cpp:55]   --->   Operation 90 'store' 'store_ln55' <Predicate = (tmp != 0 & tmp != 1 & select_ln46 != 0 & select_ln46 != 1 & select_ln46 != 2 & select_ln46 != 3 & select_ln46 != 4)> <Delay = 0.66> <CoreInst = "RAM">   --->   Core 83 'RAM' <Latency = 1> <II = 1> <Delay = 0.66> <Storage> <Opcode : 'load' 'store'> <Ports = 2> <Width = 8> <Depth = 6> <RAM>
ST_2 : Operation 91 [1/1] (0.00ns)   --->   "%br_ln55 = br void %arrayidx94.i_2.exit" [./line_buffer.h:55->predecoder_kernel.cpp:55]   --->   Operation 91 'br' 'br_ln55' <Predicate = (tmp != 0 & tmp != 1 & select_ln46 != 0 & select_ln46 != 1 & select_ln46 != 2 & select_ln46 != 3 & select_ln46 != 4)> <Delay = 0.00>
ST_2 : Operation 92 [1/1] (0.57ns)   --->   "%add_ln47 = add i3 %select_ln46, i3 1" [predecoder_kernel.cpp:47]   --->   Operation 92 'add' 'add_ln47' <Predicate = true> <Delay = 0.57> <CoreInst = "Adder">   --->   Core 1 'Adder' <Latency = 0> <II = 1> <Delay = 0.57> <FuncUnit> <Opcode : 'add' 'sub'> <InPorts = 2> <OutPorts = 1>
ST_2 : Operation 93 [1/1] (0.38ns)   --->   "%store_ln46 = store i3 %select_ln46_1, i3 %y" [predecoder_kernel.cpp:46]   --->   Operation 93 'store' 'store_ln46' <Predicate = true> <Delay = 0.38>
ST_2 : Operation 94 [1/1] (0.38ns)   --->   "%store_ln50 = store i3 %add_ln47, i3 %x_5" [./line_buffer.h:50->predecoder_kernel.cpp:55]   --->   Operation 94 'store' 'store_ln50' <Predicate = true> <Delay = 0.38>
ST_2 : Operation 95 [1/1] (0.00ns)   --->   "%br_ln47 = br void %VITIS_LOOP_51_3" [predecoder_kernel.cpp:47]   --->   Operation 95 'br' 'br_ln47' <Predicate = true> <Delay = 0.00>


============================================================
+ Verbose Summary: Timing violations
============================================================
Target clock period: 3.330ns, clock uncertainty: 0.899ns.

 <State 1>: 1.480ns
The critical path consists of the following:
	'store' operation 0 bit ('store_ln0') of constant 0 on local variable 'indvar_flatten18' [26]  (0.387 ns)
	'load' operation 6 bit ('indvar_flatten18_load', predecoder_kernel.cpp:46) on local variable 'indvar_flatten18' [31]  (0.000 ns)
	'icmp' operation 1 bit ('icmp_ln46', predecoder_kernel.cpp:46) [32]  (0.706 ns)
	'store' operation 0 bit ('store_ln46', predecoder_kernel.cpp:46) of variable 'add_ln46_1', predecoder_kernel.cpp:46 on local variable 'indvar_flatten18' [135]  (0.387 ns)

 <State 2>: 2.188ns
The critical path consists of the following:
	'load' operation 3 bit ('x_5_load', predecoder_kernel.cpp:47) on local variable 'x', ./line_buffer.h:50->predecoder_kernel.cpp:55 [36]  (0.000 ns)
	'icmp' operation 1 bit ('icmp_ln47', predecoder_kernel.cpp:47) [41]  (0.572 ns)
	'select' operation 3 bit ('select_ln46', predecoder_kernel.cpp:46) [42]  (0.278 ns)
	'store' operation 0 bit ('store_ln55', ./line_buffer.h:55->predecoder_kernel.cpp:55) of variable 'a', predecoder_kernel.cpp:49 on array 'fb_0_13' [123]  (0.667 ns)
	blocking operation 0.670859 ns on control path)


============================================================
+ Verbose Summary: Binding
============================================================
N/A
* FSMD analyzer results:
  - Output states:
 - Input state : 
  - Chain level:
	State 1
	State 2


============================================================
+ Verbose Summary: Datapath Resource usage 
============================================================
N/A
