

================================================================
== Vitis HLS Report for 'conv3d_hidden_layer_1_s'
================================================================
* Date:           Thu Sep  3 17:05:56 2026

* Version:        2023.2 (Build 4023990 on Oct 11 2023)
* Project:        predecoder_csynth_proj
* Solution:       solution1 (Vitis Kernel Flow Target)
* Product family: virtexuplusHBM
* Target device:  xcu55c-fsvh2892-2L-e


================================================================
== Performance Estimates
================================================================
+ Timing: 
    * Summary: 
    +--------+---------+----------+------------+
    |  Clock |  Target | Estimated| Uncertainty|
    +--------+---------+----------+------------+
    |ap_clk  |  3.33 ns|  2.608 ns|     0.90 ns|
    +--------+---------+----------+------------+

+ Latency: 
    * Summary: 
    +---------+---------+----------+-----------+-----+-------+---------+
    |  Latency (cycles) |  Latency (absolute)  |   Interval  | Pipeline|
    |   min   |   max   |    min   |    max    | min |  max  |   Type  |
    +---------+---------+----------+-----------+-----+-------+---------+
    |      133|    23086|  0.443 us|  76.876 us|  133|  23086|       no|
    +---------+---------+----------+-----------+-----+-------+---------+

    + Detail: 
        * Instance: 
        N/A

        * Loop: 
        +------------------------------+---------+---------+----------+-----------+-----------+------+----------+
        |                              |  Latency (cycles) | Iteration|  Initiation Interval  | Trip |          |
        |           Loop Name          |   min   |   max   |  Latency |  achieved |   target  | Count| Pipelined|
        +------------------------------+---------+---------+----------+-----------+-----------+------+----------+
        |- CONV_T                      |       21|    22974|  3 ~ 3282|          -|          -|     7|        no|
        | + CONV_EMIT_VITIS_LOOP_63_4  |     3240|     3240|        90|          -|          -|    36|        no|
        +------------------------------+---------+---------+----------+-----------+-----------+------+----------+

============================================================
+ Verbose Summary: Synthesis Manager
============================================================
InlineROM: 1
ExposeGlobal: 0
============================================================
+ Verbose Summary: CDFG Model
============================================================
IsTopModel: 0
ResetActiveHigh: 1
IsCombinational: 2
IsDatapathOnly: 0
HasWiredReturn: 1
HasMFsm: 0
HasVarLatency: 1
IsPipeline: 0
IsRtlPipelined: 0
IsInstanceOverlapped: 0
IsDontTouch: 0
HasImplIP: 0
IsGatedGlobalClock: 0


============================================================
+ Verbose Summary: Schedule
============================================================
* Number of FSM states : 21
* Pipeline : 0
* Dataflow Pipeline: 0

* FSM state transitions: 
1 --> 2 
2 --> 3 
3 --> 4 5 
4 --> 5 
5 --> 6 
6 --> 7 3 
7 --> 8 
8 --> 9 
9 --> 10 
10 --> 11 
11 --> 12 
12 --> 13 
13 --> 14 
14 --> 15 
15 --> 16 
16 --> 17 
17 --> 18 
18 --> 19 
19 --> 20 
20 --> 21 
21 --> 6 

* FSM state operations: 

State 1 <SV = 0> <Delay = 0.38>
ST_1 : Operation 22 [1/1] (0.00ns)   --->   "%t = alloca i32 1" [predecoder_kernel.cpp:43]   --->   Operation 22 'alloca' 't' <Predicate = true> <Delay = 0.00>
ST_1 : Operation 23 [1/1] (0.00ns)   --->   "%fb_0 = alloca i64 1" [predecoder_kernel.cpp:40]   --->   Operation 23 'alloca' 'fb_0' <Predicate = true> <Delay = 0.00>
ST_1 : Operation 24 [1/1] (0.00ns)   --->   "%fb_0_1 = alloca i64 1" [predecoder_kernel.cpp:40]   --->   Operation 24 'alloca' 'fb_0_1' <Predicate = true> <Delay = 0.00>
ST_1 : Operation 25 [1/1] (0.00ns)   --->   "%fb_0_2 = alloca i64 1" [predecoder_kernel.cpp:40]   --->   Operation 25 'alloca' 'fb_0_2' <Predicate = true> <Delay = 0.00>
ST_1 : Operation 26 [1/1] (0.00ns)   --->   "%fb_0_3 = alloca i64 1" [predecoder_kernel.cpp:40]   --->   Operation 26 'alloca' 'fb_0_3' <Predicate = true> <Delay = 0.00>
ST_1 : Operation 27 [1/1] (0.00ns)   --->   "%fb_0_4 = alloca i64 1" [predecoder_kernel.cpp:40]   --->   Operation 27 'alloca' 'fb_0_4' <Predicate = true> <Delay = 0.00>
ST_1 : Operation 28 [1/1] (0.00ns)   --->   "%fb_0_5 = alloca i64 1" [predecoder_kernel.cpp:40]   --->   Operation 28 'alloca' 'fb_0_5' <Predicate = true> <Delay = 0.00>
ST_1 : Operation 29 [1/1] (0.00ns)   --->   "%fb_0_6 = alloca i64 1" [predecoder_kernel.cpp:40]   --->   Operation 29 'alloca' 'fb_0_6' <Predicate = true> <Delay = 0.00>
ST_1 : Operation 30 [1/1] (0.00ns)   --->   "%fb_0_7 = alloca i64 1" [predecoder_kernel.cpp:40]   --->   Operation 30 'alloca' 'fb_0_7' <Predicate = true> <Delay = 0.00>
ST_1 : Operation 31 [1/1] (0.00ns)   --->   "%fb_0_8 = alloca i64 1" [predecoder_kernel.cpp:40]   --->   Operation 31 'alloca' 'fb_0_8' <Predicate = true> <Delay = 0.00>
ST_1 : Operation 32 [1/1] (0.00ns)   --->   "%fb_0_9 = alloca i64 1" [predecoder_kernel.cpp:40]   --->   Operation 32 'alloca' 'fb_0_9' <Predicate = true> <Delay = 0.00>
ST_1 : Operation 33 [1/1] (0.00ns)   --->   "%fb_0_10 = alloca i64 1" [predecoder_kernel.cpp:40]   --->   Operation 33 'alloca' 'fb_0_10' <Predicate = true> <Delay = 0.00>
ST_1 : Operation 34 [1/1] (0.00ns)   --->   "%fb_0_11 = alloca i64 1" [predecoder_kernel.cpp:40]   --->   Operation 34 'alloca' 'fb_0_11' <Predicate = true> <Delay = 0.00>
ST_1 : Operation 35 [1/1] (0.00ns)   --->   "%fb_0_12 = alloca i64 1" [predecoder_kernel.cpp:40]   --->   Operation 35 'alloca' 'fb_0_12' <Predicate = true> <Delay = 0.00>
ST_1 : Operation 36 [1/1] (0.00ns)   --->   "%fb_0_13 = alloca i64 1" [predecoder_kernel.cpp:40]   --->   Operation 36 'alloca' 'fb_0_13' <Predicate = true> <Delay = 0.00>
ST_1 : Operation 37 [1/1] (0.00ns)   --->   "%fb_0_14 = alloca i64 1" [predecoder_kernel.cpp:40]   --->   Operation 37 'alloca' 'fb_0_14' <Predicate = true> <Delay = 0.00>
ST_1 : Operation 38 [1/1] (0.00ns)   --->   "%fb_0_15 = alloca i64 1" [predecoder_kernel.cpp:40]   --->   Operation 38 'alloca' 'fb_0_15' <Predicate = true> <Delay = 0.00>
ST_1 : Operation 39 [1/1] (0.00ns)   --->   "%fb_0_16 = alloca i64 1" [predecoder_kernel.cpp:40]   --->   Operation 39 'alloca' 'fb_0_16' <Predicate = true> <Delay = 0.00>
ST_1 : Operation 40 [1/1] (0.00ns)   --->   "%fb_0_17 = alloca i64 1" [predecoder_kernel.cpp:40]   --->   Operation 40 'alloca' 'fb_0_17' <Predicate = true> <Delay = 0.00>
ST_1 : Operation 41 [1/1] (0.00ns)   --->   "%window_0 = alloca i64 1" [predecoder_kernel.cpp:64]   --->   Operation 41 'alloca' 'window_0' <Predicate = true> <Delay = 0.00> <CoreInst = "RAM">   --->   Core 83 'RAM' <Latency = 1> <II = 1> <Delay = 0.66> <Storage> <Opcode : 'load' 'store'> <Ports = 2> <Width = 8> <Depth = 9> <RAM>
ST_1 : Operation 42 [1/1] (0.00ns)   --->   "%window_0_1 = alloca i64 1" [predecoder_kernel.cpp:64]   --->   Operation 42 'alloca' 'window_0_1' <Predicate = true> <Delay = 0.00> <CoreInst = "RAM">   --->   Core 83 'RAM' <Latency = 1> <II = 1> <Delay = 0.66> <Storage> <Opcode : 'load' 'store'> <Ports = 2> <Width = 8> <Depth = 9> <RAM>
ST_1 : Operation 43 [1/1] (0.00ns)   --->   "%window_0_2 = alloca i64 1" [predecoder_kernel.cpp:64]   --->   Operation 43 'alloca' 'window_0_2' <Predicate = true> <Delay = 0.00> <CoreInst = "RAM">   --->   Core 83 'RAM' <Latency = 1> <II = 1> <Delay = 0.66> <Storage> <Opcode : 'load' 'store'> <Ports = 2> <Width = 8> <Depth = 9> <RAM>
ST_1 : Operation 44 [1/1] (0.00ns)   --->   "%out = alloca i64 1" [predecoder_kernel.cpp:67]   --->   Operation 44 'alloca' 'out' <Predicate = true> <Delay = 0.00> <CoreInst = "RAM">   --->   Core 83 'RAM' <Latency = 1> <II = 1> <Delay = 0.66> <Storage> <Opcode : 'load' 'store'> <Ports = 2> <Width = 8> <Depth = 12> <RAM>
ST_1 : Operation 45 [2/2] (0.00ns)   --->   "%call_ln0 = call void @conv3d_hidden_layer<1>_Pipeline_RESET_VITIS_LOOP_40_1_VITIS_LOOP_41_2, i8 %fb_0, i8 %fb_0_1, i8 %fb_0_2, i8 %fb_0_3, i8 %fb_0_4, i8 %fb_0_5, i8 %fb_0_6, i8 %fb_0_7, i8 %fb_0_8, i8 %fb_0_9, i8 %fb_0_10, i8 %fb_0_11, i8 %fb_0_12, i8 %fb_0_13, i8 %fb_0_14, i8 %fb_0_15, i8 %fb_0_16, i8 %fb_0_17"   --->   Operation 45 'call' 'call_ln0' <Predicate = true> <Delay = 0.00> <CoreType = "Generic">   --->   Core 0 '' <Latency = 0> <II = 1> <Delay = 1.00> <Generic> <Opcode : >
ST_1 : Operation 46 [1/1] (0.38ns)   --->   "%store_ln43 = store i3 0, i3 %t" [predecoder_kernel.cpp:43]   --->   Operation 46 'store' 'store_ln43' <Predicate = true> <Delay = 0.38>

State 2 <SV = 1> <Delay = 0.00>
ST_2 : Operation 47 [1/1] (0.00ns)   --->   "%specinterface_ln0 = specinterface void @_ssdm_op_SpecInterface, i96 %s1, void @empty_1, i32 0, i32 0, void @empty_5, i32 0, i32 0, void @empty_5, void @empty_5, void @empty_5, i32 0, i32 0, i32 0, i32 0, void @empty_5, void @empty_5, i32 4294967295, i32 0"   --->   Operation 47 'specinterface' 'specinterface_ln0' <Predicate = true> <Delay = 0.00>
ST_2 : Operation 48 [1/1] (0.00ns)   --->   "%specinterface_ln0 = specinterface void @_ssdm_op_SpecInterface, i96 %s0, void @empty_1, i32 0, i32 0, void @empty_5, i32 0, i32 0, void @empty_5, void @empty_5, void @empty_5, i32 0, i32 0, i32 0, i32 0, void @empty_5, void @empty_5, i32 4294967295, i32 0"   --->   Operation 48 'specinterface' 'specinterface_ln0' <Predicate = true> <Delay = 0.00>
ST_2 : Operation 49 [1/1] (0.00ns)   --->   "%window_0_addr = getelementptr i8 %window_0, i64 0, i64 0"   --->   Operation 49 'getelementptr' 'window_0_addr' <Predicate = true> <Delay = 0.00>
ST_2 : Operation 50 [1/1] (0.00ns)   --->   "%window_0_addr_1 = getelementptr i8 %window_0, i64 0, i64 1"   --->   Operation 50 'getelementptr' 'window_0_addr_1' <Predicate = true> <Delay = 0.00>
ST_2 : Operation 51 [1/1] (0.00ns)   --->   "%window_0_addr_2 = getelementptr i8 %window_0, i64 0, i64 2"   --->   Operation 51 'getelementptr' 'window_0_addr_2' <Predicate = true> <Delay = 0.00>
ST_2 : Operation 52 [1/1] (0.00ns)   --->   "%window_0_addr_3 = getelementptr i8 %window_0, i64 0, i64 3"   --->   Operation 52 'getelementptr' 'window_0_addr_3' <Predicate = true> <Delay = 0.00>
ST_2 : Operation 53 [1/1] (0.00ns)   --->   "%window_0_addr_4 = getelementptr i8 %window_0, i64 0, i64 4"   --->   Operation 53 'getelementptr' 'window_0_addr_4' <Predicate = true> <Delay = 0.00>
ST_2 : Operation 54 [1/1] (0.00ns)   --->   "%window_0_addr_5 = getelementptr i8 %window_0, i64 0, i64 5"   --->   Operation 54 'getelementptr' 'window_0_addr_5' <Predicate = true> <Delay = 0.00>
ST_2 : Operation 55 [1/1] (0.00ns)   --->   "%window_0_addr_6 = getelementptr i8 %window_0, i64 0, i64 6"   --->   Operation 55 'getelementptr' 'window_0_addr_6' <Predicate = true> <Delay = 0.00>
ST_2 : Operation 56 [1/1] (0.00ns)   --->   "%window_0_addr_7 = getelementptr i8 %window_0, i64 0, i64 7"   --->   Operation 56 'getelementptr' 'window_0_addr_7' <Predicate = true> <Delay = 0.00>
ST_2 : Operation 57 [1/1] (0.00ns)   --->   "%window_0_addr_8 = getelementptr i8 %window_0, i64 0, i64 8"   --->   Operation 57 'getelementptr' 'window_0_addr_8' <Predicate = true> <Delay = 0.00>
ST_2 : Operation 58 [1/1] (0.00ns)   --->   "%window_0_1_addr = getelementptr i8 %window_0_1, i64 0, i64 0"   --->   Operation 58 'getelementptr' 'window_0_1_addr' <Predicate = true> <Delay = 0.00>
ST_2 : Operation 59 [1/1] (0.00ns)   --->   "%window_0_1_addr_1 = getelementptr i8 %window_0_1, i64 0, i64 1"   --->   Operation 59 'getelementptr' 'window_0_1_addr_1' <Predicate = true> <Delay = 0.00>
ST_2 : Operation 60 [1/1] (0.00ns)   --->   "%window_0_1_addr_2 = getelementptr i8 %window_0_1, i64 0, i64 2"   --->   Operation 60 'getelementptr' 'window_0_1_addr_2' <Predicate = true> <Delay = 0.00>
ST_2 : Operation 61 [1/1] (0.00ns)   --->   "%window_0_1_addr_3 = getelementptr i8 %window_0_1, i64 0, i64 3"   --->   Operation 61 'getelementptr' 'window_0_1_addr_3' <Predicate = true> <Delay = 0.00>
ST_2 : Operation 62 [1/1] (0.00ns)   --->   "%window_0_1_addr_4 = getelementptr i8 %window_0_1, i64 0, i64 4"   --->   Operation 62 'getelementptr' 'window_0_1_addr_4' <Predicate = true> <Delay = 0.00>
ST_2 : Operation 63 [1/1] (0.00ns)   --->   "%window_0_1_addr_5 = getelementptr i8 %window_0_1, i64 0, i64 5"   --->   Operation 63 'getelementptr' 'window_0_1_addr_5' <Predicate = true> <Delay = 0.00>
ST_2 : Operation 64 [1/1] (0.00ns)   --->   "%window_0_1_addr_6 = getelementptr i8 %window_0_1, i64 0, i64 6"   --->   Operation 64 'getelementptr' 'window_0_1_addr_6' <Predicate = true> <Delay = 0.00>
ST_2 : Operation 65 [1/1] (0.00ns)   --->   "%window_0_1_addr_7 = getelementptr i8 %window_0_1, i64 0, i64 7"   --->   Operation 65 'getelementptr' 'window_0_1_addr_7' <Predicate = true> <Delay = 0.00>
ST_2 : Operation 66 [1/1] (0.00ns)   --->   "%window_0_1_addr_8 = getelementptr i8 %window_0_1, i64 0, i64 8"   --->   Operation 66 'getelementptr' 'window_0_1_addr_8' <Predicate = true> <Delay = 0.00>
ST_2 : Operation 67 [1/1] (0.00ns)   --->   "%window_0_2_addr = getelementptr i8 %window_0_2, i64 0, i64 0"   --->   Operation 67 'getelementptr' 'window_0_2_addr' <Predicate = true> <Delay = 0.00>
ST_2 : Operation 68 [1/1] (0.00ns)   --->   "%window_0_2_addr_1 = getelementptr i8 %window_0_2, i64 0, i64 1"   --->   Operation 68 'getelementptr' 'window_0_2_addr_1' <Predicate = true> <Delay = 0.00>
ST_2 : Operation 69 [1/1] (0.00ns)   --->   "%window_0_2_addr_2 = getelementptr i8 %window_0_2, i64 0, i64 2"   --->   Operation 69 'getelementptr' 'window_0_2_addr_2' <Predicate = true> <Delay = 0.00>
ST_2 : Operation 70 [1/1] (0.00ns)   --->   "%window_0_2_addr_3 = getelementptr i8 %window_0_2, i64 0, i64 3"   --->   Operation 70 'getelementptr' 'window_0_2_addr_3' <Predicate = true> <Delay = 0.00>
ST_2 : Operation 71 [1/1] (0.00ns)   --->   "%window_0_2_addr_4 = getelementptr i8 %window_0_2, i64 0, i64 4"   --->   Operation 71 'getelementptr' 'window_0_2_addr_4' <Predicate = true> <Delay = 0.00>
ST_2 : Operation 72 [1/1] (0.00ns)   --->   "%window_0_2_addr_5 = getelementptr i8 %window_0_2, i64 0, i64 5"   --->   Operation 72 'getelementptr' 'window_0_2_addr_5' <Predicate = true> <Delay = 0.00>
ST_2 : Operation 73 [1/1] (0.00ns)   --->   "%window_0_2_addr_6 = getelementptr i8 %window_0_2, i64 0, i64 6"   --->   Operation 73 'getelementptr' 'window_0_2_addr_6' <Predicate = true> <Delay = 0.00>
ST_2 : Operation 74 [1/1] (0.00ns)   --->   "%window_0_2_addr_7 = getelementptr i8 %window_0_2, i64 0, i64 7"   --->   Operation 74 'getelementptr' 'window_0_2_addr_7' <Predicate = true> <Delay = 0.00>
ST_2 : Operation 75 [1/1] (0.00ns)   --->   "%window_0_2_addr_8 = getelementptr i8 %window_0_2, i64 0, i64 8"   --->   Operation 75 'getelementptr' 'window_0_2_addr_8' <Predicate = true> <Delay = 0.00>
ST_2 : Operation 76 [1/2] (0.00ns)   --->   "%call_ln0 = call void @conv3d_hidden_layer<1>_Pipeline_RESET_VITIS_LOOP_40_1_VITIS_LOOP_41_2, i8 %fb_0, i8 %fb_0_1, i8 %fb_0_2, i8 %fb_0_3, i8 %fb_0_4, i8 %fb_0_5, i8 %fb_0_6, i8 %fb_0_7, i8 %fb_0_8, i8 %fb_0_9, i8 %fb_0_10, i8 %fb_0_11, i8 %fb_0_12, i8 %fb_0_13, i8 %fb_0_14, i8 %fb_0_15, i8 %fb_0_16, i8 %fb_0_17"   --->   Operation 76 'call' 'call_ln0' <Predicate = true> <Delay = 0.00> <CoreType = "Generic">   --->   Core 0 '' <Latency = 0> <II = 1> <Delay = 1.00> <Generic> <Opcode : >
ST_2 : Operation 77 [1/1] (0.00ns)   --->   "%out_addr = getelementptr i8 %out, i64 0, i64 0"   --->   Operation 77 'getelementptr' 'out_addr' <Predicate = true> <Delay = 0.00>
ST_2 : Operation 78 [1/1] (0.00ns)   --->   "%out_addr_1 = getelementptr i8 %out, i64 0, i64 1"   --->   Operation 78 'getelementptr' 'out_addr_1' <Predicate = true> <Delay = 0.00>
ST_2 : Operation 79 [1/1] (0.00ns)   --->   "%out_addr_2 = getelementptr i8 %out, i64 0, i64 2"   --->   Operation 79 'getelementptr' 'out_addr_2' <Predicate = true> <Delay = 0.00>
ST_2 : Operation 80 [1/1] (0.00ns)   --->   "%out_addr_3 = getelementptr i8 %out, i64 0, i64 3"   --->   Operation 80 'getelementptr' 'out_addr_3' <Predicate = true> <Delay = 0.00>
ST_2 : Operation 81 [1/1] (0.00ns)   --->   "%out_addr_4 = getelementptr i8 %out, i64 0, i64 4"   --->   Operation 81 'getelementptr' 'out_addr_4' <Predicate = true> <Delay = 0.00>
ST_2 : Operation 82 [1/1] (0.00ns)   --->   "%out_addr_5 = getelementptr i8 %out, i64 0, i64 5"   --->   Operation 82 'getelementptr' 'out_addr_5' <Predicate = true> <Delay = 0.00>
ST_2 : Operation 83 [1/1] (0.00ns)   --->   "%out_addr_6 = getelementptr i8 %out, i64 0, i64 6"   --->   Operation 83 'getelementptr' 'out_addr_6' <Predicate = true> <Delay = 0.00>
ST_2 : Operation 84 [1/1] (0.00ns)   --->   "%out_addr_7 = getelementptr i8 %out, i64 0, i64 7"   --->   Operation 84 'getelementptr' 'out_addr_7' <Predicate = true> <Delay = 0.00>
ST_2 : Operation 85 [1/1] (0.00ns)   --->   "%out_addr_8 = getelementptr i8 %out, i64 0, i64 8"   --->   Operation 85 'getelementptr' 'out_addr_8' <Predicate = true> <Delay = 0.00>
ST_2 : Operation 86 [1/1] (0.00ns)   --->   "%out_addr_9 = getelementptr i8 %out, i64 0, i64 9"   --->   Operation 86 'getelementptr' 'out_addr_9' <Predicate = true> <Delay = 0.00>
ST_2 : Operation 87 [1/1] (0.00ns)   --->   "%out_addr_10 = getelementptr i8 %out, i64 0, i64 10"   --->   Operation 87 'getelementptr' 'out_addr_10' <Predicate = true> <Delay = 0.00>
ST_2 : Operation 88 [1/1] (0.00ns)   --->   "%out_addr_11 = getelementptr i8 %out, i64 0, i64 11"   --->   Operation 88 'getelementptr' 'out_addr_11' <Predicate = true> <Delay = 0.00>
ST_2 : Operation 89 [1/1] (0.00ns)   --->   "%br_ln43 = br void %CONV_WRITE" [predecoder_kernel.cpp:43]   --->   Operation 89 'br' 'br_ln43' <Predicate = true> <Delay = 0.00>

State 3 <SV = 2> <Delay = 1.51>
ST_3 : Operation 90 [1/1] (0.00ns)   --->   "%t_3 = load i3 %t"   --->   Operation 90 'load' 't_3' <Predicate = true> <Delay = 0.00>
ST_3 : Operation 91 [1/1] (0.57ns)   --->   "%icmp_ln43 = icmp_eq  i3 %t_3, i3 7" [predecoder_kernel.cpp:43]   --->   Operation 91 'icmp' 'icmp_ln43' <Predicate = true> <Delay = 0.57> <CoreInst = "Cmp">   --->   Core 9 'Cmp' <Latency = 0> <II = 1> <Delay = 0.57> <FuncUnit> <Opcode : 'icmp'> <InPorts = 2> <OutPorts = 1>
ST_3 : Operation 92 [1/1] (0.00ns)   --->   "%speclooptripcount_ln0 = speclooptripcount void @_ssdm_op_SpecLoopTripCount, i64 7, i64 7, i64 7"   --->   Operation 92 'speclooptripcount' 'speclooptripcount_ln0' <Predicate = true> <Delay = 0.00>
ST_3 : Operation 93 [1/1] (0.57ns)   --->   "%add_ln43 = add i3 %t_3, i3 1" [predecoder_kernel.cpp:43]   --->   Operation 93 'add' 'add_ln43' <Predicate = true> <Delay = 0.57> <CoreInst = "Adder">   --->   Core 1 'Adder' <Latency = 0> <II = 1> <Delay = 0.57> <FuncUnit> <Opcode : 'add' 'sub'> <InPorts = 2> <OutPorts = 1>
ST_3 : Operation 94 [1/1] (0.00ns)   --->   "%br_ln43 = br i1 %icmp_ln43, void %CONV_WRITE.split, void %for.end189" [predecoder_kernel.cpp:43]   --->   Operation 94 'br' 'br_ln43' <Predicate = true> <Delay = 0.00>
ST_3 : Operation 95 [1/1] (0.00ns)   --->   "%zext_ln43 = zext i3 %t_3" [predecoder_kernel.cpp:43]   --->   Operation 95 'zext' 'zext_ln43' <Predicate = (!icmp_ln43)> <Delay = 0.00>
ST_3 : Operation 96 [1/1] (0.00ns)   --->   "%specloopname_ln43 = specloopname void @_ssdm_op_SpecLoopName, void @empty_9" [predecoder_kernel.cpp:43]   --->   Operation 96 'specloopname' 'specloopname_ln43' <Predicate = (!icmp_ln43)> <Delay = 0.00>
ST_3 : Operation 97 [1/1] (0.57ns)   --->   "%icmp_ln45 = icmp_ult  i3 %t_3, i3 6" [predecoder_kernel.cpp:45]   --->   Operation 97 'icmp' 'icmp_ln45' <Predicate = (!icmp_ln43)> <Delay = 0.57> <CoreInst = "Cmp">   --->   Core 9 'Cmp' <Latency = 0> <II = 1> <Delay = 0.57> <FuncUnit> <Opcode : 'icmp'> <InPorts = 2> <OutPorts = 1>
ST_3 : Operation 98 [1/1] (0.00ns)   --->   "%br_ln45 = br i1 %icmp_ln45, void %if.end, void %VITIS_LOOP_46_1" [predecoder_kernel.cpp:45]   --->   Operation 98 'br' 'br_ln45' <Predicate = (!icmp_ln43)> <Delay = 0.00>
ST_3 : Operation 99 [1/1] (0.57ns)   --->   "%empty = icmp_ult  i3 %t_3, i3 3"   --->   Operation 99 'icmp' 'empty' <Predicate = (!icmp_ln43 & icmp_ln45)> <Delay = 0.57> <CoreInst = "Cmp">   --->   Core 9 'Cmp' <Latency = 0> <II = 1> <Delay = 0.57> <FuncUnit> <Opcode : 'icmp'> <InPorts = 2> <OutPorts = 1>
ST_3 : Operation 100 [1/1] (0.00ns)   --->   "%empty_61 = trunc i3 %t_3"   --->   Operation 100 'trunc' 'empty_61' <Predicate = (!icmp_ln43 & icmp_ln45)> <Delay = 0.00>
ST_3 : Operation 101 [1/1] (0.43ns)   --->   "%empty_62 = add i2 %empty_61, i2 1"   --->   Operation 101 'add' 'empty_62' <Predicate = (!icmp_ln43 & icmp_ln45)> <Delay = 0.43> <CoreInst = "Adder">   --->   Core 1 'Adder' <Latency = 0> <II = 1> <Delay = 0.43> <FuncUnit> <Opcode : 'add' 'sub'> <InPorts = 2> <OutPorts = 1>
ST_3 : Operation 102 [1/1] (0.27ns)   --->   "%empty_63 = select i1 %empty, i2 %empty_61, i2 %empty_62"   --->   Operation 102 'select' 'empty_63' <Predicate = (!icmp_ln43 & icmp_ln45)> <Delay = 0.27> <CoreInst = "Sel">   --->   Core 73 'Sel' <Latency = 0> <II = 1> <Delay = 0.27> <FuncUnit> <Opcode : 'select'> <InPorts = 3> <OutPorts = 1>
ST_3 : Operation 103 [1/1] (0.00ns)   --->   "%empty_64 = wait i32 @_ssdm_op_Wait"   --->   Operation 103 'wait' 'empty_64' <Predicate = (!icmp_ln43 & icmp_ln45)> <Delay = 0.00>
ST_3 : Operation 104 [2/2] (0.66ns)   --->   "%call_ln0 = call void @conv3d_hidden_layer<1>_Pipeline_VITIS_LOOP_46_1_VITIS_LOOP_47_2, i8 %fb_0, i8 %fb_0_1, i8 %fb_0_2, i8 %fb_0_3, i8 %fb_0_4, i8 %fb_0_5, i8 %fb_0_6, i8 %fb_0_7, i8 %fb_0_8, i8 %fb_0_9, i8 %fb_0_10, i8 %fb_0_11, i8 %fb_0_12, i8 %fb_0_13, i8 %fb_0_14, i8 %fb_0_15, i8 %fb_0_16, i8 %fb_0_17, i96 %s0, i2 %empty_63"   --->   Operation 104 'call' 'call_ln0' <Predicate = (!icmp_ln43 & icmp_ln45)> <Delay = 0.66> <CoreType = "Generic">   --->   Core 0 '' <Latency = 0> <II = 1> <Delay = 1.00> <Generic> <Opcode : >
ST_3 : Operation 105 [1/1] (0.00ns)   --->   "%ret_ln127 = ret" [predecoder_kernel.cpp:127]   --->   Operation 105 'ret' 'ret_ln127' <Predicate = (icmp_ln43)> <Delay = 0.00>

State 4 <SV = 3> <Delay = 0.00>
ST_4 : Operation 106 [1/2] (0.00ns)   --->   "%call_ln0 = call void @conv3d_hidden_layer<1>_Pipeline_VITIS_LOOP_46_1_VITIS_LOOP_47_2, i8 %fb_0, i8 %fb_0_1, i8 %fb_0_2, i8 %fb_0_3, i8 %fb_0_4, i8 %fb_0_5, i8 %fb_0_6, i8 %fb_0_7, i8 %fb_0_8, i8 %fb_0_9, i8 %fb_0_10, i8 %fb_0_11, i8 %fb_0_12, i8 %fb_0_13, i8 %fb_0_14, i8 %fb_0_15, i8 %fb_0_16, i8 %fb_0_17, i96 %s0, i2 %empty_63"   --->   Operation 106 'call' 'call_ln0' <Predicate = true> <Delay = 0.00> <CoreType = "Generic">   --->   Core 0 '' <Latency = 0> <II = 1> <Delay = 1.00> <Generic> <Opcode : >

State 5 <SV = 4> <Delay = 0.57>
ST_5 : Operation 107 [1/1] (0.00ns)   --->   "%empty_65 = wait i32 @_ssdm_op_Wait"   --->   Operation 107 'wait' 'empty_65' <Predicate = (icmp_ln45)> <Delay = 0.00>
ST_5 : Operation 108 [1/1] (0.00ns)   --->   "%br_ln0 = br void %if.end"   --->   Operation 108 'br' 'br_ln0' <Predicate = (icmp_ln45)> <Delay = 0.00>
ST_5 : Operation 109 [1/1] (0.57ns)   --->   "%add_ln59 = add i4 %zext_ln43, i4 15" [predecoder_kernel.cpp:59]   --->   Operation 109 'add' 'add_ln59' <Predicate = true> <Delay = 0.57> <CoreInst = "Adder">   --->   Core 1 'Adder' <Latency = 0> <II = 1> <Delay = 0.57> <FuncUnit> <Opcode : 'add' 'sub'> <InPorts = 2> <OutPorts = 1>
ST_5 : Operation 110 [1/1] (0.00ns)   --->   "%tmp = bitselect i1 @_ssdm_op_BitSelect.i1.i4.i32, i4 %add_ln59, i32 3" [predecoder_kernel.cpp:60]   --->   Operation 110 'bitselect' 'tmp' <Predicate = true> <Delay = 0.00>
ST_5 : Operation 111 [1/1] (0.00ns)   --->   "%br_ln60 = br i1 %tmp, void %for.body34.preheader, void %cleanup" [predecoder_kernel.cpp:60]   --->   Operation 111 'br' 'br_ln60' <Predicate = true> <Delay = 0.00>
ST_5 : Operation 112 [1/1] (0.38ns)   --->   "%br_ln62 = br void %for.body34" [predecoder_kernel.cpp:62]   --->   Operation 112 'br' 'br_ln62' <Predicate = (!tmp)> <Delay = 0.38>

State 6 <SV = 5> <Delay = 1.99>
ST_6 : Operation 113 [1/1] (0.00ns)   --->   "%indvar_flatten32 = phi i6 %add_ln62_1, void %for.inc183, i6 0, void %for.body34.preheader" [predecoder_kernel.cpp:62]   --->   Operation 113 'phi' 'indvar_flatten32' <Predicate = (!tmp)> <Delay = 0.00>
ST_6 : Operation 114 [1/1] (0.00ns)   --->   "%y = phi i3 %select_ln62_1, void %for.inc183, i3 0, void %for.body34.preheader" [predecoder_kernel.cpp:62]   --->   Operation 114 'phi' 'y' <Predicate = (!tmp)> <Delay = 0.00>
ST_6 : Operation 115 [1/1] (0.00ns)   --->   "%x = phi i3 %add_ln64, void %for.inc183, i3 0, void %for.body34.preheader" [predecoder_kernel.cpp:64]   --->   Operation 115 'phi' 'x' <Predicate = (!tmp)> <Delay = 0.00>
ST_6 : Operation 116 [1/1] (0.70ns)   --->   "%icmp_ln62 = icmp_eq  i6 %indvar_flatten32, i6 36" [predecoder_kernel.cpp:62]   --->   Operation 116 'icmp' 'icmp_ln62' <Predicate = (!tmp)> <Delay = 0.70> <CoreInst = "Cmp">   --->   Core 9 'Cmp' <Latency = 0> <II = 1> <Delay = 0.70> <FuncUnit> <Opcode : 'icmp'> <InPorts = 2> <OutPorts = 1>
ST_6 : Operation 117 [1/1] (0.70ns)   --->   "%add_ln62_1 = add i6 %indvar_flatten32, i6 1" [predecoder_kernel.cpp:62]   --->   Operation 117 'add' 'add_ln62_1' <Predicate = (!tmp)> <Delay = 0.70> <CoreInst = "Adder">   --->   Core 1 'Adder' <Latency = 0> <II = 1> <Delay = 0.70> <FuncUnit> <Opcode : 'add' 'sub'> <InPorts = 2> <OutPorts = 1>
ST_6 : Operation 118 [1/1] (0.00ns)   --->   "%br_ln62 = br i1 %icmp_ln62, void %for.inc183, void %cleanup.loopexit" [predecoder_kernel.cpp:62]   --->   Operation 118 'br' 'br_ln62' <Predicate = (!tmp)> <Delay = 0.00>
ST_6 : Operation 119 [1/1] (0.57ns)   --->   "%add_ln62 = add i3 %y, i3 1" [predecoder_kernel.cpp:62]   --->   Operation 119 'add' 'add_ln62' <Predicate = (!tmp & !icmp_ln62)> <Delay = 0.57> <CoreInst = "Adder">   --->   Core 1 'Adder' <Latency = 0> <II = 1> <Delay = 0.57> <FuncUnit> <Opcode : 'add' 'sub'> <InPorts = 2> <OutPorts = 1>
ST_6 : Operation 120 [1/1] (0.57ns)   --->   "%icmp_ln63 = icmp_eq  i3 %x, i3 6" [predecoder_kernel.cpp:63]   --->   Operation 120 'icmp' 'icmp_ln63' <Predicate = (!tmp & !icmp_ln62)> <Delay = 0.57> <CoreInst = "Cmp">   --->   Core 9 'Cmp' <Latency = 0> <II = 1> <Delay = 0.57> <FuncUnit> <Opcode : 'icmp'> <InPorts = 2> <OutPorts = 1>
ST_6 : Operation 121 [1/1] (0.27ns)   --->   "%select_ln62 = select i1 %icmp_ln63, i3 0, i3 %x" [predecoder_kernel.cpp:62]   --->   Operation 121 'select' 'select_ln62' <Predicate = (!tmp & !icmp_ln62)> <Delay = 0.27> <CoreInst = "Sel">   --->   Core 73 'Sel' <Latency = 0> <II = 1> <Delay = 0.27> <FuncUnit> <Opcode : 'select'> <InPorts = 3> <OutPorts = 1>
ST_6 : Operation 122 [1/1] (0.27ns)   --->   "%select_ln62_1 = select i1 %icmp_ln63, i3 %add_ln62, i3 %y" [predecoder_kernel.cpp:62]   --->   Operation 122 'select' 'select_ln62_1' <Predicate = (!tmp & !icmp_ln62)> <Delay = 0.27> <CoreInst = "Sel">   --->   Core 73 'Sel' <Latency = 0> <II = 1> <Delay = 0.27> <FuncUnit> <Opcode : 'select'> <InPorts = 3> <OutPorts = 1>
ST_6 : Operation 123 [1/1] (0.57ns)   --->   "%add_ln64 = add i3 %select_ln62, i3 1" [predecoder_kernel.cpp:64]   --->   Operation 123 'add' 'add_ln64' <Predicate = (!tmp & !icmp_ln62)> <Delay = 0.57> <CoreInst = "Adder">   --->   Core 1 'Adder' <Latency = 0> <II = 1> <Delay = 0.57> <FuncUnit> <Opcode : 'add' 'sub'> <InPorts = 2> <OutPorts = 1>
ST_6 : Operation 124 [1/1] (0.57ns)   --->   "%cmp8_i_i = icmp_ne  i3 %select_ln62, i3 0" [predecoder_kernel.cpp:62]   --->   Operation 124 'icmp' 'cmp8_i_i' <Predicate = (!tmp & !icmp_ln62)> <Delay = 0.57> <CoreInst = "Cmp">   --->   Core 9 'Cmp' <Latency = 0> <II = 1> <Delay = 0.57> <FuncUnit> <Opcode : 'icmp'> <InPorts = 2> <OutPorts = 1>
ST_6 : Operation 125 [1/1] (0.57ns)   --->   "%cmp9_i_i_2 = icmp_ult  i3 %add_ln64, i3 6" [predecoder_kernel.cpp:64]   --->   Operation 125 'icmp' 'cmp9_i_i_2' <Predicate = (!tmp & !icmp_ln62)> <Delay = 0.57> <CoreInst = "Cmp">   --->   Core 9 'Cmp' <Latency = 0> <II = 1> <Delay = 0.57> <FuncUnit> <Opcode : 'icmp'> <InPorts = 2> <OutPorts = 1>
ST_6 : Operation 126 [2/2] (0.00ns)   --->   "%call_ln62 = call void @conv3d_hidden_layer<1>_Pipeline_VITIS_LOOP_89_1_VITIS_LOOP_90_2, i3 %t_3, i8 %window_0, i8 %window_0_1, i8 %window_0_2, i3 %select_ln62_1, i1 %cmp8_i_i, i8 %fb_0, i8 %fb_0_1, i8 %fb_0_2, i8 %fb_0_3, i8 %fb_0_4, i8 %fb_0_6, i8 %fb_0_7, i8 %fb_0_8, i8 %fb_0_9, i8 %fb_0_10, i8 %fb_0_12, i8 %fb_0_13, i8 %fb_0_14, i8 %fb_0_15, i8 %fb_0_16, i3 %select_ln62, i8 %fb_0_5, i8 %fb_0_11, i8 %fb_0_17, i1 %cmp9_i_i_2" [predecoder_kernel.cpp:62]   --->   Operation 126 'call' 'call_ln62' <Predicate = (!tmp & !icmp_ln62)> <Delay = 0.00> <CoreType = "Generic">   --->   Core 0 '' <Latency = 0> <II = 1> <Delay = 1.00> <Generic> <Opcode : >
ST_6 : Operation 127 [1/1] (0.00ns)   --->   "%br_ln0 = br void %cleanup"   --->   Operation 127 'br' 'br_ln0' <Predicate = (!tmp & icmp_ln62)> <Delay = 0.00>
ST_6 : Operation 128 [1/1] (0.38ns)   --->   "%store_ln43 = store i3 %add_ln43, i3 %t" [predecoder_kernel.cpp:43]   --->   Operation 128 'store' 'store_ln43' <Predicate = (icmp_ln62) | (tmp)> <Delay = 0.38>
ST_6 : Operation 129 [1/1] (0.00ns)   --->   "%br_ln43 = br void %CONV_WRITE" [predecoder_kernel.cpp:43]   --->   Operation 129 'br' 'br_ln43' <Predicate = (icmp_ln62) | (tmp)> <Delay = 0.00>

State 7 <SV = 6> <Delay = 0.00>
ST_7 : Operation 130 [1/2] (0.00ns)   --->   "%call_ln62 = call void @conv3d_hidden_layer<1>_Pipeline_VITIS_LOOP_89_1_VITIS_LOOP_90_2, i3 %t_3, i8 %window_0, i8 %window_0_1, i8 %window_0_2, i3 %select_ln62_1, i1 %cmp8_i_i, i8 %fb_0, i8 %fb_0_1, i8 %fb_0_2, i8 %fb_0_3, i8 %fb_0_4, i8 %fb_0_6, i8 %fb_0_7, i8 %fb_0_8, i8 %fb_0_9, i8 %fb_0_10, i8 %fb_0_12, i8 %fb_0_13, i8 %fb_0_14, i8 %fb_0_15, i8 %fb_0_16, i3 %select_ln62, i8 %fb_0_5, i8 %fb_0_11, i8 %fb_0_17, i1 %cmp9_i_i_2" [predecoder_kernel.cpp:62]   --->   Operation 130 'call' 'call_ln62' <Predicate = true> <Delay = 0.00> <CoreType = "Generic">   --->   Core 0 '' <Latency = 0> <II = 1> <Delay = 1.00> <Generic> <Opcode : >

State 8 <SV = 7> <Delay = 0.66>
ST_8 : Operation 131 [2/2] (0.66ns)   --->   "%window_0_load = load i4 %window_0_addr"   --->   Operation 131 'load' 'window_0_load' <Predicate = true> <Delay = 0.66> <CoreInst = "RAM">   --->   Core 83 'RAM' <Latency = 1> <II = 1> <Delay = 0.66> <Storage> <Opcode : 'load' 'store'> <Ports = 2> <Width = 8> <Depth = 9> <RAM>
ST_8 : Operation 132 [2/2] (0.66ns)   --->   "%window_0_1_load = load i4 %window_0_1_addr"   --->   Operation 132 'load' 'window_0_1_load' <Predicate = true> <Delay = 0.66> <CoreInst = "RAM">   --->   Core 83 'RAM' <Latency = 1> <II = 1> <Delay = 0.66> <Storage> <Opcode : 'load' 'store'> <Ports = 2> <Width = 8> <Depth = 9> <RAM>
ST_8 : Operation 133 [2/2] (0.66ns)   --->   "%window_0_2_load = load i4 %window_0_2_addr"   --->   Operation 133 'load' 'window_0_2_load' <Predicate = true> <Delay = 0.66> <CoreInst = "RAM">   --->   Core 83 'RAM' <Latency = 1> <II = 1> <Delay = 0.66> <Storage> <Opcode : 'load' 'store'> <Ports = 2> <Width = 8> <Depth = 9> <RAM>

State 9 <SV = 8> <Delay = 0.66>
ST_9 : Operation 134 [1/2] (0.66ns)   --->   "%window_0_load = load i4 %window_0_addr"   --->   Operation 134 'load' 'window_0_load' <Predicate = true> <Delay = 0.66> <CoreInst = "RAM">   --->   Core 83 'RAM' <Latency = 1> <II = 1> <Delay = 0.66> <Storage> <Opcode : 'load' 'store'> <Ports = 2> <Width = 8> <Depth = 9> <RAM>
ST_9 : Operation 135 [1/2] (0.66ns)   --->   "%window_0_1_load = load i4 %window_0_1_addr"   --->   Operation 135 'load' 'window_0_1_load' <Predicate = true> <Delay = 0.66> <CoreInst = "RAM">   --->   Core 83 'RAM' <Latency = 1> <II = 1> <Delay = 0.66> <Storage> <Opcode : 'load' 'store'> <Ports = 2> <Width = 8> <Depth = 9> <RAM>
ST_9 : Operation 136 [1/2] (0.66ns)   --->   "%window_0_2_load = load i4 %window_0_2_addr"   --->   Operation 136 'load' 'window_0_2_load' <Predicate = true> <Delay = 0.66> <CoreInst = "RAM">   --->   Core 83 'RAM' <Latency = 1> <II = 1> <Delay = 0.66> <Storage> <Opcode : 'load' 'store'> <Ports = 2> <Width = 8> <Depth = 9> <RAM>
ST_9 : Operation 137 [2/2] (0.66ns)   --->   "%window_0_load_1 = load i4 %window_0_addr_1"   --->   Operation 137 'load' 'window_0_load_1' <Predicate = true> <Delay = 0.66> <CoreInst = "RAM">   --->   Core 83 'RAM' <Latency = 1> <II = 1> <Delay = 0.66> <Storage> <Opcode : 'load' 'store'> <Ports = 2> <Width = 8> <Depth = 9> <RAM>
ST_9 : Operation 138 [2/2] (0.66ns)   --->   "%window_0_1_load_1 = load i4 %window_0_1_addr_1"   --->   Operation 138 'load' 'window_0_1_load_1' <Predicate = true> <Delay = 0.66> <CoreInst = "RAM">   --->   Core 83 'RAM' <Latency = 1> <II = 1> <Delay = 0.66> <Storage> <Opcode : 'load' 'store'> <Ports = 2> <Width = 8> <Depth = 9> <RAM>
ST_9 : Operation 139 [2/2] (0.66ns)   --->   "%window_0_2_load_1 = load i4 %window_0_2_addr_1"   --->   Operation 139 'load' 'window_0_2_load_1' <Predicate = true> <Delay = 0.66> <CoreInst = "RAM">   --->   Core 83 'RAM' <Latency = 1> <II = 1> <Delay = 0.66> <Storage> <Opcode : 'load' 'store'> <Ports = 2> <Width = 8> <Depth = 9> <RAM>
ST_9 : Operation 140 [2/2] (0.66ns)   --->   "%window_0_load_2 = load i4 %window_0_addr_2"   --->   Operation 140 'load' 'window_0_load_2' <Predicate = true> <Delay = 0.66> <CoreInst = "RAM">   --->   Core 83 'RAM' <Latency = 1> <II = 1> <Delay = 0.66> <Storage> <Opcode : 'load' 'store'> <Ports = 2> <Width = 8> <Depth = 9> <RAM>
ST_9 : Operation 141 [2/2] (0.66ns)   --->   "%window_0_1_load_2 = load i4 %window_0_1_addr_2"   --->   Operation 141 'load' 'window_0_1_load_2' <Predicate = true> <Delay = 0.66> <CoreInst = "RAM">   --->   Core 83 'RAM' <Latency = 1> <II = 1> <Delay = 0.66> <Storage> <Opcode : 'load' 'store'> <Ports = 2> <Width = 8> <Depth = 9> <RAM>
ST_9 : Operation 142 [2/2] (0.66ns)   --->   "%window_0_2_load_2 = load i4 %window_0_2_addr_2"   --->   Operation 142 'load' 'window_0_2_load_2' <Predicate = true> <Delay = 0.66> <CoreInst = "RAM">   --->   Core 83 'RAM' <Latency = 1> <II = 1> <Delay = 0.66> <Storage> <Opcode : 'load' 'store'> <Ports = 2> <Width = 8> <Depth = 9> <RAM>

State 10 <SV = 9> <Delay = 0.66>
ST_10 : Operation 143 [1/2] (0.66ns)   --->   "%window_0_load_1 = load i4 %window_0_addr_1"   --->   Operation 143 'load' 'window_0_load_1' <Predicate = true> <Delay = 0.66> <CoreInst = "RAM">   --->   Core 83 'RAM' <Latency = 1> <II = 1> <Delay = 0.66> <Storage> <Opcode : 'load' 'store'> <Ports = 2> <Width = 8> <Depth = 9> <RAM>
ST_10 : Operation 144 [1/2] (0.66ns)   --->   "%window_0_1_load_1 = load i4 %window_0_1_addr_1"   --->   Operation 144 'load' 'window_0_1_load_1' <Predicate = true> <Delay = 0.66> <CoreInst = "RAM">   --->   Core 83 'RAM' <Latency = 1> <II = 1> <Delay = 0.66> <Storage> <Opcode : 'load' 'store'> <Ports = 2> <Width = 8> <Depth = 9> <RAM>
ST_10 : Operation 145 [1/2] (0.66ns)   --->   "%window_0_2_load_1 = load i4 %window_0_2_addr_1"   --->   Operation 145 'load' 'window_0_2_load_1' <Predicate = true> <Delay = 0.66> <CoreInst = "RAM">   --->   Core 83 'RAM' <Latency = 1> <II = 1> <Delay = 0.66> <Storage> <Opcode : 'load' 'store'> <Ports = 2> <Width = 8> <Depth = 9> <RAM>
ST_10 : Operation 146 [1/2] (0.66ns)   --->   "%window_0_load_2 = load i4 %window_0_addr_2"   --->   Operation 146 'load' 'window_0_load_2' <Predicate = true> <Delay = 0.66> <CoreInst = "RAM">   --->   Core 83 'RAM' <Latency = 1> <II = 1> <Delay = 0.66> <Storage> <Opcode : 'load' 'store'> <Ports = 2> <Width = 8> <Depth = 9> <RAM>
ST_10 : Operation 147 [1/2] (0.66ns)   --->   "%window_0_1_load_2 = load i4 %window_0_1_addr_2"   --->   Operation 147 'load' 'window_0_1_load_2' <Predicate = true> <Delay = 0.66> <CoreInst = "RAM">   --->   Core 83 'RAM' <Latency = 1> <II = 1> <Delay = 0.66> <Storage> <Opcode : 'load' 'store'> <Ports = 2> <Width = 8> <Depth = 9> <RAM>
ST_10 : Operation 148 [1/2] (0.66ns)   --->   "%window_0_2_load_2 = load i4 %window_0_2_addr_2"   --->   Operation 148 'load' 'window_0_2_load_2' <Predicate = true> <Delay = 0.66> <CoreInst = "RAM">   --->   Core 83 'RAM' <Latency = 1> <II = 1> <Delay = 0.66> <Storage> <Opcode : 'load' 'store'> <Ports = 2> <Width = 8> <Depth = 9> <RAM>
ST_10 : Operation 149 [2/2] (0.66ns)   --->   "%window_0_load_3 = load i4 %window_0_addr_3"   --->   Operation 149 'load' 'window_0_load_3' <Predicate = true> <Delay = 0.66> <CoreInst = "RAM">   --->   Core 83 'RAM' <Latency = 1> <II = 1> <Delay = 0.66> <Storage> <Opcode : 'load' 'store'> <Ports = 2> <Width = 8> <Depth = 9> <RAM>
ST_10 : Operation 150 [2/2] (0.66ns)   --->   "%window_0_1_load_3 = load i4 %window_0_1_addr_3"   --->   Operation 150 'load' 'window_0_1_load_3' <Predicate = true> <Delay = 0.66> <CoreInst = "RAM">   --->   Core 83 'RAM' <Latency = 1> <II = 1> <Delay = 0.66> <Storage> <Opcode : 'load' 'store'> <Ports = 2> <Width = 8> <Depth = 9> <RAM>
ST_10 : Operation 151 [2/2] (0.66ns)   --->   "%window_0_2_load_3 = load i4 %window_0_2_addr_3"   --->   Operation 151 'load' 'window_0_2_load_3' <Predicate = true> <Delay = 0.66> <CoreInst = "RAM">   --->   Core 83 'RAM' <Latency = 1> <II = 1> <Delay = 0.66> <Storage> <Opcode : 'load' 'store'> <Ports = 2> <Width = 8> <Depth = 9> <RAM>
ST_10 : Operation 152 [2/2] (0.66ns)   --->   "%window_0_load_4 = load i4 %window_0_addr_4"   --->   Operation 152 'load' 'window_0_load_4' <Predicate = true> <Delay = 0.66> <CoreInst = "RAM">   --->   Core 83 'RAM' <Latency = 1> <II = 1> <Delay = 0.66> <Storage> <Opcode : 'load' 'store'> <Ports = 2> <Width = 8> <Depth = 9> <RAM>
ST_10 : Operation 153 [2/2] (0.66ns)   --->   "%window_0_1_load_4 = load i4 %window_0_1_addr_4"   --->   Operation 153 'load' 'window_0_1_load_4' <Predicate = true> <Delay = 0.66> <CoreInst = "RAM">   --->   Core 83 'RAM' <Latency = 1> <II = 1> <Delay = 0.66> <Storage> <Opcode : 'load' 'store'> <Ports = 2> <Width = 8> <Depth = 9> <RAM>
ST_10 : Operation 154 [2/2] (0.66ns)   --->   "%window_0_2_load_4 = load i4 %window_0_2_addr_4"   --->   Operation 154 'load' 'window_0_2_load_4' <Predicate = true> <Delay = 0.66> <CoreInst = "RAM">   --->   Core 83 'RAM' <Latency = 1> <II = 1> <Delay = 0.66> <Storage> <Opcode : 'load' 'store'> <Ports = 2> <Width = 8> <Depth = 9> <RAM>

State 11 <SV = 10> <Delay = 0.66>
ST_11 : Operation 155 [1/2] (0.66ns)   --->   "%window_0_load_3 = load i4 %window_0_addr_3"   --->   Operation 155 'load' 'window_0_load_3' <Predicate = true> <Delay = 0.66> <CoreInst = "RAM">   --->   Core 83 'RAM' <Latency = 1> <II = 1> <Delay = 0.66> <Storage> <Opcode : 'load' 'store'> <Ports = 2> <Width = 8> <Depth = 9> <RAM>
ST_11 : Operation 156 [1/2] (0.66ns)   --->   "%window_0_1_load_3 = load i4 %window_0_1_addr_3"   --->   Operation 156 'load' 'window_0_1_load_3' <Predicate = true> <Delay = 0.66> <CoreInst = "RAM">   --->   Core 83 'RAM' <Latency = 1> <II = 1> <Delay = 0.66> <Storage> <Opcode : 'load' 'store'> <Ports = 2> <Width = 8> <Depth = 9> <RAM>
ST_11 : Operation 157 [1/2] (0.66ns)   --->   "%window_0_2_load_3 = load i4 %window_0_2_addr_3"   --->   Operation 157 'load' 'window_0_2_load_3' <Predicate = true> <Delay = 0.66> <CoreInst = "RAM">   --->   Core 83 'RAM' <Latency = 1> <II = 1> <Delay = 0.66> <Storage> <Opcode : 'load' 'store'> <Ports = 2> <Width = 8> <Depth = 9> <RAM>
ST_11 : Operation 158 [1/2] (0.66ns)   --->   "%window_0_load_4 = load i4 %window_0_addr_4"   --->   Operation 158 'load' 'window_0_load_4' <Predicate = true> <Delay = 0.66> <CoreInst = "RAM">   --->   Core 83 'RAM' <Latency = 1> <II = 1> <Delay = 0.66> <Storage> <Opcode : 'load' 'store'> <Ports = 2> <Width = 8> <Depth = 9> <RAM>
ST_11 : Operation 159 [1/2] (0.66ns)   --->   "%window_0_1_load_4 = load i4 %window_0_1_addr_4"   --->   Operation 159 'load' 'window_0_1_load_4' <Predicate = true> <Delay = 0.66> <CoreInst = "RAM">   --->   Core 83 'RAM' <Latency = 1> <II = 1> <Delay = 0.66> <Storage> <Opcode : 'load' 'store'> <Ports = 2> <Width = 8> <Depth = 9> <RAM>
ST_11 : Operation 160 [1/2] (0.66ns)   --->   "%window_0_2_load_4 = load i4 %window_0_2_addr_4"   --->   Operation 160 'load' 'window_0_2_load_4' <Predicate = true> <Delay = 0.66> <CoreInst = "RAM">   --->   Core 83 'RAM' <Latency = 1> <II = 1> <Delay = 0.66> <Storage> <Opcode : 'load' 'store'> <Ports = 2> <Width = 8> <Depth = 9> <RAM>
ST_11 : Operation 161 [2/2] (0.66ns)   --->   "%window_0_load_5 = load i4 %window_0_addr_5"   --->   Operation 161 'load' 'window_0_load_5' <Predicate = true> <Delay = 0.66> <CoreInst = "RAM">   --->   Core 83 'RAM' <Latency = 1> <II = 1> <Delay = 0.66> <Storage> <Opcode : 'load' 'store'> <Ports = 2> <Width = 8> <Depth = 9> <RAM>
ST_11 : Operation 162 [2/2] (0.66ns)   --->   "%window_0_1_load_5 = load i4 %window_0_1_addr_5"   --->   Operation 162 'load' 'window_0_1_load_5' <Predicate = true> <Delay = 0.66> <CoreInst = "RAM">   --->   Core 83 'RAM' <Latency = 1> <II = 1> <Delay = 0.66> <Storage> <Opcode : 'load' 'store'> <Ports = 2> <Width = 8> <Depth = 9> <RAM>
ST_11 : Operation 163 [2/2] (0.66ns)   --->   "%window_0_2_load_5 = load i4 %window_0_2_addr_5"   --->   Operation 163 'load' 'window_0_2_load_5' <Predicate = true> <Delay = 0.66> <CoreInst = "RAM">   --->   Core 83 'RAM' <Latency = 1> <II = 1> <Delay = 0.66> <Storage> <Opcode : 'load' 'store'> <Ports = 2> <Width = 8> <Depth = 9> <RAM>
ST_11 : Operation 164 [2/2] (0.66ns)   --->   "%window_0_load_6 = load i4 %window_0_addr_6"   --->   Operation 164 'load' 'window_0_load_6' <Predicate = true> <Delay = 0.66> <CoreInst = "RAM">   --->   Core 83 'RAM' <Latency = 1> <II = 1> <Delay = 0.66> <Storage> <Opcode : 'load' 'store'> <Ports = 2> <Width = 8> <Depth = 9> <RAM>
ST_11 : Operation 165 [2/2] (0.66ns)   --->   "%window_0_1_load_6 = load i4 %window_0_1_addr_6"   --->   Operation 165 'load' 'window_0_1_load_6' <Predicate = true> <Delay = 0.66> <CoreInst = "RAM">   --->   Core 83 'RAM' <Latency = 1> <II = 1> <Delay = 0.66> <Storage> <Opcode : 'load' 'store'> <Ports = 2> <Width = 8> <Depth = 9> <RAM>
ST_11 : Operation 166 [2/2] (0.66ns)   --->   "%window_0_2_load_6 = load i4 %window_0_2_addr_6"   --->   Operation 166 'load' 'window_0_2_load_6' <Predicate = true> <Delay = 0.66> <CoreInst = "RAM">   --->   Core 83 'RAM' <Latency = 1> <II = 1> <Delay = 0.66> <Storage> <Opcode : 'load' 'store'> <Ports = 2> <Width = 8> <Depth = 9> <RAM>

State 12 <SV = 11> <Delay = 0.66>
ST_12 : Operation 167 [1/2] (0.66ns)   --->   "%window_0_load_5 = load i4 %window_0_addr_5"   --->   Operation 167 'load' 'window_0_load_5' <Predicate = true> <Delay = 0.66> <CoreInst = "RAM">   --->   Core 83 'RAM' <Latency = 1> <II = 1> <Delay = 0.66> <Storage> <Opcode : 'load' 'store'> <Ports = 2> <Width = 8> <Depth = 9> <RAM>
ST_12 : Operation 168 [1/2] (0.66ns)   --->   "%window_0_1_load_5 = load i4 %window_0_1_addr_5"   --->   Operation 168 'load' 'window_0_1_load_5' <Predicate = true> <Delay = 0.66> <CoreInst = "RAM">   --->   Core 83 'RAM' <Latency = 1> <II = 1> <Delay = 0.66> <Storage> <Opcode : 'load' 'store'> <Ports = 2> <Width = 8> <Depth = 9> <RAM>
ST_12 : Operation 169 [1/2] (0.66ns)   --->   "%window_0_2_load_5 = load i4 %window_0_2_addr_5"   --->   Operation 169 'load' 'window_0_2_load_5' <Predicate = true> <Delay = 0.66> <CoreInst = "RAM">   --->   Core 83 'RAM' <Latency = 1> <II = 1> <Delay = 0.66> <Storage> <Opcode : 'load' 'store'> <Ports = 2> <Width = 8> <Depth = 9> <RAM>
ST_12 : Operation 170 [1/2] (0.66ns)   --->   "%window_0_load_6 = load i4 %window_0_addr_6"   --->   Operation 170 'load' 'window_0_load_6' <Predicate = true> <Delay = 0.66> <CoreInst = "RAM">   --->   Core 83 'RAM' <Latency = 1> <II = 1> <Delay = 0.66> <Storage> <Opcode : 'load' 'store'> <Ports = 2> <Width = 8> <Depth = 9> <RAM>
ST_12 : Operation 171 [1/2] (0.66ns)   --->   "%window_0_1_load_6 = load i4 %window_0_1_addr_6"   --->   Operation 171 'load' 'window_0_1_load_6' <Predicate = true> <Delay = 0.66> <CoreInst = "RAM">   --->   Core 83 'RAM' <Latency = 1> <II = 1> <Delay = 0.66> <Storage> <Opcode : 'load' 'store'> <Ports = 2> <Width = 8> <Depth = 9> <RAM>
ST_12 : Operation 172 [1/2] (0.66ns)   --->   "%window_0_2_load_6 = load i4 %window_0_2_addr_6"   --->   Operation 172 'load' 'window_0_2_load_6' <Predicate = true> <Delay = 0.66> <CoreInst = "RAM">   --->   Core 83 'RAM' <Latency = 1> <II = 1> <Delay = 0.66> <Storage> <Opcode : 'load' 'store'> <Ports = 2> <Width = 8> <Depth = 9> <RAM>
ST_12 : Operation 173 [2/2] (0.66ns)   --->   "%window_0_load_7 = load i4 %window_0_addr_7"   --->   Operation 173 'load' 'window_0_load_7' <Predicate = true> <Delay = 0.66> <CoreInst = "RAM">   --->   Core 83 'RAM' <Latency = 1> <II = 1> <Delay = 0.66> <Storage> <Opcode : 'load' 'store'> <Ports = 2> <Width = 8> <Depth = 9> <RAM>
ST_12 : Operation 174 [2/2] (0.66ns)   --->   "%window_0_1_load_7 = load i4 %window_0_1_addr_7"   --->   Operation 174 'load' 'window_0_1_load_7' <Predicate = true> <Delay = 0.66> <CoreInst = "RAM">   --->   Core 83 'RAM' <Latency = 1> <II = 1> <Delay = 0.66> <Storage> <Opcode : 'load' 'store'> <Ports = 2> <Width = 8> <Depth = 9> <RAM>
ST_12 : Operation 175 [2/2] (0.66ns)   --->   "%window_0_2_load_7 = load i4 %window_0_2_addr_7"   --->   Operation 175 'load' 'window_0_2_load_7' <Predicate = true> <Delay = 0.66> <CoreInst = "RAM">   --->   Core 83 'RAM' <Latency = 1> <II = 1> <Delay = 0.66> <Storage> <Opcode : 'load' 'store'> <Ports = 2> <Width = 8> <Depth = 9> <RAM>
ST_12 : Operation 176 [2/2] (0.66ns)   --->   "%window_0_load_8 = load i4 %window_0_addr_8"   --->   Operation 176 'load' 'window_0_load_8' <Predicate = true> <Delay = 0.66> <CoreInst = "RAM">   --->   Core 83 'RAM' <Latency = 1> <II = 1> <Delay = 0.66> <Storage> <Opcode : 'load' 'store'> <Ports = 2> <Width = 8> <Depth = 9> <RAM>
ST_12 : Operation 177 [2/2] (0.66ns)   --->   "%window_0_1_load_8 = load i4 %window_0_1_addr_8"   --->   Operation 177 'load' 'window_0_1_load_8' <Predicate = true> <Delay = 0.66> <CoreInst = "RAM">   --->   Core 83 'RAM' <Latency = 1> <II = 1> <Delay = 0.66> <Storage> <Opcode : 'load' 'store'> <Ports = 2> <Width = 8> <Depth = 9> <RAM>
ST_12 : Operation 178 [2/2] (0.66ns)   --->   "%window_0_2_load_8 = load i4 %window_0_2_addr_8"   --->   Operation 178 'load' 'window_0_2_load_8' <Predicate = true> <Delay = 0.66> <CoreInst = "RAM">   --->   Core 83 'RAM' <Latency = 1> <II = 1> <Delay = 0.66> <Storage> <Opcode : 'load' 'store'> <Ports = 2> <Width = 8> <Depth = 9> <RAM>

State 13 <SV = 12> <Delay = 0.66>
ST_13 : Operation 179 [1/2] (0.66ns)   --->   "%window_0_load_7 = load i4 %window_0_addr_7"   --->   Operation 179 'load' 'window_0_load_7' <Predicate = true> <Delay = 0.66> <CoreInst = "RAM">   --->   Core 83 'RAM' <Latency = 1> <II = 1> <Delay = 0.66> <Storage> <Opcode : 'load' 'store'> <Ports = 2> <Width = 8> <Depth = 9> <RAM>
ST_13 : Operation 180 [1/2] (0.66ns)   --->   "%window_0_1_load_7 = load i4 %window_0_1_addr_7"   --->   Operation 180 'load' 'window_0_1_load_7' <Predicate = true> <Delay = 0.66> <CoreInst = "RAM">   --->   Core 83 'RAM' <Latency = 1> <II = 1> <Delay = 0.66> <Storage> <Opcode : 'load' 'store'> <Ports = 2> <Width = 8> <Depth = 9> <RAM>
ST_13 : Operation 181 [1/2] (0.66ns)   --->   "%window_0_2_load_7 = load i4 %window_0_2_addr_7"   --->   Operation 181 'load' 'window_0_2_load_7' <Predicate = true> <Delay = 0.66> <CoreInst = "RAM">   --->   Core 83 'RAM' <Latency = 1> <II = 1> <Delay = 0.66> <Storage> <Opcode : 'load' 'store'> <Ports = 2> <Width = 8> <Depth = 9> <RAM>
ST_13 : Operation 182 [1/2] (0.66ns)   --->   "%window_0_load_8 = load i4 %window_0_addr_8"   --->   Operation 182 'load' 'window_0_load_8' <Predicate = true> <Delay = 0.66> <CoreInst = "RAM">   --->   Core 83 'RAM' <Latency = 1> <II = 1> <Delay = 0.66> <Storage> <Opcode : 'load' 'store'> <Ports = 2> <Width = 8> <Depth = 9> <RAM>
ST_13 : Operation 183 [1/2] (0.66ns)   --->   "%window_0_1_load_8 = load i4 %window_0_1_addr_8"   --->   Operation 183 'load' 'window_0_1_load_8' <Predicate = true> <Delay = 0.66> <CoreInst = "RAM">   --->   Core 83 'RAM' <Latency = 1> <II = 1> <Delay = 0.66> <Storage> <Opcode : 'load' 'store'> <Ports = 2> <Width = 8> <Depth = 9> <RAM>
ST_13 : Operation 184 [1/2] (0.66ns)   --->   "%window_0_2_load_8 = load i4 %window_0_2_addr_8"   --->   Operation 184 'load' 'window_0_2_load_8' <Predicate = true> <Delay = 0.66> <CoreInst = "RAM">   --->   Core 83 'RAM' <Latency = 1> <II = 1> <Delay = 0.66> <Storage> <Opcode : 'load' 'store'> <Ports = 2> <Width = 8> <Depth = 9> <RAM>
ST_13 : Operation 185 [2/2] (0.00ns)   --->   "%call_ln0 = call void @conv3d_hidden_layer<1>_Pipeline_OC_LOOP, i8 %window_0_load, i8 %window_0_1_load, i8 %window_0_2_load, i8 %window_0_load_1, i8 %window_0_1_load_1, i8 %window_0_2_load_1, i8 %window_0_load_2, i8 %window_0_1_load_2, i8 %window_0_2_load_2, i8 %window_0_load_3, i8 %window_0_1_load_3, i8 %window_0_2_load_3, i8 %window_0_load_4, i8 %window_0_1_load_4, i8 %window_0_2_load_4, i8 %window_0_load_5, i8 %window_0_1_load_5, i8 %window_0_2_load_5, i8 %window_0_load_6, i8 %window_0_1_load_6, i8 %window_0_2_load_6, i8 %window_0_load_7, i8 %window_0_1_load_7, i8 %window_0_2_load_7, i8 %window_0_load_8, i8 %window_0_1_load_8, i8 %window_0_2_load_8, i8 %out, i8 %p_ZN18predecoder_weightsL13LAYER0_WEIGHTE_0, i8 %p_ZN18predecoder_weightsL13LAYER0_WEIGHTE_1, i8 %p_ZN18predecoder_weightsL13LAYER0_WEIGHTE_2, i7 %p_ZN18predecoder_weightsL13LAYER0_WEIGHTE_3, i8 %p_ZN18predecoder_weightsL13LAYER0_WEIGHTE_4, i8 %p_ZN18predecoder_weightsL13LAYER0_WEIGHTE_5, i6 %p_ZN18predecoder_weightsL13LAYER0_WEIGHTE_6, i8 %p_ZN18predecoder_weightsL13LAYER0_WEIGHTE_7, i8 %p_ZN18predecoder_weightsL13LAYER0_WEIGHTE_8, i8 %p_ZN18predecoder_weightsL13LAYER0_WEIGHTE_9, i8 %p_ZN18predecoder_weightsL13LAYER0_WEIGHTE_10, i8 %p_ZN18predecoder_weightsL13LAYER0_WEIGHTE_11, i8 %p_ZN18predecoder_weightsL13LAYER0_WEIGHTE_12, i8 %p_ZN18predecoder_weightsL13LAYER0_WEIGHTE_13, i8 %p_ZN18predecoder_weightsL13LAYER0_WEIGHTE_14, i8 %p_ZN18predecoder_weightsL13LAYER0_WEIGHTE_15, i8 %p_ZN18predecoder_weightsL13LAYER0_WEIGHTE_16, i8 %p_ZN18predecoder_weightsL13LAYER0_WEIGHTE_17, i8 %p_ZN18predecoder_weightsL13LAYER0_WEIGHTE_18, i8 %p_ZN18predecoder_weightsL13LAYER0_WEIGHTE_19, i7 %p_ZN18predecoder_weightsL13LAYER0_WEIGHTE_20, i8 %p_ZN18predecoder_weightsL13LAYER0_WEIGHTE_21, i8 %p_ZN18predecoder_weightsL13LAYER0_WEIGHTE_22, i8 %p_ZN18predecoder_weightsL13LAYER0_WEIGHTE_23, i8 %p_ZN18predecoder_weightsL13LAYER0_WEIGHTE_24, i7 %p_ZN18predecoder_weightsL13LAYER0_WEIGHTE_25, i7 %p_ZN18predecoder_weightsL13LAYER0_WEIGHTE_26, i9 %predecoder_weights_LAYER0_BIAS, i41 %layer0_mult"   --->   Operation 185 'call' 'call_ln0' <Predicate = true> <Delay = 0.00> <CoreType = "Generic">   --->   Core 0 '' <Latency = 0> <II = 1> <Delay = 1.00> <Generic> <Opcode : >

State 14 <SV = 13> <Delay = 0.00>
ST_14 : Operation 186 [1/2] (0.00ns)   --->   "%call_ln0 = call void @conv3d_hidden_layer<1>_Pipeline_OC_LOOP, i8 %window_0_load, i8 %window_0_1_load, i8 %window_0_2_load, i8 %window_0_load_1, i8 %window_0_1_load_1, i8 %window_0_2_load_1, i8 %window_0_load_2, i8 %window_0_1_load_2, i8 %window_0_2_load_2, i8 %window_0_load_3, i8 %window_0_1_load_3, i8 %window_0_2_load_3, i8 %window_0_load_4, i8 %window_0_1_load_4, i8 %window_0_2_load_4, i8 %window_0_load_5, i8 %window_0_1_load_5, i8 %window_0_2_load_5, i8 %window_0_load_6, i8 %window_0_1_load_6, i8 %window_0_2_load_6, i8 %window_0_load_7, i8 %window_0_1_load_7, i8 %window_0_2_load_7, i8 %window_0_load_8, i8 %window_0_1_load_8, i8 %window_0_2_load_8, i8 %out, i8 %p_ZN18predecoder_weightsL13LAYER0_WEIGHTE_0, i8 %p_ZN18predecoder_weightsL13LAYER0_WEIGHTE_1, i8 %p_ZN18predecoder_weightsL13LAYER0_WEIGHTE_2, i7 %p_ZN18predecoder_weightsL13LAYER0_WEIGHTE_3, i8 %p_ZN18predecoder_weightsL13LAYER0_WEIGHTE_4, i8 %p_ZN18predecoder_weightsL13LAYER0_WEIGHTE_5, i6 %p_ZN18predecoder_weightsL13LAYER0_WEIGHTE_6, i8 %p_ZN18predecoder_weightsL13LAYER0_WEIGHTE_7, i8 %p_ZN18predecoder_weightsL13LAYER0_WEIGHTE_8, i8 %p_ZN18predecoder_weightsL13LAYER0_WEIGHTE_9, i8 %p_ZN18predecoder_weightsL13LAYER0_WEIGHTE_10, i8 %p_ZN18predecoder_weightsL13LAYER0_WEIGHTE_11, i8 %p_ZN18predecoder_weightsL13LAYER0_WEIGHTE_12, i8 %p_ZN18predecoder_weightsL13LAYER0_WEIGHTE_13, i8 %p_ZN18predecoder_weightsL13LAYER0_WEIGHTE_14, i8 %p_ZN18predecoder_weightsL13LAYER0_WEIGHTE_15, i8 %p_ZN18predecoder_weightsL13LAYER0_WEIGHTE_16, i8 %p_ZN18predecoder_weightsL13LAYER0_WEIGHTE_17, i8 %p_ZN18predecoder_weightsL13LAYER0_WEIGHTE_18, i8 %p_ZN18predecoder_weightsL13LAYER0_WEIGHTE_19, i7 %p_ZN18predecoder_weightsL13LAYER0_WEIGHTE_20, i8 %p_ZN18predecoder_weightsL13LAYER0_WEIGHTE_21, i8 %p_ZN18predecoder_weightsL13LAYER0_WEIGHTE_22, i8 %p_ZN18predecoder_weightsL13LAYER0_WEIGHTE_23, i8 %p_ZN18predecoder_weightsL13LAYER0_WEIGHTE_24, i7 %p_ZN18predecoder_weightsL13LAYER0_WEIGHTE_25, i7 %p_ZN18predecoder_weightsL13LAYER0_WEIGHTE_26, i9 %predecoder_weights_LAYER0_BIAS, i41 %layer0_mult"   --->   Operation 186 'call' 'call_ln0' <Predicate = true> <Delay = 0.00> <CoreType = "Generic">   --->   Core 0 '' <Latency = 0> <II = 1> <Delay = 1.00> <Generic> <Opcode : >

State 15 <SV = 14> <Delay = 0.66>
ST_15 : Operation 187 [2/2] (0.66ns)   --->   "%out_load = load i4 %out_addr" [predecoder_kernel.cpp:123]   --->   Operation 187 'load' 'out_load' <Predicate = true> <Delay = 0.66> <CoreInst = "RAM">   --->   Core 83 'RAM' <Latency = 1> <II = 1> <Delay = 0.66> <Storage> <Opcode : 'load' 'store'> <Ports = 2> <Width = 8> <Depth = 12> <RAM>
ST_15 : Operation 188 [2/2] (0.66ns)   --->   "%out_load_1 = load i4 %out_addr_1" [predecoder_kernel.cpp:123]   --->   Operation 188 'load' 'out_load_1' <Predicate = true> <Delay = 0.66> <CoreInst = "RAM">   --->   Core 83 'RAM' <Latency = 1> <II = 1> <Delay = 0.66> <Storage> <Opcode : 'load' 'store'> <Ports = 2> <Width = 8> <Depth = 12> <RAM>

State 16 <SV = 15> <Delay = 0.66>
ST_16 : Operation 189 [1/2] (0.66ns)   --->   "%out_load = load i4 %out_addr" [predecoder_kernel.cpp:123]   --->   Operation 189 'load' 'out_load' <Predicate = true> <Delay = 0.66> <CoreInst = "RAM">   --->   Core 83 'RAM' <Latency = 1> <II = 1> <Delay = 0.66> <Storage> <Opcode : 'load' 'store'> <Ports = 2> <Width = 8> <Depth = 12> <RAM>
ST_16 : Operation 190 [1/2] (0.66ns)   --->   "%out_load_1 = load i4 %out_addr_1" [predecoder_kernel.cpp:123]   --->   Operation 190 'load' 'out_load_1' <Predicate = true> <Delay = 0.66> <CoreInst = "RAM">   --->   Core 83 'RAM' <Latency = 1> <II = 1> <Delay = 0.66> <Storage> <Opcode : 'load' 'store'> <Ports = 2> <Width = 8> <Depth = 12> <RAM>
ST_16 : Operation 191 [2/2] (0.66ns)   --->   "%out_load_2 = load i4 %out_addr_2" [predecoder_kernel.cpp:123]   --->   Operation 191 'load' 'out_load_2' <Predicate = true> <Delay = 0.66> <CoreInst = "RAM">   --->   Core 83 'RAM' <Latency = 1> <II = 1> <Delay = 0.66> <Storage> <Opcode : 'load' 'store'> <Ports = 2> <Width = 8> <Depth = 12> <RAM>
ST_16 : Operation 192 [2/2] (0.66ns)   --->   "%out_load_3 = load i4 %out_addr_3" [predecoder_kernel.cpp:123]   --->   Operation 192 'load' 'out_load_3' <Predicate = true> <Delay = 0.66> <CoreInst = "RAM">   --->   Core 83 'RAM' <Latency = 1> <II = 1> <Delay = 0.66> <Storage> <Opcode : 'load' 'store'> <Ports = 2> <Width = 8> <Depth = 12> <RAM>

State 17 <SV = 16> <Delay = 0.66>
ST_17 : Operation 193 [1/2] (0.66ns)   --->   "%out_load_2 = load i4 %out_addr_2" [predecoder_kernel.cpp:123]   --->   Operation 193 'load' 'out_load_2' <Predicate = true> <Delay = 0.66> <CoreInst = "RAM">   --->   Core 83 'RAM' <Latency = 1> <II = 1> <Delay = 0.66> <Storage> <Opcode : 'load' 'store'> <Ports = 2> <Width = 8> <Depth = 12> <RAM>
ST_17 : Operation 194 [1/2] (0.66ns)   --->   "%out_load_3 = load i4 %out_addr_3" [predecoder_kernel.cpp:123]   --->   Operation 194 'load' 'out_load_3' <Predicate = true> <Delay = 0.66> <CoreInst = "RAM">   --->   Core 83 'RAM' <Latency = 1> <II = 1> <Delay = 0.66> <Storage> <Opcode : 'load' 'store'> <Ports = 2> <Width = 8> <Depth = 12> <RAM>
ST_17 : Operation 195 [2/2] (0.66ns)   --->   "%out_load_4 = load i4 %out_addr_4" [predecoder_kernel.cpp:123]   --->   Operation 195 'load' 'out_load_4' <Predicate = true> <Delay = 0.66> <CoreInst = "RAM">   --->   Core 83 'RAM' <Latency = 1> <II = 1> <Delay = 0.66> <Storage> <Opcode : 'load' 'store'> <Ports = 2> <Width = 8> <Depth = 12> <RAM>
ST_17 : Operation 196 [2/2] (0.66ns)   --->   "%out_load_5 = load i4 %out_addr_5" [predecoder_kernel.cpp:123]   --->   Operation 196 'load' 'out_load_5' <Predicate = true> <Delay = 0.66> <CoreInst = "RAM">   --->   Core 83 'RAM' <Latency = 1> <II = 1> <Delay = 0.66> <Storage> <Opcode : 'load' 'store'> <Ports = 2> <Width = 8> <Depth = 12> <RAM>

State 18 <SV = 17> <Delay = 0.66>
ST_18 : Operation 197 [1/2] (0.66ns)   --->   "%out_load_4 = load i4 %out_addr_4" [predecoder_kernel.cpp:123]   --->   Operation 197 'load' 'out_load_4' <Predicate = true> <Delay = 0.66> <CoreInst = "RAM">   --->   Core 83 'RAM' <Latency = 1> <II = 1> <Delay = 0.66> <Storage> <Opcode : 'load' 'store'> <Ports = 2> <Width = 8> <Depth = 12> <RAM>
ST_18 : Operation 198 [1/2] (0.66ns)   --->   "%out_load_5 = load i4 %out_addr_5" [predecoder_kernel.cpp:123]   --->   Operation 198 'load' 'out_load_5' <Predicate = true> <Delay = 0.66> <CoreInst = "RAM">   --->   Core 83 'RAM' <Latency = 1> <II = 1> <Delay = 0.66> <Storage> <Opcode : 'load' 'store'> <Ports = 2> <Width = 8> <Depth = 12> <RAM>
ST_18 : Operation 199 [2/2] (0.66ns)   --->   "%out_load_6 = load i4 %out_addr_6" [predecoder_kernel.cpp:123]   --->   Operation 199 'load' 'out_load_6' <Predicate = true> <Delay = 0.66> <CoreInst = "RAM">   --->   Core 83 'RAM' <Latency = 1> <II = 1> <Delay = 0.66> <Storage> <Opcode : 'load' 'store'> <Ports = 2> <Width = 8> <Depth = 12> <RAM>
ST_18 : Operation 200 [2/2] (0.66ns)   --->   "%out_load_7 = load i4 %out_addr_7" [predecoder_kernel.cpp:123]   --->   Operation 200 'load' 'out_load_7' <Predicate = true> <Delay = 0.66> <CoreInst = "RAM">   --->   Core 83 'RAM' <Latency = 1> <II = 1> <Delay = 0.66> <Storage> <Opcode : 'load' 'store'> <Ports = 2> <Width = 8> <Depth = 12> <RAM>

State 19 <SV = 18> <Delay = 0.66>
ST_19 : Operation 201 [1/2] (0.66ns)   --->   "%out_load_6 = load i4 %out_addr_6" [predecoder_kernel.cpp:123]   --->   Operation 201 'load' 'out_load_6' <Predicate = true> <Delay = 0.66> <CoreInst = "RAM">   --->   Core 83 'RAM' <Latency = 1> <II = 1> <Delay = 0.66> <Storage> <Opcode : 'load' 'store'> <Ports = 2> <Width = 8> <Depth = 12> <RAM>
ST_19 : Operation 202 [1/2] (0.66ns)   --->   "%out_load_7 = load i4 %out_addr_7" [predecoder_kernel.cpp:123]   --->   Operation 202 'load' 'out_load_7' <Predicate = true> <Delay = 0.66> <CoreInst = "RAM">   --->   Core 83 'RAM' <Latency = 1> <II = 1> <Delay = 0.66> <Storage> <Opcode : 'load' 'store'> <Ports = 2> <Width = 8> <Depth = 12> <RAM>
ST_19 : Operation 203 [2/2] (0.66ns)   --->   "%out_load_8 = load i4 %out_addr_8" [predecoder_kernel.cpp:123]   --->   Operation 203 'load' 'out_load_8' <Predicate = true> <Delay = 0.66> <CoreInst = "RAM">   --->   Core 83 'RAM' <Latency = 1> <II = 1> <Delay = 0.66> <Storage> <Opcode : 'load' 'store'> <Ports = 2> <Width = 8> <Depth = 12> <RAM>
ST_19 : Operation 204 [2/2] (0.66ns)   --->   "%out_load_9 = load i4 %out_addr_9" [predecoder_kernel.cpp:123]   --->   Operation 204 'load' 'out_load_9' <Predicate = true> <Delay = 0.66> <CoreInst = "RAM">   --->   Core 83 'RAM' <Latency = 1> <II = 1> <Delay = 0.66> <Storage> <Opcode : 'load' 'store'> <Ports = 2> <Width = 8> <Depth = 12> <RAM>

State 20 <SV = 19> <Delay = 0.66>
ST_20 : Operation 205 [1/2] (0.66ns)   --->   "%out_load_8 = load i4 %out_addr_8" [predecoder_kernel.cpp:123]   --->   Operation 205 'load' 'out_load_8' <Predicate = true> <Delay = 0.66> <CoreInst = "RAM">   --->   Core 83 'RAM' <Latency = 1> <II = 1> <Delay = 0.66> <Storage> <Opcode : 'load' 'store'> <Ports = 2> <Width = 8> <Depth = 12> <RAM>
ST_20 : Operation 206 [1/2] (0.66ns)   --->   "%out_load_9 = load i4 %out_addr_9" [predecoder_kernel.cpp:123]   --->   Operation 206 'load' 'out_load_9' <Predicate = true> <Delay = 0.66> <CoreInst = "RAM">   --->   Core 83 'RAM' <Latency = 1> <II = 1> <Delay = 0.66> <Storage> <Opcode : 'load' 'store'> <Ports = 2> <Width = 8> <Depth = 12> <RAM>
ST_20 : Operation 207 [2/2] (0.66ns)   --->   "%out_load_10 = load i4 %out_addr_10" [predecoder_kernel.cpp:123]   --->   Operation 207 'load' 'out_load_10' <Predicate = true> <Delay = 0.66> <CoreInst = "RAM">   --->   Core 83 'RAM' <Latency = 1> <II = 1> <Delay = 0.66> <Storage> <Opcode : 'load' 'store'> <Ports = 2> <Width = 8> <Depth = 12> <RAM>
ST_20 : Operation 208 [2/2] (0.66ns)   --->   "%out_load_11 = load i4 %out_addr_11" [predecoder_kernel.cpp:123]   --->   Operation 208 'load' 'out_load_11' <Predicate = true> <Delay = 0.66> <CoreInst = "RAM">   --->   Core 83 'RAM' <Latency = 1> <II = 1> <Delay = 0.66> <Storage> <Opcode : 'load' 'store'> <Ports = 2> <Width = 8> <Depth = 12> <RAM>

State 21 <SV = 20> <Delay = 1.88>
ST_21 : Operation 209 [1/1] (0.00ns)   --->   "%specloopname_ln0 = specloopname void @_ssdm_op_SpecLoopName, void @CONV_EMIT_VITIS_LOOP_63_4_str"   --->   Operation 209 'specloopname' 'specloopname_ln0' <Predicate = true> <Delay = 0.00>
ST_21 : Operation 210 [1/1] (0.00ns)   --->   "%speclooptripcount_ln0 = speclooptripcount void @_ssdm_op_SpecLoopTripCount, i64 36, i64 36, i64 36"   --->   Operation 210 'speclooptripcount' 'speclooptripcount_ln0' <Predicate = true> <Delay = 0.00>
ST_21 : Operation 211 [1/2] (0.66ns)   --->   "%out_load_10 = load i4 %out_addr_10" [predecoder_kernel.cpp:123]   --->   Operation 211 'load' 'out_load_10' <Predicate = true> <Delay = 0.66> <CoreInst = "RAM">   --->   Core 83 'RAM' <Latency = 1> <II = 1> <Delay = 0.66> <Storage> <Opcode : 'load' 'store'> <Ports = 2> <Width = 8> <Depth = 12> <RAM>
ST_21 : Operation 212 [1/2] (0.66ns)   --->   "%out_load_11 = load i4 %out_addr_11" [predecoder_kernel.cpp:123]   --->   Operation 212 'load' 'out_load_11' <Predicate = true> <Delay = 0.66> <CoreInst = "RAM">   --->   Core 83 'RAM' <Latency = 1> <II = 1> <Delay = 0.66> <Storage> <Opcode : 'load' 'store'> <Ports = 2> <Width = 8> <Depth = 12> <RAM>
ST_21 : Operation 213 [1/1] (0.00ns)   --->   "%or_ln123_s = bitconcatenate i96 @_ssdm_op_BitConcatenate.i96.i8.i8.i8.i8.i8.i8.i8.i8.i8.i8.i8.i8, i8 %out_load_11, i8 %out_load_10, i8 %out_load_9, i8 %out_load_8, i8 %out_load_7, i8 %out_load_6, i8 %out_load_5, i8 %out_load_4, i8 %out_load_3, i8 %out_load_2, i8 %out_load_1, i8 %out_load" [predecoder_kernel.cpp:123]   --->   Operation 213 'bitconcatenate' 'or_ln123_s' <Predicate = true> <Delay = 0.00>
ST_21 : Operation 214 [1/1] (1.21ns)   --->   "%write_ln123 = write void @_ssdm_op_Write.ap_fifo.volatile.i96P0A, i96 %s1, i96 %or_ln123_s" [predecoder_kernel.cpp:123]   --->   Operation 214 'write' 'write_ln123' <Predicate = true> <Delay = 1.21> <CoreInst = "FIFO_SRL">   --->   Core 81 'FIFO_SRL' <Latency = 0> <II = 1> <Delay = 1.42> <Storage> <Opcode : 'read' 'write' 'nbread' 'nbwrite'> <Ports = 0> <Width = 96> <Depth = 8> <FIFO>
ST_21 : Operation 215 [1/1] (0.00ns)   --->   "%br_ln63 = br void %for.body34" [predecoder_kernel.cpp:63]   --->   Operation 215 'br' 'br_ln63' <Predicate = true> <Delay = 0.00>


============================================================
+ Verbose Summary: Timing violations
============================================================
Target clock period: 3.330ns, clock uncertainty: 0.899ns.

 <State 1>: 0.387ns
The critical path consists of the following:
	'alloca' operation 3 bit ('t', predecoder_kernel.cpp:43) [32]  (0.000 ns)
	'store' operation 0 bit ('store_ln43', predecoder_kernel.cpp:43) of constant 0 on local variable 't', predecoder_kernel.cpp:43 [97]  (0.387 ns)

 <State 2>: 0.000ns
The critical path consists of the following:

 <State 3>: 1.517ns
The critical path consists of the following:
	'load' operation 3 bit ('t') on local variable 't', predecoder_kernel.cpp:43 [100]  (0.000 ns)
	'icmp' operation 1 bit ('empty') [111]  (0.572 ns)
	'select' operation 2 bit ('empty_63') [114]  (0.278 ns)
	'call' operation 0 bit ('call_ln0') to 'conv3d_hidden_layer<1>_Pipeline_VITIS_LOOP_46_1_VITIS_LOOP_47_2' [116]  (0.667 ns)

 <State 4>: 0.000ns
The critical path consists of the following:

 <State 5>: 0.572ns
The critical path consists of the following:
	'add' operation 4 bit ('add_ln59', predecoder_kernel.cpp:59) [120]  (0.572 ns)

 <State 6>: 1.994ns
The critical path consists of the following:
	'phi' operation 3 bit ('x', predecoder_kernel.cpp:64) with incoming values : ('add_ln64', predecoder_kernel.cpp:64) [128]  (0.000 ns)
	'icmp' operation 1 bit ('icmp_ln63', predecoder_kernel.cpp:63) [136]  (0.572 ns)
	'select' operation 3 bit ('select_ln62', predecoder_kernel.cpp:62) [137]  (0.278 ns)
	'add' operation 3 bit ('add_ln64', predecoder_kernel.cpp:64) [139]  (0.572 ns)
	'icmp' operation 1 bit ('cmp9_i_i_2', predecoder_kernel.cpp:64) [141]  (0.572 ns)

 <State 7>: 0.000ns
The critical path consists of the following:

 <State 8>: 0.667ns
The critical path consists of the following:
	'load' operation 8 bit ('window_0_load') on array 'window[0]', predecoder_kernel.cpp:64 [143]  (0.667 ns)

 <State 9>: 0.667ns
The critical path consists of the following:
	'load' operation 8 bit ('window_0_load') on array 'window[0]', predecoder_kernel.cpp:64 [143]  (0.667 ns)

 <State 10>: 0.667ns
The critical path consists of the following:
	'load' operation 8 bit ('window_0_load_1') on array 'window[0]', predecoder_kernel.cpp:64 [146]  (0.667 ns)

 <State 11>: 0.667ns
The critical path consists of the following:
	'load' operation 8 bit ('window_0_load_3') on array 'window[0]', predecoder_kernel.cpp:64 [152]  (0.667 ns)

 <State 12>: 0.667ns
The critical path consists of the following:
	'load' operation 8 bit ('window_0_load_5') on array 'window[0]', predecoder_kernel.cpp:64 [158]  (0.667 ns)

 <State 13>: 0.667ns
The critical path consists of the following:
	'load' operation 8 bit ('window_0_load_7') on array 'window[0]', predecoder_kernel.cpp:64 [164]  (0.667 ns)

 <State 14>: 0.000ns
The critical path consists of the following:

 <State 15>: 0.667ns
The critical path consists of the following:
	'load' operation 8 bit ('out_load', predecoder_kernel.cpp:123) on array 'out', predecoder_kernel.cpp:67 [171]  (0.667 ns)

 <State 16>: 0.667ns
The critical path consists of the following:
	'load' operation 8 bit ('out_load', predecoder_kernel.cpp:123) on array 'out', predecoder_kernel.cpp:67 [171]  (0.667 ns)

 <State 17>: 0.667ns
The critical path consists of the following:
	'load' operation 8 bit ('out_load_2', predecoder_kernel.cpp:123) on array 'out', predecoder_kernel.cpp:67 [173]  (0.667 ns)

 <State 18>: 0.667ns
The critical path consists of the following:
	'load' operation 8 bit ('out_load_4', predecoder_kernel.cpp:123) on array 'out', predecoder_kernel.cpp:67 [175]  (0.667 ns)

 <State 19>: 0.667ns
The critical path consists of the following:
	'load' operation 8 bit ('out_load_6', predecoder_kernel.cpp:123) on array 'out', predecoder_kernel.cpp:67 [177]  (0.667 ns)

 <State 20>: 0.667ns
The critical path consists of the following:
	'load' operation 8 bit ('out_load_8', predecoder_kernel.cpp:123) on array 'out', predecoder_kernel.cpp:67 [179]  (0.667 ns)

 <State 21>: 1.882ns
The critical path consists of the following:
	'load' operation 8 bit ('out_load_10', predecoder_kernel.cpp:123) on array 'out', predecoder_kernel.cpp:67 [181]  (0.667 ns)
	fifo write operation ('write_ln123', predecoder_kernel.cpp:123) on port 's1' (predecoder_kernel.cpp:123) [184]  (1.215 ns)


============================================================
+ Verbose Summary: Binding
============================================================
N/A
* FSMD analyzer results:
  - Output states:
 - Input state : 
  - Chain level:
	State 1
	State 2
	State 3
	State 4
	State 5
	State 6
	State 7
	State 8
	State 9
	State 10
	State 11
	State 12
	State 13
	State 14
	State 15
	State 16
	State 17
	State 18
	State 19
	State 20
	State 21


============================================================
+ Verbose Summary: Datapath Resource usage 
============================================================
N/A
