

================================================================
== Vitis HLS Report for 'conv3d_hidden_layer_1_Pipeline_RESET_VITIS_LOOP_40_1_VITIS_LOOP_41_2'
================================================================
* Date:           Thu Sep  3 17:05:55 2026

* Version:        2023.2 (Build 4023990 on Oct 11 2023)
* Project:        predecoder_csynth_proj
* Solution:       solution1 (Vitis Kernel Flow Target)
* Product family: virtexuplusHBM
* Target device:  xcu55c-fsvh2892-2L-e


================================================================
== Performance Estimates
================================================================
+ Timing: 
    * Summary: 
    +--------+---------+----------+------------+
    |  Clock |  Target | Estimated| Uncertainty|
    +--------+---------+----------+------------+
    |ap_clk  |  3.33 ns|  2.608 ns|     0.90 ns|
    +--------+---------+----------+------------+

+ Latency: 
    * Summary: 
    +---------+---------+----------+----------+-----+-----+---------+
    |  Latency (cycles) |  Latency (absolute) |  Interval | Pipeline|
    |   min   |   max   |    min   |    max   | min | max |   Type  |
    +---------+---------+----------+----------+-----+-----+---------+
    |      110|      110|  0.366 us|  0.366 us|  110|  110|       no|
    +---------+---------+----------+----------+-----+-----+---------+

    + Detail: 
        * Instance: 
        N/A

        * Loop: 
        +-----------------------------------------+---------+---------+----------+-----------+-----------+------+----------+
        |                                         |  Latency (cycles) | Iteration|  Initiation Interval  | Trip |          |
        |                Loop Name                |   min   |   max   |  Latency |  achieved |   target  | Count| Pipelined|
        +-----------------------------------------+---------+---------+----------+-----------+-----------+------+----------+
        |- RESET_VITIS_LOOP_40_1_VITIS_LOOP_41_2  |      108|      108|         2|          1|          1|   108|       yes|
        +-----------------------------------------+---------+---------+----------+-----------+-----------+------+----------+

============================================================
+ Verbose Summary: Synthesis Manager
============================================================
InlineROM: 1
ExposeGlobal: 0
============================================================
+ Verbose Summary: CDFG Model
============================================================
IsTopModel: 0
ResetActiveHigh: 1
IsCombinational: 0
IsDatapathOnly: 0
HasWiredReturn: 1
HasMFsm: 2
HasVarLatency: 1
IsPipeline: 0
IsRtlPipelined: 0
IsInstanceOverlapped: 0
IsDontTouch: 0
HasImplIP: 0
IsGatedGlobalClock: 0

+ Individual pipeline summary: 
  * Pipeline-0: initiation interval (II) = 1, depth = 2


============================================================
+ Verbose Summary: Schedule
============================================================
* Number of FSM states : 2
* Pipeline : 1
  Pipeline-0 : II = 1, D = 2, States = { 1 2 }
* Dataflow Pipeline: 0

* FSM state transitions: 
1 --> 2 
2 --> 

* FSM state operations: 

State 1 <SV = 0> <Delay = 2.60>
ST_1 : Operation 5 [1/1] (0.00ns)   --->   "%x = alloca i32 1" [./line_buffer.h:41->./line_buffer.h:34->predecoder_kernel.cpp:40]   --->   Operation 5 'alloca' 'x' <Predicate = true> <Delay = 0.00>
ST_1 : Operation 6 [1/1] (0.00ns)   --->   "%y = alloca i32 1" [./line_buffer.h:40->./line_buffer.h:34->predecoder_kernel.cpp:40]   --->   Operation 6 'alloca' 'y' <Predicate = true> <Delay = 0.00>
ST_1 : Operation 7 [1/1] (0.00ns)   --->   "%indvar_flatten = alloca i32 1"   --->   Operation 7 'alloca' 'indvar_flatten' <Predicate = true> <Delay = 0.00>
ST_1 : Operation 8 [1/1] (0.00ns)   --->   "%s = alloca i32 1" [./line_buffer.h:39->./line_buffer.h:34->predecoder_kernel.cpp:40]   --->   Operation 8 'alloca' 's' <Predicate = true> <Delay = 0.00>
ST_1 : Operation 9 [1/1] (0.00ns)   --->   "%indvar_flatten11 = alloca i32 1"   --->   Operation 9 'alloca' 'indvar_flatten11' <Predicate = true> <Delay = 0.00>
ST_1 : Operation 10 [1/1] (0.38ns)   --->   "%store_ln0 = store i7 0, i7 %indvar_flatten11"   --->   Operation 10 'store' 'store_ln0' <Predicate = true> <Delay = 0.38>
ST_1 : Operation 11 [1/1] (0.38ns)   --->   "%store_ln39 = store i2 0, i2 %s" [./line_buffer.h:39->./line_buffer.h:34->predecoder_kernel.cpp:40]   --->   Operation 11 'store' 'store_ln39' <Predicate = true> <Delay = 0.38>
ST_1 : Operation 12 [1/1] (0.38ns)   --->   "%store_ln0 = store i6 0, i6 %indvar_flatten"   --->   Operation 12 'store' 'store_ln0' <Predicate = true> <Delay = 0.38>
ST_1 : Operation 13 [1/1] (0.38ns)   --->   "%store_ln40 = store i3 0, i3 %y" [./line_buffer.h:40->./line_buffer.h:34->predecoder_kernel.cpp:40]   --->   Operation 13 'store' 'store_ln40' <Predicate = true> <Delay = 0.38>
ST_1 : Operation 14 [1/1] (0.38ns)   --->   "%store_ln41 = store i3 0, i3 %x" [./line_buffer.h:41->./line_buffer.h:34->predecoder_kernel.cpp:40]   --->   Operation 14 'store' 'store_ln41' <Predicate = true> <Delay = 0.38>
ST_1 : Operation 15 [1/1] (0.00ns)   --->   "%br_ln0 = br void %VITIS_LOOP_42_3.i.i"   --->   Operation 15 'br' 'br_ln0' <Predicate = true> <Delay = 0.00>
ST_1 : Operation 16 [1/1] (0.00ns)   --->   "%indvar_flatten_load = load i6 %indvar_flatten" [./line_buffer.h:40->./line_buffer.h:34->predecoder_kernel.cpp:40]   --->   Operation 16 'load' 'indvar_flatten_load' <Predicate = true> <Delay = 0.00>
ST_1 : Operation 17 [1/1] (0.00ns)   --->   "%indvar_flatten11_load = load i7 %indvar_flatten11" [./line_buffer.h:39->./line_buffer.h:34->predecoder_kernel.cpp:40]   --->   Operation 17 'load' 'indvar_flatten11_load' <Predicate = true> <Delay = 0.00>
ST_1 : Operation 18 [1/1] (0.70ns)   --->   "%icmp_ln39 = icmp_eq  i7 %indvar_flatten11_load, i7 108" [./line_buffer.h:39->./line_buffer.h:34->predecoder_kernel.cpp:40]   --->   Operation 18 'icmp' 'icmp_ln39' <Predicate = true> <Delay = 0.70> <CoreInst = "Cmp">   --->   Core 9 'Cmp' <Latency = 0> <II = 1> <Delay = 0.70> <FuncUnit> <Opcode : 'icmp'> <InPorts = 2> <OutPorts = 1>
ST_1 : Operation 19 [1/1] (0.70ns)   --->   "%add_ln39_1 = add i7 %indvar_flatten11_load, i7 1" [./line_buffer.h:39->./line_buffer.h:34->predecoder_kernel.cpp:40]   --->   Operation 19 'add' 'add_ln39_1' <Predicate = true> <Delay = 0.70> <CoreInst = "Adder">   --->   Core 1 'Adder' <Latency = 0> <II = 1> <Delay = 0.70> <FuncUnit> <Opcode : 'add' 'sub'> <InPorts = 2> <OutPorts = 1>
ST_1 : Operation 20 [1/1] (0.00ns)   --->   "%br_ln39 = br i1 %icmp_ln39, void %for.inc27.i.i, void %_ZN13FrameBuffer3DI7ap_uintILi8EELi1ELi6ELi6EEC2Ev.exit.exitStub" [./line_buffer.h:39->./line_buffer.h:34->predecoder_kernel.cpp:40]   --->   Operation 20 'br' 'br_ln39' <Predicate = true> <Delay = 0.00>
ST_1 : Operation 21 [1/1] (0.00ns)   --->   "%x_load = load i3 %x" [./line_buffer.h:41->./line_buffer.h:34->predecoder_kernel.cpp:40]   --->   Operation 21 'load' 'x_load' <Predicate = (!icmp_ln39)> <Delay = 0.00>
ST_1 : Operation 22 [1/1] (0.00ns)   --->   "%y_load = load i3 %y" [./line_buffer.h:39->./line_buffer.h:34->predecoder_kernel.cpp:40]   --->   Operation 22 'load' 'y_load' <Predicate = (!icmp_ln39)> <Delay = 0.00>
ST_1 : Operation 23 [1/1] (0.00ns)   --->   "%s_load = load i2 %s" [./line_buffer.h:39->./line_buffer.h:34->predecoder_kernel.cpp:40]   --->   Operation 23 'load' 's_load' <Predicate = (!icmp_ln39)> <Delay = 0.00>
ST_1 : Operation 24 [1/1] (0.43ns)   --->   "%add_ln39 = add i2 %s_load, i2 1" [./line_buffer.h:39->./line_buffer.h:34->predecoder_kernel.cpp:40]   --->   Operation 24 'add' 'add_ln39' <Predicate = (!icmp_ln39)> <Delay = 0.43> <CoreInst = "Adder">   --->   Core 1 'Adder' <Latency = 0> <II = 1> <Delay = 0.43> <FuncUnit> <Opcode : 'add' 'sub'> <InPorts = 2> <OutPorts = 1>
ST_1 : Operation 25 [1/1] (0.70ns)   --->   "%icmp_ln40 = icmp_eq  i6 %indvar_flatten_load, i6 36" [./line_buffer.h:40->./line_buffer.h:34->predecoder_kernel.cpp:40]   --->   Operation 25 'icmp' 'icmp_ln40' <Predicate = (!icmp_ln39)> <Delay = 0.70> <CoreInst = "Cmp">   --->   Core 9 'Cmp' <Latency = 0> <II = 1> <Delay = 0.70> <FuncUnit> <Opcode : 'icmp'> <InPorts = 2> <OutPorts = 1>
ST_1 : Operation 26 [1/1] (0.27ns)   --->   "%select_ln39 = select i1 %icmp_ln40, i3 0, i3 %y_load" [./line_buffer.h:39->./line_buffer.h:34->predecoder_kernel.cpp:40]   --->   Operation 26 'select' 'select_ln39' <Predicate = (!icmp_ln39)> <Delay = 0.27> <CoreInst = "Sel">   --->   Core 73 'Sel' <Latency = 0> <II = 1> <Delay = 0.27> <FuncUnit> <Opcode : 'select'> <InPorts = 3> <OutPorts = 1>
ST_1 : Operation 27 [1/1] (0.00ns) (grouped into LUT with out node and_ln39)   --->   "%xor_ln39 = xor i1 %icmp_ln40, i1 1" [./line_buffer.h:39->./line_buffer.h:34->predecoder_kernel.cpp:40]   --->   Operation 27 'xor' 'xor_ln39' <Predicate = (!icmp_ln39)> <Delay = 0.00> <CoreInst = "LogicGate">   --->   Core 74 'LogicGate' <Latency = 0> <II = 1> <Delay = 0.12> <FuncUnit> <Opcode : 'and' 'or' 'xor'> <InPorts = 2> <OutPorts = 1>
ST_1 : Operation 28 [1/1] (0.57ns)   --->   "%icmp_ln41 = icmp_eq  i3 %x_load, i3 6" [./line_buffer.h:41->./line_buffer.h:34->predecoder_kernel.cpp:40]   --->   Operation 28 'icmp' 'icmp_ln41' <Predicate = (!icmp_ln39)> <Delay = 0.57> <CoreInst = "Cmp">   --->   Core 9 'Cmp' <Latency = 0> <II = 1> <Delay = 0.57> <FuncUnit> <Opcode : 'icmp'> <InPorts = 2> <OutPorts = 1>
ST_1 : Operation 29 [1/1] (0.12ns) (out node of the LUT)   --->   "%and_ln39 = and i1 %icmp_ln41, i1 %xor_ln39" [./line_buffer.h:39->./line_buffer.h:34->predecoder_kernel.cpp:40]   --->   Operation 29 'and' 'and_ln39' <Predicate = (!icmp_ln39)> <Delay = 0.12> <CoreInst = "LogicGate">   --->   Core 74 'LogicGate' <Latency = 0> <II = 1> <Delay = 0.12> <FuncUnit> <Opcode : 'and' 'or' 'xor'> <InPorts = 2> <OutPorts = 1>
ST_1 : Operation 30 [1/1] (0.27ns)   --->   "%select_ln39_1 = select i1 %icmp_ln40, i2 %add_ln39, i2 %s_load" [./line_buffer.h:39->./line_buffer.h:34->predecoder_kernel.cpp:40]   --->   Operation 30 'select' 'select_ln39_1' <Predicate = (!icmp_ln39)> <Delay = 0.27> <CoreInst = "Sel">   --->   Core 73 'Sel' <Latency = 0> <II = 1> <Delay = 0.27> <FuncUnit> <Opcode : 'select'> <InPorts = 3> <OutPorts = 1>
ST_1 : Operation 31 [1/1] (0.57ns)   --->   "%add_ln40 = add i3 %select_ln39, i3 1" [./line_buffer.h:40->./line_buffer.h:34->predecoder_kernel.cpp:40]   --->   Operation 31 'add' 'add_ln40' <Predicate = (!icmp_ln39)> <Delay = 0.57> <CoreInst = "Adder">   --->   Core 1 'Adder' <Latency = 0> <II = 1> <Delay = 0.57> <FuncUnit> <Opcode : 'add' 'sub'> <InPorts = 2> <OutPorts = 1>
ST_1 : Operation 32 [1/1] (0.00ns) (grouped into LUT with out node select_ln40)   --->   "%or_ln40 = or i1 %and_ln39, i1 %icmp_ln40" [./line_buffer.h:40->./line_buffer.h:34->predecoder_kernel.cpp:40]   --->   Operation 32 'or' 'or_ln40' <Predicate = (!icmp_ln39)> <Delay = 0.00> <CoreInst = "LogicGate">   --->   Core 74 'LogicGate' <Latency = 0> <II = 1> <Delay = 0.12> <FuncUnit> <Opcode : 'and' 'or' 'xor'> <InPorts = 2> <OutPorts = 1>
ST_1 : Operation 33 [1/1] (0.27ns) (out node of the LUT)   --->   "%select_ln40 = select i1 %or_ln40, i3 0, i3 %x_load" [./line_buffer.h:40->./line_buffer.h:34->predecoder_kernel.cpp:40]   --->   Operation 33 'select' 'select_ln40' <Predicate = (!icmp_ln39)> <Delay = 0.27> <CoreInst = "Sel">   --->   Core 73 'Sel' <Latency = 0> <II = 1> <Delay = 0.27> <FuncUnit> <Opcode : 'select'> <InPorts = 3> <OutPorts = 1>
ST_1 : Operation 34 [1/1] (0.27ns)   --->   "%select_ln40_1 = select i1 %and_ln39, i3 %add_ln40, i3 %select_ln39" [./line_buffer.h:40->./line_buffer.h:34->predecoder_kernel.cpp:40]   --->   Operation 34 'select' 'select_ln40_1' <Predicate = (!icmp_ln39)> <Delay = 0.27> <CoreInst = "Sel">   --->   Core 73 'Sel' <Latency = 0> <II = 1> <Delay = 0.27> <FuncUnit> <Opcode : 'select'> <InPorts = 3> <OutPorts = 1>
ST_1 : Operation 35 [1/1] (0.66ns)   --->   "%switch_ln44 = switch i2 %select_ln39_1, void %arrayidx204.i.i.case.2, i2 0, void %arrayidx204.i.i.case.0, i2 1, void %arrayidx204.i.i.case.1" [./line_buffer.h:44->./line_buffer.h:34->predecoder_kernel.cpp:40]   --->   Operation 35 'switch' 'switch_ln44' <Predicate = (!icmp_ln39)> <Delay = 0.66>
ST_1 : Operation 36 [1/1] (0.67ns)   --->   "%switch_ln44 = switch i3 %select_ln40, void %arrayidx204.i.i_1.case.5, i3 0, void %arrayidx204.i.i_1.case.0, i3 1, void %arrayidx204.i.i_1.case.1, i3 2, void %arrayidx204.i.i_1.case.2, i3 3, void %arrayidx204.i.i_1.case.3, i3 4, void %arrayidx204.i.i_1.case.4" [./line_buffer.h:44->./line_buffer.h:34->predecoder_kernel.cpp:40]   --->   Operation 36 'switch' 'switch_ln44' <Predicate = (!icmp_ln39 & select_ln39_1 == 1)> <Delay = 0.67>
ST_1 : Operation 37 [1/1] (0.00ns)   --->   "%br_ln44 = br void %arrayidx204.i.i.exit" [./line_buffer.h:44->./line_buffer.h:34->predecoder_kernel.cpp:40]   --->   Operation 37 'br' 'br_ln44' <Predicate = (!icmp_ln39 & select_ln39_1 == 1)> <Delay = 0.00>
ST_1 : Operation 38 [1/1] (0.67ns)   --->   "%switch_ln44 = switch i3 %select_ln40, void %arrayidx204.i.i_0.case.5, i3 0, void %arrayidx204.i.i_0.case.0, i3 1, void %arrayidx204.i.i_0.case.1, i3 2, void %arrayidx204.i.i_0.case.2, i3 3, void %arrayidx204.i.i_0.case.3, i3 4, void %arrayidx204.i.i_0.case.4" [./line_buffer.h:44->./line_buffer.h:34->predecoder_kernel.cpp:40]   --->   Operation 38 'switch' 'switch_ln44' <Predicate = (!icmp_ln39 & select_ln39_1 == 0)> <Delay = 0.67>
ST_1 : Operation 39 [1/1] (0.00ns)   --->   "%br_ln44 = br void %arrayidx204.i.i.exit" [./line_buffer.h:44->./line_buffer.h:34->predecoder_kernel.cpp:40]   --->   Operation 39 'br' 'br_ln44' <Predicate = (!icmp_ln39 & select_ln39_1 == 0)> <Delay = 0.00>
ST_1 : Operation 40 [1/1] (0.67ns)   --->   "%switch_ln44 = switch i3 %select_ln40, void %arrayidx204.i.i_2.case.5, i3 0, void %arrayidx204.i.i_2.case.0, i3 1, void %arrayidx204.i.i_2.case.1, i3 2, void %arrayidx204.i.i_2.case.2, i3 3, void %arrayidx204.i.i_2.case.3, i3 4, void %arrayidx204.i.i_2.case.4" [./line_buffer.h:44->./line_buffer.h:34->predecoder_kernel.cpp:40]   --->   Operation 40 'switch' 'switch_ln44' <Predicate = (!icmp_ln39 & select_ln39_1 != 0 & select_ln39_1 != 1)> <Delay = 0.67>
ST_1 : Operation 41 [1/1] (0.00ns)   --->   "%br_ln44 = br void %arrayidx204.i.i.exit" [./line_buffer.h:44->./line_buffer.h:34->predecoder_kernel.cpp:40]   --->   Operation 41 'br' 'br_ln44' <Predicate = (!icmp_ln39 & select_ln39_1 != 0 & select_ln39_1 != 1)> <Delay = 0.00>
ST_1 : Operation 42 [1/1] (0.57ns)   --->   "%add_ln41 = add i3 %select_ln40, i3 1" [./line_buffer.h:41->./line_buffer.h:34->predecoder_kernel.cpp:40]   --->   Operation 42 'add' 'add_ln41' <Predicate = (!icmp_ln39)> <Delay = 0.57> <CoreInst = "Adder">   --->   Core 1 'Adder' <Latency = 0> <II = 1> <Delay = 0.57> <FuncUnit> <Opcode : 'add' 'sub'> <InPorts = 2> <OutPorts = 1>
ST_1 : Operation 43 [1/1] (0.70ns)   --->   "%add_ln40_1 = add i6 %indvar_flatten_load, i6 1" [./line_buffer.h:40->./line_buffer.h:34->predecoder_kernel.cpp:40]   --->   Operation 43 'add' 'add_ln40_1' <Predicate = (!icmp_ln39)> <Delay = 0.70> <CoreInst = "Adder">   --->   Core 1 'Adder' <Latency = 0> <II = 1> <Delay = 0.70> <FuncUnit> <Opcode : 'add' 'sub'> <InPorts = 2> <OutPorts = 1>
ST_1 : Operation 44 [1/1] (0.29ns)   --->   "%select_ln40_2 = select i1 %icmp_ln40, i6 1, i6 %add_ln40_1" [./line_buffer.h:40->./line_buffer.h:34->predecoder_kernel.cpp:40]   --->   Operation 44 'select' 'select_ln40_2' <Predicate = (!icmp_ln39)> <Delay = 0.29> <CoreInst = "Sel">   --->   Core 73 'Sel' <Latency = 0> <II = 1> <Delay = 0.29> <FuncUnit> <Opcode : 'select'> <InPorts = 3> <OutPorts = 1>
ST_1 : Operation 45 [1/1] (0.38ns)   --->   "%store_ln39 = store i7 %add_ln39_1, i7 %indvar_flatten11" [./line_buffer.h:39->./line_buffer.h:34->predecoder_kernel.cpp:40]   --->   Operation 45 'store' 'store_ln39' <Predicate = (!icmp_ln39)> <Delay = 0.38>
ST_1 : Operation 46 [1/1] (0.38ns)   --->   "%store_ln39 = store i2 %select_ln39_1, i2 %s" [./line_buffer.h:39->./line_buffer.h:34->predecoder_kernel.cpp:40]   --->   Operation 46 'store' 'store_ln39' <Predicate = (!icmp_ln39)> <Delay = 0.38>
ST_1 : Operation 47 [1/1] (0.38ns)   --->   "%store_ln40 = store i6 %select_ln40_2, i6 %indvar_flatten" [./line_buffer.h:40->./line_buffer.h:34->predecoder_kernel.cpp:40]   --->   Operation 47 'store' 'store_ln40' <Predicate = (!icmp_ln39)> <Delay = 0.38>
ST_1 : Operation 48 [1/1] (0.38ns)   --->   "%store_ln40 = store i3 %select_ln40_1, i3 %y" [./line_buffer.h:40->./line_buffer.h:34->predecoder_kernel.cpp:40]   --->   Operation 48 'store' 'store_ln40' <Predicate = (!icmp_ln39)> <Delay = 0.38>
ST_1 : Operation 49 [1/1] (0.38ns)   --->   "%store_ln41 = store i3 %add_ln41, i3 %x" [./line_buffer.h:41->./line_buffer.h:34->predecoder_kernel.cpp:40]   --->   Operation 49 'store' 'store_ln41' <Predicate = (!icmp_ln39)> <Delay = 0.38>
ST_1 : Operation 50 [1/1] (0.00ns)   --->   "%br_ln41 = br void %VITIS_LOOP_42_3.i.i" [./line_buffer.h:41->./line_buffer.h:34->predecoder_kernel.cpp:40]   --->   Operation 50 'br' 'br_ln41' <Predicate = (!icmp_ln39)> <Delay = 0.00>
ST_1 : Operation 109 [1/1] (0.00ns)   --->   "%ret_ln0 = ret"   --->   Operation 109 'ret' 'ret_ln0' <Predicate = (icmp_ln39)> <Delay = 0.00>

State 2 <SV = 1> <Delay = 0.66>
ST_2 : Operation 51 [1/1] (0.00ns)   --->   "%specloopname_ln0 = specloopname void @_ssdm_op_SpecLoopName, void @RESET_VITIS_LOOP_40_1_VITIS_LOOP_41_2_str"   --->   Operation 51 'specloopname' 'specloopname_ln0' <Predicate = true> <Delay = 0.00>
ST_2 : Operation 52 [1/1] (0.00ns)   --->   "%speclooptripcount_ln0 = speclooptripcount void @_ssdm_op_SpecLoopTripCount, i64 108, i64 108, i64 108"   --->   Operation 52 'speclooptripcount' 'speclooptripcount_ln0' <Predicate = true> <Delay = 0.00>
ST_2 : Operation 53 [1/1] (0.00ns)   --->   "%zext_ln40 = zext i3 %select_ln40_1" [./line_buffer.h:40->./line_buffer.h:34->predecoder_kernel.cpp:40]   --->   Operation 53 'zext' 'zext_ln40' <Predicate = true> <Delay = 0.00>
ST_2 : Operation 54 [1/1] (0.00ns)   --->   "%fb_0_addr = getelementptr i8 %fb_0, i64 0, i64 %zext_ln40" [./line_buffer.h:44->./line_buffer.h:34->predecoder_kernel.cpp:40]   --->   Operation 54 'getelementptr' 'fb_0_addr' <Predicate = true> <Delay = 0.00>
ST_2 : Operation 55 [1/1] (0.00ns)   --->   "%fb_0_1_addr = getelementptr i8 %fb_0_1, i64 0, i64 %zext_ln40" [./line_buffer.h:44->./line_buffer.h:34->predecoder_kernel.cpp:40]   --->   Operation 55 'getelementptr' 'fb_0_1_addr' <Predicate = true> <Delay = 0.00>
ST_2 : Operation 56 [1/1] (0.00ns)   --->   "%fb_0_2_addr = getelementptr i8 %fb_0_2, i64 0, i64 %zext_ln40" [./line_buffer.h:44->./line_buffer.h:34->predecoder_kernel.cpp:40]   --->   Operation 56 'getelementptr' 'fb_0_2_addr' <Predicate = true> <Delay = 0.00>
ST_2 : Operation 57 [1/1] (0.00ns)   --->   "%fb_0_3_addr = getelementptr i8 %fb_0_3, i64 0, i64 %zext_ln40" [./line_buffer.h:44->./line_buffer.h:34->predecoder_kernel.cpp:40]   --->   Operation 57 'getelementptr' 'fb_0_3_addr' <Predicate = true> <Delay = 0.00>
ST_2 : Operation 58 [1/1] (0.00ns)   --->   "%fb_0_4_addr = getelementptr i8 %fb_0_4, i64 0, i64 %zext_ln40" [./line_buffer.h:44->./line_buffer.h:34->predecoder_kernel.cpp:40]   --->   Operation 58 'getelementptr' 'fb_0_4_addr' <Predicate = true> <Delay = 0.00>
ST_2 : Operation 59 [1/1] (0.00ns)   --->   "%fb_0_5_addr = getelementptr i8 %fb_0_5, i64 0, i64 %zext_ln40" [./line_buffer.h:44->./line_buffer.h:34->predecoder_kernel.cpp:40]   --->   Operation 59 'getelementptr' 'fb_0_5_addr' <Predicate = true> <Delay = 0.00>
ST_2 : Operation 60 [1/1] (0.00ns)   --->   "%fb_0_6_addr = getelementptr i8 %fb_0_6, i64 0, i64 %zext_ln40" [./line_buffer.h:44->./line_buffer.h:34->predecoder_kernel.cpp:40]   --->   Operation 60 'getelementptr' 'fb_0_6_addr' <Predicate = true> <Delay = 0.00>
ST_2 : Operation 61 [1/1] (0.00ns)   --->   "%fb_0_7_addr = getelementptr i8 %fb_0_7, i64 0, i64 %zext_ln40" [./line_buffer.h:44->./line_buffer.h:34->predecoder_kernel.cpp:40]   --->   Operation 61 'getelementptr' 'fb_0_7_addr' <Predicate = true> <Delay = 0.00>
ST_2 : Operation 62 [1/1] (0.00ns)   --->   "%fb_0_8_addr = getelementptr i8 %fb_0_8, i64 0, i64 %zext_ln40" [./line_buffer.h:44->./line_buffer.h:34->predecoder_kernel.cpp:40]   --->   Operation 62 'getelementptr' 'fb_0_8_addr' <Predicate = true> <Delay = 0.00>
ST_2 : Operation 63 [1/1] (0.00ns)   --->   "%fb_0_9_addr = getelementptr i8 %fb_0_9, i64 0, i64 %zext_ln40" [./line_buffer.h:44->./line_buffer.h:34->predecoder_kernel.cpp:40]   --->   Operation 63 'getelementptr' 'fb_0_9_addr' <Predicate = true> <Delay = 0.00>
ST_2 : Operation 64 [1/1] (0.00ns)   --->   "%fb_0_10_addr = getelementptr i8 %fb_0_10, i64 0, i64 %zext_ln40" [./line_buffer.h:44->./line_buffer.h:34->predecoder_kernel.cpp:40]   --->   Operation 64 'getelementptr' 'fb_0_10_addr' <Predicate = true> <Delay = 0.00>
ST_2 : Operation 65 [1/1] (0.00ns)   --->   "%fb_0_11_addr = getelementptr i8 %fb_0_11, i64 0, i64 %zext_ln40" [./line_buffer.h:44->./line_buffer.h:34->predecoder_kernel.cpp:40]   --->   Operation 65 'getelementptr' 'fb_0_11_addr' <Predicate = true> <Delay = 0.00>
ST_2 : Operation 66 [1/1] (0.00ns)   --->   "%fb_0_12_addr = getelementptr i8 %fb_0_12, i64 0, i64 %zext_ln40" [./line_buffer.h:44->./line_buffer.h:34->predecoder_kernel.cpp:40]   --->   Operation 66 'getelementptr' 'fb_0_12_addr' <Predicate = true> <Delay = 0.00>
ST_2 : Operation 67 [1/1] (0.00ns)   --->   "%fb_0_13_addr = getelementptr i8 %fb_0_13, i64 0, i64 %zext_ln40" [./line_buffer.h:44->./line_buffer.h:34->predecoder_kernel.cpp:40]   --->   Operation 67 'getelementptr' 'fb_0_13_addr' <Predicate = true> <Delay = 0.00>
ST_2 : Operation 68 [1/1] (0.00ns)   --->   "%fb_0_14_addr = getelementptr i8 %fb_0_14, i64 0, i64 %zext_ln40" [./line_buffer.h:44->./line_buffer.h:34->predecoder_kernel.cpp:40]   --->   Operation 68 'getelementptr' 'fb_0_14_addr' <Predicate = true> <Delay = 0.00>
ST_2 : Operation 69 [1/1] (0.00ns)   --->   "%fb_0_15_addr = getelementptr i8 %fb_0_15, i64 0, i64 %zext_ln40" [./line_buffer.h:44->./line_buffer.h:34->predecoder_kernel.cpp:40]   --->   Operation 69 'getelementptr' 'fb_0_15_addr' <Predicate = true> <Delay = 0.00>
ST_2 : Operation 70 [1/1] (0.00ns)   --->   "%fb_0_16_addr = getelementptr i8 %fb_0_16, i64 0, i64 %zext_ln40" [./line_buffer.h:44->./line_buffer.h:34->predecoder_kernel.cpp:40]   --->   Operation 70 'getelementptr' 'fb_0_16_addr' <Predicate = true> <Delay = 0.00>
ST_2 : Operation 71 [1/1] (0.00ns)   --->   "%fb_0_17_addr = getelementptr i8 %fb_0_17, i64 0, i64 %zext_ln40" [./line_buffer.h:44->./line_buffer.h:34->predecoder_kernel.cpp:40]   --->   Operation 71 'getelementptr' 'fb_0_17_addr' <Predicate = true> <Delay = 0.00>
ST_2 : Operation 72 [1/1] (0.00ns)   --->   "%specpipeline_ln41 = specpipeline void @_ssdm_op_SpecPipeline, i32 4294967295, i32 0, i32 0, i32 0, void @empty_5" [./line_buffer.h:41->./line_buffer.h:34->predecoder_kernel.cpp:40]   --->   Operation 72 'specpipeline' 'specpipeline_ln41' <Predicate = true> <Delay = 0.00>
ST_2 : Operation 73 [1/1] (0.66ns)   --->   "%store_ln44 = store i8 0, i3 %fb_0_10_addr" [./line_buffer.h:44->./line_buffer.h:34->predecoder_kernel.cpp:40]   --->   Operation 73 'store' 'store_ln44' <Predicate = (select_ln39_1 == 1 & select_ln40 == 4)> <Delay = 0.66> <CoreInst = "RAM">   --->   Core 83 'RAM' <Latency = 1> <II = 1> <Delay = 0.66> <Storage> <Opcode : 'load' 'store'> <Ports = 2> <Width = 8> <Depth = 6> <RAM>
ST_2 : Operation 74 [1/1] (0.00ns)   --->   "%br_ln44 = br void %arrayidx204.i.i_1.exit" [./line_buffer.h:44->./line_buffer.h:34->predecoder_kernel.cpp:40]   --->   Operation 74 'br' 'br_ln44' <Predicate = (select_ln39_1 == 1 & select_ln40 == 4)> <Delay = 0.00>
ST_2 : Operation 75 [1/1] (0.66ns)   --->   "%store_ln44 = store i8 0, i3 %fb_0_9_addr" [./line_buffer.h:44->./line_buffer.h:34->predecoder_kernel.cpp:40]   --->   Operation 75 'store' 'store_ln44' <Predicate = (select_ln39_1 == 1 & select_ln40 == 3)> <Delay = 0.66> <CoreInst = "RAM">   --->   Core 83 'RAM' <Latency = 1> <II = 1> <Delay = 0.66> <Storage> <Opcode : 'load' 'store'> <Ports = 2> <Width = 8> <Depth = 6> <RAM>
ST_2 : Operation 76 [1/1] (0.00ns)   --->   "%br_ln44 = br void %arrayidx204.i.i_1.exit" [./line_buffer.h:44->./line_buffer.h:34->predecoder_kernel.cpp:40]   --->   Operation 76 'br' 'br_ln44' <Predicate = (select_ln39_1 == 1 & select_ln40 == 3)> <Delay = 0.00>
ST_2 : Operation 77 [1/1] (0.66ns)   --->   "%store_ln44 = store i8 0, i3 %fb_0_8_addr" [./line_buffer.h:44->./line_buffer.h:34->predecoder_kernel.cpp:40]   --->   Operation 77 'store' 'store_ln44' <Predicate = (select_ln39_1 == 1 & select_ln40 == 2)> <Delay = 0.66> <CoreInst = "RAM">   --->   Core 83 'RAM' <Latency = 1> <II = 1> <Delay = 0.66> <Storage> <Opcode : 'load' 'store'> <Ports = 2> <Width = 8> <Depth = 6> <RAM>
ST_2 : Operation 78 [1/1] (0.00ns)   --->   "%br_ln44 = br void %arrayidx204.i.i_1.exit" [./line_buffer.h:44->./line_buffer.h:34->predecoder_kernel.cpp:40]   --->   Operation 78 'br' 'br_ln44' <Predicate = (select_ln39_1 == 1 & select_ln40 == 2)> <Delay = 0.00>
ST_2 : Operation 79 [1/1] (0.66ns)   --->   "%store_ln44 = store i8 0, i3 %fb_0_7_addr" [./line_buffer.h:44->./line_buffer.h:34->predecoder_kernel.cpp:40]   --->   Operation 79 'store' 'store_ln44' <Predicate = (select_ln39_1 == 1 & select_ln40 == 1)> <Delay = 0.66> <CoreInst = "RAM">   --->   Core 83 'RAM' <Latency = 1> <II = 1> <Delay = 0.66> <Storage> <Opcode : 'load' 'store'> <Ports = 2> <Width = 8> <Depth = 6> <RAM>
ST_2 : Operation 80 [1/1] (0.00ns)   --->   "%br_ln44 = br void %arrayidx204.i.i_1.exit" [./line_buffer.h:44->./line_buffer.h:34->predecoder_kernel.cpp:40]   --->   Operation 80 'br' 'br_ln44' <Predicate = (select_ln39_1 == 1 & select_ln40 == 1)> <Delay = 0.00>
ST_2 : Operation 81 [1/1] (0.66ns)   --->   "%store_ln44 = store i8 0, i3 %fb_0_6_addr" [./line_buffer.h:44->./line_buffer.h:34->predecoder_kernel.cpp:40]   --->   Operation 81 'store' 'store_ln44' <Predicate = (select_ln39_1 == 1 & select_ln40 == 0)> <Delay = 0.66> <CoreInst = "RAM">   --->   Core 83 'RAM' <Latency = 1> <II = 1> <Delay = 0.66> <Storage> <Opcode : 'load' 'store'> <Ports = 2> <Width = 8> <Depth = 6> <RAM>
ST_2 : Operation 82 [1/1] (0.00ns)   --->   "%br_ln44 = br void %arrayidx204.i.i_1.exit" [./line_buffer.h:44->./line_buffer.h:34->predecoder_kernel.cpp:40]   --->   Operation 82 'br' 'br_ln44' <Predicate = (select_ln39_1 == 1 & select_ln40 == 0)> <Delay = 0.00>
ST_2 : Operation 83 [1/1] (0.66ns)   --->   "%store_ln44 = store i8 0, i3 %fb_0_11_addr" [./line_buffer.h:44->./line_buffer.h:34->predecoder_kernel.cpp:40]   --->   Operation 83 'store' 'store_ln44' <Predicate = (select_ln39_1 == 1 & select_ln40 != 0 & select_ln40 != 1 & select_ln40 != 2 & select_ln40 != 3 & select_ln40 != 4)> <Delay = 0.66> <CoreInst = "RAM">   --->   Core 83 'RAM' <Latency = 1> <II = 1> <Delay = 0.66> <Storage> <Opcode : 'load' 'store'> <Ports = 2> <Width = 8> <Depth = 6> <RAM>
ST_2 : Operation 84 [1/1] (0.00ns)   --->   "%br_ln44 = br void %arrayidx204.i.i_1.exit" [./line_buffer.h:44->./line_buffer.h:34->predecoder_kernel.cpp:40]   --->   Operation 84 'br' 'br_ln44' <Predicate = (select_ln39_1 == 1 & select_ln40 != 0 & select_ln40 != 1 & select_ln40 != 2 & select_ln40 != 3 & select_ln40 != 4)> <Delay = 0.00>
ST_2 : Operation 85 [1/1] (0.66ns)   --->   "%store_ln44 = store i8 0, i3 %fb_0_4_addr" [./line_buffer.h:44->./line_buffer.h:34->predecoder_kernel.cpp:40]   --->   Operation 85 'store' 'store_ln44' <Predicate = (select_ln39_1 == 0 & select_ln40 == 4)> <Delay = 0.66> <CoreInst = "RAM">   --->   Core 83 'RAM' <Latency = 1> <II = 1> <Delay = 0.66> <Storage> <Opcode : 'load' 'store'> <Ports = 2> <Width = 8> <Depth = 6> <RAM>
ST_2 : Operation 86 [1/1] (0.00ns)   --->   "%br_ln44 = br void %arrayidx204.i.i_0.exit" [./line_buffer.h:44->./line_buffer.h:34->predecoder_kernel.cpp:40]   --->   Operation 86 'br' 'br_ln44' <Predicate = (select_ln39_1 == 0 & select_ln40 == 4)> <Delay = 0.00>
ST_2 : Operation 87 [1/1] (0.66ns)   --->   "%store_ln44 = store i8 0, i3 %fb_0_3_addr" [./line_buffer.h:44->./line_buffer.h:34->predecoder_kernel.cpp:40]   --->   Operation 87 'store' 'store_ln44' <Predicate = (select_ln39_1 == 0 & select_ln40 == 3)> <Delay = 0.66> <CoreInst = "RAM">   --->   Core 83 'RAM' <Latency = 1> <II = 1> <Delay = 0.66> <Storage> <Opcode : 'load' 'store'> <Ports = 2> <Width = 8> <Depth = 6> <RAM>
ST_2 : Operation 88 [1/1] (0.00ns)   --->   "%br_ln44 = br void %arrayidx204.i.i_0.exit" [./line_buffer.h:44->./line_buffer.h:34->predecoder_kernel.cpp:40]   --->   Operation 88 'br' 'br_ln44' <Predicate = (select_ln39_1 == 0 & select_ln40 == 3)> <Delay = 0.00>
ST_2 : Operation 89 [1/1] (0.66ns)   --->   "%store_ln44 = store i8 0, i3 %fb_0_2_addr" [./line_buffer.h:44->./line_buffer.h:34->predecoder_kernel.cpp:40]   --->   Operation 89 'store' 'store_ln44' <Predicate = (select_ln39_1 == 0 & select_ln40 == 2)> <Delay = 0.66> <CoreInst = "RAM">   --->   Core 83 'RAM' <Latency = 1> <II = 1> <Delay = 0.66> <Storage> <Opcode : 'load' 'store'> <Ports = 2> <Width = 8> <Depth = 6> <RAM>
ST_2 : Operation 90 [1/1] (0.00ns)   --->   "%br_ln44 = br void %arrayidx204.i.i_0.exit" [./line_buffer.h:44->./line_buffer.h:34->predecoder_kernel.cpp:40]   --->   Operation 90 'br' 'br_ln44' <Predicate = (select_ln39_1 == 0 & select_ln40 == 2)> <Delay = 0.00>
ST_2 : Operation 91 [1/1] (0.66ns)   --->   "%store_ln44 = store i8 0, i3 %fb_0_1_addr" [./line_buffer.h:44->./line_buffer.h:34->predecoder_kernel.cpp:40]   --->   Operation 91 'store' 'store_ln44' <Predicate = (select_ln39_1 == 0 & select_ln40 == 1)> <Delay = 0.66> <CoreInst = "RAM">   --->   Core 83 'RAM' <Latency = 1> <II = 1> <Delay = 0.66> <Storage> <Opcode : 'load' 'store'> <Ports = 2> <Width = 8> <Depth = 6> <RAM>
ST_2 : Operation 92 [1/1] (0.00ns)   --->   "%br_ln44 = br void %arrayidx204.i.i_0.exit" [./line_buffer.h:44->./line_buffer.h:34->predecoder_kernel.cpp:40]   --->   Operation 92 'br' 'br_ln44' <Predicate = (select_ln39_1 == 0 & select_ln40 == 1)> <Delay = 0.00>
ST_2 : Operation 93 [1/1] (0.66ns)   --->   "%store_ln44 = store i8 0, i3 %fb_0_addr" [./line_buffer.h:44->./line_buffer.h:34->predecoder_kernel.cpp:40]   --->   Operation 93 'store' 'store_ln44' <Predicate = (select_ln39_1 == 0 & select_ln40 == 0)> <Delay = 0.66> <CoreInst = "RAM">   --->   Core 83 'RAM' <Latency = 1> <II = 1> <Delay = 0.66> <Storage> <Opcode : 'load' 'store'> <Ports = 2> <Width = 8> <Depth = 6> <RAM>
ST_2 : Operation 94 [1/1] (0.00ns)   --->   "%br_ln44 = br void %arrayidx204.i.i_0.exit" [./line_buffer.h:44->./line_buffer.h:34->predecoder_kernel.cpp:40]   --->   Operation 94 'br' 'br_ln44' <Predicate = (select_ln39_1 == 0 & select_ln40 == 0)> <Delay = 0.00>
ST_2 : Operation 95 [1/1] (0.66ns)   --->   "%store_ln44 = store i8 0, i3 %fb_0_5_addr" [./line_buffer.h:44->./line_buffer.h:34->predecoder_kernel.cpp:40]   --->   Operation 95 'store' 'store_ln44' <Predicate = (select_ln39_1 == 0 & select_ln40 != 0 & select_ln40 != 1 & select_ln40 != 2 & select_ln40 != 3 & select_ln40 != 4)> <Delay = 0.66> <CoreInst = "RAM">   --->   Core 83 'RAM' <Latency = 1> <II = 1> <Delay = 0.66> <Storage> <Opcode : 'load' 'store'> <Ports = 2> <Width = 8> <Depth = 6> <RAM>
ST_2 : Operation 96 [1/1] (0.00ns)   --->   "%br_ln44 = br void %arrayidx204.i.i_0.exit" [./line_buffer.h:44->./line_buffer.h:34->predecoder_kernel.cpp:40]   --->   Operation 96 'br' 'br_ln44' <Predicate = (select_ln39_1 == 0 & select_ln40 != 0 & select_ln40 != 1 & select_ln40 != 2 & select_ln40 != 3 & select_ln40 != 4)> <Delay = 0.00>
ST_2 : Operation 97 [1/1] (0.66ns)   --->   "%store_ln44 = store i8 0, i3 %fb_0_16_addr" [./line_buffer.h:44->./line_buffer.h:34->predecoder_kernel.cpp:40]   --->   Operation 97 'store' 'store_ln44' <Predicate = (select_ln39_1 != 0 & select_ln39_1 != 1 & select_ln40 == 4)> <Delay = 0.66> <CoreInst = "RAM">   --->   Core 83 'RAM' <Latency = 1> <II = 1> <Delay = 0.66> <Storage> <Opcode : 'load' 'store'> <Ports = 2> <Width = 8> <Depth = 6> <RAM>
ST_2 : Operation 98 [1/1] (0.00ns)   --->   "%br_ln44 = br void %arrayidx204.i.i_2.exit" [./line_buffer.h:44->./line_buffer.h:34->predecoder_kernel.cpp:40]   --->   Operation 98 'br' 'br_ln44' <Predicate = (select_ln39_1 != 0 & select_ln39_1 != 1 & select_ln40 == 4)> <Delay = 0.00>
ST_2 : Operation 99 [1/1] (0.66ns)   --->   "%store_ln44 = store i8 0, i3 %fb_0_15_addr" [./line_buffer.h:44->./line_buffer.h:34->predecoder_kernel.cpp:40]   --->   Operation 99 'store' 'store_ln44' <Predicate = (select_ln39_1 != 0 & select_ln39_1 != 1 & select_ln40 == 3)> <Delay = 0.66> <CoreInst = "RAM">   --->   Core 83 'RAM' <Latency = 1> <II = 1> <Delay = 0.66> <Storage> <Opcode : 'load' 'store'> <Ports = 2> <Width = 8> <Depth = 6> <RAM>
ST_2 : Operation 100 [1/1] (0.00ns)   --->   "%br_ln44 = br void %arrayidx204.i.i_2.exit" [./line_buffer.h:44->./line_buffer.h:34->predecoder_kernel.cpp:40]   --->   Operation 100 'br' 'br_ln44' <Predicate = (select_ln39_1 != 0 & select_ln39_1 != 1 & select_ln40 == 3)> <Delay = 0.00>
ST_2 : Operation 101 [1/1] (0.66ns)   --->   "%store_ln44 = store i8 0, i3 %fb_0_14_addr" [./line_buffer.h:44->./line_buffer.h:34->predecoder_kernel.cpp:40]   --->   Operation 101 'store' 'store_ln44' <Predicate = (select_ln39_1 != 0 & select_ln39_1 != 1 & select_ln40 == 2)> <Delay = 0.66> <CoreInst = "RAM">   --->   Core 83 'RAM' <Latency = 1> <II = 1> <Delay = 0.66> <Storage> <Opcode : 'load' 'store'> <Ports = 2> <Width = 8> <Depth = 6> <RAM>
ST_2 : Operation 102 [1/1] (0.00ns)   --->   "%br_ln44 = br void %arrayidx204.i.i_2.exit" [./line_buffer.h:44->./line_buffer.h:34->predecoder_kernel.cpp:40]   --->   Operation 102 'br' 'br_ln44' <Predicate = (select_ln39_1 != 0 & select_ln39_1 != 1 & select_ln40 == 2)> <Delay = 0.00>
ST_2 : Operation 103 [1/1] (0.66ns)   --->   "%store_ln44 = store i8 0, i3 %fb_0_13_addr" [./line_buffer.h:44->./line_buffer.h:34->predecoder_kernel.cpp:40]   --->   Operation 103 'store' 'store_ln44' <Predicate = (select_ln39_1 != 0 & select_ln39_1 != 1 & select_ln40 == 1)> <Delay = 0.66> <CoreInst = "RAM">   --->   Core 83 'RAM' <Latency = 1> <II = 1> <Delay = 0.66> <Storage> <Opcode : 'load' 'store'> <Ports = 2> <Width = 8> <Depth = 6> <RAM>
ST_2 : Operation 104 [1/1] (0.00ns)   --->   "%br_ln44 = br void %arrayidx204.i.i_2.exit" [./line_buffer.h:44->./line_buffer.h:34->predecoder_kernel.cpp:40]   --->   Operation 104 'br' 'br_ln44' <Predicate = (select_ln39_1 != 0 & select_ln39_1 != 1 & select_ln40 == 1)> <Delay = 0.00>
ST_2 : Operation 105 [1/1] (0.66ns)   --->   "%store_ln44 = store i8 0, i3 %fb_0_12_addr" [./line_buffer.h:44->./line_buffer.h:34->predecoder_kernel.cpp:40]   --->   Operation 105 'store' 'store_ln44' <Predicate = (select_ln39_1 != 0 & select_ln39_1 != 1 & select_ln40 == 0)> <Delay = 0.66> <CoreInst = "RAM">   --->   Core 83 'RAM' <Latency = 1> <II = 1> <Delay = 0.66> <Storage> <Opcode : 'load' 'store'> <Ports = 2> <Width = 8> <Depth = 6> <RAM>
ST_2 : Operation 106 [1/1] (0.00ns)   --->   "%br_ln44 = br void %arrayidx204.i.i_2.exit" [./line_buffer.h:44->./line_buffer.h:34->predecoder_kernel.cpp:40]   --->   Operation 106 'br' 'br_ln44' <Predicate = (select_ln39_1 != 0 & select_ln39_1 != 1 & select_ln40 == 0)> <Delay = 0.00>
ST_2 : Operation 107 [1/1] (0.66ns)   --->   "%store_ln44 = store i8 0, i3 %fb_0_17_addr" [./line_buffer.h:44->./line_buffer.h:34->predecoder_kernel.cpp:40]   --->   Operation 107 'store' 'store_ln44' <Predicate = (select_ln39_1 != 0 & select_ln39_1 != 1 & select_ln40 != 0 & select_ln40 != 1 & select_ln40 != 2 & select_ln40 != 3 & select_ln40 != 4)> <Delay = 0.66> <CoreInst = "RAM">   --->   Core 83 'RAM' <Latency = 1> <II = 1> <Delay = 0.66> <Storage> <Opcode : 'load' 'store'> <Ports = 2> <Width = 8> <Depth = 6> <RAM>
ST_2 : Operation 108 [1/1] (0.00ns)   --->   "%br_ln44 = br void %arrayidx204.i.i_2.exit" [./line_buffer.h:44->./line_buffer.h:34->predecoder_kernel.cpp:40]   --->   Operation 108 'br' 'br_ln44' <Predicate = (select_ln39_1 != 0 & select_ln39_1 != 1 & select_ln40 != 0 & select_ln40 != 1 & select_ln40 != 2 & select_ln40 != 3 & select_ln40 != 4)> <Delay = 0.00>


============================================================
+ Verbose Summary: Timing violations
============================================================
Target clock period: 3.330ns, clock uncertainty: 0.899ns.

 <State 1>: 2.608ns
The critical path consists of the following:
	'store' operation 0 bit ('store_ln0') of constant 0 on local variable 'indvar_flatten' [26]  (0.387 ns)
	'load' operation 6 bit ('indvar_flatten_load', ./line_buffer.h:40->./line_buffer.h:34->predecoder_kernel.cpp:40) on local variable 'indvar_flatten' [31]  (0.000 ns)
	'icmp' operation 1 bit ('icmp_ln40', ./line_buffer.h:40->./line_buffer.h:34->predecoder_kernel.cpp:40) [43]  (0.706 ns)
	'select' operation 3 bit ('select_ln39', ./line_buffer.h:39->./line_buffer.h:34->predecoder_kernel.cpp:40) [44]  (0.278 ns)
	'add' operation 3 bit ('add_ln40', ./line_buffer.h:40->./line_buffer.h:34->predecoder_kernel.cpp:40) [49]  (0.572 ns)
	'select' operation 3 bit ('select_ln40_1', ./line_buffer.h:40->./line_buffer.h:34->predecoder_kernel.cpp:40) [52]  (0.278 ns)
	'store' operation 0 bit ('store_ln40', ./line_buffer.h:40->./line_buffer.h:34->predecoder_kernel.cpp:40) of variable 'select_ln40_1', ./line_buffer.h:40->./line_buffer.h:34->predecoder_kernel.cpp:40 on local variable 'y', ./line_buffer.h:40->./line_buffer.h:34->predecoder_kernel.cpp:40 [147]  (0.387 ns)

 <State 2>: 0.667ns
The critical path consists of the following:
	'getelementptr' operation 3 bit ('fb_0_addr', ./line_buffer.h:44->./line_buffer.h:34->predecoder_kernel.cpp:40) [54]  (0.000 ns)
	'store' operation 0 bit ('store_ln44', ./line_buffer.h:44->./line_buffer.h:34->predecoder_kernel.cpp:40) of constant 0 on array 'fb_0' [111]  (0.667 ns)


============================================================
+ Verbose Summary: Binding
============================================================
N/A
* FSMD analyzer results:
  - Output states:
 - Input state : 
  - Chain level:
	State 1
	State 2


============================================================
+ Verbose Summary: Datapath Resource usage 
============================================================
N/A
