

================================================================
== Vitis HLS Report for 'conv1x1_output_layer'
================================================================
* Date:           Thu Sep  3 17:06:13 2026

* Version:        2023.2 (Build 4023990 on Oct 11 2023)
* Project:        predecoder_csynth_proj
* Solution:       solution1 (Vitis Kernel Flow Target)
* Product family: virtexuplusHBM
* Target device:  xcu55c-fsvh2892-2L-e


================================================================
== Performance Estimates
================================================================
+ Timing: 
    * Summary: 
    +--------+---------+----------+------------+
    |  Clock |  Target | Estimated| Uncertainty|
    +--------+---------+----------+------------+
    |ap_clk  |  3.33 ns|  2.305 ns|     0.90 ns|
    +--------+---------+----------+------------+

+ Latency: 
    * Summary: 
    +---------+---------+----------+----------+-----+-----+---------+
    |  Latency (cycles) |  Latency (absolute) |  Interval | Pipeline|
    |   min   |   max   |    min   |    max   | min | max |   Type  |
    +---------+---------+----------+----------+-----+-----+---------+
    |      225|      225|  0.749 us|  0.749 us|  225|  225|       no|
    +---------+---------+----------+----------+-----+-----+---------+

    + Detail: 
        * Instance: 
        N/A

        * Loop: 
        +------------+---------+---------+----------+-----------+-----------+------+----------+
        |            |  Latency (cycles) | Iteration|  Initiation Interval  | Trip |          |
        |  Loop Name |   min   |   max   |  Latency |  achieved |   target  | Count| Pipelined|
        +------------+---------+---------+----------+-----------+-----------+------+----------+
        |- OUT_LOOP  |      223|      223|         9|          1|          1|   216|       yes|
        +------------+---------+---------+----------+-----------+-----------+------+----------+

============================================================
+ Verbose Summary: Synthesis Manager
============================================================
InlineROM: 1
ExposeGlobal: 0
============================================================
+ Verbose Summary: CDFG Model
============================================================
IsTopModel: 0
ResetActiveHigh: 1
IsCombinational: 2
IsDatapathOnly: 0
HasWiredReturn: 1
HasMFsm: 2
HasVarLatency: 1
IsPipeline: 0
IsRtlPipelined: 0
IsInstanceOverlapped: 0
IsDontTouch: 0
HasImplIP: 0
IsGatedGlobalClock: 0

+ Individual pipeline summary: 
  * Pipeline-0: initiation interval (II) = 1, depth = 9


============================================================
+ Verbose Summary: Schedule
============================================================
* Number of FSM states : 9
* Pipeline : 1
  Pipeline-0 : II = 1, D = 9, States = { 1 2 3 4 5 6 7 8 9 }
* Dataflow Pipeline: 0

* FSM state transitions: 
1 --> 2 
2 --> 3 
3 --> 4 
4 --> 5 
5 --> 6 
6 --> 7 
7 --> 8 
8 --> 9 
9 --> 

* FSM state operations: 

State 1 <SV = 0> <Delay = 1.47>
ST_1 : Operation 12 [1/1] (0.00ns)   --->   "%i = alloca i32 1" [predecoder_kernel.cpp:131]   --->   Operation 12 'alloca' 'i' <Predicate = true> <Delay = 0.00>
ST_1 : Operation 13 [1/1] (0.00ns)   --->   "%specinterface_ln0 = specinterface void @_ssdm_op_SpecInterface, i448 %s3, void @empty_1, i32 0, i32 0, void @empty_5, i32 0, i32 0, void @empty_5, void @empty_5, void @empty_5, i32 0, i32 0, i32 0, i32 0, void @empty_5, void @empty_5, i32 4294967295, i32 0"   --->   Operation 13 'specinterface' 'specinterface_ln0' <Predicate = true> <Delay = 0.00>
ST_1 : Operation 14 [1/1] (0.00ns)   --->   "%specinterface_ln0 = specinterface void @_ssdm_op_SpecInterface, i96 %s2, void @empty_1, i32 0, i32 0, void @empty_5, i32 0, i32 0, void @empty_5, void @empty_5, void @empty_5, i32 0, i32 0, i32 0, i32 0, void @empty_5, void @empty_5, i32 4294967295, i32 0"   --->   Operation 14 'specinterface' 'specinterface_ln0' <Predicate = true> <Delay = 0.00>
ST_1 : Operation 15 [1/1] (0.38ns)   --->   "%store_ln131 = store i8 0, i8 %i" [predecoder_kernel.cpp:131]   --->   Operation 15 'store' 'store_ln131' <Predicate = true> <Delay = 0.38>
ST_1 : Operation 16 [1/1] (0.00ns)   --->   "%br_ln131 = br void %OC2_LOOP" [predecoder_kernel.cpp:131]   --->   Operation 16 'br' 'br_ln131' <Predicate = true> <Delay = 0.00>
ST_1 : Operation 17 [1/1] (0.00ns)   --->   "%i_1 = load i8 %i" [predecoder_kernel.cpp:131]   --->   Operation 17 'load' 'i_1' <Predicate = true> <Delay = 0.00>
ST_1 : Operation 18 [1/1] (0.70ns)   --->   "%icmp_ln131 = icmp_eq  i8 %i_1, i8 216" [predecoder_kernel.cpp:131]   --->   Operation 18 'icmp' 'icmp_ln131' <Predicate = true> <Delay = 0.70> <CoreInst = "Cmp">   --->   Core 9 'Cmp' <Latency = 0> <II = 1> <Delay = 0.70> <FuncUnit> <Opcode : 'icmp'> <InPorts = 2> <OutPorts = 1>
ST_1 : Operation 19 [1/1] (0.70ns)   --->   "%i_2 = add i8 %i_1, i8 1" [predecoder_kernel.cpp:131]   --->   Operation 19 'add' 'i_2' <Predicate = true> <Delay = 0.70> <CoreInst = "Adder">   --->   Core 1 'Adder' <Latency = 0> <II = 1> <Delay = 0.70> <FuncUnit> <Opcode : 'add' 'sub'> <InPorts = 2> <OutPorts = 1>
ST_1 : Operation 20 [1/1] (0.00ns)   --->   "%br_ln131 = br i1 %icmp_ln131, void %OC2_LOOP.split, void %for.end24" [predecoder_kernel.cpp:131]   --->   Operation 20 'br' 'br_ln131' <Predicate = true> <Delay = 0.00>
ST_1 : Operation 21 [1/1] (0.38ns)   --->   "%store_ln131 = store i8 %i_2, i8 %i" [predecoder_kernel.cpp:131]   --->   Operation 21 'store' 'store_ln131' <Predicate = (!icmp_ln131)> <Delay = 0.38>

State 2 <SV = 1> <Delay = 2.21>
ST_2 : Operation 22 [1/1] (1.21ns)   --->   "%s2_read = read i96 @_ssdm_op_Read.ap_fifo.volatile.i96P0A, i96 %s2" [predecoder_kernel.cpp:133]   --->   Operation 22 'read' 's2_read' <Predicate = true> <Delay = 1.21> <CoreInst = "FIFO_SRL">   --->   Core 81 'FIFO_SRL' <Latency = 0> <II = 1> <Delay = 1.42> <Storage> <Opcode : 'read' 'write' 'nbread' 'nbwrite'> <Ports = 0> <Width = 96> <Depth = 8> <FIFO>
ST_2 : Operation 23 [1/1] (0.00ns)   --->   "%a = trunc i96 %s2_read" [predecoder_kernel.cpp:133]   --->   Operation 23 'trunc' 'a' <Predicate = true> <Delay = 0.00>
ST_2 : Operation 24 [1/1] (0.00ns)   --->   "%zext_ln142 = zext i8 %a" [predecoder_kernel.cpp:142]   --->   Operation 24 'zext' 'zext_ln142' <Predicate = true> <Delay = 0.00>
ST_2 : Operation 25 [1/1] (0.00ns)   --->   "%tmp = partselect i8 @_ssdm_op_PartSelect.i8.i96.i32.i32, i96 %s2_read, i32 8, i32 15" [predecoder_kernel.cpp:142]   --->   Operation 25 'partselect' 'tmp' <Predicate = true> <Delay = 0.00>
ST_2 : Operation 26 [1/1] (0.00ns)   --->   "%zext_ln142_36 = zext i8 %tmp" [predecoder_kernel.cpp:142]   --->   Operation 26 'zext' 'zext_ln142_36' <Predicate = true> <Delay = 0.00>
ST_2 : Operation 27 [1/1] (0.00ns)   --->   "%tmp_10 = partselect i8 @_ssdm_op_PartSelect.i8.i96.i32.i32, i96 %s2_read, i32 16, i32 23" [predecoder_kernel.cpp:142]   --->   Operation 27 'partselect' 'tmp_10' <Predicate = true> <Delay = 0.00>
ST_2 : Operation 28 [1/1] (0.00ns)   --->   "%tmp_12 = partselect i8 @_ssdm_op_PartSelect.i8.i96.i32.i32, i96 %s2_read, i32 24, i32 31" [predecoder_kernel.cpp:142]   --->   Operation 28 'partselect' 'tmp_12' <Predicate = true> <Delay = 0.00>
ST_2 : Operation 29 [1/1] (0.00ns)   --->   "%tmp_14 = partselect i8 @_ssdm_op_PartSelect.i8.i96.i32.i32, i96 %s2_read, i32 32, i32 39" [predecoder_kernel.cpp:142]   --->   Operation 29 'partselect' 'tmp_14' <Predicate = true> <Delay = 0.00>
ST_2 : Operation 30 [1/1] (0.00ns)   --->   "%tmp_17 = partselect i8 @_ssdm_op_PartSelect.i8.i96.i32.i32, i96 %s2_read, i32 40, i32 47" [predecoder_kernel.cpp:142]   --->   Operation 30 'partselect' 'tmp_17' <Predicate = true> <Delay = 0.00>
ST_2 : Operation 31 [1/1] (0.00ns)   --->   "%tmp_21 = partselect i8 @_ssdm_op_PartSelect.i8.i96.i32.i32, i96 %s2_read, i32 48, i32 55" [predecoder_kernel.cpp:142]   --->   Operation 31 'partselect' 'tmp_21' <Predicate = true> <Delay = 0.00>
ST_2 : Operation 32 [1/1] (0.00ns)   --->   "%tmp_23 = partselect i8 @_ssdm_op_PartSelect.i8.i96.i32.i32, i96 %s2_read, i32 56, i32 63" [predecoder_kernel.cpp:142]   --->   Operation 32 'partselect' 'tmp_23' <Predicate = true> <Delay = 0.00>
ST_2 : Operation 33 [1/1] (0.00ns)   --->   "%tmp_25 = partselect i8 @_ssdm_op_PartSelect.i8.i96.i32.i32, i96 %s2_read, i32 64, i32 71" [predecoder_kernel.cpp:142]   --->   Operation 33 'partselect' 'tmp_25' <Predicate = true> <Delay = 0.00>
ST_2 : Operation 34 [1/1] (0.00ns)   --->   "%tmp_28 = partselect i8 @_ssdm_op_PartSelect.i8.i96.i32.i32, i96 %s2_read, i32 72, i32 79" [predecoder_kernel.cpp:142]   --->   Operation 34 'partselect' 'tmp_28' <Predicate = true> <Delay = 0.00>
ST_2 : Operation 35 [1/1] (0.00ns)   --->   "%tmp_31 = partselect i8 @_ssdm_op_PartSelect.i8.i96.i32.i32, i96 %s2_read, i32 80, i32 87" [predecoder_kernel.cpp:142]   --->   Operation 35 'partselect' 'tmp_31' <Predicate = true> <Delay = 0.00>
ST_2 : Operation 36 [1/1] (0.00ns)   --->   "%tmp_32 = partselect i8 @_ssdm_op_PartSelect.i8.i96.i32.i32, i96 %s2_read, i32 88, i32 95" [predecoder_kernel.cpp:142]   --->   Operation 36 'partselect' 'tmp_32' <Predicate = true> <Delay = 0.00>
ST_2 : Operation 37 [3/3] (0.99ns) (grouped into DSP with root node add_ln144_10)   --->   "%mul_ln142_4 = mul i14 %zext_ln142_36, i14 16361" [predecoder_kernel.cpp:142]   --->   Operation 37 'mul' 'mul_ln142_4' <Predicate = true> <Delay = 0.99> <CoreInst = "DSP48">   --->   Core 127 'DSP48' <Latency = 3> <II = 1> <Delay = 0.53> <IPBlock> <Opcode : '' 'add' 'sub' 'mul' 'select'> <InPorts = 0> <OutPorts = 1> <Sync> <CReg>
ST_2 : Operation 38 [3/3] (0.99ns) (grouped into DSP with root node add_ln144_22)   --->   "%acc_7 = mul i15 %zext_ln142, i15 32716" [predecoder_kernel.cpp:142]   --->   Operation 38 'mul' 'acc_7' <Predicate = true> <Delay = 0.99> <CoreInst = "DSP48">   --->   Core 127 'DSP48' <Latency = 3> <II = 1> <Delay = 0.53> <IPBlock> <Opcode : '' 'add' 'sub' 'mul' 'select'> <InPorts = 0> <OutPorts = 1> <Sync> <CReg>

State 3 <SV = 2> <Delay = 0.99>
ST_3 : Operation 39 [1/1] (0.00ns)   --->   "%zext_ln142_1 = zext i8 %a" [predecoder_kernel.cpp:142]   --->   Operation 39 'zext' 'zext_ln142_1' <Predicate = true> <Delay = 0.00>
ST_3 : Operation 40 [3/3] (0.99ns) (grouped into DSP with root node add_ln144_1)   --->   "%acc = mul i16 %zext_ln142_1, i16 65433" [predecoder_kernel.cpp:142]   --->   Operation 40 'mul' 'acc' <Predicate = true> <Delay = 0.99> <CoreInst = "DSP48">   --->   Core 127 'DSP48' <Latency = 3> <II = 1> <Delay = 0.53> <IPBlock> <Opcode : '' 'add' 'sub' 'mul' 'select'> <InPorts = 0> <OutPorts = 1> <Sync> <CReg>
ST_3 : Operation 41 [1/1] (0.00ns)   --->   "%zext_ln142_40 = zext i8 %tmp_17" [predecoder_kernel.cpp:142]   --->   Operation 41 'zext' 'zext_ln142_40' <Predicate = true> <Delay = 0.00>
ST_3 : Operation 42 [1/1] (0.00ns)   --->   "%zext_ln142_44 = zext i8 %tmp_23" [predecoder_kernel.cpp:142]   --->   Operation 42 'zext' 'zext_ln142_44' <Predicate = true> <Delay = 0.00>
ST_3 : Operation 43 [3/3] (0.99ns) (grouped into DSP with root node add_ln144_2)   --->   "%mul_ln142 = mul i14 %zext_ln142_44, i14 59" [predecoder_kernel.cpp:142]   --->   Operation 43 'mul' 'mul_ln142' <Predicate = true> <Delay = 0.99> <CoreInst = "DSP48">   --->   Core 127 'DSP48' <Latency = 3> <II = 1> <Delay = 0.53> <IPBlock> <Opcode : '' 'add' 'sub' 'mul' 'select'> <InPorts = 0> <OutPorts = 1> <Sync> <CReg>
ST_3 : Operation 44 [2/3] (0.99ns) (grouped into DSP with root node add_ln144_10)   --->   "%mul_ln142_4 = mul i14 %zext_ln142_36, i14 16361" [predecoder_kernel.cpp:142]   --->   Operation 44 'mul' 'mul_ln142_4' <Predicate = true> <Delay = 0.99> <CoreInst = "DSP48">   --->   Core 127 'DSP48' <Latency = 3> <II = 1> <Delay = 0.53> <IPBlock> <Opcode : '' 'add' 'sub' 'mul' 'select'> <InPorts = 0> <OutPorts = 1> <Sync> <CReg>
ST_3 : Operation 45 [2/3] (0.99ns) (grouped into DSP with root node add_ln144_22)   --->   "%acc_7 = mul i15 %zext_ln142, i15 32716" [predecoder_kernel.cpp:142]   --->   Operation 45 'mul' 'acc_7' <Predicate = true> <Delay = 0.99> <CoreInst = "DSP48">   --->   Core 127 'DSP48' <Latency = 3> <II = 1> <Delay = 0.53> <IPBlock> <Opcode : '' 'add' 'sub' 'mul' 'select'> <InPorts = 0> <OutPorts = 1> <Sync> <CReg>
ST_3 : Operation 46 [3/3] (0.99ns) (grouped into DSP with root node add_ln144_27)   --->   "%mul_ln142_9 = mul i14 %zext_ln142_40, i14 16363" [predecoder_kernel.cpp:142]   --->   Operation 46 'mul' 'mul_ln142_9' <Predicate = true> <Delay = 0.99> <CoreInst = "DSP48">   --->   Core 127 'DSP48' <Latency = 3> <II = 1> <Delay = 0.53> <IPBlock> <Opcode : '' 'add' 'sub' 'mul' 'select'> <InPorts = 0> <OutPorts = 1> <Sync> <CReg>

State 4 <SV = 3> <Delay = 2.19>
ST_4 : Operation 47 [2/3] (0.99ns) (grouped into DSP with root node add_ln144_1)   --->   "%acc = mul i16 %zext_ln142_1, i16 65433" [predecoder_kernel.cpp:142]   --->   Operation 47 'mul' 'acc' <Predicate = true> <Delay = 0.99> <CoreInst = "DSP48">   --->   Core 127 'DSP48' <Latency = 3> <II = 1> <Delay = 0.53> <IPBlock> <Opcode : '' 'add' 'sub' 'mul' 'select'> <InPorts = 0> <OutPorts = 1> <Sync> <CReg>
ST_4 : Operation 48 [2/3] (0.99ns) (grouped into DSP with root node add_ln144_2)   --->   "%mul_ln142 = mul i14 %zext_ln142_44, i14 59" [predecoder_kernel.cpp:142]   --->   Operation 48 'mul' 'mul_ln142' <Predicate = true> <Delay = 0.99> <CoreInst = "DSP48">   --->   Core 127 'DSP48' <Latency = 3> <II = 1> <Delay = 0.53> <IPBlock> <Opcode : '' 'add' 'sub' 'mul' 'select'> <InPorts = 0> <OutPorts = 1> <Sync> <CReg>
ST_4 : Operation 49 [1/1] (0.00ns)   --->   "%zext_ln142_45 = zext i8 %tmp_25" [predecoder_kernel.cpp:142]   --->   Operation 49 'zext' 'zext_ln142_45' <Predicate = true> <Delay = 0.00>
ST_4 : Operation 50 [1/1] (0.00ns)   --->   "%zext_ln142_46 = zext i8 %tmp_25" [predecoder_kernel.cpp:142]   --->   Operation 50 'zext' 'zext_ln142_46' <Predicate = true> <Delay = 0.00>
ST_4 : Operation 51 [1/1] (0.00ns)   --->   "%zext_ln142_47 = zext i8 %tmp_25" [predecoder_kernel.cpp:142]   --->   Operation 51 'zext' 'zext_ln142_47' <Predicate = true> <Delay = 0.00>
ST_4 : Operation 52 [3/3] (0.99ns) (grouped into DSP with root node add_ln144_7)   --->   "%mul_ln142_2 = mul i16 %zext_ln142_47, i16 65428" [predecoder_kernel.cpp:142]   --->   Operation 52 'mul' 'mul_ln142_2' <Predicate = true> <Delay = 0.99> <CoreInst = "DSP48">   --->   Core 127 'DSP48' <Latency = 3> <II = 1> <Delay = 0.53> <IPBlock> <Opcode : '' 'add' 'sub' 'mul' 'select'> <InPorts = 0> <OutPorts = 1> <Sync> <CReg>
ST_4 : Operation 53 [1/1] (1.55ns)   --->   "%acc_5 = mul i16 %zext_ln142_1, i16 65453" [predecoder_kernel.cpp:142]   --->   Operation 53 'mul' 'acc_5' <Predicate = true> <Delay = 1.55> <CoreInst = "Multiplier">   --->   Core 3 'Multiplier' <Latency = 0> <II = 1> <Delay = 1.55> <FuncUnit> <Opcode : 'mul'> <InPorts = 2> <OutPorts = 1>
ST_4 : Operation 54 [1/3] (0.00ns) (grouped into DSP with root node add_ln144_10)   --->   "%mul_ln142_4 = mul i14 %zext_ln142_36, i14 16361" [predecoder_kernel.cpp:142]   --->   Operation 54 'mul' 'mul_ln142_4' <Predicate = true> <Delay = 0.00> <CoreInst = "DSP48">   --->   Core 127 'DSP48' <Latency = 3> <II = 1> <Delay = 0.53> <IPBlock> <Opcode : '' 'add' 'sub' 'mul' 'select'> <InPorts = 0> <OutPorts = 1> <Sync> <CReg>
ST_4 : Operation 55 [1/1] (0.00ns) (grouped into DSP with root node add_ln144_10)   --->   "%sext_ln142_6 = sext i14 %mul_ln142_4" [predecoder_kernel.cpp:142]   --->   Operation 55 'sext' 'sext_ln142_6' <Predicate = true> <Delay = 0.00>
ST_4 : Operation 56 [3/3] (0.99ns) (grouped into DSP with root node add_ln144_18)   --->   "%mul_ln142_6 = mul i13 %zext_ln142_46, i13 25" [predecoder_kernel.cpp:142]   --->   Operation 56 'mul' 'mul_ln142_6' <Predicate = true> <Delay = 0.99> <CoreInst = "DSP48">   --->   Core 127 'DSP48' <Latency = 3> <II = 1> <Delay = 0.53> <IPBlock> <Opcode : '' 'add' 'sub' 'mul' 'select'> <InPorts = 0> <OutPorts = 1> <Sync> <CReg>
ST_4 : Operation 57 [2/2] (0.64ns) (root node of the DSP)   --->   "%add_ln144_10 = add i16 %acc_5, i16 %sext_ln142_6" [predecoder_kernel.cpp:144]   --->   Operation 57 'add' 'add_ln144_10' <Predicate = true> <Delay = 0.64> <CoreInst = "DSP48">   --->   Core 127 'DSP48' <Latency = 3> <II = 1> <Delay = 0.53> <IPBlock> <Opcode : '' 'add' 'sub' 'mul' 'select'> <InPorts = 0> <OutPorts = 1> <Sync> <CReg>
ST_4 : Operation 58 [1/3] (0.00ns) (grouped into DSP with root node add_ln144_22)   --->   "%acc_7 = mul i15 %zext_ln142, i15 32716" [predecoder_kernel.cpp:142]   --->   Operation 58 'mul' 'acc_7' <Predicate = true> <Delay = 0.00> <CoreInst = "DSP48">   --->   Core 127 'DSP48' <Latency = 3> <II = 1> <Delay = 0.53> <IPBlock> <Opcode : '' 'add' 'sub' 'mul' 'select'> <InPorts = 0> <OutPorts = 1> <Sync> <CReg>
ST_4 : Operation 59 [1/1] (0.00ns)   --->   "%and_ln142_22 = bitconcatenate i10 @_ssdm_op_BitConcatenate.i10.i8.i2, i8 %tmp_10, i2 0" [predecoder_kernel.cpp:142]   --->   Operation 59 'bitconcatenate' 'and_ln142_22' <Predicate = true> <Delay = 0.00>
ST_4 : Operation 60 [1/1] (0.00ns)   --->   "%zext_ln142_27 = zext i10 %and_ln142_22" [predecoder_kernel.cpp:142]   --->   Operation 60 'zext' 'zext_ln142_27' <Predicate = true> <Delay = 0.00>
ST_4 : Operation 61 [1/1] (0.72ns)   --->   "%sub_ln142_11 = sub i11 0, i11 %zext_ln142_27" [predecoder_kernel.cpp:142]   --->   Operation 61 'sub' 'sub_ln142_11' <Predicate = true> <Delay = 0.72> <CoreInst = "Adder">   --->   Core 1 'Adder' <Latency = 0> <II = 1> <Delay = 0.72> <FuncUnit> <Opcode : 'add' 'sub'> <InPorts = 2> <OutPorts = 1>
ST_4 : Operation 62 [2/3] (0.99ns) (grouped into DSP with root node add_ln144_27)   --->   "%mul_ln142_9 = mul i14 %zext_ln142_40, i14 16363" [predecoder_kernel.cpp:142]   --->   Operation 62 'mul' 'mul_ln142_9' <Predicate = true> <Delay = 0.99> <CoreInst = "DSP48">   --->   Core 127 'DSP48' <Latency = 3> <II = 1> <Delay = 0.53> <IPBlock> <Opcode : '' 'add' 'sub' 'mul' 'select'> <InPorts = 0> <OutPorts = 1> <Sync> <CReg>
ST_4 : Operation 63 [3/3] (0.99ns) (grouped into DSP with root node add_ln144_29)   --->   "%mul_ln142_10 = mul i15 %zext_ln142_45, i15 97" [predecoder_kernel.cpp:142]   --->   Operation 63 'mul' 'mul_ln142_10' <Predicate = true> <Delay = 0.99> <CoreInst = "DSP48">   --->   Core 127 'DSP48' <Latency = 3> <II = 1> <Delay = 0.53> <IPBlock> <Opcode : '' 'add' 'sub' 'mul' 'select'> <InPorts = 0> <OutPorts = 1> <Sync> <CReg>
ST_4 : Operation 64 [2/2] (0.64ns) (root node of the DSP)   --->   "%add_ln144_22 = add i15 %acc_7, i15 31815" [predecoder_kernel.cpp:144]   --->   Operation 64 'add' 'add_ln144_22' <Predicate = true> <Delay = 0.64> <CoreInst = "DSP48">   --->   Core 127 'DSP48' <Latency = 3> <II = 1> <Delay = 0.53> <IPBlock> <Opcode : '' 'add' 'sub' 'mul' 'select'> <InPorts = 0> <OutPorts = 1> <Sync> <CReg>

State 5 <SV = 4> <Delay = 2.30>
ST_5 : Operation 65 [1/3] (0.00ns) (grouped into DSP with root node add_ln144_1)   --->   "%acc = mul i16 %zext_ln142_1, i16 65433" [predecoder_kernel.cpp:142]   --->   Operation 65 'mul' 'acc' <Predicate = true> <Delay = 0.00> <CoreInst = "DSP48">   --->   Core 127 'DSP48' <Latency = 3> <II = 1> <Delay = 0.53> <IPBlock> <Opcode : '' 'add' 'sub' 'mul' 'select'> <InPorts = 0> <OutPorts = 1> <Sync> <CReg>
ST_5 : Operation 66 [1/1] (0.00ns)   --->   "%and_ln = bitconcatenate i12 @_ssdm_op_BitConcatenate.i12.i8.i4, i8 %tmp, i4 0" [predecoder_kernel.cpp:142]   --->   Operation 66 'bitconcatenate' 'and_ln' <Predicate = true> <Delay = 0.00>
ST_5 : Operation 67 [1/1] (0.00ns)   --->   "%zext_ln142_2 = zext i12 %and_ln" [predecoder_kernel.cpp:142]   --->   Operation 67 'zext' 'zext_ln142_2' <Predicate = true> <Delay = 0.00>
ST_5 : Operation 68 [1/1] (0.00ns)   --->   "%and_ln142_1 = bitconcatenate i10 @_ssdm_op_BitConcatenate.i10.i8.i2, i8 %tmp, i2 0" [predecoder_kernel.cpp:142]   --->   Operation 68 'bitconcatenate' 'and_ln142_1' <Predicate = true> <Delay = 0.00>
ST_5 : Operation 69 [1/1] (0.00ns)   --->   "%zext_ln142_3 = zext i10 %and_ln142_1" [predecoder_kernel.cpp:142]   --->   Operation 69 'zext' 'zext_ln142_3' <Predicate = true> <Delay = 0.00>
ST_5 : Operation 70 [1/1] (0.00ns) (grouped into TernaryAdder)   --->   "%add_ln142 = add i13 %zext_ln142_2, i13 %zext_ln142_3" [predecoder_kernel.cpp:142]   --->   Operation 70 'add' 'add_ln142' <Predicate = true> <Delay = 0.00> <CoreInst = "TAddSub">   --->   Core 10 'TAddSub' <Latency = 0> <II = 1> <Delay = 0.34> <IPBlock> <Opcode : '' 'add' 'sub'> <InPorts = 3> <OutPorts = 1> <Sync> <CReg>
ST_5 : Operation 71 [1/1] (0.00ns)   --->   "%zext_ln142_37 = zext i8 %tmp_10" [predecoder_kernel.cpp:142]   --->   Operation 71 'zext' 'zext_ln142_37' <Predicate = true> <Delay = 0.00>
ST_5 : Operation 72 [1/1] (0.00ns)   --->   "%zext_ln142_38 = zext i8 %tmp_12" [predecoder_kernel.cpp:142]   --->   Operation 72 'zext' 'zext_ln142_38' <Predicate = true> <Delay = 0.00>
ST_5 : Operation 73 [1/1] (0.00ns)   --->   "%and_ln142_3 = bitconcatenate i15 @_ssdm_op_BitConcatenate.i15.i8.i7, i8 %tmp_12, i7 0" [predecoder_kernel.cpp:142]   --->   Operation 73 'bitconcatenate' 'and_ln142_3' <Predicate = true> <Delay = 0.00>
ST_5 : Operation 74 [1/1] (0.00ns)   --->   "%zext_ln142_5 = zext i15 %and_ln142_3" [predecoder_kernel.cpp:142]   --->   Operation 74 'zext' 'zext_ln142_5' <Predicate = true> <Delay = 0.00>
ST_5 : Operation 75 [1/1] (0.77ns)   --->   "%sub_ln142_17 = sub i16 %zext_ln142_38, i16 %zext_ln142_5" [predecoder_kernel.cpp:142]   --->   Operation 75 'sub' 'sub_ln142_17' <Predicate = true> <Delay = 0.77> <CoreInst = "Adder">   --->   Core 1 'Adder' <Latency = 0> <II = 1> <Delay = 0.77> <FuncUnit> <Opcode : 'add' 'sub'> <InPorts = 2> <OutPorts = 1>
ST_5 : Operation 76 [1/1] (0.00ns)   --->   "%zext_ln142_39 = zext i8 %tmp_14" [predecoder_kernel.cpp:142]   --->   Operation 76 'zext' 'zext_ln142_39' <Predicate = true> <Delay = 0.00>
ST_5 : Operation 77 [1/1] (0.00ns)   --->   "%and_ln142_4 = bitconcatenate i11 @_ssdm_op_BitConcatenate.i11.i8.i3, i8 %tmp_14, i3 0" [predecoder_kernel.cpp:142]   --->   Operation 77 'bitconcatenate' 'and_ln142_4' <Predicate = true> <Delay = 0.00>
ST_5 : Operation 78 [1/1] (0.00ns)   --->   "%zext_ln142_6 = zext i11 %and_ln142_4" [predecoder_kernel.cpp:142]   --->   Operation 78 'zext' 'zext_ln142_6' <Predicate = true> <Delay = 0.00>
ST_5 : Operation 79 [1/1] (0.00ns)   --->   "%and_ln142_5 = bitconcatenate i9 @_ssdm_op_BitConcatenate.i9.i8.i1, i8 %tmp_14, i1 0" [predecoder_kernel.cpp:142]   --->   Operation 79 'bitconcatenate' 'and_ln142_5' <Predicate = true> <Delay = 0.00>
ST_5 : Operation 80 [1/1] (0.00ns)   --->   "%zext_ln142_7 = zext i9 %and_ln142_5" [predecoder_kernel.cpp:142]   --->   Operation 80 'zext' 'zext_ln142_7' <Predicate = true> <Delay = 0.00>
ST_5 : Operation 81 [1/1] (0.73ns)   --->   "%sub_ln142 = sub i12 %zext_ln142_6, i12 %zext_ln142_7" [predecoder_kernel.cpp:142]   --->   Operation 81 'sub' 'sub_ln142' <Predicate = true> <Delay = 0.73> <CoreInst = "Adder">   --->   Core 1 'Adder' <Latency = 0> <II = 1> <Delay = 0.73> <FuncUnit> <Opcode : 'add' 'sub'> <InPorts = 2> <OutPorts = 1>
ST_5 : Operation 82 [1/1] (0.00ns)   --->   "%zext_ln142_42 = zext i8 %tmp_21" [predecoder_kernel.cpp:142]   --->   Operation 82 'zext' 'zext_ln142_42' <Predicate = true> <Delay = 0.00>
ST_5 : Operation 83 [1/1] (0.00ns)   --->   "%and_ln142_8 = bitconcatenate i10 @_ssdm_op_BitConcatenate.i10.i8.i2, i8 %tmp_21, i2 0" [predecoder_kernel.cpp:142]   --->   Operation 83 'bitconcatenate' 'and_ln142_8' <Predicate = true> <Delay = 0.00>
ST_5 : Operation 84 [1/1] (0.00ns)   --->   "%zext_ln142_10 = zext i10 %and_ln142_8" [predecoder_kernel.cpp:142]   --->   Operation 84 'zext' 'zext_ln142_10' <Predicate = true> <Delay = 0.00>
ST_5 : Operation 85 [1/1] (0.72ns)   --->   "%sub_ln142_2 = sub i11 %zext_ln142_10, i11 %zext_ln142_42" [predecoder_kernel.cpp:142]   --->   Operation 85 'sub' 'sub_ln142_2' <Predicate = true> <Delay = 0.72> <CoreInst = "Adder">   --->   Core 1 'Adder' <Latency = 0> <II = 1> <Delay = 0.72> <FuncUnit> <Opcode : 'add' 'sub'> <InPorts = 2> <OutPorts = 1>
ST_5 : Operation 86 [1/3] (0.00ns) (grouped into DSP with root node add_ln144_2)   --->   "%mul_ln142 = mul i14 %zext_ln142_44, i14 59" [predecoder_kernel.cpp:142]   --->   Operation 86 'mul' 'mul_ln142' <Predicate = true> <Delay = 0.00> <CoreInst = "DSP48">   --->   Core 127 'DSP48' <Latency = 3> <II = 1> <Delay = 0.53> <IPBlock> <Opcode : '' 'add' 'sub' 'mul' 'select'> <InPorts = 0> <OutPorts = 1> <Sync> <CReg>
ST_5 : Operation 87 [1/1] (0.00ns) (grouped into DSP with root node add_ln144_2)   --->   "%zext_ln142_11 = zext i14 %mul_ln142" [predecoder_kernel.cpp:142]   --->   Operation 87 'zext' 'zext_ln142_11' <Predicate = true> <Delay = 0.00>
ST_5 : Operation 88 [2/3] (0.99ns) (grouped into DSP with root node add_ln144_7)   --->   "%mul_ln142_2 = mul i16 %zext_ln142_47, i16 65428" [predecoder_kernel.cpp:142]   --->   Operation 88 'mul' 'mul_ln142_2' <Predicate = true> <Delay = 0.99> <CoreInst = "DSP48">   --->   Core 127 'DSP48' <Latency = 3> <II = 1> <Delay = 0.53> <IPBlock> <Opcode : '' 'add' 'sub' 'mul' 'select'> <InPorts = 0> <OutPorts = 1> <Sync> <CReg>
ST_5 : Operation 89 [1/1] (0.00ns)   --->   "%zext_ln142_48 = zext i8 %tmp_28" [predecoder_kernel.cpp:142]   --->   Operation 89 'zext' 'zext_ln142_48' <Predicate = true> <Delay = 0.00>
ST_5 : Operation 90 [1/1] (0.00ns)   --->   "%zext_ln142_49 = zext i8 %tmp_28" [predecoder_kernel.cpp:142]   --->   Operation 90 'zext' 'zext_ln142_49' <Predicate = true> <Delay = 0.00>
ST_5 : Operation 91 [1/1] (0.00ns)   --->   "%and_ln142_9 = bitconcatenate i12 @_ssdm_op_BitConcatenate.i12.i8.i4, i8 %tmp_28, i4 0" [predecoder_kernel.cpp:142]   --->   Operation 91 'bitconcatenate' 'and_ln142_9' <Predicate = true> <Delay = 0.00>
ST_5 : Operation 92 [1/1] (0.00ns)   --->   "%zext_ln142_12 = zext i12 %and_ln142_9" [predecoder_kernel.cpp:142]   --->   Operation 92 'zext' 'zext_ln142_12' <Predicate = true> <Delay = 0.00>
ST_5 : Operation 93 [1/1] (0.74ns)   --->   "%sub_ln142_3 = sub i13 0, i13 %zext_ln142_12" [predecoder_kernel.cpp:142]   --->   Operation 93 'sub' 'sub_ln142_3' <Predicate = true> <Delay = 0.74> <CoreInst = "Adder">   --->   Core 1 'Adder' <Latency = 0> <II = 1> <Delay = 0.74> <FuncUnit> <Opcode : 'add' 'sub'> <InPorts = 2> <OutPorts = 1>
ST_5 : Operation 94 [1/1] (0.00ns)   --->   "%sext_ln142_4 = sext i13 %sub_ln142_3" [predecoder_kernel.cpp:142]   --->   Operation 94 'sext' 'sext_ln142_4' <Predicate = true> <Delay = 0.00>
ST_5 : Operation 95 [1/1] (0.75ns)   --->   "%sub_ln142_4 = sub i14 %sext_ln142_4, i14 %zext_ln142_49" [predecoder_kernel.cpp:142]   --->   Operation 95 'sub' 'sub_ln142_4' <Predicate = true> <Delay = 0.75> <CoreInst = "Adder">   --->   Core 1 'Adder' <Latency = 0> <II = 1> <Delay = 0.75> <FuncUnit> <Opcode : 'add' 'sub'> <InPorts = 2> <OutPorts = 1>
ST_5 : Operation 96 [1/1] (0.00ns)   --->   "%zext_ln142_50 = zext i8 %tmp_32" [predecoder_kernel.cpp:142]   --->   Operation 96 'zext' 'zext_ln142_50' <Predicate = true> <Delay = 0.00>
ST_5 : Operation 97 [1/1] (0.73ns) (root node of TernaryAdder)   --->   "%add_ln144 = add i13 %add_ln142, i13 1128" [predecoder_kernel.cpp:144]   --->   Operation 97 'add' 'add_ln144' <Predicate = true> <Delay = 0.73> <CoreInst = "TAddSub">   --->   Core 10 'TAddSub' <Latency = 0> <II = 1> <Delay = 0.34> <IPBlock> <Opcode : '' 'add' 'sub'> <InPorts = 3> <OutPorts = 1> <Sync> <CReg>
ST_5 : Operation 98 [1/1] (0.00ns)   --->   "%zext_ln144_1 = zext i13 %add_ln144" [predecoder_kernel.cpp:144]   --->   Operation 98 'zext' 'zext_ln144_1' <Predicate = true> <Delay = 0.00>
ST_5 : Operation 99 [2/2] (0.64ns) (root node of the DSP)   --->   "%add_ln144_1 = add i16 %zext_ln144_1, i16 %acc" [predecoder_kernel.cpp:144]   --->   Operation 99 'add' 'add_ln144_1' <Predicate = true> <Delay = 0.64> <CoreInst = "DSP48">   --->   Core 127 'DSP48' <Latency = 3> <II = 1> <Delay = 0.53> <IPBlock> <Opcode : '' 'add' 'sub' 'mul' 'select'> <InPorts = 0> <OutPorts = 1> <Sync> <CReg>
ST_5 : Operation 100 [2/2] (0.64ns) (root node of the DSP)   --->   "%add_ln144_2 = add i16 %sub_ln142_17, i16 %zext_ln142_11" [predecoder_kernel.cpp:144]   --->   Operation 100 'add' 'add_ln144_2' <Predicate = true> <Delay = 0.64> <CoreInst = "DSP48">   --->   Core 127 'DSP48' <Latency = 3> <II = 1> <Delay = 0.53> <IPBlock> <Opcode : '' 'add' 'sub' 'mul' 'select'> <InPorts = 0> <OutPorts = 1> <Sync> <CReg>
ST_5 : Operation 101 [1/1] (0.00ns)   --->   "%and_ln142_11 = bitconcatenate i12 @_ssdm_op_BitConcatenate.i12.i8.i4, i8 %tmp_10, i4 0" [predecoder_kernel.cpp:142]   --->   Operation 101 'bitconcatenate' 'and_ln142_11' <Predicate = true> <Delay = 0.00>
ST_5 : Operation 102 [1/1] (0.00ns)   --->   "%zext_ln142_15 = zext i12 %and_ln142_11" [predecoder_kernel.cpp:142]   --->   Operation 102 'zext' 'zext_ln142_15' <Predicate = true> <Delay = 0.00>
ST_5 : Operation 103 [1/1] (0.00ns)   --->   "%and_ln142_12 = bitconcatenate i9 @_ssdm_op_BitConcatenate.i9.i8.i1, i8 %tmp_10, i1 0" [predecoder_kernel.cpp:142]   --->   Operation 103 'bitconcatenate' 'and_ln142_12' <Predicate = true> <Delay = 0.00>
ST_5 : Operation 104 [1/1] (0.00ns)   --->   "%zext_ln142_16 = zext i9 %and_ln142_12" [predecoder_kernel.cpp:142]   --->   Operation 104 'zext' 'zext_ln142_16' <Predicate = true> <Delay = 0.00>
ST_5 : Operation 105 [1/1] (0.00ns) (grouped into TernaryAdder)   --->   "%sub_ln142_5 = sub i13 %zext_ln142_16, i13 %zext_ln142_15" [predecoder_kernel.cpp:142]   --->   Operation 105 'sub' 'sub_ln142_5' <Predicate = true> <Delay = 0.00> <CoreInst = "TAddSub">   --->   Core 10 'TAddSub' <Latency = 0> <II = 1> <Delay = 0.34> <IPBlock> <Opcode : '' 'add' 'sub'> <InPorts = 3> <OutPorts = 1> <Sync> <CReg>
ST_5 : Operation 106 [1/1] (0.00ns)   --->   "%and_ln142_13 = bitconcatenate i13 @_ssdm_op_BitConcatenate.i13.i8.i5, i8 %tmp_12, i5 0" [predecoder_kernel.cpp:142]   --->   Operation 106 'bitconcatenate' 'and_ln142_13' <Predicate = true> <Delay = 0.00>
ST_5 : Operation 107 [1/1] (0.00ns)   --->   "%zext_ln142_17 = zext i13 %and_ln142_13" [predecoder_kernel.cpp:142]   --->   Operation 107 'zext' 'zext_ln142_17' <Predicate = true> <Delay = 0.00>
ST_5 : Operation 108 [1/1] (0.00ns)   --->   "%and_ln142_14 = bitconcatenate i10 @_ssdm_op_BitConcatenate.i10.i8.i2, i8 %tmp_12, i2 0" [predecoder_kernel.cpp:142]   --->   Operation 108 'bitconcatenate' 'and_ln142_14' <Predicate = true> <Delay = 0.00>
ST_5 : Operation 109 [1/1] (0.00ns)   --->   "%zext_ln142_18 = zext i10 %and_ln142_14" [predecoder_kernel.cpp:142]   --->   Operation 109 'zext' 'zext_ln142_18' <Predicate = true> <Delay = 0.00>
ST_5 : Operation 110 [1/1] (0.75ns)   --->   "%sub_ln142_6 = sub i14 %zext_ln142_17, i14 %zext_ln142_18" [predecoder_kernel.cpp:142]   --->   Operation 110 'sub' 'sub_ln142_6' <Predicate = true> <Delay = 0.75> <CoreInst = "Adder">   --->   Core 1 'Adder' <Latency = 0> <II = 1> <Delay = 0.75> <FuncUnit> <Opcode : 'add' 'sub'> <InPorts = 2> <OutPorts = 1>
ST_5 : Operation 111 [1/1] (0.00ns)   --->   "%sext_ln142_7 = sext i14 %sub_ln142_6" [predecoder_kernel.cpp:142]   --->   Operation 111 'sext' 'sext_ln142_7' <Predicate = true> <Delay = 0.00>
ST_5 : Operation 112 [3/3] (0.99ns) (grouped into DSP with root node add_ln144_14)   --->   "%mul_ln142_5 = mul i16 %zext_ln142_39, i16 65433" [predecoder_kernel.cpp:142]   --->   Operation 112 'mul' 'mul_ln142_5' <Predicate = true> <Delay = 0.99> <CoreInst = "DSP48">   --->   Core 127 'DSP48' <Latency = 3> <II = 1> <Delay = 0.53> <IPBlock> <Opcode : '' 'add' 'sub' 'mul' 'select'> <InPorts = 0> <OutPorts = 1> <Sync> <CReg>
ST_5 : Operation 113 [2/3] (0.99ns) (grouped into DSP with root node add_ln144_18)   --->   "%mul_ln142_6 = mul i13 %zext_ln142_46, i13 25" [predecoder_kernel.cpp:142]   --->   Operation 113 'mul' 'mul_ln142_6' <Predicate = true> <Delay = 0.99> <CoreInst = "DSP48">   --->   Core 127 'DSP48' <Latency = 3> <II = 1> <Delay = 0.53> <IPBlock> <Opcode : '' 'add' 'sub' 'mul' 'select'> <InPorts = 0> <OutPorts = 1> <Sync> <CReg>
ST_5 : Operation 114 [3/3] (0.99ns) (grouped into DSP with root node add_ln144_16)   --->   "%mul_ln142_7 = mul i14 %zext_ln142_49, i14 16355" [predecoder_kernel.cpp:142]   --->   Operation 114 'mul' 'mul_ln142_7' <Predicate = true> <Delay = 0.99> <CoreInst = "DSP48">   --->   Core 127 'DSP48' <Latency = 3> <II = 1> <Delay = 0.53> <IPBlock> <Opcode : '' 'add' 'sub' 'mul' 'select'> <InPorts = 0> <OutPorts = 1> <Sync> <CReg>
ST_5 : Operation 115 [1/2] (0.64ns) (root node of the DSP)   --->   "%add_ln144_10 = add i16 %acc_5, i16 %sext_ln142_6" [predecoder_kernel.cpp:144]   --->   Operation 115 'add' 'add_ln144_10' <Predicate = true> <Delay = 0.64> <CoreInst = "DSP48">   --->   Core 127 'DSP48' <Latency = 3> <II = 1> <Delay = 0.53> <IPBlock> <Opcode : '' 'add' 'sub' 'mul' 'select'> <InPorts = 0> <OutPorts = 1> <Sync> <CReg>
ST_5 : Operation 116 [1/1] (0.73ns) (root node of TernaryAdder)   --->   "%add_ln144_11 = add i13 %sub_ln142_5, i13 1845" [predecoder_kernel.cpp:144]   --->   Operation 116 'add' 'add_ln144_11' <Predicate = true> <Delay = 0.73> <CoreInst = "TAddSub">   --->   Core 10 'TAddSub' <Latency = 0> <II = 1> <Delay = 0.34> <IPBlock> <Opcode : '' 'add' 'sub'> <InPorts = 3> <OutPorts = 1> <Sync> <CReg>
ST_5 : Operation 117 [1/1] (0.00ns)   --->   "%sext_ln144_11 = sext i13 %add_ln144_11" [predecoder_kernel.cpp:144]   --->   Operation 117 'sext' 'sext_ln144_11' <Predicate = true> <Delay = 0.00>
ST_5 : Operation 118 [1/1] (0.76ns)   --->   "%add_ln144_12 = add i15 %sext_ln144_11, i15 %sext_ln142_7" [predecoder_kernel.cpp:144]   --->   Operation 118 'add' 'add_ln144_12' <Predicate = true> <Delay = 0.76> <CoreInst = "Adder">   --->   Core 1 'Adder' <Latency = 0> <II = 1> <Delay = 0.76> <FuncUnit> <Opcode : 'add' 'sub'> <InPorts = 2> <OutPorts = 1>
ST_5 : Operation 119 [1/1] (0.00ns)   --->   "%sext_ln144_12 = sext i15 %add_ln144_12" [predecoder_kernel.cpp:144]   --->   Operation 119 'sext' 'sext_ln144_12' <Predicate = true> <Delay = 0.00>
ST_5 : Operation 120 [1/1] (0.78ns)   --->   "%add_ln144_13 = add i16 %sext_ln144_12, i16 %add_ln144_10" [predecoder_kernel.cpp:144]   --->   Operation 120 'add' 'add_ln144_13' <Predicate = true> <Delay = 0.78> <CoreInst = "Adder">   --->   Core 1 'Adder' <Latency = 0> <II = 1> <Delay = 0.78> <FuncUnit> <Opcode : 'add' 'sub'> <InPorts = 2> <OutPorts = 1>
ST_5 : Operation 121 [1/1] (0.00ns)   --->   "%and_ln142_20 = bitconcatenate i14 @_ssdm_op_BitConcatenate.i14.i8.i6, i8 %tmp, i6 0" [predecoder_kernel.cpp:142]   --->   Operation 121 'bitconcatenate' 'and_ln142_20' <Predicate = true> <Delay = 0.00>
ST_5 : Operation 122 [1/1] (0.00ns)   --->   "%zext_ln142_25 = zext i14 %and_ln142_20" [predecoder_kernel.cpp:142]   --->   Operation 122 'zext' 'zext_ln142_25' <Predicate = true> <Delay = 0.00>
ST_5 : Operation 123 [1/1] (0.76ns)   --->   "%sub_ln142_9 = sub i15 0, i15 %zext_ln142_25" [predecoder_kernel.cpp:142]   --->   Operation 123 'sub' 'sub_ln142_9' <Predicate = true> <Delay = 0.76> <CoreInst = "Adder">   --->   Core 1 'Adder' <Latency = 0> <II = 1> <Delay = 0.76> <FuncUnit> <Opcode : 'add' 'sub'> <InPorts = 2> <OutPorts = 1>
ST_5 : Operation 124 [1/1] (0.00ns)   --->   "%sext_ln142_13 = sext i15 %sub_ln142_9" [predecoder_kernel.cpp:142]   --->   Operation 124 'sext' 'sext_ln142_13' <Predicate = true> <Delay = 0.00>
ST_5 : Operation 125 [1/1] (0.00ns)   --->   "%and_ln142_21 = bitconcatenate i9 @_ssdm_op_BitConcatenate.i9.i8.i1, i8 %tmp, i1 0" [predecoder_kernel.cpp:142]   --->   Operation 125 'bitconcatenate' 'and_ln142_21' <Predicate = true> <Delay = 0.00>
ST_5 : Operation 126 [1/1] (0.00ns)   --->   "%zext_ln142_26 = zext i9 %and_ln142_21" [predecoder_kernel.cpp:142]   --->   Operation 126 'zext' 'zext_ln142_26' <Predicate = true> <Delay = 0.00>
ST_5 : Operation 127 [1/1] (0.00ns) (grouped into TernaryAdder)   --->   "%sub_ln142_10 = sub i16 %sext_ln142_13, i16 %zext_ln142_26" [predecoder_kernel.cpp:142]   --->   Operation 127 'sub' 'sub_ln142_10' <Predicate = true> <Delay = 0.00> <CoreInst = "TAddSub">   --->   Core 10 'TAddSub' <Latency = 0> <II = 1> <Delay = 0.34> <IPBlock> <Opcode : '' 'add' 'sub'> <InPorts = 3> <OutPorts = 1> <Sync> <CReg>
ST_5 : Operation 128 [1/1] (0.00ns)   --->   "%sext_ln142_14 = sext i11 %sub_ln142_11" [predecoder_kernel.cpp:142]   --->   Operation 128 'sext' 'sext_ln142_14' <Predicate = true> <Delay = 0.00>
ST_5 : Operation 129 [1/1] (0.73ns)   --->   "%sub_ln142_12 = sub i12 %sext_ln142_14, i12 %zext_ln142_37" [predecoder_kernel.cpp:142]   --->   Operation 129 'sub' 'sub_ln142_12' <Predicate = true> <Delay = 0.73> <CoreInst = "Adder">   --->   Core 1 'Adder' <Latency = 0> <II = 1> <Delay = 0.73> <FuncUnit> <Opcode : 'add' 'sub'> <InPorts = 2> <OutPorts = 1>
ST_5 : Operation 130 [1/1] (0.00ns)   --->   "%sext_ln142_15 = sext i12 %sub_ln142_12" [predecoder_kernel.cpp:142]   --->   Operation 130 'sext' 'sext_ln142_15' <Predicate = true> <Delay = 0.00>
ST_5 : Operation 131 [1/1] (0.00ns)   --->   "%and_ln142_23 = bitconcatenate i11 @_ssdm_op_BitConcatenate.i11.i8.i3, i8 %tmp_12, i3 0" [predecoder_kernel.cpp:142]   --->   Operation 131 'bitconcatenate' 'and_ln142_23' <Predicate = true> <Delay = 0.00>
ST_5 : Operation 132 [1/1] (0.00ns)   --->   "%zext_ln142_28 = zext i11 %and_ln142_23" [predecoder_kernel.cpp:142]   --->   Operation 132 'zext' 'zext_ln142_28' <Predicate = true> <Delay = 0.00>
ST_5 : Operation 133 [1/1] (0.00ns)   --->   "%and_ln142_24 = bitconcatenate i9 @_ssdm_op_BitConcatenate.i9.i8.i1, i8 %tmp_12, i1 0" [predecoder_kernel.cpp:142]   --->   Operation 133 'bitconcatenate' 'and_ln142_24' <Predicate = true> <Delay = 0.00>
ST_5 : Operation 134 [1/1] (0.00ns)   --->   "%zext_ln142_29 = zext i9 %and_ln142_24" [predecoder_kernel.cpp:142]   --->   Operation 134 'zext' 'zext_ln142_29' <Predicate = true> <Delay = 0.00>
ST_5 : Operation 135 [1/1] (0.73ns)   --->   "%sub_ln142_13 = sub i12 %zext_ln142_28, i12 %zext_ln142_29" [predecoder_kernel.cpp:142]   --->   Operation 135 'sub' 'sub_ln142_13' <Predicate = true> <Delay = 0.73> <CoreInst = "Adder">   --->   Core 1 'Adder' <Latency = 0> <II = 1> <Delay = 0.73> <FuncUnit> <Opcode : 'add' 'sub'> <InPorts = 2> <OutPorts = 1>
ST_5 : Operation 136 [1/1] (0.00ns)   --->   "%and_ln142_25 = bitconcatenate i15 @_ssdm_op_BitConcatenate.i15.i8.i7, i8 %tmp_14, i7 0" [predecoder_kernel.cpp:142]   --->   Operation 136 'bitconcatenate' 'and_ln142_25' <Predicate = true> <Delay = 0.00>
ST_5 : Operation 137 [1/1] (0.00ns)   --->   "%zext_ln142_30 = zext i15 %and_ln142_25" [predecoder_kernel.cpp:142]   --->   Operation 137 'zext' 'zext_ln142_30' <Predicate = true> <Delay = 0.00>
ST_5 : Operation 138 [1/1] (0.77ns)   --->   "%sub_ln142_20 = sub i16 %zext_ln142_39, i16 %zext_ln142_30" [predecoder_kernel.cpp:142]   --->   Operation 138 'sub' 'sub_ln142_20' <Predicate = true> <Delay = 0.77> <CoreInst = "Adder">   --->   Core 1 'Adder' <Latency = 0> <II = 1> <Delay = 0.77> <FuncUnit> <Opcode : 'add' 'sub'> <InPorts = 2> <OutPorts = 1>
ST_5 : Operation 139 [1/3] (0.00ns) (grouped into DSP with root node add_ln144_27)   --->   "%mul_ln142_9 = mul i14 %zext_ln142_40, i14 16363" [predecoder_kernel.cpp:142]   --->   Operation 139 'mul' 'mul_ln142_9' <Predicate = true> <Delay = 0.00> <CoreInst = "DSP48">   --->   Core 127 'DSP48' <Latency = 3> <II = 1> <Delay = 0.53> <IPBlock> <Opcode : '' 'add' 'sub' 'mul' 'select'> <InPorts = 0> <OutPorts = 1> <Sync> <CReg>
ST_5 : Operation 140 [1/1] (0.00ns) (grouped into DSP with root node add_ln144_27)   --->   "%sext_ln142_18 = sext i14 %mul_ln142_9" [predecoder_kernel.cpp:142]   --->   Operation 140 'sext' 'sext_ln142_18' <Predicate = true> <Delay = 0.00>
ST_5 : Operation 141 [1/1] (0.00ns)   --->   "%and_ln142_26 = bitconcatenate i14 @_ssdm_op_BitConcatenate.i14.i8.i6, i8 %tmp_21, i6 0" [predecoder_kernel.cpp:142]   --->   Operation 141 'bitconcatenate' 'and_ln142_26' <Predicate = true> <Delay = 0.00>
ST_5 : Operation 142 [1/1] (0.00ns)   --->   "%zext_ln142_31 = zext i14 %and_ln142_26" [predecoder_kernel.cpp:142]   --->   Operation 142 'zext' 'zext_ln142_31' <Predicate = true> <Delay = 0.00>
ST_5 : Operation 143 [1/1] (0.00ns)   --->   "%and_ln142_27 = bitconcatenate i11 @_ssdm_op_BitConcatenate.i11.i8.i3, i8 %tmp_21, i3 0" [predecoder_kernel.cpp:142]   --->   Operation 143 'bitconcatenate' 'and_ln142_27' <Predicate = true> <Delay = 0.00>
ST_5 : Operation 144 [1/1] (0.00ns)   --->   "%zext_ln142_32 = zext i11 %and_ln142_27" [predecoder_kernel.cpp:142]   --->   Operation 144 'zext' 'zext_ln142_32' <Predicate = true> <Delay = 0.00>
ST_5 : Operation 145 [1/1] (0.76ns)   --->   "%sub_ln142_14 = sub i15 %zext_ln142_32, i15 %zext_ln142_31" [predecoder_kernel.cpp:142]   --->   Operation 145 'sub' 'sub_ln142_14' <Predicate = true> <Delay = 0.76> <CoreInst = "Adder">   --->   Core 1 'Adder' <Latency = 0> <II = 1> <Delay = 0.76> <FuncUnit> <Opcode : 'add' 'sub'> <InPorts = 2> <OutPorts = 1>
ST_5 : Operation 146 [1/1] (0.00ns)   --->   "%sext_ln142_19 = sext i15 %sub_ln142_14" [predecoder_kernel.cpp:142]   --->   Operation 146 'sext' 'sext_ln142_19' <Predicate = true> <Delay = 0.00>
ST_5 : Operation 147 [2/3] (0.99ns) (grouped into DSP with root node add_ln144_29)   --->   "%mul_ln142_10 = mul i15 %zext_ln142_45, i15 97" [predecoder_kernel.cpp:142]   --->   Operation 147 'mul' 'mul_ln142_10' <Predicate = true> <Delay = 0.99> <CoreInst = "DSP48">   --->   Core 127 'DSP48' <Latency = 3> <II = 1> <Delay = 0.53> <IPBlock> <Opcode : '' 'add' 'sub' 'mul' 'select'> <InPorts = 0> <OutPorts = 1> <Sync> <CReg>
ST_5 : Operation 148 [3/3] (0.99ns) (grouped into DSP with root node add_ln144_30)   --->   "%mul_ln142_11 = mul i16 %zext_ln142_48, i16 65420" [predecoder_kernel.cpp:142]   --->   Operation 148 'mul' 'mul_ln142_11' <Predicate = true> <Delay = 0.99> <CoreInst = "DSP48">   --->   Core 127 'DSP48' <Latency = 3> <II = 1> <Delay = 0.53> <IPBlock> <Opcode : '' 'add' 'sub' 'mul' 'select'> <InPorts = 0> <OutPorts = 1> <Sync> <CReg>
ST_5 : Operation 149 [3/3] (0.99ns) (grouped into DSP with root node add_ln144_31)   --->   "%mul_ln142_12 = mul i15 %zext_ln142_50, i15 32707" [predecoder_kernel.cpp:142]   --->   Operation 149 'mul' 'mul_ln142_12' <Predicate = true> <Delay = 0.99> <CoreInst = "DSP48">   --->   Core 127 'DSP48' <Latency = 3> <II = 1> <Delay = 0.53> <IPBlock> <Opcode : '' 'add' 'sub' 'mul' 'select'> <InPorts = 0> <OutPorts = 1> <Sync> <CReg>
ST_5 : Operation 150 [1/2] (0.64ns) (root node of the DSP)   --->   "%add_ln144_22 = add i15 %acc_7, i15 31815" [predecoder_kernel.cpp:144]   --->   Operation 150 'add' 'add_ln144_22' <Predicate = true> <Delay = 0.64> <CoreInst = "DSP48">   --->   Core 127 'DSP48' <Latency = 3> <II = 1> <Delay = 0.53> <IPBlock> <Opcode : '' 'add' 'sub' 'mul' 'select'> <InPorts = 0> <OutPorts = 1> <Sync> <CReg>
ST_5 : Operation 151 [1/1] (0.77ns)   --->   "%add_ln144_23 = add i15 %add_ln144_22, i15 %sext_ln142_15" [predecoder_kernel.cpp:144]   --->   Operation 151 'add' 'add_ln144_23' <Predicate = true> <Delay = 0.77> <CoreInst = "Adder">   --->   Core 1 'Adder' <Latency = 0> <II = 1> <Delay = 0.77> <FuncUnit> <Opcode : 'add' 'sub'> <InPorts = 2> <OutPorts = 1>
ST_5 : Operation 152 [1/1] (0.00ns)   --->   "%sext_ln144_17 = sext i15 %add_ln144_23" [predecoder_kernel.cpp:144]   --->   Operation 152 'sext' 'sext_ln144_17' <Predicate = true> <Delay = 0.00>
ST_5 : Operation 153 [1/1] (0.67ns) (root node of TernaryAdder)   --->   "%add_ln144_24 = add i16 %sext_ln144_17, i16 %sub_ln142_10" [predecoder_kernel.cpp:144]   --->   Operation 153 'add' 'add_ln144_24' <Predicate = true> <Delay = 0.67> <CoreInst = "TAddSub">   --->   Core 10 'TAddSub' <Latency = 0> <II = 1> <Delay = 0.34> <IPBlock> <Opcode : '' 'add' 'sub'> <InPorts = 3> <OutPorts = 1> <Sync> <CReg>
ST_5 : Operation 154 [2/2] (0.64ns) (root node of the DSP)   --->   "%add_ln144_27 = add i16 %sext_ln142_19, i16 %sext_ln142_18" [predecoder_kernel.cpp:144]   --->   Operation 154 'add' 'add_ln144_27' <Predicate = true> <Delay = 0.64> <CoreInst = "DSP48">   --->   Core 127 'DSP48' <Latency = 3> <II = 1> <Delay = 0.53> <IPBlock> <Opcode : '' 'add' 'sub' 'mul' 'select'> <InPorts = 0> <OutPorts = 1> <Sync> <CReg>

State 6 <SV = 5> <Delay = 2.17>
ST_6 : Operation 155 [1/1] (0.00ns)   --->   "%and_ln142_2 = bitconcatenate i11 @_ssdm_op_BitConcatenate.i11.i8.i3, i8 %tmp_10, i3 0" [predecoder_kernel.cpp:142]   --->   Operation 155 'bitconcatenate' 'and_ln142_2' <Predicate = true> <Delay = 0.00>
ST_6 : Operation 156 [1/1] (0.00ns)   --->   "%zext_ln142_4 = zext i11 %and_ln142_2" [predecoder_kernel.cpp:142]   --->   Operation 156 'zext' 'zext_ln142_4' <Predicate = true> <Delay = 0.00>
ST_6 : Operation 157 [1/1] (0.00ns)   --->   "%sext_ln142 = sext i12 %sub_ln142" [predecoder_kernel.cpp:142]   --->   Operation 157 'sext' 'sext_ln142' <Predicate = true> <Delay = 0.00>
ST_6 : Operation 158 [1/1] (0.00ns)   --->   "%and_ln142_6 = bitconcatenate i12 @_ssdm_op_BitConcatenate.i12.i8.i4, i8 %tmp_17, i4 0" [predecoder_kernel.cpp:142]   --->   Operation 158 'bitconcatenate' 'and_ln142_6' <Predicate = true> <Delay = 0.00>
ST_6 : Operation 159 [1/1] (0.00ns)   --->   "%zext_ln142_8 = zext i12 %and_ln142_6" [predecoder_kernel.cpp:142]   --->   Operation 159 'zext' 'zext_ln142_8' <Predicate = true> <Delay = 0.00>
ST_6 : Operation 160 [1/1] (0.00ns)   --->   "%and_ln142_7 = bitconcatenate i9 @_ssdm_op_BitConcatenate.i9.i8.i1, i8 %tmp_17, i1 0" [predecoder_kernel.cpp:142]   --->   Operation 160 'bitconcatenate' 'and_ln142_7' <Predicate = true> <Delay = 0.00>
ST_6 : Operation 161 [1/1] (0.00ns)   --->   "%zext_ln142_9 = zext i9 %and_ln142_7" [predecoder_kernel.cpp:142]   --->   Operation 161 'zext' 'zext_ln142_9' <Predicate = true> <Delay = 0.00>
ST_6 : Operation 162 [1/1] (0.74ns)   --->   "%sub_ln142_1 = sub i13 %zext_ln142_8, i13 %zext_ln142_9" [predecoder_kernel.cpp:142]   --->   Operation 162 'sub' 'sub_ln142_1' <Predicate = true> <Delay = 0.74> <CoreInst = "Adder">   --->   Core 1 'Adder' <Latency = 0> <II = 1> <Delay = 0.74> <FuncUnit> <Opcode : 'add' 'sub'> <InPorts = 2> <OutPorts = 1>
ST_6 : Operation 163 [1/1] (0.00ns)   --->   "%sext_ln142_1 = sext i13 %sub_ln142_1" [predecoder_kernel.cpp:142]   --->   Operation 163 'sext' 'sext_ln142_1' <Predicate = true> <Delay = 0.00>
ST_6 : Operation 164 [1/1] (0.00ns)   --->   "%sext_ln142_3 = sext i11 %sub_ln142_2" [predecoder_kernel.cpp:142]   --->   Operation 164 'sext' 'sext_ln142_3' <Predicate = true> <Delay = 0.00>
ST_6 : Operation 165 [1/1] (0.00ns)   --->   "%zext_ln142_43 = zext i8 %tmp_23" [predecoder_kernel.cpp:142]   --->   Operation 165 'zext' 'zext_ln142_43' <Predicate = true> <Delay = 0.00>
ST_6 : Operation 166 [1/3] (0.00ns) (grouped into DSP with root node add_ln144_7)   --->   "%mul_ln142_2 = mul i16 %zext_ln142_47, i16 65428" [predecoder_kernel.cpp:142]   --->   Operation 166 'mul' 'mul_ln142_2' <Predicate = true> <Delay = 0.00> <CoreInst = "DSP48">   --->   Core 127 'DSP48' <Latency = 3> <II = 1> <Delay = 0.53> <IPBlock> <Opcode : '' 'add' 'sub' 'mul' 'select'> <InPorts = 0> <OutPorts = 1> <Sync> <CReg>
ST_6 : Operation 167 [1/1] (0.00ns)   --->   "%sext_ln142_5 = sext i14 %sub_ln142_4" [predecoder_kernel.cpp:142]   --->   Operation 167 'sext' 'sext_ln142_5' <Predicate = true> <Delay = 0.00>
ST_6 : Operation 168 [1/2] (0.64ns) (root node of the DSP)   --->   "%add_ln144_1 = add i16 %zext_ln144_1, i16 %acc" [predecoder_kernel.cpp:144]   --->   Operation 168 'add' 'add_ln144_1' <Predicate = true> <Delay = 0.64> <CoreInst = "DSP48">   --->   Core 127 'DSP48' <Latency = 3> <II = 1> <Delay = 0.53> <IPBlock> <Opcode : '' 'add' 'sub' 'mul' 'select'> <InPorts = 0> <OutPorts = 1> <Sync> <CReg>
ST_6 : Operation 169 [1/1] (0.78ns)   --->   "%sub_ln144 = sub i16 %add_ln144_1, i16 %zext_ln142_4" [predecoder_kernel.cpp:144]   --->   Operation 169 'sub' 'sub_ln144' <Predicate = true> <Delay = 0.78> <CoreInst = "Adder">   --->   Core 1 'Adder' <Latency = 0> <II = 1> <Delay = 0.78> <FuncUnit> <Opcode : 'add' 'sub'> <InPorts = 2> <OutPorts = 1>
ST_6 : Operation 170 [1/1] (0.00ns)   --->   "%sext_ln144 = sext i16 %sub_ln144" [predecoder_kernel.cpp:144]   --->   Operation 170 'sext' 'sext_ln144' <Predicate = true> <Delay = 0.00>
ST_6 : Operation 171 [1/2] (0.64ns) (root node of the DSP)   --->   "%add_ln144_2 = add i16 %sub_ln142_17, i16 %zext_ln142_11" [predecoder_kernel.cpp:144]   --->   Operation 171 'add' 'add_ln144_2' <Predicate = true> <Delay = 0.64> <CoreInst = "DSP48">   --->   Core 127 'DSP48' <Latency = 3> <II = 1> <Delay = 0.53> <IPBlock> <Opcode : '' 'add' 'sub' 'mul' 'select'> <InPorts = 0> <OutPorts = 1> <Sync> <CReg>
ST_6 : Operation 172 [1/1] (0.00ns)   --->   "%sext_ln144_2 = sext i16 %add_ln144_2" [predecoder_kernel.cpp:144]   --->   Operation 172 'sext' 'sext_ln144_2' <Predicate = true> <Delay = 0.00>
ST_6 : Operation 173 [1/1] (0.00ns) (grouped into TernaryAdder)   --->   "%add_ln144_3 = add i17 %sext_ln144_2, i17 %sext_ln144" [predecoder_kernel.cpp:144]   --->   Operation 173 'add' 'add_ln144_3' <Predicate = true> <Delay = 0.00> <CoreInst = "TAddSub">   --->   Core 10 'TAddSub' <Latency = 0> <II = 1> <Delay = 0.34> <IPBlock> <Opcode : '' 'add' 'sub'> <InPorts = 3> <OutPorts = 1> <Sync> <CReg>
ST_6 : Operation 174 [1/1] (0.74ns)   --->   "%add_ln144_4 = add i13 %sext_ln142, i13 %sext_ln142_3" [predecoder_kernel.cpp:144]   --->   Operation 174 'add' 'add_ln144_4' <Predicate = true> <Delay = 0.74> <CoreInst = "Adder">   --->   Core 1 'Adder' <Latency = 0> <II = 1> <Delay = 0.74> <FuncUnit> <Opcode : 'add' 'sub'> <InPorts = 2> <OutPorts = 1>
ST_6 : Operation 175 [1/1] (0.00ns)   --->   "%sext_ln144_5 = sext i13 %add_ln144_4" [predecoder_kernel.cpp:144]   --->   Operation 175 'sext' 'sext_ln144_5' <Predicate = true> <Delay = 0.00>
ST_6 : Operation 176 [1/1] (0.75ns)   --->   "%add_ln144_5 = add i14 %sext_ln144_5, i14 %sext_ln142_1" [predecoder_kernel.cpp:144]   --->   Operation 176 'add' 'add_ln144_5' <Predicate = true> <Delay = 0.75> <CoreInst = "Adder">   --->   Core 1 'Adder' <Latency = 0> <II = 1> <Delay = 0.75> <FuncUnit> <Opcode : 'add' 'sub'> <InPorts = 2> <OutPorts = 1>
ST_6 : Operation 177 [1/1] (0.00ns)   --->   "%sext_ln144_6 = sext i14 %add_ln144_5" [predecoder_kernel.cpp:144]   --->   Operation 177 'sext' 'sext_ln144_6' <Predicate = true> <Delay = 0.00>
ST_6 : Operation 178 [1/1] (0.67ns) (root node of TernaryAdder)   --->   "%add_ln144_6 = add i17 %sext_ln144_6, i17 %add_ln144_3" [predecoder_kernel.cpp:144]   --->   Operation 178 'add' 'add_ln144_6' <Predicate = true> <Delay = 0.67> <CoreInst = "TAddSub">   --->   Core 10 'TAddSub' <Latency = 0> <II = 1> <Delay = 0.34> <IPBlock> <Opcode : '' 'add' 'sub'> <InPorts = 3> <OutPorts = 1> <Sync> <CReg>
ST_6 : Operation 179 [2/2] (0.64ns) (root node of the DSP)   --->   "%add_ln144_7 = add i16 %mul_ln142_2, i16 %sext_ln142_5" [predecoder_kernel.cpp:144]   --->   Operation 179 'add' 'add_ln144_7' <Predicate = true> <Delay = 0.64> <CoreInst = "DSP48">   --->   Core 127 'DSP48' <Latency = 3> <II = 1> <Delay = 0.53> <IPBlock> <Opcode : '' 'add' 'sub' 'mul' 'select'> <InPorts = 0> <OutPorts = 1> <Sync> <CReg>
ST_6 : Operation 180 [2/3] (0.99ns) (grouped into DSP with root node add_ln144_14)   --->   "%mul_ln142_5 = mul i16 %zext_ln142_39, i16 65433" [predecoder_kernel.cpp:142]   --->   Operation 180 'mul' 'mul_ln142_5' <Predicate = true> <Delay = 0.99> <CoreInst = "DSP48">   --->   Core 127 'DSP48' <Latency = 3> <II = 1> <Delay = 0.53> <IPBlock> <Opcode : '' 'add' 'sub' 'mul' 'select'> <InPorts = 0> <OutPorts = 1> <Sync> <CReg>
ST_6 : Operation 181 [1/1] (0.00ns)   --->   "%and_ln142_16 = bitconcatenate i12 @_ssdm_op_BitConcatenate.i12.i8.i4, i8 %tmp_23, i4 0" [predecoder_kernel.cpp:142]   --->   Operation 181 'bitconcatenate' 'and_ln142_16' <Predicate = true> <Delay = 0.00>
ST_6 : Operation 182 [1/1] (0.00ns)   --->   "%zext_ln142_20 = zext i12 %and_ln142_16" [predecoder_kernel.cpp:142]   --->   Operation 182 'zext' 'zext_ln142_20' <Predicate = true> <Delay = 0.00>
ST_6 : Operation 183 [1/1] (0.74ns)   --->   "%sub_ln142_19 = sub i13 %zext_ln142_43, i13 %zext_ln142_20" [predecoder_kernel.cpp:142]   --->   Operation 183 'sub' 'sub_ln142_19' <Predicate = true> <Delay = 0.74> <CoreInst = "Adder">   --->   Core 1 'Adder' <Latency = 0> <II = 1> <Delay = 0.74> <FuncUnit> <Opcode : 'add' 'sub'> <InPorts = 2> <OutPorts = 1>
ST_6 : Operation 184 [1/1] (0.00ns)   --->   "%sext_ln142_10 = sext i13 %sub_ln142_19" [predecoder_kernel.cpp:142]   --->   Operation 184 'sext' 'sext_ln142_10' <Predicate = true> <Delay = 0.00>
ST_6 : Operation 185 [1/3] (0.00ns) (grouped into DSP with root node add_ln144_18)   --->   "%mul_ln142_6 = mul i13 %zext_ln142_46, i13 25" [predecoder_kernel.cpp:142]   --->   Operation 185 'mul' 'mul_ln142_6' <Predicate = true> <Delay = 0.00> <CoreInst = "DSP48">   --->   Core 127 'DSP48' <Latency = 3> <II = 1> <Delay = 0.53> <IPBlock> <Opcode : '' 'add' 'sub' 'mul' 'select'> <InPorts = 0> <OutPorts = 1> <Sync> <CReg>
ST_6 : Operation 186 [1/1] (0.00ns) (grouped into DSP with root node add_ln144_18)   --->   "%zext_ln142_21 = zext i13 %mul_ln142_6" [predecoder_kernel.cpp:142]   --->   Operation 186 'zext' 'zext_ln142_21' <Predicate = true> <Delay = 0.00>
ST_6 : Operation 187 [2/3] (0.99ns) (grouped into DSP with root node add_ln144_16)   --->   "%mul_ln142_7 = mul i14 %zext_ln142_49, i14 16355" [predecoder_kernel.cpp:142]   --->   Operation 187 'mul' 'mul_ln142_7' <Predicate = true> <Delay = 0.99> <CoreInst = "DSP48">   --->   Core 127 'DSP48' <Latency = 3> <II = 1> <Delay = 0.53> <IPBlock> <Opcode : '' 'add' 'sub' 'mul' 'select'> <InPorts = 0> <OutPorts = 1> <Sync> <CReg>
ST_6 : Operation 188 [2/2] (0.64ns) (root node of the DSP)   --->   "%add_ln144_18 = add i14 %sext_ln142_10, i14 %zext_ln142_21" [predecoder_kernel.cpp:144]   --->   Operation 188 'add' 'add_ln144_18' <Predicate = true> <Delay = 0.64> <CoreInst = "DSP48">   --->   Core 127 'DSP48' <Latency = 3> <II = 1> <Delay = 0.53> <IPBlock> <Opcode : '' 'add' 'sub' 'mul' 'select'> <InPorts = 0> <OutPorts = 1> <Sync> <CReg>
ST_6 : Operation 189 [1/1] (0.00ns)   --->   "%sext_ln142_16 = sext i12 %sub_ln142_13" [predecoder_kernel.cpp:142]   --->   Operation 189 'sext' 'sext_ln142_16' <Predicate = true> <Delay = 0.00>
ST_6 : Operation 190 [1/1] (0.00ns)   --->   "%sext_ln142_17 = sext i16 %sub_ln142_20" [predecoder_kernel.cpp:142]   --->   Operation 190 'sext' 'sext_ln142_17' <Predicate = true> <Delay = 0.00>
ST_6 : Operation 191 [1/1] (0.00ns)   --->   "%and_ln142_28 = bitconcatenate i14 @_ssdm_op_BitConcatenate.i14.i8.i6, i8 %tmp_23, i6 0" [predecoder_kernel.cpp:142]   --->   Operation 191 'bitconcatenate' 'and_ln142_28' <Predicate = true> <Delay = 0.00>
ST_6 : Operation 192 [1/1] (0.00ns)   --->   "%zext_ln142_33 = zext i14 %and_ln142_28" [predecoder_kernel.cpp:142]   --->   Operation 192 'zext' 'zext_ln142_33' <Predicate = true> <Delay = 0.00>
ST_6 : Operation 193 [1/3] (0.00ns) (grouped into DSP with root node add_ln144_29)   --->   "%mul_ln142_10 = mul i15 %zext_ln142_45, i15 97" [predecoder_kernel.cpp:142]   --->   Operation 193 'mul' 'mul_ln142_10' <Predicate = true> <Delay = 0.00> <CoreInst = "DSP48">   --->   Core 127 'DSP48' <Latency = 3> <II = 1> <Delay = 0.53> <IPBlock> <Opcode : '' 'add' 'sub' 'mul' 'select'> <InPorts = 0> <OutPorts = 1> <Sync> <CReg>
ST_6 : Operation 194 [1/1] (0.00ns) (grouped into DSP with root node add_ln144_29)   --->   "%zext_ln142_34 = zext i15 %mul_ln142_10" [predecoder_kernel.cpp:142]   --->   Operation 194 'zext' 'zext_ln142_34' <Predicate = true> <Delay = 0.00>
ST_6 : Operation 195 [2/3] (0.99ns) (grouped into DSP with root node add_ln144_30)   --->   "%mul_ln142_11 = mul i16 %zext_ln142_48, i16 65420" [predecoder_kernel.cpp:142]   --->   Operation 195 'mul' 'mul_ln142_11' <Predicate = true> <Delay = 0.99> <CoreInst = "DSP48">   --->   Core 127 'DSP48' <Latency = 3> <II = 1> <Delay = 0.53> <IPBlock> <Opcode : '' 'add' 'sub' 'mul' 'select'> <InPorts = 0> <OutPorts = 1> <Sync> <CReg>
ST_6 : Operation 196 [2/3] (0.99ns) (grouped into DSP with root node add_ln144_31)   --->   "%mul_ln142_12 = mul i15 %zext_ln142_50, i15 32707" [predecoder_kernel.cpp:142]   --->   Operation 196 'mul' 'mul_ln142_12' <Predicate = true> <Delay = 0.99> <CoreInst = "DSP48">   --->   Core 127 'DSP48' <Latency = 3> <II = 1> <Delay = 0.53> <IPBlock> <Opcode : '' 'add' 'sub' 'mul' 'select'> <InPorts = 0> <OutPorts = 1> <Sync> <CReg>
ST_6 : Operation 197 [1/1] (0.00ns)   --->   "%sext_ln144_7 = sext i16 %add_ln144_24" [predecoder_kernel.cpp:144]   --->   Operation 197 'sext' 'sext_ln144_7' <Predicate = true> <Delay = 0.00>
ST_6 : Operation 198 [1/1] (0.00ns) (grouped into TernaryAdder)   --->   "%add_ln144_25 = add i17 %sext_ln142_17, i17 %sext_ln142_16" [predecoder_kernel.cpp:144]   --->   Operation 198 'add' 'add_ln144_25' <Predicate = true> <Delay = 0.00> <CoreInst = "TAddSub">   --->   Core 10 'TAddSub' <Latency = 0> <II = 1> <Delay = 0.34> <IPBlock> <Opcode : '' 'add' 'sub'> <InPorts = 3> <OutPorts = 1> <Sync> <CReg>
ST_6 : Operation 199 [1/1] (0.67ns) (root node of TernaryAdder)   --->   "%add_ln144_26 = add i17 %add_ln144_25, i17 %sext_ln144_7" [predecoder_kernel.cpp:144]   --->   Operation 199 'add' 'add_ln144_26' <Predicate = true> <Delay = 0.67> <CoreInst = "TAddSub">   --->   Core 10 'TAddSub' <Latency = 0> <II = 1> <Delay = 0.34> <IPBlock> <Opcode : '' 'add' 'sub'> <InPorts = 3> <OutPorts = 1> <Sync> <CReg>
ST_6 : Operation 200 [1/1] (0.00ns)   --->   "%sext_ln144_8 = sext i17 %add_ln144_26" [predecoder_kernel.cpp:144]   --->   Operation 200 'sext' 'sext_ln144_8' <Predicate = true> <Delay = 0.00>
ST_6 : Operation 201 [1/2] (0.64ns) (root node of the DSP)   --->   "%add_ln144_27 = add i16 %sext_ln142_19, i16 %sext_ln142_18" [predecoder_kernel.cpp:144]   --->   Operation 201 'add' 'add_ln144_27' <Predicate = true> <Delay = 0.64> <CoreInst = "DSP48">   --->   Core 127 'DSP48' <Latency = 3> <II = 1> <Delay = 0.53> <IPBlock> <Opcode : '' 'add' 'sub' 'mul' 'select'> <InPorts = 0> <OutPorts = 1> <Sync> <CReg>
ST_6 : Operation 202 [1/1] (0.00ns)   --->   "%sext_ln144_18 = sext i16 %add_ln144_27" [predecoder_kernel.cpp:144]   --->   Operation 202 'sext' 'sext_ln144_18' <Predicate = true> <Delay = 0.00>
ST_6 : Operation 203 [1/1] (0.00ns) (grouped into TernaryAdder)   --->   "%add_ln144_28 = add i18 %sext_ln144_18, i18 %sext_ln144_8" [predecoder_kernel.cpp:144]   --->   Operation 203 'add' 'add_ln144_28' <Predicate = true> <Delay = 0.00> <CoreInst = "TAddSub">   --->   Core 10 'TAddSub' <Latency = 0> <II = 1> <Delay = 0.34> <IPBlock> <Opcode : '' 'add' 'sub'> <InPorts = 3> <OutPorts = 1> <Sync> <CReg>
ST_6 : Operation 204 [1/1] (0.68ns) (root node of TernaryAdder)   --->   "%sub_ln144_2 = sub i18 %add_ln144_28, i18 %zext_ln142_33" [predecoder_kernel.cpp:144]   --->   Operation 204 'sub' 'sub_ln144_2' <Predicate = true> <Delay = 0.68> <CoreInst = "TAddSub">   --->   Core 10 'TAddSub' <Latency = 0> <II = 1> <Delay = 0.34> <IPBlock> <Opcode : '' 'add' 'sub'> <InPorts = 3> <OutPorts = 1> <Sync> <CReg>
ST_6 : Operation 205 [2/2] (0.64ns) (root node of the DSP)   --->   "%add_ln144_29 = add i18 %sub_ln144_2, i18 %zext_ln142_34" [predecoder_kernel.cpp:144]   --->   Operation 205 'add' 'add_ln144_29' <Predicate = true> <Delay = 0.64> <CoreInst = "DSP48">   --->   Core 127 'DSP48' <Latency = 3> <II = 1> <Delay = 0.53> <IPBlock> <Opcode : '' 'add' 'sub' 'mul' 'select'> <InPorts = 0> <OutPorts = 1> <Sync> <CReg>

State 7 <SV = 6> <Delay = 2.18>
ST_7 : Operation 206 [1/1] (0.00ns)   --->   "%sext_ln142_2 = sext i11 %sub_ln142_2" [predecoder_kernel.cpp:142]   --->   Operation 206 'sext' 'sext_ln142_2' <Predicate = true> <Delay = 0.00>
ST_7 : Operation 207 [1/1] (0.00ns)   --->   "%and_ln142_s = bitconcatenate i12 @_ssdm_op_BitConcatenate.i12.i8.i4, i8 %tmp_31, i4 0" [predecoder_kernel.cpp:142]   --->   Operation 207 'bitconcatenate' 'and_ln142_s' <Predicate = true> <Delay = 0.00>
ST_7 : Operation 208 [1/1] (0.00ns)   --->   "%zext_ln142_13 = zext i12 %and_ln142_s" [predecoder_kernel.cpp:142]   --->   Operation 208 'zext' 'zext_ln142_13' <Predicate = true> <Delay = 0.00>
ST_7 : Operation 209 [1/1] (0.00ns)   --->   "%zext_ln142_14 = zext i12 %and_ln142_s" [predecoder_kernel.cpp:142]   --->   Operation 209 'zext' 'zext_ln142_14' <Predicate = true> <Delay = 0.00>
ST_7 : Operation 210 [1/1] (0.00ns)   --->   "%and_ln142_10 = bitconcatenate i10 @_ssdm_op_BitConcatenate.i10.i8.i2, i8 %tmp_32, i2 0" [predecoder_kernel.cpp:142]   --->   Operation 210 'bitconcatenate' 'and_ln142_10' <Predicate = true> <Delay = 0.00>
ST_7 : Operation 211 [1/1] (0.00ns)   --->   "%zext_ln144 = zext i10 %and_ln142_10" [predecoder_kernel.cpp:144]   --->   Operation 211 'zext' 'zext_ln144' <Predicate = true> <Delay = 0.00>
ST_7 : Operation 212 [1/1] (0.00ns)   --->   "%sext_ln144_1 = sext i17 %add_ln144_6" [predecoder_kernel.cpp:144]   --->   Operation 212 'sext' 'sext_ln144_1' <Predicate = true> <Delay = 0.00>
ST_7 : Operation 213 [1/2] (0.64ns) (root node of the DSP)   --->   "%add_ln144_7 = add i16 %mul_ln142_2, i16 %sext_ln142_5" [predecoder_kernel.cpp:144]   --->   Operation 213 'add' 'add_ln144_7' <Predicate = true> <Delay = 0.64> <CoreInst = "DSP48">   --->   Core 127 'DSP48' <Latency = 3> <II = 1> <Delay = 0.53> <IPBlock> <Opcode : '' 'add' 'sub' 'mul' 'select'> <InPorts = 0> <OutPorts = 1> <Sync> <CReg>
ST_7 : Operation 214 [1/1] (0.00ns)   --->   "%sext_ln144_10 = sext i16 %add_ln144_7" [predecoder_kernel.cpp:144]   --->   Operation 214 'sext' 'sext_ln144_10' <Predicate = true> <Delay = 0.00>
ST_7 : Operation 215 [1/1] (0.79ns)   --->   "%add_ln144_8 = add i18 %sext_ln144_10, i18 %sext_ln144_1" [predecoder_kernel.cpp:144]   --->   Operation 215 'add' 'add_ln144_8' <Predicate = true> <Delay = 0.79> <CoreInst = "Adder">   --->   Core 1 'Adder' <Latency = 0> <II = 1> <Delay = 0.79> <FuncUnit> <Opcode : 'add' 'sub'> <InPorts = 2> <OutPorts = 1>
ST_7 : Operation 216 [1/1] (0.00ns) (grouped into TernaryAdder)   --->   "%sub_ln144_1 = sub i18 %add_ln144_8, i18 %zext_ln142_14" [predecoder_kernel.cpp:144]   --->   Operation 216 'sub' 'sub_ln144_1' <Predicate = true> <Delay = 0.00> <CoreInst = "TAddSub">   --->   Core 10 'TAddSub' <Latency = 0> <II = 1> <Delay = 0.34> <IPBlock> <Opcode : '' 'add' 'sub'> <InPorts = 3> <OutPorts = 1> <Sync> <CReg>
ST_7 : Operation 217 [1/1] (0.68ns) (root node of TernaryAdder)   --->   "%acc_9 = add i18 %sub_ln144_1, i18 %zext_ln144" [predecoder_kernel.cpp:144]   --->   Operation 217 'add' 'acc_9' <Predicate = true> <Delay = 0.68> <CoreInst = "TAddSub">   --->   Core 10 'TAddSub' <Latency = 0> <II = 1> <Delay = 0.34> <IPBlock> <Opcode : '' 'add' 'sub'> <InPorts = 3> <OutPorts = 1> <Sync> <CReg>
ST_7 : Operation 218 [1/3] (0.00ns) (grouped into DSP with root node add_ln144_14)   --->   "%mul_ln142_5 = mul i16 %zext_ln142_39, i16 65433" [predecoder_kernel.cpp:142]   --->   Operation 218 'mul' 'mul_ln142_5' <Predicate = true> <Delay = 0.00> <CoreInst = "DSP48">   --->   Core 127 'DSP48' <Latency = 3> <II = 1> <Delay = 0.53> <IPBlock> <Opcode : '' 'add' 'sub' 'mul' 'select'> <InPorts = 0> <OutPorts = 1> <Sync> <CReg>
ST_7 : Operation 219 [1/1] (0.00ns) (grouped into DSP with root node add_ln144_14)   --->   "%sext_ln142_8 = sext i16 %mul_ln142_5" [predecoder_kernel.cpp:142]   --->   Operation 219 'sext' 'sext_ln142_8' <Predicate = true> <Delay = 0.00>
ST_7 : Operation 220 [1/3] (0.00ns) (grouped into DSP with root node add_ln144_16)   --->   "%mul_ln142_7 = mul i14 %zext_ln142_49, i14 16355" [predecoder_kernel.cpp:142]   --->   Operation 220 'mul' 'mul_ln142_7' <Predicate = true> <Delay = 0.00> <CoreInst = "DSP48">   --->   Core 127 'DSP48' <Latency = 3> <II = 1> <Delay = 0.53> <IPBlock> <Opcode : '' 'add' 'sub' 'mul' 'select'> <InPorts = 0> <OutPorts = 1> <Sync> <CReg>
ST_7 : Operation 221 [1/1] (0.00ns) (grouped into DSP with root node add_ln144_16)   --->   "%sext_ln142_11 = sext i14 %mul_ln142_7" [predecoder_kernel.cpp:142]   --->   Operation 221 'sext' 'sext_ln142_11' <Predicate = true> <Delay = 0.00>
ST_7 : Operation 222 [1/1] (0.00ns)   --->   "%and_ln142_17 = bitconcatenate i9 @_ssdm_op_BitConcatenate.i9.i8.i1, i8 %tmp_31, i1 0" [predecoder_kernel.cpp:142]   --->   Operation 222 'bitconcatenate' 'and_ln142_17' <Predicate = true> <Delay = 0.00>
ST_7 : Operation 223 [1/1] (0.00ns)   --->   "%zext_ln142_22 = zext i9 %and_ln142_17" [predecoder_kernel.cpp:142]   --->   Operation 223 'zext' 'zext_ln142_22' <Predicate = true> <Delay = 0.00>
ST_7 : Operation 224 [1/1] (0.00ns)   --->   "%and_ln142_18 = bitconcatenate i14 @_ssdm_op_BitConcatenate.i14.i8.i6, i8 %tmp_32, i6 0" [predecoder_kernel.cpp:142]   --->   Operation 224 'bitconcatenate' 'and_ln142_18' <Predicate = true> <Delay = 0.00>
ST_7 : Operation 225 [1/1] (0.00ns)   --->   "%zext_ln142_23 = zext i14 %and_ln142_18" [predecoder_kernel.cpp:142]   --->   Operation 225 'zext' 'zext_ln142_23' <Predicate = true> <Delay = 0.00>
ST_7 : Operation 226 [1/1] (0.76ns)   --->   "%sub_ln142_7 = sub i15 0, i15 %zext_ln142_23" [predecoder_kernel.cpp:142]   --->   Operation 226 'sub' 'sub_ln142_7' <Predicate = true> <Delay = 0.76> <CoreInst = "Adder">   --->   Core 1 'Adder' <Latency = 0> <II = 1> <Delay = 0.76> <FuncUnit> <Opcode : 'add' 'sub'> <InPorts = 2> <OutPorts = 1>
ST_7 : Operation 227 [1/1] (0.00ns)   --->   "%sext_ln142_12 = sext i15 %sub_ln142_7" [predecoder_kernel.cpp:142]   --->   Operation 227 'sext' 'sext_ln142_12' <Predicate = true> <Delay = 0.00>
ST_7 : Operation 228 [1/1] (0.00ns)   --->   "%and_ln142_19 = bitconcatenate i12 @_ssdm_op_BitConcatenate.i12.i8.i4, i8 %tmp_32, i4 0" [predecoder_kernel.cpp:142]   --->   Operation 228 'bitconcatenate' 'and_ln142_19' <Predicate = true> <Delay = 0.00>
ST_7 : Operation 229 [1/1] (0.00ns)   --->   "%zext_ln142_24 = zext i12 %and_ln142_19" [predecoder_kernel.cpp:142]   --->   Operation 229 'zext' 'zext_ln142_24' <Predicate = true> <Delay = 0.00>
ST_7 : Operation 230 [1/1] (0.77ns)   --->   "%sub_ln142_8 = sub i16 %sext_ln142_12, i16 %zext_ln142_24" [predecoder_kernel.cpp:142]   --->   Operation 230 'sub' 'sub_ln142_8' <Predicate = true> <Delay = 0.77> <CoreInst = "Adder">   --->   Core 1 'Adder' <Latency = 0> <II = 1> <Delay = 0.77> <FuncUnit> <Opcode : 'add' 'sub'> <InPorts = 2> <OutPorts = 1>
ST_7 : Operation 231 [1/1] (0.00ns)   --->   "%sext_ln144_3 = sext i16 %add_ln144_13" [predecoder_kernel.cpp:144]   --->   Operation 231 'sext' 'sext_ln144_3' <Predicate = true> <Delay = 0.00>
ST_7 : Operation 232 [2/2] (0.64ns) (root node of the DSP)   --->   "%add_ln144_14 = add i17 %sext_ln144_3, i17 %sext_ln142_8" [predecoder_kernel.cpp:144]   --->   Operation 232 'add' 'add_ln144_14' <Predicate = true> <Delay = 0.64> <CoreInst = "DSP48">   --->   Core 127 'DSP48' <Latency = 3> <II = 1> <Delay = 0.53> <IPBlock> <Opcode : '' 'add' 'sub' 'mul' 'select'> <InPorts = 0> <OutPorts = 1> <Sync> <CReg>
ST_7 : Operation 233 [2/2] (0.64ns) (root node of the DSP)   --->   "%add_ln144_16 = add i16 %sub_ln142_8, i16 %sext_ln142_11" [predecoder_kernel.cpp:144]   --->   Operation 233 'add' 'add_ln144_16' <Predicate = true> <Delay = 0.64> <CoreInst = "DSP48">   --->   Core 127 'DSP48' <Latency = 3> <II = 1> <Delay = 0.53> <IPBlock> <Opcode : '' 'add' 'sub' 'mul' 'select'> <InPorts = 0> <OutPorts = 1> <Sync> <CReg>
ST_7 : Operation 234 [1/2] (0.64ns) (root node of the DSP)   --->   "%add_ln144_18 = add i14 %sext_ln142_10, i14 %zext_ln142_21" [predecoder_kernel.cpp:144]   --->   Operation 234 'add' 'add_ln144_18' <Predicate = true> <Delay = 0.64> <CoreInst = "DSP48">   --->   Core 127 'DSP48' <Latency = 3> <II = 1> <Delay = 0.53> <IPBlock> <Opcode : '' 'add' 'sub' 'mul' 'select'> <InPorts = 0> <OutPorts = 1> <Sync> <CReg>
ST_7 : Operation 235 [1/1] (0.73ns)   --->   "%add_ln144_19 = add i12 %sext_ln142_2, i12 %zext_ln142_22" [predecoder_kernel.cpp:144]   --->   Operation 235 'add' 'add_ln144_19' <Predicate = true> <Delay = 0.73> <CoreInst = "Adder">   --->   Core 1 'Adder' <Latency = 0> <II = 1> <Delay = 0.73> <FuncUnit> <Opcode : 'add' 'sub'> <InPorts = 2> <OutPorts = 1>
ST_7 : Operation 236 [1/1] (0.00ns)   --->   "%sext_ln144_14 = sext i12 %add_ln144_19" [predecoder_kernel.cpp:144]   --->   Operation 236 'sext' 'sext_ln144_14' <Predicate = true> <Delay = 0.00>
ST_7 : Operation 237 [1/1] (0.76ns)   --->   "%add_ln144_20 = add i14 %sext_ln144_14, i14 %add_ln144_18" [predecoder_kernel.cpp:144]   --->   Operation 237 'add' 'add_ln144_20' <Predicate = true> <Delay = 0.76> <CoreInst = "Adder">   --->   Core 1 'Adder' <Latency = 0> <II = 1> <Delay = 0.76> <FuncUnit> <Opcode : 'add' 'sub'> <InPorts = 2> <OutPorts = 1>
ST_7 : Operation 238 [1/3] (0.00ns) (grouped into DSP with root node add_ln144_30)   --->   "%mul_ln142_11 = mul i16 %zext_ln142_48, i16 65420" [predecoder_kernel.cpp:142]   --->   Operation 238 'mul' 'mul_ln142_11' <Predicate = true> <Delay = 0.00> <CoreInst = "DSP48">   --->   Core 127 'DSP48' <Latency = 3> <II = 1> <Delay = 0.53> <IPBlock> <Opcode : '' 'add' 'sub' 'mul' 'select'> <InPorts = 0> <OutPorts = 1> <Sync> <CReg>
ST_7 : Operation 239 [1/1] (0.00ns) (grouped into DSP with root node add_ln144_30)   --->   "%sext_ln142_20 = sext i16 %mul_ln142_11" [predecoder_kernel.cpp:142]   --->   Operation 239 'sext' 'sext_ln142_20' <Predicate = true> <Delay = 0.00>
ST_7 : Operation 240 [1/1] (0.74ns)   --->   "%sub_ln142_15 = sub i13 0, i13 %zext_ln142_13" [predecoder_kernel.cpp:142]   --->   Operation 240 'sub' 'sub_ln142_15' <Predicate = true> <Delay = 0.74> <CoreInst = "Adder">   --->   Core 1 'Adder' <Latency = 0> <II = 1> <Delay = 0.74> <FuncUnit> <Opcode : 'add' 'sub'> <InPorts = 2> <OutPorts = 1>
ST_7 : Operation 241 [1/1] (0.00ns)   --->   "%sext_ln142_21 = sext i13 %sub_ln142_15" [predecoder_kernel.cpp:142]   --->   Operation 241 'sext' 'sext_ln142_21' <Predicate = true> <Delay = 0.00>
ST_7 : Operation 242 [1/1] (0.00ns)   --->   "%and_ln142_29 = bitconcatenate i10 @_ssdm_op_BitConcatenate.i10.i8.i2, i8 %tmp_31, i2 0" [predecoder_kernel.cpp:142]   --->   Operation 242 'bitconcatenate' 'and_ln142_29' <Predicate = true> <Delay = 0.00>
ST_7 : Operation 243 [1/1] (0.00ns)   --->   "%zext_ln142_35 = zext i10 %and_ln142_29" [predecoder_kernel.cpp:142]   --->   Operation 243 'zext' 'zext_ln142_35' <Predicate = true> <Delay = 0.00>
ST_7 : Operation 244 [1/1] (0.75ns)   --->   "%sub_ln142_16 = sub i14 %sext_ln142_21, i14 %zext_ln142_35" [predecoder_kernel.cpp:142]   --->   Operation 244 'sub' 'sub_ln142_16' <Predicate = true> <Delay = 0.75> <CoreInst = "Adder">   --->   Core 1 'Adder' <Latency = 0> <II = 1> <Delay = 0.75> <FuncUnit> <Opcode : 'add' 'sub'> <InPorts = 2> <OutPorts = 1>
ST_7 : Operation 245 [1/1] (0.00ns)   --->   "%sext_ln142_22 = sext i14 %sub_ln142_16" [predecoder_kernel.cpp:142]   --->   Operation 245 'sext' 'sext_ln142_22' <Predicate = true> <Delay = 0.00>
ST_7 : Operation 246 [1/3] (0.00ns) (grouped into DSP with root node add_ln144_31)   --->   "%mul_ln142_12 = mul i15 %zext_ln142_50, i15 32707" [predecoder_kernel.cpp:142]   --->   Operation 246 'mul' 'mul_ln142_12' <Predicate = true> <Delay = 0.00> <CoreInst = "DSP48">   --->   Core 127 'DSP48' <Latency = 3> <II = 1> <Delay = 0.53> <IPBlock> <Opcode : '' 'add' 'sub' 'mul' 'select'> <InPorts = 0> <OutPorts = 1> <Sync> <CReg>
ST_7 : Operation 247 [1/1] (0.00ns) (grouped into DSP with root node add_ln144_31)   --->   "%sext_ln144_16 = sext i15 %mul_ln142_12" [predecoder_kernel.cpp:144]   --->   Operation 247 'sext' 'sext_ln144_16' <Predicate = true> <Delay = 0.00>
ST_7 : Operation 248 [1/2] (0.64ns) (root node of the DSP)   --->   "%add_ln144_29 = add i18 %sub_ln144_2, i18 %zext_ln142_34" [predecoder_kernel.cpp:144]   --->   Operation 248 'add' 'add_ln144_29' <Predicate = true> <Delay = 0.64> <CoreInst = "DSP48">   --->   Core 127 'DSP48' <Latency = 3> <II = 1> <Delay = 0.53> <IPBlock> <Opcode : '' 'add' 'sub' 'mul' 'select'> <InPorts = 0> <OutPorts = 1> <Sync> <CReg>
ST_7 : Operation 249 [1/1] (0.00ns)   --->   "%sext_ln144_9 = sext i18 %add_ln144_29" [predecoder_kernel.cpp:144]   --->   Operation 249 'sext' 'sext_ln144_9' <Predicate = true> <Delay = 0.00>
ST_7 : Operation 250 [2/2] (0.64ns) (root node of the DSP)   --->   "%add_ln144_30 = add i19 %sext_ln144_9, i19 %sext_ln142_20" [predecoder_kernel.cpp:144]   --->   Operation 250 'add' 'add_ln144_30' <Predicate = true> <Delay = 0.64> <CoreInst = "DSP48">   --->   Core 127 'DSP48' <Latency = 3> <II = 1> <Delay = 0.53> <IPBlock> <Opcode : '' 'add' 'sub' 'mul' 'select'> <InPorts = 0> <OutPorts = 1> <Sync> <CReg>
ST_7 : Operation 251 [2/2] (0.64ns) (root node of the DSP)   --->   "%add_ln144_31 = add i16 %sext_ln144_16, i16 %sext_ln142_22" [predecoder_kernel.cpp:144]   --->   Operation 251 'add' 'add_ln144_31' <Predicate = true> <Delay = 0.64> <CoreInst = "DSP48">   --->   Core 127 'DSP48' <Latency = 3> <II = 1> <Delay = 0.53> <IPBlock> <Opcode : '' 'add' 'sub' 'mul' 'select'> <InPorts = 0> <OutPorts = 1> <Sync> <CReg>

State 8 <SV = 7> <Delay = 2.24>
ST_8 : Operation 252 [1/1] (0.00ns)   --->   "%zext_ln142_41 = zext i8 %tmp_17" [predecoder_kernel.cpp:142]   --->   Operation 252 'zext' 'zext_ln142_41' <Predicate = true> <Delay = 0.00>
ST_8 : Operation 253 [1/1] (0.00ns)   --->   "%and_ln142_15 = bitconcatenate i15 @_ssdm_op_BitConcatenate.i15.i8.i7, i8 %tmp_17, i7 0" [predecoder_kernel.cpp:142]   --->   Operation 253 'bitconcatenate' 'and_ln142_15' <Predicate = true> <Delay = 0.00>
ST_8 : Operation 254 [1/1] (0.00ns)   --->   "%zext_ln142_19 = zext i15 %and_ln142_15" [predecoder_kernel.cpp:142]   --->   Operation 254 'zext' 'zext_ln142_19' <Predicate = true> <Delay = 0.00>
ST_8 : Operation 255 [1/1] (0.77ns)   --->   "%sub_ln142_18 = sub i16 %zext_ln142_41, i16 %zext_ln142_19" [predecoder_kernel.cpp:142]   --->   Operation 255 'sub' 'sub_ln142_18' <Predicate = true> <Delay = 0.77> <CoreInst = "Adder">   --->   Core 1 'Adder' <Latency = 0> <II = 1> <Delay = 0.77> <FuncUnit> <Opcode : 'add' 'sub'> <InPorts = 2> <OutPorts = 1>
ST_8 : Operation 256 [1/1] (0.00ns)   --->   "%sext_ln142_9 = sext i16 %sub_ln142_18" [predecoder_kernel.cpp:142]   --->   Operation 256 'sext' 'sext_ln142_9' <Predicate = true> <Delay = 0.00>
ST_8 : Operation 257 [1/2] (0.64ns) (root node of the DSP)   --->   "%add_ln144_14 = add i17 %sext_ln144_3, i17 %sext_ln142_8" [predecoder_kernel.cpp:144]   --->   Operation 257 'add' 'add_ln144_14' <Predicate = true> <Delay = 0.64> <CoreInst = "DSP48">   --->   Core 127 'DSP48' <Latency = 3> <II = 1> <Delay = 0.53> <IPBlock> <Opcode : '' 'add' 'sub' 'mul' 'select'> <InPorts = 0> <OutPorts = 1> <Sync> <CReg>
ST_8 : Operation 258 [1/1] (0.00ns)   --->   "%sext_ln144_4 = sext i17 %add_ln144_14" [predecoder_kernel.cpp:144]   --->   Operation 258 'sext' 'sext_ln144_4' <Predicate = true> <Delay = 0.00>
ST_8 : Operation 259 [1/1] (0.79ns)   --->   "%add_ln144_15 = add i18 %sext_ln144_4, i18 %sext_ln142_9" [predecoder_kernel.cpp:144]   --->   Operation 259 'add' 'add_ln144_15' <Predicate = true> <Delay = 0.79> <CoreInst = "Adder">   --->   Core 1 'Adder' <Latency = 0> <II = 1> <Delay = 0.79> <FuncUnit> <Opcode : 'add' 'sub'> <InPorts = 2> <OutPorts = 1>
ST_8 : Operation 260 [1/2] (0.64ns) (root node of the DSP)   --->   "%add_ln144_16 = add i16 %sub_ln142_8, i16 %sext_ln142_11" [predecoder_kernel.cpp:144]   --->   Operation 260 'add' 'add_ln144_16' <Predicate = true> <Delay = 0.64> <CoreInst = "DSP48">   --->   Core 127 'DSP48' <Latency = 3> <II = 1> <Delay = 0.53> <IPBlock> <Opcode : '' 'add' 'sub' 'mul' 'select'> <InPorts = 0> <OutPorts = 1> <Sync> <CReg>
ST_8 : Operation 261 [1/1] (0.00ns)   --->   "%sext_ln144_13 = sext i16 %add_ln144_16" [predecoder_kernel.cpp:144]   --->   Operation 261 'sext' 'sext_ln144_13' <Predicate = true> <Delay = 0.00>
ST_8 : Operation 262 [1/1] (0.00ns) (grouped into TernaryAdder)   --->   "%add_ln144_17 = add i18 %sext_ln144_13, i18 %add_ln144_15" [predecoder_kernel.cpp:144]   --->   Operation 262 'add' 'add_ln144_17' <Predicate = true> <Delay = 0.00> <CoreInst = "TAddSub">   --->   Core 10 'TAddSub' <Latency = 0> <II = 1> <Delay = 0.34> <IPBlock> <Opcode : '' 'add' 'sub'> <InPorts = 3> <OutPorts = 1> <Sync> <CReg>
ST_8 : Operation 263 [1/1] (0.00ns)   --->   "%sext_ln144_15 = sext i14 %add_ln144_20" [predecoder_kernel.cpp:144]   --->   Operation 263 'sext' 'sext_ln144_15' <Predicate = true> <Delay = 0.00>
ST_8 : Operation 264 [1/1] (0.68ns) (root node of TernaryAdder)   --->   "%acc_10 = add i18 %sext_ln144_15, i18 %add_ln144_17" [predecoder_kernel.cpp:144]   --->   Operation 264 'add' 'acc_10' <Predicate = true> <Delay = 0.68> <CoreInst = "TAddSub">   --->   Core 10 'TAddSub' <Latency = 0> <II = 1> <Delay = 0.34> <IPBlock> <Opcode : '' 'add' 'sub'> <InPorts = 3> <OutPorts = 1> <Sync> <CReg>
ST_8 : Operation 265 [1/2] (0.64ns) (root node of the DSP)   --->   "%add_ln144_30 = add i19 %sext_ln144_9, i19 %sext_ln142_20" [predecoder_kernel.cpp:144]   --->   Operation 265 'add' 'add_ln144_30' <Predicate = true> <Delay = 0.64> <CoreInst = "DSP48">   --->   Core 127 'DSP48' <Latency = 3> <II = 1> <Delay = 0.53> <IPBlock> <Opcode : '' 'add' 'sub' 'mul' 'select'> <InPorts = 0> <OutPorts = 1> <Sync> <CReg>
ST_8 : Operation 266 [1/2] (0.64ns) (root node of the DSP)   --->   "%add_ln144_31 = add i16 %sext_ln144_16, i16 %sext_ln142_22" [predecoder_kernel.cpp:144]   --->   Operation 266 'add' 'add_ln144_31' <Predicate = true> <Delay = 0.64> <CoreInst = "DSP48">   --->   Core 127 'DSP48' <Latency = 3> <II = 1> <Delay = 0.53> <IPBlock> <Opcode : '' 'add' 'sub' 'mul' 'select'> <InPorts = 0> <OutPorts = 1> <Sync> <CReg>
ST_8 : Operation 267 [1/1] (0.00ns)   --->   "%sext_ln144_19 = sext i16 %add_ln144_31" [predecoder_kernel.cpp:144]   --->   Operation 267 'sext' 'sext_ln144_19' <Predicate = true> <Delay = 0.00>
ST_8 : Operation 268 [1/1] (0.80ns)   --->   "%acc_11 = add i19 %sext_ln144_19, i19 %add_ln144_30" [predecoder_kernel.cpp:144]   --->   Operation 268 'add' 'acc_11' <Predicate = true> <Delay = 0.80> <CoreInst = "Adder">   --->   Core 1 'Adder' <Latency = 0> <II = 1> <Delay = 0.80> <FuncUnit> <Opcode : 'add' 'sub'> <InPorts = 2> <OutPorts = 1>
ST_8 : Operation 280 [1/1] (0.00ns)   --->   "%ret_ln149 = ret" [predecoder_kernel.cpp:149]   --->   Operation 280 'ret' 'ret_ln149' <Predicate = (icmp_ln131)> <Delay = 0.00>

State 9 <SV = 8> <Delay = 1.21>
ST_9 : Operation 269 [1/1] (0.00ns)   --->   "%specpipeline_ln132 = specpipeline void @_ssdm_op_SpecPipeline, i32 1, i32 0, i32 0, i32 0, void @empty_5" [predecoder_kernel.cpp:132]   --->   Operation 269 'specpipeline' 'specpipeline_ln132' <Predicate = true> <Delay = 0.00>
ST_9 : Operation 270 [1/1] (0.00ns)   --->   "%speclooptripcount_ln131 = speclooptripcount void @_ssdm_op_SpecLoopTripCount, i64 216, i64 216, i64 216" [predecoder_kernel.cpp:131]   --->   Operation 270 'speclooptripcount' 'speclooptripcount_ln131' <Predicate = true> <Delay = 0.00>
ST_9 : Operation 271 [1/1] (0.00ns)   --->   "%specloopname_ln131 = specloopname void @_ssdm_op_SpecLoopName, void @empty_15" [predecoder_kernel.cpp:131]   --->   Operation 271 'specloopname' 'specloopname_ln131' <Predicate = true> <Delay = 0.00>
ST_9 : Operation 272 [1/1] (0.00ns)   --->   "%sext_ln137 = sext i18 %acc_9" [predecoder_kernel.cpp:137]   --->   Operation 272 'sext' 'sext_ln137' <Predicate = true> <Delay = 0.00>
ST_9 : Operation 273 [1/1] (0.00ns)   --->   "%sext_ln137_1 = sext i18 %acc_10" [predecoder_kernel.cpp:137]   --->   Operation 273 'sext' 'sext_ln137_1' <Predicate = true> <Delay = 0.00>
ST_9 : Operation 274 [1/1] (0.00ns)   --->   "%tmp_53 = bitconcatenate i51 @_ssdm_op_BitConcatenate.i51.i19.i32, i19 %acc_11, i32 %sext_ln137_1" [predecoder_kernel.cpp:147]   --->   Operation 274 'bitconcatenate' 'tmp_53' <Predicate = true> <Delay = 0.00>
ST_9 : Operation 275 [1/1] (0.00ns)   --->   "%sext_ln147 = sext i51 %tmp_53" [predecoder_kernel.cpp:147]   --->   Operation 275 'sext' 'sext_ln147' <Predicate = true> <Delay = 0.00>
ST_9 : Operation 276 [1/1] (0.00ns)   --->   "%tmp_395 = bitconcatenate i425 @_ssdm_op_BitConcatenate.i425.i329.i64.i32, i329 555356629313575812933360731095294709076729024733066056234213152646821808251319366480208477552638677, i64 %sext_ln147, i32 %sext_ln137" [predecoder_kernel.cpp:147]   --->   Operation 276 'bitconcatenate' 'tmp_395' <Predicate = true> <Delay = 0.00>
ST_9 : Operation 277 [1/1] (0.00ns)   --->   "%sext_ln147_1 = sext i425 %tmp_395" [predecoder_kernel.cpp:147]   --->   Operation 277 'sext' 'sext_ln147_1' <Predicate = true> <Delay = 0.00>
ST_9 : Operation 278 [1/1] (1.21ns)   --->   "%write_ln147 = write void @_ssdm_op_Write.ap_fifo.volatile.i448P0A, i448 %s3, i448 %sext_ln147_1" [predecoder_kernel.cpp:147]   --->   Operation 278 'write' 'write_ln147' <Predicate = true> <Delay = 1.21> <CoreInst = "FIFO">   --->   Core 78 'FIFO' <Latency = 0> <II = 1> <Delay = 1.23> <Storage> <Opcode : 'read' 'write' 'nbread' 'nbwrite'> <Ports = 0> <Width = 448> <Depth = 8> <FIFO>
ST_9 : Operation 279 [1/1] (0.00ns)   --->   "%br_ln131 = br void %OC2_LOOP" [predecoder_kernel.cpp:131]   --->   Operation 279 'br' 'br_ln131' <Predicate = true> <Delay = 0.00>


============================================================
+ Verbose Summary: Timing violations
============================================================
Target clock period: 3.330ns, clock uncertainty: 0.899ns.

 <State 1>: 1.479ns
The critical path consists of the following:
	'store' operation 0 bit ('store_ln131', predecoder_kernel.cpp:131) of constant 0 on local variable 'i', predecoder_kernel.cpp:131 [6]  (0.387 ns)
	'load' operation 8 bit ('i', predecoder_kernel.cpp:131) on local variable 'i', predecoder_kernel.cpp:131 [9]  (0.000 ns)
	'icmp' operation 1 bit ('icmp_ln131', predecoder_kernel.cpp:131) [10]  (0.705 ns)
	'store' operation 0 bit ('store_ln131', predecoder_kernel.cpp:131) of variable 'i', predecoder_kernel.cpp:131 on local variable 'i', predecoder_kernel.cpp:131 [235]  (0.387 ns)

 <State 2>: 2.211ns
The critical path consists of the following:
	fifo read operation ('s2_read', predecoder_kernel.cpp:133) on port 's2' (predecoder_kernel.cpp:133) [17]  (1.215 ns)
	'mul' operation 14 bit of DSP[146] ('mul_ln142_4', predecoder_kernel.cpp:142) [110]  (0.996 ns)

 <State 3>: 0.996ns
The critical path consists of the following:
	'mul' operation 16 bit of DSP[91] ('acc', predecoder_kernel.cpp:142) [21]  (0.996 ns)

 <State 4>: 2.195ns
The critical path consists of the following:
	'mul' operation 16 bit ('acc', predecoder_kernel.cpp:142) [109]  (1.550 ns)
	'add' operation 16 bit of DSP[146] ('add_ln144_10', predecoder_kernel.cpp:144) [146]  (0.645 ns)

 <State 5>: 2.305ns
The critical path consists of the following:
	'sub' operation 14 bit ('sub_ln142_6', predecoder_kernel.cpp:142) [121]  (0.755 ns)
	'add' operation 15 bit ('add_ln144_12', predecoder_kernel.cpp:144) [149]  (0.765 ns)
	'add' operation 16 bit ('add_ln144_13', predecoder_kernel.cpp:144) [151]  (0.785 ns)

 <State 6>: 2.179ns
The critical path consists of the following:
	'add' operation 13 bit ('add_ln144_4', predecoder_kernel.cpp:144) [97]  (0.745 ns)
	'add' operation 14 bit ('add_ln144_5', predecoder_kernel.cpp:144) [99]  (0.755 ns)
	'add' operation 17 bit ('add_ln144_6', predecoder_kernel.cpp:144) [101]  (0.678 ns)

 <State 7>: 2.185ns
The critical path consists of the following:
	'sub' operation 15 bit ('sub_ln142_7', predecoder_kernel.cpp:142) [141]  (0.765 ns)
	'sub' operation 16 bit ('sub_ln142_8', predecoder_kernel.cpp:142) [145]  (0.775 ns)
	'add' operation 16 bit of DSP[156] ('add_ln144_16', predecoder_kernel.cpp:144) [156]  (0.645 ns)

 <State 8>: 2.248ns
The critical path consists of the following:
	'sub' operation 16 bit ('sub_ln142_18', predecoder_kernel.cpp:142) [127]  (0.775 ns)
	'add' operation 18 bit ('add_ln144_15', predecoder_kernel.cpp:144) [155]  (0.791 ns)
	'add' operation 18 bit ('add_ln144_17', predecoder_kernel.cpp:144) [158]  (0.000 ns)
	'add' operation 18 bit ('acc', predecoder_kernel.cpp:144) [164]  (0.682 ns)

 <State 9>: 1.215ns
The critical path consists of the following:
	fifo write operation ('write_ln147', predecoder_kernel.cpp:147) on port 's3' (predecoder_kernel.cpp:147) [234]  (1.215 ns)


============================================================
+ Verbose Summary: Binding
============================================================
N/A
* FSMD analyzer results:
  - Output states:
 - Input state : 
  - Chain level:
	State 1
	State 2
	State 3
	State 4
	State 5
	State 6
	State 7
	State 8
	State 9


============================================================
+ Verbose Summary: Datapath Resource usage 
============================================================
N/A
