

================================================================
== Vitis HLS Report for 'edge_correction_Pipeline_INIT_VITIS_LOOP_167_1_VITIS_LOOP_168_2'
================================================================
* Date:           Thu Sep  3 17:06:13 2026

* Version:        2023.2 (Build 4023990 on Oct 11 2023)
* Project:        predecoder_csynth_proj
* Solution:       solution1 (Vitis Kernel Flow Target)
* Product family: virtexuplusHBM
* Target device:  xcu55c-fsvh2892-2L-e


================================================================
== Performance Estimates
================================================================
+ Timing: 
    * Summary: 
    +--------+---------+----------+------------+
    |  Clock |  Target | Estimated| Uncertainty|
    +--------+---------+----------+------------+
    |ap_clk  |  3.33 ns|  2.608 ns|     0.90 ns|
    +--------+---------+----------+------------+

+ Latency: 
    * Summary: 
    +---------+---------+----------+----------+-----+-----+---------+
    |  Latency (cycles) |  Latency (absolute) |  Interval | Pipeline|
    |   min   |   max   |    min   |    max   | min | max |   Type  |
    +---------+---------+----------+----------+-----+-----+---------+
    |      218|      218|  0.726 us|  0.726 us|  218|  218|       no|
    +---------+---------+----------+----------+-----+-----+---------+

    + Detail: 
        * Instance: 
        N/A

        * Loop: 
        +------------------------------------------+---------+---------+----------+-----------+-----------+------+----------+
        |                                          |  Latency (cycles) | Iteration|  Initiation Interval  | Trip |          |
        |                 Loop Name                |   min   |   max   |  Latency |  achieved |   target  | Count| Pipelined|
        +------------------------------------------+---------+---------+----------+-----------+-----------+------+----------+
        |- INIT_VITIS_LOOP_167_1_VITIS_LOOP_168_2  |      216|      216|         2|          1|          1|   216|       yes|
        +------------------------------------------+---------+---------+----------+-----------+-----------+------+----------+

============================================================
+ Verbose Summary: Synthesis Manager
============================================================
InlineROM: 1
ExposeGlobal: 0
============================================================
+ Verbose Summary: CDFG Model
============================================================
IsTopModel: 0
ResetActiveHigh: 1
IsCombinational: 0
IsDatapathOnly: 0
HasWiredReturn: 1
HasMFsm: 2
HasVarLatency: 1
IsPipeline: 0
IsRtlPipelined: 0
IsInstanceOverlapped: 0
IsDontTouch: 0
HasImplIP: 0
IsGatedGlobalClock: 0

+ Individual pipeline summary: 
  * Pipeline-0: initiation interval (II) = 1, depth = 2


============================================================
+ Verbose Summary: Schedule
============================================================
* Number of FSM states : 2
* Pipeline : 1
  Pipeline-0 : II = 1, D = 2, States = { 1 2 }
* Dataflow Pipeline: 0

* FSM state transitions: 
1 --> 2 
2 --> 

* FSM state operations: 

State 1 <SV = 0> <Delay = 2.60>
ST_1 : Operation 5 [1/1] (0.00ns)   --->   "%x = alloca i32 1" [predecoder_kernel.cpp:168]   --->   Operation 5 'alloca' 'x' <Predicate = true> <Delay = 0.00>
ST_1 : Operation 6 [1/1] (0.00ns)   --->   "%y = alloca i32 1" [predecoder_kernel.cpp:167]   --->   Operation 6 'alloca' 'y' <Predicate = true> <Delay = 0.00>
ST_1 : Operation 7 [1/1] (0.00ns)   --->   "%indvar_flatten = alloca i32 1"   --->   Operation 7 'alloca' 'indvar_flatten' <Predicate = true> <Delay = 0.00>
ST_1 : Operation 8 [1/1] (0.00ns)   --->   "%t = alloca i32 1" [predecoder_kernel.cpp:166]   --->   Operation 8 'alloca' 't' <Predicate = true> <Delay = 0.00>
ST_1 : Operation 9 [1/1] (0.00ns)   --->   "%indvar_flatten12 = alloca i32 1"   --->   Operation 9 'alloca' 'indvar_flatten12' <Predicate = true> <Delay = 0.00>
ST_1 : Operation 10 [1/1] (0.38ns)   --->   "%store_ln0 = store i8 0, i8 %indvar_flatten12"   --->   Operation 10 'store' 'store_ln0' <Predicate = true> <Delay = 0.38>
ST_1 : Operation 11 [1/1] (0.38ns)   --->   "%store_ln166 = store i3 0, i3 %t" [predecoder_kernel.cpp:166]   --->   Operation 11 'store' 'store_ln166' <Predicate = true> <Delay = 0.38>
ST_1 : Operation 12 [1/1] (0.38ns)   --->   "%store_ln0 = store i6 0, i6 %indvar_flatten"   --->   Operation 12 'store' 'store_ln0' <Predicate = true> <Delay = 0.38>
ST_1 : Operation 13 [1/1] (0.38ns)   --->   "%store_ln167 = store i3 0, i3 %y" [predecoder_kernel.cpp:167]   --->   Operation 13 'store' 'store_ln167' <Predicate = true> <Delay = 0.38>
ST_1 : Operation 14 [1/1] (0.38ns)   --->   "%store_ln168 = store i3 0, i3 %x" [predecoder_kernel.cpp:168]   --->   Operation 14 'store' 'store_ln168' <Predicate = true> <Delay = 0.38>
ST_1 : Operation 15 [1/1] (0.00ns)   --->   "%br_ln0 = br void %for.inc"   --->   Operation 15 'br' 'br_ln0' <Predicate = true> <Delay = 0.00>
ST_1 : Operation 16 [1/1] (0.00ns)   --->   "%indvar_flatten_load = load i6 %indvar_flatten" [predecoder_kernel.cpp:167]   --->   Operation 16 'load' 'indvar_flatten_load' <Predicate = true> <Delay = 0.00>
ST_1 : Operation 17 [1/1] (0.00ns)   --->   "%indvar_flatten12_load = load i8 %indvar_flatten12" [predecoder_kernel.cpp:166]   --->   Operation 17 'load' 'indvar_flatten12_load' <Predicate = true> <Delay = 0.00>
ST_1 : Operation 18 [1/1] (0.70ns)   --->   "%icmp_ln166 = icmp_eq  i8 %indvar_flatten12_load, i8 216" [predecoder_kernel.cpp:166]   --->   Operation 18 'icmp' 'icmp_ln166' <Predicate = true> <Delay = 0.70> <CoreInst = "Cmp">   --->   Core 9 'Cmp' <Latency = 0> <II = 1> <Delay = 0.70> <FuncUnit> <Opcode : 'icmp'> <InPorts = 2> <OutPorts = 1>
ST_1 : Operation 19 [1/1] (0.70ns)   --->   "%add_ln166_1 = add i8 %indvar_flatten12_load, i8 1" [predecoder_kernel.cpp:166]   --->   Operation 19 'add' 'add_ln166_1' <Predicate = true> <Delay = 0.70> <CoreInst = "Adder">   --->   Core 1 'Adder' <Latency = 0> <II = 1> <Delay = 0.70> <FuncUnit> <Opcode : 'add' 'sub'> <InPorts = 2> <OutPorts = 1>
ST_1 : Operation 20 [1/1] (0.00ns)   --->   "%br_ln166 = br i1 %icmp_ln166, void %for.inc16, void %for.body33.preheader.exitStub" [predecoder_kernel.cpp:166]   --->   Operation 20 'br' 'br_ln166' <Predicate = true> <Delay = 0.00>
ST_1 : Operation 21 [1/1] (0.00ns)   --->   "%x_load = load i3 %x" [predecoder_kernel.cpp:168]   --->   Operation 21 'load' 'x_load' <Predicate = (!icmp_ln166)> <Delay = 0.00>
ST_1 : Operation 22 [1/1] (0.00ns)   --->   "%y_load = load i3 %y" [predecoder_kernel.cpp:166]   --->   Operation 22 'load' 'y_load' <Predicate = (!icmp_ln166)> <Delay = 0.00>
ST_1 : Operation 23 [1/1] (0.00ns)   --->   "%t_load = load i3 %t" [predecoder_kernel.cpp:166]   --->   Operation 23 'load' 't_load' <Predicate = (!icmp_ln166)> <Delay = 0.00>
ST_1 : Operation 24 [1/1] (0.57ns)   --->   "%add_ln166 = add i3 %t_load, i3 1" [predecoder_kernel.cpp:166]   --->   Operation 24 'add' 'add_ln166' <Predicate = (!icmp_ln166)> <Delay = 0.57> <CoreInst = "Adder">   --->   Core 1 'Adder' <Latency = 0> <II = 1> <Delay = 0.57> <FuncUnit> <Opcode : 'add' 'sub'> <InPorts = 2> <OutPorts = 1>
ST_1 : Operation 25 [1/1] (0.70ns)   --->   "%icmp_ln167 = icmp_eq  i6 %indvar_flatten_load, i6 36" [predecoder_kernel.cpp:167]   --->   Operation 25 'icmp' 'icmp_ln167' <Predicate = (!icmp_ln166)> <Delay = 0.70> <CoreInst = "Cmp">   --->   Core 9 'Cmp' <Latency = 0> <II = 1> <Delay = 0.70> <FuncUnit> <Opcode : 'icmp'> <InPorts = 2> <OutPorts = 1>
ST_1 : Operation 26 [1/1] (0.27ns)   --->   "%select_ln166 = select i1 %icmp_ln167, i3 0, i3 %y_load" [predecoder_kernel.cpp:166]   --->   Operation 26 'select' 'select_ln166' <Predicate = (!icmp_ln166)> <Delay = 0.27> <CoreInst = "Sel">   --->   Core 73 'Sel' <Latency = 0> <II = 1> <Delay = 0.27> <FuncUnit> <Opcode : 'select'> <InPorts = 3> <OutPorts = 1>
ST_1 : Operation 27 [1/1] (0.00ns) (grouped into LUT with out node and_ln166)   --->   "%xor_ln166 = xor i1 %icmp_ln167, i1 1" [predecoder_kernel.cpp:166]   --->   Operation 27 'xor' 'xor_ln166' <Predicate = (!icmp_ln166)> <Delay = 0.00> <CoreInst = "LogicGate">   --->   Core 74 'LogicGate' <Latency = 0> <II = 1> <Delay = 0.12> <FuncUnit> <Opcode : 'and' 'or' 'xor'> <InPorts = 2> <OutPorts = 1>
ST_1 : Operation 28 [1/1] (0.57ns)   --->   "%icmp_ln168 = icmp_eq  i3 %x_load, i3 6" [predecoder_kernel.cpp:168]   --->   Operation 28 'icmp' 'icmp_ln168' <Predicate = (!icmp_ln166)> <Delay = 0.57> <CoreInst = "Cmp">   --->   Core 9 'Cmp' <Latency = 0> <II = 1> <Delay = 0.57> <FuncUnit> <Opcode : 'icmp'> <InPorts = 2> <OutPorts = 1>
ST_1 : Operation 29 [1/1] (0.12ns) (out node of the LUT)   --->   "%and_ln166 = and i1 %icmp_ln168, i1 %xor_ln166" [predecoder_kernel.cpp:166]   --->   Operation 29 'and' 'and_ln166' <Predicate = (!icmp_ln166)> <Delay = 0.12> <CoreInst = "LogicGate">   --->   Core 74 'LogicGate' <Latency = 0> <II = 1> <Delay = 0.12> <FuncUnit> <Opcode : 'and' 'or' 'xor'> <InPorts = 2> <OutPorts = 1>
ST_1 : Operation 30 [1/1] (0.27ns)   --->   "%select_ln166_1 = select i1 %icmp_ln167, i3 %add_ln166, i3 %t_load" [predecoder_kernel.cpp:166]   --->   Operation 30 'select' 'select_ln166_1' <Predicate = (!icmp_ln166)> <Delay = 0.27> <CoreInst = "Sel">   --->   Core 73 'Sel' <Latency = 0> <II = 1> <Delay = 0.27> <FuncUnit> <Opcode : 'select'> <InPorts = 3> <OutPorts = 1>
ST_1 : Operation 31 [1/1] (0.57ns)   --->   "%add_ln167 = add i3 %select_ln166, i3 1" [predecoder_kernel.cpp:167]   --->   Operation 31 'add' 'add_ln167' <Predicate = (!icmp_ln166)> <Delay = 0.57> <CoreInst = "Adder">   --->   Core 1 'Adder' <Latency = 0> <II = 1> <Delay = 0.57> <FuncUnit> <Opcode : 'add' 'sub'> <InPorts = 2> <OutPorts = 1>
ST_1 : Operation 32 [1/1] (0.00ns) (grouped into LUT with out node select_ln167)   --->   "%or_ln167 = or i1 %and_ln166, i1 %icmp_ln167" [predecoder_kernel.cpp:167]   --->   Operation 32 'or' 'or_ln167' <Predicate = (!icmp_ln166)> <Delay = 0.00> <CoreInst = "LogicGate">   --->   Core 74 'LogicGate' <Latency = 0> <II = 1> <Delay = 0.12> <FuncUnit> <Opcode : 'and' 'or' 'xor'> <InPorts = 2> <OutPorts = 1>
ST_1 : Operation 33 [1/1] (0.27ns) (out node of the LUT)   --->   "%select_ln167 = select i1 %or_ln167, i3 0, i3 %x_load" [predecoder_kernel.cpp:167]   --->   Operation 33 'select' 'select_ln167' <Predicate = (!icmp_ln166)> <Delay = 0.27> <CoreInst = "Sel">   --->   Core 73 'Sel' <Latency = 0> <II = 1> <Delay = 0.27> <FuncUnit> <Opcode : 'select'> <InPorts = 3> <OutPorts = 1>
ST_1 : Operation 34 [1/1] (0.27ns)   --->   "%select_ln167_1 = select i1 %and_ln166, i3 %add_ln167, i3 %select_ln166" [predecoder_kernel.cpp:167]   --->   Operation 34 'select' 'select_ln167_1' <Predicate = (!icmp_ln166)> <Delay = 0.27> <CoreInst = "Sel">   --->   Core 73 'Sel' <Latency = 0> <II = 1> <Delay = 0.27> <FuncUnit> <Opcode : 'select'> <InPorts = 3> <OutPorts = 1>
ST_1 : Operation 35 [1/1] (0.00ns)   --->   "%trunc_ln166 = trunc i3 %select_ln166_1" [predecoder_kernel.cpp:166]   --->   Operation 35 'trunc' 'trunc_ln166' <Predicate = (!icmp_ln166)> <Delay = 0.00>
ST_1 : Operation 36 [1/1] (0.00ns)   --->   "%lshr_ln = partselect i2 @_ssdm_op_PartSelect.i2.i3.i32.i32, i3 %select_ln166_1, i32 1, i32 2" [predecoder_kernel.cpp:166]   --->   Operation 36 'partselect' 'lshr_ln' <Predicate = (!icmp_ln166)> <Delay = 0.00>
ST_1 : Operation 37 [1/1] (0.00ns)   --->   "%br_ln169 = br i1 %trunc_ln166, void %arrayidx1215.case.0, void %arrayidx1215.case.1" [predecoder_kernel.cpp:169]   --->   Operation 37 'br' 'br_ln169' <Predicate = (!icmp_ln166)> <Delay = 0.00>
ST_1 : Operation 38 [1/1] (0.67ns)   --->   "%switch_ln169 = switch i3 %select_ln167, void %arrayidx1215.case.550, i3 0, void %arrayidx1215.case.045, i3 1, void %arrayidx1215.case.146, i3 2, void %arrayidx1215.case.247, i3 3, void %arrayidx1215.case.348, i3 4, void %arrayidx1215.case.449" [predecoder_kernel.cpp:169]   --->   Operation 38 'switch' 'switch_ln169' <Predicate = (!icmp_ln166 & !trunc_ln166 & select_ln167_1 == 4)> <Delay = 0.67>
ST_1 : Operation 39 [1/1] (0.00ns)   --->   "%br_ln169 = br void %arrayidx1215.exit8" [predecoder_kernel.cpp:169]   --->   Operation 39 'br' 'br_ln169' <Predicate = (!icmp_ln166 & !trunc_ln166 & select_ln167_1 == 4)> <Delay = 0.00>
ST_1 : Operation 40 [1/1] (0.67ns)   --->   "%switch_ln169 = switch i3 %select_ln167, void %arrayidx1215.case.542, i3 0, void %arrayidx1215.case.037, i3 1, void %arrayidx1215.case.138, i3 2, void %arrayidx1215.case.239, i3 3, void %arrayidx1215.case.340, i3 4, void %arrayidx1215.case.441" [predecoder_kernel.cpp:169]   --->   Operation 40 'switch' 'switch_ln169' <Predicate = (!icmp_ln166 & !trunc_ln166 & select_ln167_1 == 3)> <Delay = 0.67>
ST_1 : Operation 41 [1/1] (0.00ns)   --->   "%br_ln169 = br void %arrayidx1215.exit8" [predecoder_kernel.cpp:169]   --->   Operation 41 'br' 'br_ln169' <Predicate = (!icmp_ln166 & !trunc_ln166 & select_ln167_1 == 3)> <Delay = 0.00>
ST_1 : Operation 42 [1/1] (0.67ns)   --->   "%switch_ln169 = switch i3 %select_ln167, void %arrayidx1215.case.534, i3 0, void %arrayidx1215.case.029, i3 1, void %arrayidx1215.case.130, i3 2, void %arrayidx1215.case.231, i3 3, void %arrayidx1215.case.332, i3 4, void %arrayidx1215.case.433" [predecoder_kernel.cpp:169]   --->   Operation 42 'switch' 'switch_ln169' <Predicate = (!icmp_ln166 & !trunc_ln166 & select_ln167_1 == 2)> <Delay = 0.67>
ST_1 : Operation 43 [1/1] (0.00ns)   --->   "%br_ln169 = br void %arrayidx1215.exit8" [predecoder_kernel.cpp:169]   --->   Operation 43 'br' 'br_ln169' <Predicate = (!icmp_ln166 & !trunc_ln166 & select_ln167_1 == 2)> <Delay = 0.00>
ST_1 : Operation 44 [1/1] (0.67ns)   --->   "%switch_ln169 = switch i3 %select_ln167, void %arrayidx1215.case.526, i3 0, void %arrayidx1215.case.021, i3 1, void %arrayidx1215.case.122, i3 2, void %arrayidx1215.case.223, i3 3, void %arrayidx1215.case.324, i3 4, void %arrayidx1215.case.425" [predecoder_kernel.cpp:169]   --->   Operation 44 'switch' 'switch_ln169' <Predicate = (!icmp_ln166 & !trunc_ln166 & select_ln167_1 == 1)> <Delay = 0.67>
ST_1 : Operation 45 [1/1] (0.00ns)   --->   "%br_ln169 = br void %arrayidx1215.exit8" [predecoder_kernel.cpp:169]   --->   Operation 45 'br' 'br_ln169' <Predicate = (!icmp_ln166 & !trunc_ln166 & select_ln167_1 == 1)> <Delay = 0.00>
ST_1 : Operation 46 [1/1] (0.67ns)   --->   "%switch_ln169 = switch i3 %select_ln167, void %arrayidx1215.case.518, i3 0, void %arrayidx1215.case.013, i3 1, void %arrayidx1215.case.114, i3 2, void %arrayidx1215.case.215, i3 3, void %arrayidx1215.case.316, i3 4, void %arrayidx1215.case.417" [predecoder_kernel.cpp:169]   --->   Operation 46 'switch' 'switch_ln169' <Predicate = (!icmp_ln166 & !trunc_ln166 & select_ln167_1 == 0)> <Delay = 0.67>
ST_1 : Operation 47 [1/1] (0.00ns)   --->   "%br_ln169 = br void %arrayidx1215.exit8" [predecoder_kernel.cpp:169]   --->   Operation 47 'br' 'br_ln169' <Predicate = (!icmp_ln166 & !trunc_ln166 & select_ln167_1 == 0)> <Delay = 0.00>
ST_1 : Operation 48 [1/1] (0.67ns)   --->   "%switch_ln169 = switch i3 %select_ln167, void %arrayidx1215.case.558, i3 0, void %arrayidx1215.case.053, i3 1, void %arrayidx1215.case.154, i3 2, void %arrayidx1215.case.255, i3 3, void %arrayidx1215.case.356, i3 4, void %arrayidx1215.case.457" [predecoder_kernel.cpp:169]   --->   Operation 48 'switch' 'switch_ln169' <Predicate = (!icmp_ln166 & !trunc_ln166 & select_ln167_1 != 0 & select_ln167_1 != 1 & select_ln167_1 != 2 & select_ln167_1 != 3 & select_ln167_1 != 4)> <Delay = 0.67>
ST_1 : Operation 49 [1/1] (0.00ns)   --->   "%br_ln169 = br void %arrayidx1215.exit8" [predecoder_kernel.cpp:169]   --->   Operation 49 'br' 'br_ln169' <Predicate = (!icmp_ln166 & !trunc_ln166 & select_ln167_1 != 0 & select_ln167_1 != 1 & select_ln167_1 != 2 & select_ln167_1 != 3 & select_ln167_1 != 4)> <Delay = 0.00>
ST_1 : Operation 50 [1/1] (0.00ns)   --->   "%br_ln169 = br void %arrayidx1215.exit" [predecoder_kernel.cpp:169]   --->   Operation 50 'br' 'br_ln169' <Predicate = (!icmp_ln166 & !trunc_ln166)> <Delay = 0.00>
ST_1 : Operation 51 [1/1] (0.67ns)   --->   "%switch_ln169 = switch i3 %select_ln167, void %arrayidx1215.case.5106, i3 0, void %arrayidx1215.case.0101, i3 1, void %arrayidx1215.case.1102, i3 2, void %arrayidx1215.case.2103, i3 3, void %arrayidx1215.case.3104, i3 4, void %arrayidx1215.case.4105" [predecoder_kernel.cpp:169]   --->   Operation 51 'switch' 'switch_ln169' <Predicate = (!icmp_ln166 & trunc_ln166 & select_ln167_1 == 4)> <Delay = 0.67>
ST_1 : Operation 52 [1/1] (0.00ns)   --->   "%br_ln169 = br void %arrayidx1215.exit60" [predecoder_kernel.cpp:169]   --->   Operation 52 'br' 'br_ln169' <Predicate = (!icmp_ln166 & trunc_ln166 & select_ln167_1 == 4)> <Delay = 0.00>
ST_1 : Operation 53 [1/1] (0.67ns)   --->   "%switch_ln169 = switch i3 %select_ln167, void %arrayidx1215.case.598, i3 0, void %arrayidx1215.case.093, i3 1, void %arrayidx1215.case.194, i3 2, void %arrayidx1215.case.295, i3 3, void %arrayidx1215.case.396, i3 4, void %arrayidx1215.case.497" [predecoder_kernel.cpp:169]   --->   Operation 53 'switch' 'switch_ln169' <Predicate = (!icmp_ln166 & trunc_ln166 & select_ln167_1 == 3)> <Delay = 0.67>
ST_1 : Operation 54 [1/1] (0.00ns)   --->   "%br_ln169 = br void %arrayidx1215.exit60" [predecoder_kernel.cpp:169]   --->   Operation 54 'br' 'br_ln169' <Predicate = (!icmp_ln166 & trunc_ln166 & select_ln167_1 == 3)> <Delay = 0.00>
ST_1 : Operation 55 [1/1] (0.67ns)   --->   "%switch_ln169 = switch i3 %select_ln167, void %arrayidx1215.case.590, i3 0, void %arrayidx1215.case.085, i3 1, void %arrayidx1215.case.186, i3 2, void %arrayidx1215.case.287, i3 3, void %arrayidx1215.case.388, i3 4, void %arrayidx1215.case.489" [predecoder_kernel.cpp:169]   --->   Operation 55 'switch' 'switch_ln169' <Predicate = (!icmp_ln166 & trunc_ln166 & select_ln167_1 == 2)> <Delay = 0.67>
ST_1 : Operation 56 [1/1] (0.00ns)   --->   "%br_ln169 = br void %arrayidx1215.exit60" [predecoder_kernel.cpp:169]   --->   Operation 56 'br' 'br_ln169' <Predicate = (!icmp_ln166 & trunc_ln166 & select_ln167_1 == 2)> <Delay = 0.00>
ST_1 : Operation 57 [1/1] (0.67ns)   --->   "%switch_ln169 = switch i3 %select_ln167, void %arrayidx1215.case.582, i3 0, void %arrayidx1215.case.077, i3 1, void %arrayidx1215.case.178, i3 2, void %arrayidx1215.case.279, i3 3, void %arrayidx1215.case.380, i3 4, void %arrayidx1215.case.481" [predecoder_kernel.cpp:169]   --->   Operation 57 'switch' 'switch_ln169' <Predicate = (!icmp_ln166 & trunc_ln166 & select_ln167_1 == 1)> <Delay = 0.67>
ST_1 : Operation 58 [1/1] (0.00ns)   --->   "%br_ln169 = br void %arrayidx1215.exit60" [predecoder_kernel.cpp:169]   --->   Operation 58 'br' 'br_ln169' <Predicate = (!icmp_ln166 & trunc_ln166 & select_ln167_1 == 1)> <Delay = 0.00>
ST_1 : Operation 59 [1/1] (0.67ns)   --->   "%switch_ln169 = switch i3 %select_ln167, void %arrayidx1215.case.574, i3 0, void %arrayidx1215.case.069, i3 1, void %arrayidx1215.case.170, i3 2, void %arrayidx1215.case.271, i3 3, void %arrayidx1215.case.372, i3 4, void %arrayidx1215.case.473" [predecoder_kernel.cpp:169]   --->   Operation 59 'switch' 'switch_ln169' <Predicate = (!icmp_ln166 & trunc_ln166 & select_ln167_1 == 0)> <Delay = 0.67>
ST_1 : Operation 60 [1/1] (0.00ns)   --->   "%br_ln169 = br void %arrayidx1215.exit60" [predecoder_kernel.cpp:169]   --->   Operation 60 'br' 'br_ln169' <Predicate = (!icmp_ln166 & trunc_ln166 & select_ln167_1 == 0)> <Delay = 0.00>
ST_1 : Operation 61 [1/1] (0.67ns)   --->   "%switch_ln169 = switch i3 %select_ln167, void %arrayidx1215.case.5114, i3 0, void %arrayidx1215.case.0109, i3 1, void %arrayidx1215.case.1110, i3 2, void %arrayidx1215.case.2111, i3 3, void %arrayidx1215.case.3112, i3 4, void %arrayidx1215.case.4113" [predecoder_kernel.cpp:169]   --->   Operation 61 'switch' 'switch_ln169' <Predicate = (!icmp_ln166 & trunc_ln166 & select_ln167_1 != 0 & select_ln167_1 != 1 & select_ln167_1 != 2 & select_ln167_1 != 3 & select_ln167_1 != 4)> <Delay = 0.67>
ST_1 : Operation 62 [1/1] (0.00ns)   --->   "%br_ln169 = br void %arrayidx1215.exit60" [predecoder_kernel.cpp:169]   --->   Operation 62 'br' 'br_ln169' <Predicate = (!icmp_ln166 & trunc_ln166 & select_ln167_1 != 0 & select_ln167_1 != 1 & select_ln167_1 != 2 & select_ln167_1 != 3 & select_ln167_1 != 4)> <Delay = 0.00>
ST_1 : Operation 63 [1/1] (0.00ns)   --->   "%br_ln169 = br void %arrayidx1215.exit" [predecoder_kernel.cpp:169]   --->   Operation 63 'br' 'br_ln169' <Predicate = (!icmp_ln166 & trunc_ln166)> <Delay = 0.00>
ST_1 : Operation 64 [1/1] (0.57ns)   --->   "%add_ln168 = add i3 %select_ln167, i3 1" [predecoder_kernel.cpp:168]   --->   Operation 64 'add' 'add_ln168' <Predicate = (!icmp_ln166)> <Delay = 0.57> <CoreInst = "Adder">   --->   Core 1 'Adder' <Latency = 0> <II = 1> <Delay = 0.57> <FuncUnit> <Opcode : 'add' 'sub'> <InPorts = 2> <OutPorts = 1>
ST_1 : Operation 65 [1/1] (0.70ns)   --->   "%add_ln167_1 = add i6 %indvar_flatten_load, i6 1" [predecoder_kernel.cpp:167]   --->   Operation 65 'add' 'add_ln167_1' <Predicate = (!icmp_ln166)> <Delay = 0.70> <CoreInst = "Adder">   --->   Core 1 'Adder' <Latency = 0> <II = 1> <Delay = 0.70> <FuncUnit> <Opcode : 'add' 'sub'> <InPorts = 2> <OutPorts = 1>
ST_1 : Operation 66 [1/1] (0.29ns)   --->   "%select_ln167_2 = select i1 %icmp_ln167, i6 1, i6 %add_ln167_1" [predecoder_kernel.cpp:167]   --->   Operation 66 'select' 'select_ln167_2' <Predicate = (!icmp_ln166)> <Delay = 0.29> <CoreInst = "Sel">   --->   Core 73 'Sel' <Latency = 0> <II = 1> <Delay = 0.29> <FuncUnit> <Opcode : 'select'> <InPorts = 3> <OutPorts = 1>
ST_1 : Operation 67 [1/1] (0.38ns)   --->   "%store_ln166 = store i8 %add_ln166_1, i8 %indvar_flatten12" [predecoder_kernel.cpp:166]   --->   Operation 67 'store' 'store_ln166' <Predicate = (!icmp_ln166)> <Delay = 0.38>
ST_1 : Operation 68 [1/1] (0.38ns)   --->   "%store_ln166 = store i3 %select_ln166_1, i3 %t" [predecoder_kernel.cpp:166]   --->   Operation 68 'store' 'store_ln166' <Predicate = (!icmp_ln166)> <Delay = 0.38>
ST_1 : Operation 69 [1/1] (0.38ns)   --->   "%store_ln167 = store i6 %select_ln167_2, i6 %indvar_flatten" [predecoder_kernel.cpp:167]   --->   Operation 69 'store' 'store_ln167' <Predicate = (!icmp_ln166)> <Delay = 0.38>
ST_1 : Operation 70 [1/1] (0.38ns)   --->   "%store_ln167 = store i3 %select_ln167_1, i3 %y" [predecoder_kernel.cpp:167]   --->   Operation 70 'store' 'store_ln167' <Predicate = (!icmp_ln166)> <Delay = 0.38>
ST_1 : Operation 71 [1/1] (0.38ns)   --->   "%store_ln168 = store i3 %add_ln168, i3 %x" [predecoder_kernel.cpp:168]   --->   Operation 71 'store' 'store_ln168' <Predicate = (!icmp_ln166)> <Delay = 0.38>
ST_1 : Operation 72 [1/1] (0.00ns)   --->   "%br_ln168 = br void %for.inc" [predecoder_kernel.cpp:168]   --->   Operation 72 'br' 'br_ln168' <Predicate = (!icmp_ln166)> <Delay = 0.00>
ST_1 : Operation 295 [1/1] (0.00ns)   --->   "%ret_ln0 = ret"   --->   Operation 295 'ret' 'ret_ln0' <Predicate = (icmp_ln166)> <Delay = 0.00>

State 2 <SV = 1> <Delay = 0.67>
ST_2 : Operation 73 [1/1] (0.00ns)   --->   "%specloopname_ln0 = specloopname void @_ssdm_op_SpecLoopName, void @INIT_VITIS_LOOP_167_1_VITIS_LOOP_168_2_str"   --->   Operation 73 'specloopname' 'specloopname_ln0' <Predicate = true> <Delay = 0.00>
ST_2 : Operation 74 [1/1] (0.00ns)   --->   "%speclooptripcount_ln0 = speclooptripcount void @_ssdm_op_SpecLoopTripCount, i64 216, i64 216, i64 216"   --->   Operation 74 'speclooptripcount' 'speclooptripcount_ln0' <Predicate = true> <Delay = 0.00>
ST_2 : Operation 75 [1/1] (0.00ns)   --->   "%zext_ln166 = zext i2 %lshr_ln" [predecoder_kernel.cpp:166]   --->   Operation 75 'zext' 'zext_ln166' <Predicate = true> <Delay = 0.00>
ST_2 : Operation 76 [1/1] (0.00ns)   --->   "%correction_addr = getelementptr i1 %correction, i64 0, i64 %zext_ln166" [predecoder_kernel.cpp:169]   --->   Operation 76 'getelementptr' 'correction_addr' <Predicate = true> <Delay = 0.00>
ST_2 : Operation 77 [1/1] (0.00ns)   --->   "%correction_1_addr = getelementptr i1 %correction_1, i64 0, i64 %zext_ln166" [predecoder_kernel.cpp:169]   --->   Operation 77 'getelementptr' 'correction_1_addr' <Predicate = true> <Delay = 0.00>
ST_2 : Operation 78 [1/1] (0.00ns)   --->   "%correction_2_addr = getelementptr i1 %correction_2, i64 0, i64 %zext_ln166" [predecoder_kernel.cpp:169]   --->   Operation 78 'getelementptr' 'correction_2_addr' <Predicate = true> <Delay = 0.00>
ST_2 : Operation 79 [1/1] (0.00ns)   --->   "%correction_3_addr = getelementptr i1 %correction_3, i64 0, i64 %zext_ln166" [predecoder_kernel.cpp:169]   --->   Operation 79 'getelementptr' 'correction_3_addr' <Predicate = true> <Delay = 0.00>
ST_2 : Operation 80 [1/1] (0.00ns)   --->   "%correction_4_addr = getelementptr i1 %correction_4, i64 0, i64 %zext_ln166" [predecoder_kernel.cpp:169]   --->   Operation 80 'getelementptr' 'correction_4_addr' <Predicate = true> <Delay = 0.00>
ST_2 : Operation 81 [1/1] (0.00ns)   --->   "%correction_5_addr = getelementptr i1 %correction_5, i64 0, i64 %zext_ln166" [predecoder_kernel.cpp:169]   --->   Operation 81 'getelementptr' 'correction_5_addr' <Predicate = true> <Delay = 0.00>
ST_2 : Operation 82 [1/1] (0.00ns)   --->   "%correction_6_addr = getelementptr i1 %correction_6, i64 0, i64 %zext_ln166" [predecoder_kernel.cpp:169]   --->   Operation 82 'getelementptr' 'correction_6_addr' <Predicate = true> <Delay = 0.00>
ST_2 : Operation 83 [1/1] (0.00ns)   --->   "%correction_7_addr = getelementptr i1 %correction_7, i64 0, i64 %zext_ln166" [predecoder_kernel.cpp:169]   --->   Operation 83 'getelementptr' 'correction_7_addr' <Predicate = true> <Delay = 0.00>
ST_2 : Operation 84 [1/1] (0.00ns)   --->   "%correction_8_addr = getelementptr i1 %correction_8, i64 0, i64 %zext_ln166" [predecoder_kernel.cpp:169]   --->   Operation 84 'getelementptr' 'correction_8_addr' <Predicate = true> <Delay = 0.00>
ST_2 : Operation 85 [1/1] (0.00ns)   --->   "%correction_9_addr = getelementptr i1 %correction_9, i64 0, i64 %zext_ln166" [predecoder_kernel.cpp:169]   --->   Operation 85 'getelementptr' 'correction_9_addr' <Predicate = true> <Delay = 0.00>
ST_2 : Operation 86 [1/1] (0.00ns)   --->   "%correction_10_addr = getelementptr i1 %correction_10, i64 0, i64 %zext_ln166" [predecoder_kernel.cpp:169]   --->   Operation 86 'getelementptr' 'correction_10_addr' <Predicate = true> <Delay = 0.00>
ST_2 : Operation 87 [1/1] (0.00ns)   --->   "%correction_11_addr = getelementptr i1 %correction_11, i64 0, i64 %zext_ln166" [predecoder_kernel.cpp:169]   --->   Operation 87 'getelementptr' 'correction_11_addr' <Predicate = true> <Delay = 0.00>
ST_2 : Operation 88 [1/1] (0.00ns)   --->   "%correction_12_addr = getelementptr i1 %correction_12, i64 0, i64 %zext_ln166" [predecoder_kernel.cpp:169]   --->   Operation 88 'getelementptr' 'correction_12_addr' <Predicate = true> <Delay = 0.00>
ST_2 : Operation 89 [1/1] (0.00ns)   --->   "%correction_13_addr = getelementptr i1 %correction_13, i64 0, i64 %zext_ln166" [predecoder_kernel.cpp:169]   --->   Operation 89 'getelementptr' 'correction_13_addr' <Predicate = true> <Delay = 0.00>
ST_2 : Operation 90 [1/1] (0.00ns)   --->   "%correction_14_addr = getelementptr i1 %correction_14, i64 0, i64 %zext_ln166" [predecoder_kernel.cpp:169]   --->   Operation 90 'getelementptr' 'correction_14_addr' <Predicate = true> <Delay = 0.00>
ST_2 : Operation 91 [1/1] (0.00ns)   --->   "%correction_15_addr = getelementptr i1 %correction_15, i64 0, i64 %zext_ln166" [predecoder_kernel.cpp:169]   --->   Operation 91 'getelementptr' 'correction_15_addr' <Predicate = true> <Delay = 0.00>
ST_2 : Operation 92 [1/1] (0.00ns)   --->   "%correction_16_addr = getelementptr i1 %correction_16, i64 0, i64 %zext_ln166" [predecoder_kernel.cpp:169]   --->   Operation 92 'getelementptr' 'correction_16_addr' <Predicate = true> <Delay = 0.00>
ST_2 : Operation 93 [1/1] (0.00ns)   --->   "%correction_17_addr = getelementptr i1 %correction_17, i64 0, i64 %zext_ln166" [predecoder_kernel.cpp:169]   --->   Operation 93 'getelementptr' 'correction_17_addr' <Predicate = true> <Delay = 0.00>
ST_2 : Operation 94 [1/1] (0.00ns)   --->   "%correction_18_addr = getelementptr i1 %correction_18, i64 0, i64 %zext_ln166" [predecoder_kernel.cpp:169]   --->   Operation 94 'getelementptr' 'correction_18_addr' <Predicate = true> <Delay = 0.00>
ST_2 : Operation 95 [1/1] (0.00ns)   --->   "%correction_19_addr = getelementptr i1 %correction_19, i64 0, i64 %zext_ln166" [predecoder_kernel.cpp:169]   --->   Operation 95 'getelementptr' 'correction_19_addr' <Predicate = true> <Delay = 0.00>
ST_2 : Operation 96 [1/1] (0.00ns)   --->   "%correction_20_addr = getelementptr i1 %correction_20, i64 0, i64 %zext_ln166" [predecoder_kernel.cpp:169]   --->   Operation 96 'getelementptr' 'correction_20_addr' <Predicate = true> <Delay = 0.00>
ST_2 : Operation 97 [1/1] (0.00ns)   --->   "%correction_21_addr = getelementptr i1 %correction_21, i64 0, i64 %zext_ln166" [predecoder_kernel.cpp:169]   --->   Operation 97 'getelementptr' 'correction_21_addr' <Predicate = true> <Delay = 0.00>
ST_2 : Operation 98 [1/1] (0.00ns)   --->   "%correction_22_addr = getelementptr i1 %correction_22, i64 0, i64 %zext_ln166" [predecoder_kernel.cpp:169]   --->   Operation 98 'getelementptr' 'correction_22_addr' <Predicate = true> <Delay = 0.00>
ST_2 : Operation 99 [1/1] (0.00ns)   --->   "%correction_23_addr = getelementptr i1 %correction_23, i64 0, i64 %zext_ln166" [predecoder_kernel.cpp:169]   --->   Operation 99 'getelementptr' 'correction_23_addr' <Predicate = true> <Delay = 0.00>
ST_2 : Operation 100 [1/1] (0.00ns)   --->   "%correction_24_addr = getelementptr i1 %correction_24, i64 0, i64 %zext_ln166" [predecoder_kernel.cpp:169]   --->   Operation 100 'getelementptr' 'correction_24_addr' <Predicate = true> <Delay = 0.00>
ST_2 : Operation 101 [1/1] (0.00ns)   --->   "%correction_25_addr = getelementptr i1 %correction_25, i64 0, i64 %zext_ln166" [predecoder_kernel.cpp:169]   --->   Operation 101 'getelementptr' 'correction_25_addr' <Predicate = true> <Delay = 0.00>
ST_2 : Operation 102 [1/1] (0.00ns)   --->   "%correction_26_addr = getelementptr i1 %correction_26, i64 0, i64 %zext_ln166" [predecoder_kernel.cpp:169]   --->   Operation 102 'getelementptr' 'correction_26_addr' <Predicate = true> <Delay = 0.00>
ST_2 : Operation 103 [1/1] (0.00ns)   --->   "%correction_27_addr = getelementptr i1 %correction_27, i64 0, i64 %zext_ln166" [predecoder_kernel.cpp:169]   --->   Operation 103 'getelementptr' 'correction_27_addr' <Predicate = true> <Delay = 0.00>
ST_2 : Operation 104 [1/1] (0.00ns)   --->   "%correction_28_addr = getelementptr i1 %correction_28, i64 0, i64 %zext_ln166" [predecoder_kernel.cpp:169]   --->   Operation 104 'getelementptr' 'correction_28_addr' <Predicate = true> <Delay = 0.00>
ST_2 : Operation 105 [1/1] (0.00ns)   --->   "%correction_29_addr = getelementptr i1 %correction_29, i64 0, i64 %zext_ln166" [predecoder_kernel.cpp:169]   --->   Operation 105 'getelementptr' 'correction_29_addr' <Predicate = true> <Delay = 0.00>
ST_2 : Operation 106 [1/1] (0.00ns)   --->   "%correction_30_addr = getelementptr i1 %correction_30, i64 0, i64 %zext_ln166" [predecoder_kernel.cpp:169]   --->   Operation 106 'getelementptr' 'correction_30_addr' <Predicate = true> <Delay = 0.00>
ST_2 : Operation 107 [1/1] (0.00ns)   --->   "%correction_31_addr = getelementptr i1 %correction_31, i64 0, i64 %zext_ln166" [predecoder_kernel.cpp:169]   --->   Operation 107 'getelementptr' 'correction_31_addr' <Predicate = true> <Delay = 0.00>
ST_2 : Operation 108 [1/1] (0.00ns)   --->   "%correction_32_addr = getelementptr i1 %correction_32, i64 0, i64 %zext_ln166" [predecoder_kernel.cpp:169]   --->   Operation 108 'getelementptr' 'correction_32_addr' <Predicate = true> <Delay = 0.00>
ST_2 : Operation 109 [1/1] (0.00ns)   --->   "%correction_33_addr = getelementptr i1 %correction_33, i64 0, i64 %zext_ln166" [predecoder_kernel.cpp:169]   --->   Operation 109 'getelementptr' 'correction_33_addr' <Predicate = true> <Delay = 0.00>
ST_2 : Operation 110 [1/1] (0.00ns)   --->   "%correction_34_addr = getelementptr i1 %correction_34, i64 0, i64 %zext_ln166" [predecoder_kernel.cpp:169]   --->   Operation 110 'getelementptr' 'correction_34_addr' <Predicate = true> <Delay = 0.00>
ST_2 : Operation 111 [1/1] (0.00ns)   --->   "%correction_35_addr = getelementptr i1 %correction_35, i64 0, i64 %zext_ln166" [predecoder_kernel.cpp:169]   --->   Operation 111 'getelementptr' 'correction_35_addr' <Predicate = true> <Delay = 0.00>
ST_2 : Operation 112 [1/1] (0.00ns)   --->   "%correction_36_addr = getelementptr i1 %correction_36, i64 0, i64 %zext_ln166" [predecoder_kernel.cpp:169]   --->   Operation 112 'getelementptr' 'correction_36_addr' <Predicate = true> <Delay = 0.00>
ST_2 : Operation 113 [1/1] (0.00ns)   --->   "%correction_37_addr = getelementptr i1 %correction_37, i64 0, i64 %zext_ln166" [predecoder_kernel.cpp:169]   --->   Operation 113 'getelementptr' 'correction_37_addr' <Predicate = true> <Delay = 0.00>
ST_2 : Operation 114 [1/1] (0.00ns)   --->   "%correction_38_addr = getelementptr i1 %correction_38, i64 0, i64 %zext_ln166" [predecoder_kernel.cpp:169]   --->   Operation 114 'getelementptr' 'correction_38_addr' <Predicate = true> <Delay = 0.00>
ST_2 : Operation 115 [1/1] (0.00ns)   --->   "%correction_39_addr = getelementptr i1 %correction_39, i64 0, i64 %zext_ln166" [predecoder_kernel.cpp:169]   --->   Operation 115 'getelementptr' 'correction_39_addr' <Predicate = true> <Delay = 0.00>
ST_2 : Operation 116 [1/1] (0.00ns)   --->   "%correction_40_addr = getelementptr i1 %correction_40, i64 0, i64 %zext_ln166" [predecoder_kernel.cpp:169]   --->   Operation 116 'getelementptr' 'correction_40_addr' <Predicate = true> <Delay = 0.00>
ST_2 : Operation 117 [1/1] (0.00ns)   --->   "%correction_41_addr = getelementptr i1 %correction_41, i64 0, i64 %zext_ln166" [predecoder_kernel.cpp:169]   --->   Operation 117 'getelementptr' 'correction_41_addr' <Predicate = true> <Delay = 0.00>
ST_2 : Operation 118 [1/1] (0.00ns)   --->   "%correction_42_addr = getelementptr i1 %correction_42, i64 0, i64 %zext_ln166" [predecoder_kernel.cpp:169]   --->   Operation 118 'getelementptr' 'correction_42_addr' <Predicate = true> <Delay = 0.00>
ST_2 : Operation 119 [1/1] (0.00ns)   --->   "%correction_43_addr = getelementptr i1 %correction_43, i64 0, i64 %zext_ln166" [predecoder_kernel.cpp:169]   --->   Operation 119 'getelementptr' 'correction_43_addr' <Predicate = true> <Delay = 0.00>
ST_2 : Operation 120 [1/1] (0.00ns)   --->   "%correction_44_addr = getelementptr i1 %correction_44, i64 0, i64 %zext_ln166" [predecoder_kernel.cpp:169]   --->   Operation 120 'getelementptr' 'correction_44_addr' <Predicate = true> <Delay = 0.00>
ST_2 : Operation 121 [1/1] (0.00ns)   --->   "%correction_45_addr = getelementptr i1 %correction_45, i64 0, i64 %zext_ln166" [predecoder_kernel.cpp:169]   --->   Operation 121 'getelementptr' 'correction_45_addr' <Predicate = true> <Delay = 0.00>
ST_2 : Operation 122 [1/1] (0.00ns)   --->   "%correction_46_addr = getelementptr i1 %correction_46, i64 0, i64 %zext_ln166" [predecoder_kernel.cpp:169]   --->   Operation 122 'getelementptr' 'correction_46_addr' <Predicate = true> <Delay = 0.00>
ST_2 : Operation 123 [1/1] (0.00ns)   --->   "%correction_47_addr = getelementptr i1 %correction_47, i64 0, i64 %zext_ln166" [predecoder_kernel.cpp:169]   --->   Operation 123 'getelementptr' 'correction_47_addr' <Predicate = true> <Delay = 0.00>
ST_2 : Operation 124 [1/1] (0.00ns)   --->   "%correction_48_addr = getelementptr i1 %correction_48, i64 0, i64 %zext_ln166" [predecoder_kernel.cpp:169]   --->   Operation 124 'getelementptr' 'correction_48_addr' <Predicate = true> <Delay = 0.00>
ST_2 : Operation 125 [1/1] (0.00ns)   --->   "%correction_49_addr = getelementptr i1 %correction_49, i64 0, i64 %zext_ln166" [predecoder_kernel.cpp:169]   --->   Operation 125 'getelementptr' 'correction_49_addr' <Predicate = true> <Delay = 0.00>
ST_2 : Operation 126 [1/1] (0.00ns)   --->   "%correction_50_addr = getelementptr i1 %correction_50, i64 0, i64 %zext_ln166" [predecoder_kernel.cpp:169]   --->   Operation 126 'getelementptr' 'correction_50_addr' <Predicate = true> <Delay = 0.00>
ST_2 : Operation 127 [1/1] (0.00ns)   --->   "%correction_51_addr = getelementptr i1 %correction_51, i64 0, i64 %zext_ln166" [predecoder_kernel.cpp:169]   --->   Operation 127 'getelementptr' 'correction_51_addr' <Predicate = true> <Delay = 0.00>
ST_2 : Operation 128 [1/1] (0.00ns)   --->   "%correction_52_addr = getelementptr i1 %correction_52, i64 0, i64 %zext_ln166" [predecoder_kernel.cpp:169]   --->   Operation 128 'getelementptr' 'correction_52_addr' <Predicate = true> <Delay = 0.00>
ST_2 : Operation 129 [1/1] (0.00ns)   --->   "%correction_53_addr = getelementptr i1 %correction_53, i64 0, i64 %zext_ln166" [predecoder_kernel.cpp:169]   --->   Operation 129 'getelementptr' 'correction_53_addr' <Predicate = true> <Delay = 0.00>
ST_2 : Operation 130 [1/1] (0.00ns)   --->   "%correction_54_addr = getelementptr i1 %correction_54, i64 0, i64 %zext_ln166" [predecoder_kernel.cpp:169]   --->   Operation 130 'getelementptr' 'correction_54_addr' <Predicate = true> <Delay = 0.00>
ST_2 : Operation 131 [1/1] (0.00ns)   --->   "%correction_55_addr = getelementptr i1 %correction_55, i64 0, i64 %zext_ln166" [predecoder_kernel.cpp:169]   --->   Operation 131 'getelementptr' 'correction_55_addr' <Predicate = true> <Delay = 0.00>
ST_2 : Operation 132 [1/1] (0.00ns)   --->   "%correction_56_addr = getelementptr i1 %correction_56, i64 0, i64 %zext_ln166" [predecoder_kernel.cpp:169]   --->   Operation 132 'getelementptr' 'correction_56_addr' <Predicate = true> <Delay = 0.00>
ST_2 : Operation 133 [1/1] (0.00ns)   --->   "%correction_57_addr = getelementptr i1 %correction_57, i64 0, i64 %zext_ln166" [predecoder_kernel.cpp:169]   --->   Operation 133 'getelementptr' 'correction_57_addr' <Predicate = true> <Delay = 0.00>
ST_2 : Operation 134 [1/1] (0.00ns)   --->   "%correction_58_addr = getelementptr i1 %correction_58, i64 0, i64 %zext_ln166" [predecoder_kernel.cpp:169]   --->   Operation 134 'getelementptr' 'correction_58_addr' <Predicate = true> <Delay = 0.00>
ST_2 : Operation 135 [1/1] (0.00ns)   --->   "%correction_59_addr = getelementptr i1 %correction_59, i64 0, i64 %zext_ln166" [predecoder_kernel.cpp:169]   --->   Operation 135 'getelementptr' 'correction_59_addr' <Predicate = true> <Delay = 0.00>
ST_2 : Operation 136 [1/1] (0.00ns)   --->   "%correction_60_addr = getelementptr i1 %correction_60, i64 0, i64 %zext_ln166" [predecoder_kernel.cpp:169]   --->   Operation 136 'getelementptr' 'correction_60_addr' <Predicate = true> <Delay = 0.00>
ST_2 : Operation 137 [1/1] (0.00ns)   --->   "%correction_61_addr = getelementptr i1 %correction_61, i64 0, i64 %zext_ln166" [predecoder_kernel.cpp:169]   --->   Operation 137 'getelementptr' 'correction_61_addr' <Predicate = true> <Delay = 0.00>
ST_2 : Operation 138 [1/1] (0.00ns)   --->   "%correction_62_addr = getelementptr i1 %correction_62, i64 0, i64 %zext_ln166" [predecoder_kernel.cpp:169]   --->   Operation 138 'getelementptr' 'correction_62_addr' <Predicate = true> <Delay = 0.00>
ST_2 : Operation 139 [1/1] (0.00ns)   --->   "%correction_63_addr = getelementptr i1 %correction_63, i64 0, i64 %zext_ln166" [predecoder_kernel.cpp:169]   --->   Operation 139 'getelementptr' 'correction_63_addr' <Predicate = true> <Delay = 0.00>
ST_2 : Operation 140 [1/1] (0.00ns)   --->   "%correction_64_addr = getelementptr i1 %correction_64, i64 0, i64 %zext_ln166" [predecoder_kernel.cpp:169]   --->   Operation 140 'getelementptr' 'correction_64_addr' <Predicate = true> <Delay = 0.00>
ST_2 : Operation 141 [1/1] (0.00ns)   --->   "%correction_65_addr = getelementptr i1 %correction_65, i64 0, i64 %zext_ln166" [predecoder_kernel.cpp:169]   --->   Operation 141 'getelementptr' 'correction_65_addr' <Predicate = true> <Delay = 0.00>
ST_2 : Operation 142 [1/1] (0.00ns)   --->   "%correction_66_addr = getelementptr i1 %correction_66, i64 0, i64 %zext_ln166" [predecoder_kernel.cpp:169]   --->   Operation 142 'getelementptr' 'correction_66_addr' <Predicate = true> <Delay = 0.00>
ST_2 : Operation 143 [1/1] (0.00ns)   --->   "%correction_67_addr = getelementptr i1 %correction_67, i64 0, i64 %zext_ln166" [predecoder_kernel.cpp:169]   --->   Operation 143 'getelementptr' 'correction_67_addr' <Predicate = true> <Delay = 0.00>
ST_2 : Operation 144 [1/1] (0.00ns)   --->   "%correction_68_addr = getelementptr i1 %correction_68, i64 0, i64 %zext_ln166" [predecoder_kernel.cpp:169]   --->   Operation 144 'getelementptr' 'correction_68_addr' <Predicate = true> <Delay = 0.00>
ST_2 : Operation 145 [1/1] (0.00ns)   --->   "%correction_69_addr = getelementptr i1 %correction_69, i64 0, i64 %zext_ln166" [predecoder_kernel.cpp:169]   --->   Operation 145 'getelementptr' 'correction_69_addr' <Predicate = true> <Delay = 0.00>
ST_2 : Operation 146 [1/1] (0.00ns)   --->   "%correction_70_addr = getelementptr i1 %correction_70, i64 0, i64 %zext_ln166" [predecoder_kernel.cpp:169]   --->   Operation 146 'getelementptr' 'correction_70_addr' <Predicate = true> <Delay = 0.00>
ST_2 : Operation 147 [1/1] (0.00ns)   --->   "%correction_71_addr = getelementptr i1 %correction_71, i64 0, i64 %zext_ln166" [predecoder_kernel.cpp:169]   --->   Operation 147 'getelementptr' 'correction_71_addr' <Predicate = true> <Delay = 0.00>
ST_2 : Operation 148 [1/1] (0.00ns)   --->   "%specpipeline_ln168 = specpipeline void @_ssdm_op_SpecPipeline, i32 4294967295, i32 0, i32 0, i32 0, void @empty_5" [predecoder_kernel.cpp:168]   --->   Operation 148 'specpipeline' 'specpipeline_ln168' <Predicate = true> <Delay = 0.00>
ST_2 : Operation 149 [1/1] (0.67ns)   --->   "%switch_ln169 = switch i3 %select_ln167_1, void %arrayidx1215.case.5, i3 0, void %arrayidx1215.case.09, i3 1, void %arrayidx1215.case.110, i3 2, void %arrayidx1215.case.2, i3 3, void %arrayidx1215.case.3, i3 4, void %arrayidx1215.case.4" [predecoder_kernel.cpp:169]   --->   Operation 149 'switch' 'switch_ln169' <Predicate = (!trunc_ln166)> <Delay = 0.67>
ST_2 : Operation 150 [1/1] (0.63ns)   --->   "%store_ln169 = store i1 0, i2 %correction_28_addr" [predecoder_kernel.cpp:169]   --->   Operation 150 'store' 'store_ln169' <Predicate = (!trunc_ln166 & select_ln167_1 == 4 & select_ln167 == 4)> <Delay = 0.63> <CoreInst = "RAM">   --->   Core 83 'RAM' <Latency = 1> <II = 1> <Delay = 0.63> <Storage> <Opcode : 'load' 'store'> <Ports = 2> <Width = 1> <Depth = 3> <RAM>
ST_2 : Operation 151 [1/1] (0.00ns)   --->   "%br_ln169 = br void %arrayidx1215.exit44" [predecoder_kernel.cpp:169]   --->   Operation 151 'br' 'br_ln169' <Predicate = (!trunc_ln166 & select_ln167_1 == 4 & select_ln167 == 4)> <Delay = 0.00>
ST_2 : Operation 152 [1/1] (0.63ns)   --->   "%store_ln169 = store i1 0, i2 %correction_27_addr" [predecoder_kernel.cpp:169]   --->   Operation 152 'store' 'store_ln169' <Predicate = (!trunc_ln166 & select_ln167_1 == 4 & select_ln167 == 3)> <Delay = 0.63> <CoreInst = "RAM">   --->   Core 83 'RAM' <Latency = 1> <II = 1> <Delay = 0.63> <Storage> <Opcode : 'load' 'store'> <Ports = 2> <Width = 1> <Depth = 3> <RAM>
ST_2 : Operation 153 [1/1] (0.00ns)   --->   "%br_ln169 = br void %arrayidx1215.exit44" [predecoder_kernel.cpp:169]   --->   Operation 153 'br' 'br_ln169' <Predicate = (!trunc_ln166 & select_ln167_1 == 4 & select_ln167 == 3)> <Delay = 0.00>
ST_2 : Operation 154 [1/1] (0.63ns)   --->   "%store_ln169 = store i1 0, i2 %correction_26_addr" [predecoder_kernel.cpp:169]   --->   Operation 154 'store' 'store_ln169' <Predicate = (!trunc_ln166 & select_ln167_1 == 4 & select_ln167 == 2)> <Delay = 0.63> <CoreInst = "RAM">   --->   Core 83 'RAM' <Latency = 1> <II = 1> <Delay = 0.63> <Storage> <Opcode : 'load' 'store'> <Ports = 2> <Width = 1> <Depth = 3> <RAM>
ST_2 : Operation 155 [1/1] (0.00ns)   --->   "%br_ln169 = br void %arrayidx1215.exit44" [predecoder_kernel.cpp:169]   --->   Operation 155 'br' 'br_ln169' <Predicate = (!trunc_ln166 & select_ln167_1 == 4 & select_ln167 == 2)> <Delay = 0.00>
ST_2 : Operation 156 [1/1] (0.63ns)   --->   "%store_ln169 = store i1 0, i2 %correction_25_addr" [predecoder_kernel.cpp:169]   --->   Operation 156 'store' 'store_ln169' <Predicate = (!trunc_ln166 & select_ln167_1 == 4 & select_ln167 == 1)> <Delay = 0.63> <CoreInst = "RAM">   --->   Core 83 'RAM' <Latency = 1> <II = 1> <Delay = 0.63> <Storage> <Opcode : 'load' 'store'> <Ports = 2> <Width = 1> <Depth = 3> <RAM>
ST_2 : Operation 157 [1/1] (0.00ns)   --->   "%br_ln169 = br void %arrayidx1215.exit44" [predecoder_kernel.cpp:169]   --->   Operation 157 'br' 'br_ln169' <Predicate = (!trunc_ln166 & select_ln167_1 == 4 & select_ln167 == 1)> <Delay = 0.00>
ST_2 : Operation 158 [1/1] (0.63ns)   --->   "%store_ln169 = store i1 0, i2 %correction_24_addr" [predecoder_kernel.cpp:169]   --->   Operation 158 'store' 'store_ln169' <Predicate = (!trunc_ln166 & select_ln167_1 == 4 & select_ln167 == 0)> <Delay = 0.63> <CoreInst = "RAM">   --->   Core 83 'RAM' <Latency = 1> <II = 1> <Delay = 0.63> <Storage> <Opcode : 'load' 'store'> <Ports = 2> <Width = 1> <Depth = 3> <RAM>
ST_2 : Operation 159 [1/1] (0.00ns)   --->   "%br_ln169 = br void %arrayidx1215.exit44" [predecoder_kernel.cpp:169]   --->   Operation 159 'br' 'br_ln169' <Predicate = (!trunc_ln166 & select_ln167_1 == 4 & select_ln167 == 0)> <Delay = 0.00>
ST_2 : Operation 160 [1/1] (0.63ns)   --->   "%store_ln169 = store i1 0, i2 %correction_29_addr" [predecoder_kernel.cpp:169]   --->   Operation 160 'store' 'store_ln169' <Predicate = (!trunc_ln166 & select_ln167_1 == 4 & select_ln167 != 0 & select_ln167 != 1 & select_ln167 != 2 & select_ln167 != 3 & select_ln167 != 4)> <Delay = 0.63> <CoreInst = "RAM">   --->   Core 83 'RAM' <Latency = 1> <II = 1> <Delay = 0.63> <Storage> <Opcode : 'load' 'store'> <Ports = 2> <Width = 1> <Depth = 3> <RAM>
ST_2 : Operation 161 [1/1] (0.00ns)   --->   "%br_ln169 = br void %arrayidx1215.exit44" [predecoder_kernel.cpp:169]   --->   Operation 161 'br' 'br_ln169' <Predicate = (!trunc_ln166 & select_ln167_1 == 4 & select_ln167 != 0 & select_ln167 != 1 & select_ln167 != 2 & select_ln167 != 3 & select_ln167 != 4)> <Delay = 0.00>
ST_2 : Operation 162 [1/1] (0.63ns)   --->   "%store_ln169 = store i1 0, i2 %correction_22_addr" [predecoder_kernel.cpp:169]   --->   Operation 162 'store' 'store_ln169' <Predicate = (!trunc_ln166 & select_ln167_1 == 3 & select_ln167 == 4)> <Delay = 0.63> <CoreInst = "RAM">   --->   Core 83 'RAM' <Latency = 1> <II = 1> <Delay = 0.63> <Storage> <Opcode : 'load' 'store'> <Ports = 2> <Width = 1> <Depth = 3> <RAM>
ST_2 : Operation 163 [1/1] (0.00ns)   --->   "%br_ln169 = br void %arrayidx1215.exit36" [predecoder_kernel.cpp:169]   --->   Operation 163 'br' 'br_ln169' <Predicate = (!trunc_ln166 & select_ln167_1 == 3 & select_ln167 == 4)> <Delay = 0.00>
ST_2 : Operation 164 [1/1] (0.63ns)   --->   "%store_ln169 = store i1 0, i2 %correction_21_addr" [predecoder_kernel.cpp:169]   --->   Operation 164 'store' 'store_ln169' <Predicate = (!trunc_ln166 & select_ln167_1 == 3 & select_ln167 == 3)> <Delay = 0.63> <CoreInst = "RAM">   --->   Core 83 'RAM' <Latency = 1> <II = 1> <Delay = 0.63> <Storage> <Opcode : 'load' 'store'> <Ports = 2> <Width = 1> <Depth = 3> <RAM>
ST_2 : Operation 165 [1/1] (0.00ns)   --->   "%br_ln169 = br void %arrayidx1215.exit36" [predecoder_kernel.cpp:169]   --->   Operation 165 'br' 'br_ln169' <Predicate = (!trunc_ln166 & select_ln167_1 == 3 & select_ln167 == 3)> <Delay = 0.00>
ST_2 : Operation 166 [1/1] (0.63ns)   --->   "%store_ln169 = store i1 0, i2 %correction_20_addr" [predecoder_kernel.cpp:169]   --->   Operation 166 'store' 'store_ln169' <Predicate = (!trunc_ln166 & select_ln167_1 == 3 & select_ln167 == 2)> <Delay = 0.63> <CoreInst = "RAM">   --->   Core 83 'RAM' <Latency = 1> <II = 1> <Delay = 0.63> <Storage> <Opcode : 'load' 'store'> <Ports = 2> <Width = 1> <Depth = 3> <RAM>
ST_2 : Operation 167 [1/1] (0.00ns)   --->   "%br_ln169 = br void %arrayidx1215.exit36" [predecoder_kernel.cpp:169]   --->   Operation 167 'br' 'br_ln169' <Predicate = (!trunc_ln166 & select_ln167_1 == 3 & select_ln167 == 2)> <Delay = 0.00>
ST_2 : Operation 168 [1/1] (0.63ns)   --->   "%store_ln169 = store i1 0, i2 %correction_19_addr" [predecoder_kernel.cpp:169]   --->   Operation 168 'store' 'store_ln169' <Predicate = (!trunc_ln166 & select_ln167_1 == 3 & select_ln167 == 1)> <Delay = 0.63> <CoreInst = "RAM">   --->   Core 83 'RAM' <Latency = 1> <II = 1> <Delay = 0.63> <Storage> <Opcode : 'load' 'store'> <Ports = 2> <Width = 1> <Depth = 3> <RAM>
ST_2 : Operation 169 [1/1] (0.00ns)   --->   "%br_ln169 = br void %arrayidx1215.exit36" [predecoder_kernel.cpp:169]   --->   Operation 169 'br' 'br_ln169' <Predicate = (!trunc_ln166 & select_ln167_1 == 3 & select_ln167 == 1)> <Delay = 0.00>
ST_2 : Operation 170 [1/1] (0.63ns)   --->   "%store_ln169 = store i1 0, i2 %correction_18_addr" [predecoder_kernel.cpp:169]   --->   Operation 170 'store' 'store_ln169' <Predicate = (!trunc_ln166 & select_ln167_1 == 3 & select_ln167 == 0)> <Delay = 0.63> <CoreInst = "RAM">   --->   Core 83 'RAM' <Latency = 1> <II = 1> <Delay = 0.63> <Storage> <Opcode : 'load' 'store'> <Ports = 2> <Width = 1> <Depth = 3> <RAM>
ST_2 : Operation 171 [1/1] (0.00ns)   --->   "%br_ln169 = br void %arrayidx1215.exit36" [predecoder_kernel.cpp:169]   --->   Operation 171 'br' 'br_ln169' <Predicate = (!trunc_ln166 & select_ln167_1 == 3 & select_ln167 == 0)> <Delay = 0.00>
ST_2 : Operation 172 [1/1] (0.63ns)   --->   "%store_ln169 = store i1 0, i2 %correction_23_addr" [predecoder_kernel.cpp:169]   --->   Operation 172 'store' 'store_ln169' <Predicate = (!trunc_ln166 & select_ln167_1 == 3 & select_ln167 != 0 & select_ln167 != 1 & select_ln167 != 2 & select_ln167 != 3 & select_ln167 != 4)> <Delay = 0.63> <CoreInst = "RAM">   --->   Core 83 'RAM' <Latency = 1> <II = 1> <Delay = 0.63> <Storage> <Opcode : 'load' 'store'> <Ports = 2> <Width = 1> <Depth = 3> <RAM>
ST_2 : Operation 173 [1/1] (0.00ns)   --->   "%br_ln169 = br void %arrayidx1215.exit36" [predecoder_kernel.cpp:169]   --->   Operation 173 'br' 'br_ln169' <Predicate = (!trunc_ln166 & select_ln167_1 == 3 & select_ln167 != 0 & select_ln167 != 1 & select_ln167 != 2 & select_ln167 != 3 & select_ln167 != 4)> <Delay = 0.00>
ST_2 : Operation 174 [1/1] (0.63ns)   --->   "%store_ln169 = store i1 0, i2 %correction_16_addr" [predecoder_kernel.cpp:169]   --->   Operation 174 'store' 'store_ln169' <Predicate = (!trunc_ln166 & select_ln167_1 == 2 & select_ln167 == 4)> <Delay = 0.63> <CoreInst = "RAM">   --->   Core 83 'RAM' <Latency = 1> <II = 1> <Delay = 0.63> <Storage> <Opcode : 'load' 'store'> <Ports = 2> <Width = 1> <Depth = 3> <RAM>
ST_2 : Operation 175 [1/1] (0.00ns)   --->   "%br_ln169 = br void %arrayidx1215.exit28" [predecoder_kernel.cpp:169]   --->   Operation 175 'br' 'br_ln169' <Predicate = (!trunc_ln166 & select_ln167_1 == 2 & select_ln167 == 4)> <Delay = 0.00>
ST_2 : Operation 176 [1/1] (0.63ns)   --->   "%store_ln169 = store i1 0, i2 %correction_15_addr" [predecoder_kernel.cpp:169]   --->   Operation 176 'store' 'store_ln169' <Predicate = (!trunc_ln166 & select_ln167_1 == 2 & select_ln167 == 3)> <Delay = 0.63> <CoreInst = "RAM">   --->   Core 83 'RAM' <Latency = 1> <II = 1> <Delay = 0.63> <Storage> <Opcode : 'load' 'store'> <Ports = 2> <Width = 1> <Depth = 3> <RAM>
ST_2 : Operation 177 [1/1] (0.00ns)   --->   "%br_ln169 = br void %arrayidx1215.exit28" [predecoder_kernel.cpp:169]   --->   Operation 177 'br' 'br_ln169' <Predicate = (!trunc_ln166 & select_ln167_1 == 2 & select_ln167 == 3)> <Delay = 0.00>
ST_2 : Operation 178 [1/1] (0.63ns)   --->   "%store_ln169 = store i1 0, i2 %correction_14_addr" [predecoder_kernel.cpp:169]   --->   Operation 178 'store' 'store_ln169' <Predicate = (!trunc_ln166 & select_ln167_1 == 2 & select_ln167 == 2)> <Delay = 0.63> <CoreInst = "RAM">   --->   Core 83 'RAM' <Latency = 1> <II = 1> <Delay = 0.63> <Storage> <Opcode : 'load' 'store'> <Ports = 2> <Width = 1> <Depth = 3> <RAM>
ST_2 : Operation 179 [1/1] (0.00ns)   --->   "%br_ln169 = br void %arrayidx1215.exit28" [predecoder_kernel.cpp:169]   --->   Operation 179 'br' 'br_ln169' <Predicate = (!trunc_ln166 & select_ln167_1 == 2 & select_ln167 == 2)> <Delay = 0.00>
ST_2 : Operation 180 [1/1] (0.63ns)   --->   "%store_ln169 = store i1 0, i2 %correction_13_addr" [predecoder_kernel.cpp:169]   --->   Operation 180 'store' 'store_ln169' <Predicate = (!trunc_ln166 & select_ln167_1 == 2 & select_ln167 == 1)> <Delay = 0.63> <CoreInst = "RAM">   --->   Core 83 'RAM' <Latency = 1> <II = 1> <Delay = 0.63> <Storage> <Opcode : 'load' 'store'> <Ports = 2> <Width = 1> <Depth = 3> <RAM>
ST_2 : Operation 181 [1/1] (0.00ns)   --->   "%br_ln169 = br void %arrayidx1215.exit28" [predecoder_kernel.cpp:169]   --->   Operation 181 'br' 'br_ln169' <Predicate = (!trunc_ln166 & select_ln167_1 == 2 & select_ln167 == 1)> <Delay = 0.00>
ST_2 : Operation 182 [1/1] (0.63ns)   --->   "%store_ln169 = store i1 0, i2 %correction_12_addr" [predecoder_kernel.cpp:169]   --->   Operation 182 'store' 'store_ln169' <Predicate = (!trunc_ln166 & select_ln167_1 == 2 & select_ln167 == 0)> <Delay = 0.63> <CoreInst = "RAM">   --->   Core 83 'RAM' <Latency = 1> <II = 1> <Delay = 0.63> <Storage> <Opcode : 'load' 'store'> <Ports = 2> <Width = 1> <Depth = 3> <RAM>
ST_2 : Operation 183 [1/1] (0.00ns)   --->   "%br_ln169 = br void %arrayidx1215.exit28" [predecoder_kernel.cpp:169]   --->   Operation 183 'br' 'br_ln169' <Predicate = (!trunc_ln166 & select_ln167_1 == 2 & select_ln167 == 0)> <Delay = 0.00>
ST_2 : Operation 184 [1/1] (0.63ns)   --->   "%store_ln169 = store i1 0, i2 %correction_17_addr" [predecoder_kernel.cpp:169]   --->   Operation 184 'store' 'store_ln169' <Predicate = (!trunc_ln166 & select_ln167_1 == 2 & select_ln167 != 0 & select_ln167 != 1 & select_ln167 != 2 & select_ln167 != 3 & select_ln167 != 4)> <Delay = 0.63> <CoreInst = "RAM">   --->   Core 83 'RAM' <Latency = 1> <II = 1> <Delay = 0.63> <Storage> <Opcode : 'load' 'store'> <Ports = 2> <Width = 1> <Depth = 3> <RAM>
ST_2 : Operation 185 [1/1] (0.00ns)   --->   "%br_ln169 = br void %arrayidx1215.exit28" [predecoder_kernel.cpp:169]   --->   Operation 185 'br' 'br_ln169' <Predicate = (!trunc_ln166 & select_ln167_1 == 2 & select_ln167 != 0 & select_ln167 != 1 & select_ln167 != 2 & select_ln167 != 3 & select_ln167 != 4)> <Delay = 0.00>
ST_2 : Operation 186 [1/1] (0.63ns)   --->   "%store_ln169 = store i1 0, i2 %correction_10_addr" [predecoder_kernel.cpp:169]   --->   Operation 186 'store' 'store_ln169' <Predicate = (!trunc_ln166 & select_ln167_1 == 1 & select_ln167 == 4)> <Delay = 0.63> <CoreInst = "RAM">   --->   Core 83 'RAM' <Latency = 1> <II = 1> <Delay = 0.63> <Storage> <Opcode : 'load' 'store'> <Ports = 2> <Width = 1> <Depth = 3> <RAM>
ST_2 : Operation 187 [1/1] (0.00ns)   --->   "%br_ln169 = br void %arrayidx1215.exit20" [predecoder_kernel.cpp:169]   --->   Operation 187 'br' 'br_ln169' <Predicate = (!trunc_ln166 & select_ln167_1 == 1 & select_ln167 == 4)> <Delay = 0.00>
ST_2 : Operation 188 [1/1] (0.63ns)   --->   "%store_ln169 = store i1 0, i2 %correction_9_addr" [predecoder_kernel.cpp:169]   --->   Operation 188 'store' 'store_ln169' <Predicate = (!trunc_ln166 & select_ln167_1 == 1 & select_ln167 == 3)> <Delay = 0.63> <CoreInst = "RAM">   --->   Core 83 'RAM' <Latency = 1> <II = 1> <Delay = 0.63> <Storage> <Opcode : 'load' 'store'> <Ports = 2> <Width = 1> <Depth = 3> <RAM>
ST_2 : Operation 189 [1/1] (0.00ns)   --->   "%br_ln169 = br void %arrayidx1215.exit20" [predecoder_kernel.cpp:169]   --->   Operation 189 'br' 'br_ln169' <Predicate = (!trunc_ln166 & select_ln167_1 == 1 & select_ln167 == 3)> <Delay = 0.00>
ST_2 : Operation 190 [1/1] (0.63ns)   --->   "%store_ln169 = store i1 0, i2 %correction_8_addr" [predecoder_kernel.cpp:169]   --->   Operation 190 'store' 'store_ln169' <Predicate = (!trunc_ln166 & select_ln167_1 == 1 & select_ln167 == 2)> <Delay = 0.63> <CoreInst = "RAM">   --->   Core 83 'RAM' <Latency = 1> <II = 1> <Delay = 0.63> <Storage> <Opcode : 'load' 'store'> <Ports = 2> <Width = 1> <Depth = 3> <RAM>
ST_2 : Operation 191 [1/1] (0.00ns)   --->   "%br_ln169 = br void %arrayidx1215.exit20" [predecoder_kernel.cpp:169]   --->   Operation 191 'br' 'br_ln169' <Predicate = (!trunc_ln166 & select_ln167_1 == 1 & select_ln167 == 2)> <Delay = 0.00>
ST_2 : Operation 192 [1/1] (0.63ns)   --->   "%store_ln169 = store i1 0, i2 %correction_7_addr" [predecoder_kernel.cpp:169]   --->   Operation 192 'store' 'store_ln169' <Predicate = (!trunc_ln166 & select_ln167_1 == 1 & select_ln167 == 1)> <Delay = 0.63> <CoreInst = "RAM">   --->   Core 83 'RAM' <Latency = 1> <II = 1> <Delay = 0.63> <Storage> <Opcode : 'load' 'store'> <Ports = 2> <Width = 1> <Depth = 3> <RAM>
ST_2 : Operation 193 [1/1] (0.00ns)   --->   "%br_ln169 = br void %arrayidx1215.exit20" [predecoder_kernel.cpp:169]   --->   Operation 193 'br' 'br_ln169' <Predicate = (!trunc_ln166 & select_ln167_1 == 1 & select_ln167 == 1)> <Delay = 0.00>
ST_2 : Operation 194 [1/1] (0.63ns)   --->   "%store_ln169 = store i1 0, i2 %correction_6_addr" [predecoder_kernel.cpp:169]   --->   Operation 194 'store' 'store_ln169' <Predicate = (!trunc_ln166 & select_ln167_1 == 1 & select_ln167 == 0)> <Delay = 0.63> <CoreInst = "RAM">   --->   Core 83 'RAM' <Latency = 1> <II = 1> <Delay = 0.63> <Storage> <Opcode : 'load' 'store'> <Ports = 2> <Width = 1> <Depth = 3> <RAM>
ST_2 : Operation 195 [1/1] (0.00ns)   --->   "%br_ln169 = br void %arrayidx1215.exit20" [predecoder_kernel.cpp:169]   --->   Operation 195 'br' 'br_ln169' <Predicate = (!trunc_ln166 & select_ln167_1 == 1 & select_ln167 == 0)> <Delay = 0.00>
ST_2 : Operation 196 [1/1] (0.63ns)   --->   "%store_ln169 = store i1 0, i2 %correction_11_addr" [predecoder_kernel.cpp:169]   --->   Operation 196 'store' 'store_ln169' <Predicate = (!trunc_ln166 & select_ln167_1 == 1 & select_ln167 != 0 & select_ln167 != 1 & select_ln167 != 2 & select_ln167 != 3 & select_ln167 != 4)> <Delay = 0.63> <CoreInst = "RAM">   --->   Core 83 'RAM' <Latency = 1> <II = 1> <Delay = 0.63> <Storage> <Opcode : 'load' 'store'> <Ports = 2> <Width = 1> <Depth = 3> <RAM>
ST_2 : Operation 197 [1/1] (0.00ns)   --->   "%br_ln169 = br void %arrayidx1215.exit20" [predecoder_kernel.cpp:169]   --->   Operation 197 'br' 'br_ln169' <Predicate = (!trunc_ln166 & select_ln167_1 == 1 & select_ln167 != 0 & select_ln167 != 1 & select_ln167 != 2 & select_ln167 != 3 & select_ln167 != 4)> <Delay = 0.00>
ST_2 : Operation 198 [1/1] (0.63ns)   --->   "%store_ln169 = store i1 0, i2 %correction_4_addr" [predecoder_kernel.cpp:169]   --->   Operation 198 'store' 'store_ln169' <Predicate = (!trunc_ln166 & select_ln167_1 == 0 & select_ln167 == 4)> <Delay = 0.63> <CoreInst = "RAM">   --->   Core 83 'RAM' <Latency = 1> <II = 1> <Delay = 0.63> <Storage> <Opcode : 'load' 'store'> <Ports = 2> <Width = 1> <Depth = 3> <RAM>
ST_2 : Operation 199 [1/1] (0.00ns)   --->   "%br_ln169 = br void %arrayidx1215.exit12" [predecoder_kernel.cpp:169]   --->   Operation 199 'br' 'br_ln169' <Predicate = (!trunc_ln166 & select_ln167_1 == 0 & select_ln167 == 4)> <Delay = 0.00>
ST_2 : Operation 200 [1/1] (0.63ns)   --->   "%store_ln169 = store i1 0, i2 %correction_3_addr" [predecoder_kernel.cpp:169]   --->   Operation 200 'store' 'store_ln169' <Predicate = (!trunc_ln166 & select_ln167_1 == 0 & select_ln167 == 3)> <Delay = 0.63> <CoreInst = "RAM">   --->   Core 83 'RAM' <Latency = 1> <II = 1> <Delay = 0.63> <Storage> <Opcode : 'load' 'store'> <Ports = 2> <Width = 1> <Depth = 3> <RAM>
ST_2 : Operation 201 [1/1] (0.00ns)   --->   "%br_ln169 = br void %arrayidx1215.exit12" [predecoder_kernel.cpp:169]   --->   Operation 201 'br' 'br_ln169' <Predicate = (!trunc_ln166 & select_ln167_1 == 0 & select_ln167 == 3)> <Delay = 0.00>
ST_2 : Operation 202 [1/1] (0.63ns)   --->   "%store_ln169 = store i1 0, i2 %correction_2_addr" [predecoder_kernel.cpp:169]   --->   Operation 202 'store' 'store_ln169' <Predicate = (!trunc_ln166 & select_ln167_1 == 0 & select_ln167 == 2)> <Delay = 0.63> <CoreInst = "RAM">   --->   Core 83 'RAM' <Latency = 1> <II = 1> <Delay = 0.63> <Storage> <Opcode : 'load' 'store'> <Ports = 2> <Width = 1> <Depth = 3> <RAM>
ST_2 : Operation 203 [1/1] (0.00ns)   --->   "%br_ln169 = br void %arrayidx1215.exit12" [predecoder_kernel.cpp:169]   --->   Operation 203 'br' 'br_ln169' <Predicate = (!trunc_ln166 & select_ln167_1 == 0 & select_ln167 == 2)> <Delay = 0.00>
ST_2 : Operation 204 [1/1] (0.63ns)   --->   "%store_ln169 = store i1 0, i2 %correction_1_addr" [predecoder_kernel.cpp:169]   --->   Operation 204 'store' 'store_ln169' <Predicate = (!trunc_ln166 & select_ln167_1 == 0 & select_ln167 == 1)> <Delay = 0.63> <CoreInst = "RAM">   --->   Core 83 'RAM' <Latency = 1> <II = 1> <Delay = 0.63> <Storage> <Opcode : 'load' 'store'> <Ports = 2> <Width = 1> <Depth = 3> <RAM>
ST_2 : Operation 205 [1/1] (0.00ns)   --->   "%br_ln169 = br void %arrayidx1215.exit12" [predecoder_kernel.cpp:169]   --->   Operation 205 'br' 'br_ln169' <Predicate = (!trunc_ln166 & select_ln167_1 == 0 & select_ln167 == 1)> <Delay = 0.00>
ST_2 : Operation 206 [1/1] (0.63ns)   --->   "%store_ln169 = store i1 0, i2 %correction_addr" [predecoder_kernel.cpp:169]   --->   Operation 206 'store' 'store_ln169' <Predicate = (!trunc_ln166 & select_ln167_1 == 0 & select_ln167 == 0)> <Delay = 0.63> <CoreInst = "RAM">   --->   Core 83 'RAM' <Latency = 1> <II = 1> <Delay = 0.63> <Storage> <Opcode : 'load' 'store'> <Ports = 2> <Width = 1> <Depth = 3> <RAM>
ST_2 : Operation 207 [1/1] (0.00ns)   --->   "%br_ln169 = br void %arrayidx1215.exit12" [predecoder_kernel.cpp:169]   --->   Operation 207 'br' 'br_ln169' <Predicate = (!trunc_ln166 & select_ln167_1 == 0 & select_ln167 == 0)> <Delay = 0.00>
ST_2 : Operation 208 [1/1] (0.63ns)   --->   "%store_ln169 = store i1 0, i2 %correction_5_addr" [predecoder_kernel.cpp:169]   --->   Operation 208 'store' 'store_ln169' <Predicate = (!trunc_ln166 & select_ln167_1 == 0 & select_ln167 != 0 & select_ln167 != 1 & select_ln167 != 2 & select_ln167 != 3 & select_ln167 != 4)> <Delay = 0.63> <CoreInst = "RAM">   --->   Core 83 'RAM' <Latency = 1> <II = 1> <Delay = 0.63> <Storage> <Opcode : 'load' 'store'> <Ports = 2> <Width = 1> <Depth = 3> <RAM>
ST_2 : Operation 209 [1/1] (0.00ns)   --->   "%br_ln169 = br void %arrayidx1215.exit12" [predecoder_kernel.cpp:169]   --->   Operation 209 'br' 'br_ln169' <Predicate = (!trunc_ln166 & select_ln167_1 == 0 & select_ln167 != 0 & select_ln167 != 1 & select_ln167 != 2 & select_ln167 != 3 & select_ln167 != 4)> <Delay = 0.00>
ST_2 : Operation 210 [1/1] (0.63ns)   --->   "%store_ln169 = store i1 0, i2 %correction_34_addr" [predecoder_kernel.cpp:169]   --->   Operation 210 'store' 'store_ln169' <Predicate = (!trunc_ln166 & select_ln167_1 != 0 & select_ln167_1 != 1 & select_ln167_1 != 2 & select_ln167_1 != 3 & select_ln167_1 != 4 & select_ln167 == 4)> <Delay = 0.63> <CoreInst = "RAM">   --->   Core 83 'RAM' <Latency = 1> <II = 1> <Delay = 0.63> <Storage> <Opcode : 'load' 'store'> <Ports = 2> <Width = 1> <Depth = 3> <RAM>
ST_2 : Operation 211 [1/1] (0.00ns)   --->   "%br_ln169 = br void %arrayidx1215.exit52" [predecoder_kernel.cpp:169]   --->   Operation 211 'br' 'br_ln169' <Predicate = (!trunc_ln166 & select_ln167_1 != 0 & select_ln167_1 != 1 & select_ln167_1 != 2 & select_ln167_1 != 3 & select_ln167_1 != 4 & select_ln167 == 4)> <Delay = 0.00>
ST_2 : Operation 212 [1/1] (0.63ns)   --->   "%store_ln169 = store i1 0, i2 %correction_33_addr" [predecoder_kernel.cpp:169]   --->   Operation 212 'store' 'store_ln169' <Predicate = (!trunc_ln166 & select_ln167_1 != 0 & select_ln167_1 != 1 & select_ln167_1 != 2 & select_ln167_1 != 3 & select_ln167_1 != 4 & select_ln167 == 3)> <Delay = 0.63> <CoreInst = "RAM">   --->   Core 83 'RAM' <Latency = 1> <II = 1> <Delay = 0.63> <Storage> <Opcode : 'load' 'store'> <Ports = 2> <Width = 1> <Depth = 3> <RAM>
ST_2 : Operation 213 [1/1] (0.00ns)   --->   "%br_ln169 = br void %arrayidx1215.exit52" [predecoder_kernel.cpp:169]   --->   Operation 213 'br' 'br_ln169' <Predicate = (!trunc_ln166 & select_ln167_1 != 0 & select_ln167_1 != 1 & select_ln167_1 != 2 & select_ln167_1 != 3 & select_ln167_1 != 4 & select_ln167 == 3)> <Delay = 0.00>
ST_2 : Operation 214 [1/1] (0.63ns)   --->   "%store_ln169 = store i1 0, i2 %correction_32_addr" [predecoder_kernel.cpp:169]   --->   Operation 214 'store' 'store_ln169' <Predicate = (!trunc_ln166 & select_ln167_1 != 0 & select_ln167_1 != 1 & select_ln167_1 != 2 & select_ln167_1 != 3 & select_ln167_1 != 4 & select_ln167 == 2)> <Delay = 0.63> <CoreInst = "RAM">   --->   Core 83 'RAM' <Latency = 1> <II = 1> <Delay = 0.63> <Storage> <Opcode : 'load' 'store'> <Ports = 2> <Width = 1> <Depth = 3> <RAM>
ST_2 : Operation 215 [1/1] (0.00ns)   --->   "%br_ln169 = br void %arrayidx1215.exit52" [predecoder_kernel.cpp:169]   --->   Operation 215 'br' 'br_ln169' <Predicate = (!trunc_ln166 & select_ln167_1 != 0 & select_ln167_1 != 1 & select_ln167_1 != 2 & select_ln167_1 != 3 & select_ln167_1 != 4 & select_ln167 == 2)> <Delay = 0.00>
ST_2 : Operation 216 [1/1] (0.63ns)   --->   "%store_ln169 = store i1 0, i2 %correction_31_addr" [predecoder_kernel.cpp:169]   --->   Operation 216 'store' 'store_ln169' <Predicate = (!trunc_ln166 & select_ln167_1 != 0 & select_ln167_1 != 1 & select_ln167_1 != 2 & select_ln167_1 != 3 & select_ln167_1 != 4 & select_ln167 == 1)> <Delay = 0.63> <CoreInst = "RAM">   --->   Core 83 'RAM' <Latency = 1> <II = 1> <Delay = 0.63> <Storage> <Opcode : 'load' 'store'> <Ports = 2> <Width = 1> <Depth = 3> <RAM>
ST_2 : Operation 217 [1/1] (0.00ns)   --->   "%br_ln169 = br void %arrayidx1215.exit52" [predecoder_kernel.cpp:169]   --->   Operation 217 'br' 'br_ln169' <Predicate = (!trunc_ln166 & select_ln167_1 != 0 & select_ln167_1 != 1 & select_ln167_1 != 2 & select_ln167_1 != 3 & select_ln167_1 != 4 & select_ln167 == 1)> <Delay = 0.00>
ST_2 : Operation 218 [1/1] (0.63ns)   --->   "%store_ln169 = store i1 0, i2 %correction_30_addr" [predecoder_kernel.cpp:169]   --->   Operation 218 'store' 'store_ln169' <Predicate = (!trunc_ln166 & select_ln167_1 != 0 & select_ln167_1 != 1 & select_ln167_1 != 2 & select_ln167_1 != 3 & select_ln167_1 != 4 & select_ln167 == 0)> <Delay = 0.63> <CoreInst = "RAM">   --->   Core 83 'RAM' <Latency = 1> <II = 1> <Delay = 0.63> <Storage> <Opcode : 'load' 'store'> <Ports = 2> <Width = 1> <Depth = 3> <RAM>
ST_2 : Operation 219 [1/1] (0.00ns)   --->   "%br_ln169 = br void %arrayidx1215.exit52" [predecoder_kernel.cpp:169]   --->   Operation 219 'br' 'br_ln169' <Predicate = (!trunc_ln166 & select_ln167_1 != 0 & select_ln167_1 != 1 & select_ln167_1 != 2 & select_ln167_1 != 3 & select_ln167_1 != 4 & select_ln167 == 0)> <Delay = 0.00>
ST_2 : Operation 220 [1/1] (0.63ns)   --->   "%store_ln169 = store i1 0, i2 %correction_35_addr" [predecoder_kernel.cpp:169]   --->   Operation 220 'store' 'store_ln169' <Predicate = (!trunc_ln166 & select_ln167_1 != 0 & select_ln167_1 != 1 & select_ln167_1 != 2 & select_ln167_1 != 3 & select_ln167_1 != 4 & select_ln167 != 0 & select_ln167 != 1 & select_ln167 != 2 & select_ln167 != 3 & select_ln167 != 4)> <Delay = 0.63> <CoreInst = "RAM">   --->   Core 83 'RAM' <Latency = 1> <II = 1> <Delay = 0.63> <Storage> <Opcode : 'load' 'store'> <Ports = 2> <Width = 1> <Depth = 3> <RAM>
ST_2 : Operation 221 [1/1] (0.00ns)   --->   "%br_ln169 = br void %arrayidx1215.exit52" [predecoder_kernel.cpp:169]   --->   Operation 221 'br' 'br_ln169' <Predicate = (!trunc_ln166 & select_ln167_1 != 0 & select_ln167_1 != 1 & select_ln167_1 != 2 & select_ln167_1 != 3 & select_ln167_1 != 4 & select_ln167 != 0 & select_ln167 != 1 & select_ln167 != 2 & select_ln167 != 3 & select_ln167 != 4)> <Delay = 0.00>
ST_2 : Operation 222 [1/1] (0.67ns)   --->   "%switch_ln169 = switch i3 %select_ln167_1, void %arrayidx1215.case.566, i3 0, void %arrayidx1215.case.061, i3 1, void %arrayidx1215.case.162, i3 2, void %arrayidx1215.case.263, i3 3, void %arrayidx1215.case.364, i3 4, void %arrayidx1215.case.465" [predecoder_kernel.cpp:169]   --->   Operation 222 'switch' 'switch_ln169' <Predicate = (trunc_ln166)> <Delay = 0.67>
ST_2 : Operation 223 [1/1] (0.63ns)   --->   "%store_ln169 = store i1 0, i2 %correction_64_addr" [predecoder_kernel.cpp:169]   --->   Operation 223 'store' 'store_ln169' <Predicate = (trunc_ln166 & select_ln167_1 == 4 & select_ln167 == 4)> <Delay = 0.63> <CoreInst = "RAM">   --->   Core 83 'RAM' <Latency = 1> <II = 1> <Delay = 0.63> <Storage> <Opcode : 'load' 'store'> <Ports = 2> <Width = 1> <Depth = 3> <RAM>
ST_2 : Operation 224 [1/1] (0.00ns)   --->   "%br_ln169 = br void %arrayidx1215.exit100" [predecoder_kernel.cpp:169]   --->   Operation 224 'br' 'br_ln169' <Predicate = (trunc_ln166 & select_ln167_1 == 4 & select_ln167 == 4)> <Delay = 0.00>
ST_2 : Operation 225 [1/1] (0.63ns)   --->   "%store_ln169 = store i1 0, i2 %correction_63_addr" [predecoder_kernel.cpp:169]   --->   Operation 225 'store' 'store_ln169' <Predicate = (trunc_ln166 & select_ln167_1 == 4 & select_ln167 == 3)> <Delay = 0.63> <CoreInst = "RAM">   --->   Core 83 'RAM' <Latency = 1> <II = 1> <Delay = 0.63> <Storage> <Opcode : 'load' 'store'> <Ports = 2> <Width = 1> <Depth = 3> <RAM>
ST_2 : Operation 226 [1/1] (0.00ns)   --->   "%br_ln169 = br void %arrayidx1215.exit100" [predecoder_kernel.cpp:169]   --->   Operation 226 'br' 'br_ln169' <Predicate = (trunc_ln166 & select_ln167_1 == 4 & select_ln167 == 3)> <Delay = 0.00>
ST_2 : Operation 227 [1/1] (0.63ns)   --->   "%store_ln169 = store i1 0, i2 %correction_62_addr" [predecoder_kernel.cpp:169]   --->   Operation 227 'store' 'store_ln169' <Predicate = (trunc_ln166 & select_ln167_1 == 4 & select_ln167 == 2)> <Delay = 0.63> <CoreInst = "RAM">   --->   Core 83 'RAM' <Latency = 1> <II = 1> <Delay = 0.63> <Storage> <Opcode : 'load' 'store'> <Ports = 2> <Width = 1> <Depth = 3> <RAM>
ST_2 : Operation 228 [1/1] (0.00ns)   --->   "%br_ln169 = br void %arrayidx1215.exit100" [predecoder_kernel.cpp:169]   --->   Operation 228 'br' 'br_ln169' <Predicate = (trunc_ln166 & select_ln167_1 == 4 & select_ln167 == 2)> <Delay = 0.00>
ST_2 : Operation 229 [1/1] (0.63ns)   --->   "%store_ln169 = store i1 0, i2 %correction_61_addr" [predecoder_kernel.cpp:169]   --->   Operation 229 'store' 'store_ln169' <Predicate = (trunc_ln166 & select_ln167_1 == 4 & select_ln167 == 1)> <Delay = 0.63> <CoreInst = "RAM">   --->   Core 83 'RAM' <Latency = 1> <II = 1> <Delay = 0.63> <Storage> <Opcode : 'load' 'store'> <Ports = 2> <Width = 1> <Depth = 3> <RAM>
ST_2 : Operation 230 [1/1] (0.00ns)   --->   "%br_ln169 = br void %arrayidx1215.exit100" [predecoder_kernel.cpp:169]   --->   Operation 230 'br' 'br_ln169' <Predicate = (trunc_ln166 & select_ln167_1 == 4 & select_ln167 == 1)> <Delay = 0.00>
ST_2 : Operation 231 [1/1] (0.63ns)   --->   "%store_ln169 = store i1 0, i2 %correction_60_addr" [predecoder_kernel.cpp:169]   --->   Operation 231 'store' 'store_ln169' <Predicate = (trunc_ln166 & select_ln167_1 == 4 & select_ln167 == 0)> <Delay = 0.63> <CoreInst = "RAM">   --->   Core 83 'RAM' <Latency = 1> <II = 1> <Delay = 0.63> <Storage> <Opcode : 'load' 'store'> <Ports = 2> <Width = 1> <Depth = 3> <RAM>
ST_2 : Operation 232 [1/1] (0.00ns)   --->   "%br_ln169 = br void %arrayidx1215.exit100" [predecoder_kernel.cpp:169]   --->   Operation 232 'br' 'br_ln169' <Predicate = (trunc_ln166 & select_ln167_1 == 4 & select_ln167 == 0)> <Delay = 0.00>
ST_2 : Operation 233 [1/1] (0.63ns)   --->   "%store_ln169 = store i1 0, i2 %correction_65_addr" [predecoder_kernel.cpp:169]   --->   Operation 233 'store' 'store_ln169' <Predicate = (trunc_ln166 & select_ln167_1 == 4 & select_ln167 != 0 & select_ln167 != 1 & select_ln167 != 2 & select_ln167 != 3 & select_ln167 != 4)> <Delay = 0.63> <CoreInst = "RAM">   --->   Core 83 'RAM' <Latency = 1> <II = 1> <Delay = 0.63> <Storage> <Opcode : 'load' 'store'> <Ports = 2> <Width = 1> <Depth = 3> <RAM>
ST_2 : Operation 234 [1/1] (0.00ns)   --->   "%br_ln169 = br void %arrayidx1215.exit100" [predecoder_kernel.cpp:169]   --->   Operation 234 'br' 'br_ln169' <Predicate = (trunc_ln166 & select_ln167_1 == 4 & select_ln167 != 0 & select_ln167 != 1 & select_ln167 != 2 & select_ln167 != 3 & select_ln167 != 4)> <Delay = 0.00>
ST_2 : Operation 235 [1/1] (0.63ns)   --->   "%store_ln169 = store i1 0, i2 %correction_58_addr" [predecoder_kernel.cpp:169]   --->   Operation 235 'store' 'store_ln169' <Predicate = (trunc_ln166 & select_ln167_1 == 3 & select_ln167 == 4)> <Delay = 0.63> <CoreInst = "RAM">   --->   Core 83 'RAM' <Latency = 1> <II = 1> <Delay = 0.63> <Storage> <Opcode : 'load' 'store'> <Ports = 2> <Width = 1> <Depth = 3> <RAM>
ST_2 : Operation 236 [1/1] (0.00ns)   --->   "%br_ln169 = br void %arrayidx1215.exit92" [predecoder_kernel.cpp:169]   --->   Operation 236 'br' 'br_ln169' <Predicate = (trunc_ln166 & select_ln167_1 == 3 & select_ln167 == 4)> <Delay = 0.00>
ST_2 : Operation 237 [1/1] (0.63ns)   --->   "%store_ln169 = store i1 0, i2 %correction_57_addr" [predecoder_kernel.cpp:169]   --->   Operation 237 'store' 'store_ln169' <Predicate = (trunc_ln166 & select_ln167_1 == 3 & select_ln167 == 3)> <Delay = 0.63> <CoreInst = "RAM">   --->   Core 83 'RAM' <Latency = 1> <II = 1> <Delay = 0.63> <Storage> <Opcode : 'load' 'store'> <Ports = 2> <Width = 1> <Depth = 3> <RAM>
ST_2 : Operation 238 [1/1] (0.00ns)   --->   "%br_ln169 = br void %arrayidx1215.exit92" [predecoder_kernel.cpp:169]   --->   Operation 238 'br' 'br_ln169' <Predicate = (trunc_ln166 & select_ln167_1 == 3 & select_ln167 == 3)> <Delay = 0.00>
ST_2 : Operation 239 [1/1] (0.63ns)   --->   "%store_ln169 = store i1 0, i2 %correction_56_addr" [predecoder_kernel.cpp:169]   --->   Operation 239 'store' 'store_ln169' <Predicate = (trunc_ln166 & select_ln167_1 == 3 & select_ln167 == 2)> <Delay = 0.63> <CoreInst = "RAM">   --->   Core 83 'RAM' <Latency = 1> <II = 1> <Delay = 0.63> <Storage> <Opcode : 'load' 'store'> <Ports = 2> <Width = 1> <Depth = 3> <RAM>
ST_2 : Operation 240 [1/1] (0.00ns)   --->   "%br_ln169 = br void %arrayidx1215.exit92" [predecoder_kernel.cpp:169]   --->   Operation 240 'br' 'br_ln169' <Predicate = (trunc_ln166 & select_ln167_1 == 3 & select_ln167 == 2)> <Delay = 0.00>
ST_2 : Operation 241 [1/1] (0.63ns)   --->   "%store_ln169 = store i1 0, i2 %correction_55_addr" [predecoder_kernel.cpp:169]   --->   Operation 241 'store' 'store_ln169' <Predicate = (trunc_ln166 & select_ln167_1 == 3 & select_ln167 == 1)> <Delay = 0.63> <CoreInst = "RAM">   --->   Core 83 'RAM' <Latency = 1> <II = 1> <Delay = 0.63> <Storage> <Opcode : 'load' 'store'> <Ports = 2> <Width = 1> <Depth = 3> <RAM>
ST_2 : Operation 242 [1/1] (0.00ns)   --->   "%br_ln169 = br void %arrayidx1215.exit92" [predecoder_kernel.cpp:169]   --->   Operation 242 'br' 'br_ln169' <Predicate = (trunc_ln166 & select_ln167_1 == 3 & select_ln167 == 1)> <Delay = 0.00>
ST_2 : Operation 243 [1/1] (0.63ns)   --->   "%store_ln169 = store i1 0, i2 %correction_54_addr" [predecoder_kernel.cpp:169]   --->   Operation 243 'store' 'store_ln169' <Predicate = (trunc_ln166 & select_ln167_1 == 3 & select_ln167 == 0)> <Delay = 0.63> <CoreInst = "RAM">   --->   Core 83 'RAM' <Latency = 1> <II = 1> <Delay = 0.63> <Storage> <Opcode : 'load' 'store'> <Ports = 2> <Width = 1> <Depth = 3> <RAM>
ST_2 : Operation 244 [1/1] (0.00ns)   --->   "%br_ln169 = br void %arrayidx1215.exit92" [predecoder_kernel.cpp:169]   --->   Operation 244 'br' 'br_ln169' <Predicate = (trunc_ln166 & select_ln167_1 == 3 & select_ln167 == 0)> <Delay = 0.00>
ST_2 : Operation 245 [1/1] (0.63ns)   --->   "%store_ln169 = store i1 0, i2 %correction_59_addr" [predecoder_kernel.cpp:169]   --->   Operation 245 'store' 'store_ln169' <Predicate = (trunc_ln166 & select_ln167_1 == 3 & select_ln167 != 0 & select_ln167 != 1 & select_ln167 != 2 & select_ln167 != 3 & select_ln167 != 4)> <Delay = 0.63> <CoreInst = "RAM">   --->   Core 83 'RAM' <Latency = 1> <II = 1> <Delay = 0.63> <Storage> <Opcode : 'load' 'store'> <Ports = 2> <Width = 1> <Depth = 3> <RAM>
ST_2 : Operation 246 [1/1] (0.00ns)   --->   "%br_ln169 = br void %arrayidx1215.exit92" [predecoder_kernel.cpp:169]   --->   Operation 246 'br' 'br_ln169' <Predicate = (trunc_ln166 & select_ln167_1 == 3 & select_ln167 != 0 & select_ln167 != 1 & select_ln167 != 2 & select_ln167 != 3 & select_ln167 != 4)> <Delay = 0.00>
ST_2 : Operation 247 [1/1] (0.63ns)   --->   "%store_ln169 = store i1 0, i2 %correction_52_addr" [predecoder_kernel.cpp:169]   --->   Operation 247 'store' 'store_ln169' <Predicate = (trunc_ln166 & select_ln167_1 == 2 & select_ln167 == 4)> <Delay = 0.63> <CoreInst = "RAM">   --->   Core 83 'RAM' <Latency = 1> <II = 1> <Delay = 0.63> <Storage> <Opcode : 'load' 'store'> <Ports = 2> <Width = 1> <Depth = 3> <RAM>
ST_2 : Operation 248 [1/1] (0.00ns)   --->   "%br_ln169 = br void %arrayidx1215.exit84" [predecoder_kernel.cpp:169]   --->   Operation 248 'br' 'br_ln169' <Predicate = (trunc_ln166 & select_ln167_1 == 2 & select_ln167 == 4)> <Delay = 0.00>
ST_2 : Operation 249 [1/1] (0.63ns)   --->   "%store_ln169 = store i1 0, i2 %correction_51_addr" [predecoder_kernel.cpp:169]   --->   Operation 249 'store' 'store_ln169' <Predicate = (trunc_ln166 & select_ln167_1 == 2 & select_ln167 == 3)> <Delay = 0.63> <CoreInst = "RAM">   --->   Core 83 'RAM' <Latency = 1> <II = 1> <Delay = 0.63> <Storage> <Opcode : 'load' 'store'> <Ports = 2> <Width = 1> <Depth = 3> <RAM>
ST_2 : Operation 250 [1/1] (0.00ns)   --->   "%br_ln169 = br void %arrayidx1215.exit84" [predecoder_kernel.cpp:169]   --->   Operation 250 'br' 'br_ln169' <Predicate = (trunc_ln166 & select_ln167_1 == 2 & select_ln167 == 3)> <Delay = 0.00>
ST_2 : Operation 251 [1/1] (0.63ns)   --->   "%store_ln169 = store i1 0, i2 %correction_50_addr" [predecoder_kernel.cpp:169]   --->   Operation 251 'store' 'store_ln169' <Predicate = (trunc_ln166 & select_ln167_1 == 2 & select_ln167 == 2)> <Delay = 0.63> <CoreInst = "RAM">   --->   Core 83 'RAM' <Latency = 1> <II = 1> <Delay = 0.63> <Storage> <Opcode : 'load' 'store'> <Ports = 2> <Width = 1> <Depth = 3> <RAM>
ST_2 : Operation 252 [1/1] (0.00ns)   --->   "%br_ln169 = br void %arrayidx1215.exit84" [predecoder_kernel.cpp:169]   --->   Operation 252 'br' 'br_ln169' <Predicate = (trunc_ln166 & select_ln167_1 == 2 & select_ln167 == 2)> <Delay = 0.00>
ST_2 : Operation 253 [1/1] (0.63ns)   --->   "%store_ln169 = store i1 0, i2 %correction_49_addr" [predecoder_kernel.cpp:169]   --->   Operation 253 'store' 'store_ln169' <Predicate = (trunc_ln166 & select_ln167_1 == 2 & select_ln167 == 1)> <Delay = 0.63> <CoreInst = "RAM">   --->   Core 83 'RAM' <Latency = 1> <II = 1> <Delay = 0.63> <Storage> <Opcode : 'load' 'store'> <Ports = 2> <Width = 1> <Depth = 3> <RAM>
ST_2 : Operation 254 [1/1] (0.00ns)   --->   "%br_ln169 = br void %arrayidx1215.exit84" [predecoder_kernel.cpp:169]   --->   Operation 254 'br' 'br_ln169' <Predicate = (trunc_ln166 & select_ln167_1 == 2 & select_ln167 == 1)> <Delay = 0.00>
ST_2 : Operation 255 [1/1] (0.63ns)   --->   "%store_ln169 = store i1 0, i2 %correction_48_addr" [predecoder_kernel.cpp:169]   --->   Operation 255 'store' 'store_ln169' <Predicate = (trunc_ln166 & select_ln167_1 == 2 & select_ln167 == 0)> <Delay = 0.63> <CoreInst = "RAM">   --->   Core 83 'RAM' <Latency = 1> <II = 1> <Delay = 0.63> <Storage> <Opcode : 'load' 'store'> <Ports = 2> <Width = 1> <Depth = 3> <RAM>
ST_2 : Operation 256 [1/1] (0.00ns)   --->   "%br_ln169 = br void %arrayidx1215.exit84" [predecoder_kernel.cpp:169]   --->   Operation 256 'br' 'br_ln169' <Predicate = (trunc_ln166 & select_ln167_1 == 2 & select_ln167 == 0)> <Delay = 0.00>
ST_2 : Operation 257 [1/1] (0.63ns)   --->   "%store_ln169 = store i1 0, i2 %correction_53_addr" [predecoder_kernel.cpp:169]   --->   Operation 257 'store' 'store_ln169' <Predicate = (trunc_ln166 & select_ln167_1 == 2 & select_ln167 != 0 & select_ln167 != 1 & select_ln167 != 2 & select_ln167 != 3 & select_ln167 != 4)> <Delay = 0.63> <CoreInst = "RAM">   --->   Core 83 'RAM' <Latency = 1> <II = 1> <Delay = 0.63> <Storage> <Opcode : 'load' 'store'> <Ports = 2> <Width = 1> <Depth = 3> <RAM>
ST_2 : Operation 258 [1/1] (0.00ns)   --->   "%br_ln169 = br void %arrayidx1215.exit84" [predecoder_kernel.cpp:169]   --->   Operation 258 'br' 'br_ln169' <Predicate = (trunc_ln166 & select_ln167_1 == 2 & select_ln167 != 0 & select_ln167 != 1 & select_ln167 != 2 & select_ln167 != 3 & select_ln167 != 4)> <Delay = 0.00>
ST_2 : Operation 259 [1/1] (0.63ns)   --->   "%store_ln169 = store i1 0, i2 %correction_46_addr" [predecoder_kernel.cpp:169]   --->   Operation 259 'store' 'store_ln169' <Predicate = (trunc_ln166 & select_ln167_1 == 1 & select_ln167 == 4)> <Delay = 0.63> <CoreInst = "RAM">   --->   Core 83 'RAM' <Latency = 1> <II = 1> <Delay = 0.63> <Storage> <Opcode : 'load' 'store'> <Ports = 2> <Width = 1> <Depth = 3> <RAM>
ST_2 : Operation 260 [1/1] (0.00ns)   --->   "%br_ln169 = br void %arrayidx1215.exit76" [predecoder_kernel.cpp:169]   --->   Operation 260 'br' 'br_ln169' <Predicate = (trunc_ln166 & select_ln167_1 == 1 & select_ln167 == 4)> <Delay = 0.00>
ST_2 : Operation 261 [1/1] (0.63ns)   --->   "%store_ln169 = store i1 0, i2 %correction_45_addr" [predecoder_kernel.cpp:169]   --->   Operation 261 'store' 'store_ln169' <Predicate = (trunc_ln166 & select_ln167_1 == 1 & select_ln167 == 3)> <Delay = 0.63> <CoreInst = "RAM">   --->   Core 83 'RAM' <Latency = 1> <II = 1> <Delay = 0.63> <Storage> <Opcode : 'load' 'store'> <Ports = 2> <Width = 1> <Depth = 3> <RAM>
ST_2 : Operation 262 [1/1] (0.00ns)   --->   "%br_ln169 = br void %arrayidx1215.exit76" [predecoder_kernel.cpp:169]   --->   Operation 262 'br' 'br_ln169' <Predicate = (trunc_ln166 & select_ln167_1 == 1 & select_ln167 == 3)> <Delay = 0.00>
ST_2 : Operation 263 [1/1] (0.63ns)   --->   "%store_ln169 = store i1 0, i2 %correction_44_addr" [predecoder_kernel.cpp:169]   --->   Operation 263 'store' 'store_ln169' <Predicate = (trunc_ln166 & select_ln167_1 == 1 & select_ln167 == 2)> <Delay = 0.63> <CoreInst = "RAM">   --->   Core 83 'RAM' <Latency = 1> <II = 1> <Delay = 0.63> <Storage> <Opcode : 'load' 'store'> <Ports = 2> <Width = 1> <Depth = 3> <RAM>
ST_2 : Operation 264 [1/1] (0.00ns)   --->   "%br_ln169 = br void %arrayidx1215.exit76" [predecoder_kernel.cpp:169]   --->   Operation 264 'br' 'br_ln169' <Predicate = (trunc_ln166 & select_ln167_1 == 1 & select_ln167 == 2)> <Delay = 0.00>
ST_2 : Operation 265 [1/1] (0.63ns)   --->   "%store_ln169 = store i1 0, i2 %correction_43_addr" [predecoder_kernel.cpp:169]   --->   Operation 265 'store' 'store_ln169' <Predicate = (trunc_ln166 & select_ln167_1 == 1 & select_ln167 == 1)> <Delay = 0.63> <CoreInst = "RAM">   --->   Core 83 'RAM' <Latency = 1> <II = 1> <Delay = 0.63> <Storage> <Opcode : 'load' 'store'> <Ports = 2> <Width = 1> <Depth = 3> <RAM>
ST_2 : Operation 266 [1/1] (0.00ns)   --->   "%br_ln169 = br void %arrayidx1215.exit76" [predecoder_kernel.cpp:169]   --->   Operation 266 'br' 'br_ln169' <Predicate = (trunc_ln166 & select_ln167_1 == 1 & select_ln167 == 1)> <Delay = 0.00>
ST_2 : Operation 267 [1/1] (0.63ns)   --->   "%store_ln169 = store i1 0, i2 %correction_42_addr" [predecoder_kernel.cpp:169]   --->   Operation 267 'store' 'store_ln169' <Predicate = (trunc_ln166 & select_ln167_1 == 1 & select_ln167 == 0)> <Delay = 0.63> <CoreInst = "RAM">   --->   Core 83 'RAM' <Latency = 1> <II = 1> <Delay = 0.63> <Storage> <Opcode : 'load' 'store'> <Ports = 2> <Width = 1> <Depth = 3> <RAM>
ST_2 : Operation 268 [1/1] (0.00ns)   --->   "%br_ln169 = br void %arrayidx1215.exit76" [predecoder_kernel.cpp:169]   --->   Operation 268 'br' 'br_ln169' <Predicate = (trunc_ln166 & select_ln167_1 == 1 & select_ln167 == 0)> <Delay = 0.00>
ST_2 : Operation 269 [1/1] (0.63ns)   --->   "%store_ln169 = store i1 0, i2 %correction_47_addr" [predecoder_kernel.cpp:169]   --->   Operation 269 'store' 'store_ln169' <Predicate = (trunc_ln166 & select_ln167_1 == 1 & select_ln167 != 0 & select_ln167 != 1 & select_ln167 != 2 & select_ln167 != 3 & select_ln167 != 4)> <Delay = 0.63> <CoreInst = "RAM">   --->   Core 83 'RAM' <Latency = 1> <II = 1> <Delay = 0.63> <Storage> <Opcode : 'load' 'store'> <Ports = 2> <Width = 1> <Depth = 3> <RAM>
ST_2 : Operation 270 [1/1] (0.00ns)   --->   "%br_ln169 = br void %arrayidx1215.exit76" [predecoder_kernel.cpp:169]   --->   Operation 270 'br' 'br_ln169' <Predicate = (trunc_ln166 & select_ln167_1 == 1 & select_ln167 != 0 & select_ln167 != 1 & select_ln167 != 2 & select_ln167 != 3 & select_ln167 != 4)> <Delay = 0.00>
ST_2 : Operation 271 [1/1] (0.63ns)   --->   "%store_ln169 = store i1 0, i2 %correction_40_addr" [predecoder_kernel.cpp:169]   --->   Operation 271 'store' 'store_ln169' <Predicate = (trunc_ln166 & select_ln167_1 == 0 & select_ln167 == 4)> <Delay = 0.63> <CoreInst = "RAM">   --->   Core 83 'RAM' <Latency = 1> <II = 1> <Delay = 0.63> <Storage> <Opcode : 'load' 'store'> <Ports = 2> <Width = 1> <Depth = 3> <RAM>
ST_2 : Operation 272 [1/1] (0.00ns)   --->   "%br_ln169 = br void %arrayidx1215.exit68" [predecoder_kernel.cpp:169]   --->   Operation 272 'br' 'br_ln169' <Predicate = (trunc_ln166 & select_ln167_1 == 0 & select_ln167 == 4)> <Delay = 0.00>
ST_2 : Operation 273 [1/1] (0.63ns)   --->   "%store_ln169 = store i1 0, i2 %correction_39_addr" [predecoder_kernel.cpp:169]   --->   Operation 273 'store' 'store_ln169' <Predicate = (trunc_ln166 & select_ln167_1 == 0 & select_ln167 == 3)> <Delay = 0.63> <CoreInst = "RAM">   --->   Core 83 'RAM' <Latency = 1> <II = 1> <Delay = 0.63> <Storage> <Opcode : 'load' 'store'> <Ports = 2> <Width = 1> <Depth = 3> <RAM>
ST_2 : Operation 274 [1/1] (0.00ns)   --->   "%br_ln169 = br void %arrayidx1215.exit68" [predecoder_kernel.cpp:169]   --->   Operation 274 'br' 'br_ln169' <Predicate = (trunc_ln166 & select_ln167_1 == 0 & select_ln167 == 3)> <Delay = 0.00>
ST_2 : Operation 275 [1/1] (0.63ns)   --->   "%store_ln169 = store i1 0, i2 %correction_38_addr" [predecoder_kernel.cpp:169]   --->   Operation 275 'store' 'store_ln169' <Predicate = (trunc_ln166 & select_ln167_1 == 0 & select_ln167 == 2)> <Delay = 0.63> <CoreInst = "RAM">   --->   Core 83 'RAM' <Latency = 1> <II = 1> <Delay = 0.63> <Storage> <Opcode : 'load' 'store'> <Ports = 2> <Width = 1> <Depth = 3> <RAM>
ST_2 : Operation 276 [1/1] (0.00ns)   --->   "%br_ln169 = br void %arrayidx1215.exit68" [predecoder_kernel.cpp:169]   --->   Operation 276 'br' 'br_ln169' <Predicate = (trunc_ln166 & select_ln167_1 == 0 & select_ln167 == 2)> <Delay = 0.00>
ST_2 : Operation 277 [1/1] (0.63ns)   --->   "%store_ln169 = store i1 0, i2 %correction_37_addr" [predecoder_kernel.cpp:169]   --->   Operation 277 'store' 'store_ln169' <Predicate = (trunc_ln166 & select_ln167_1 == 0 & select_ln167 == 1)> <Delay = 0.63> <CoreInst = "RAM">   --->   Core 83 'RAM' <Latency = 1> <II = 1> <Delay = 0.63> <Storage> <Opcode : 'load' 'store'> <Ports = 2> <Width = 1> <Depth = 3> <RAM>
ST_2 : Operation 278 [1/1] (0.00ns)   --->   "%br_ln169 = br void %arrayidx1215.exit68" [predecoder_kernel.cpp:169]   --->   Operation 278 'br' 'br_ln169' <Predicate = (trunc_ln166 & select_ln167_1 == 0 & select_ln167 == 1)> <Delay = 0.00>
ST_2 : Operation 279 [1/1] (0.63ns)   --->   "%store_ln169 = store i1 0, i2 %correction_36_addr" [predecoder_kernel.cpp:169]   --->   Operation 279 'store' 'store_ln169' <Predicate = (trunc_ln166 & select_ln167_1 == 0 & select_ln167 == 0)> <Delay = 0.63> <CoreInst = "RAM">   --->   Core 83 'RAM' <Latency = 1> <II = 1> <Delay = 0.63> <Storage> <Opcode : 'load' 'store'> <Ports = 2> <Width = 1> <Depth = 3> <RAM>
ST_2 : Operation 280 [1/1] (0.00ns)   --->   "%br_ln169 = br void %arrayidx1215.exit68" [predecoder_kernel.cpp:169]   --->   Operation 280 'br' 'br_ln169' <Predicate = (trunc_ln166 & select_ln167_1 == 0 & select_ln167 == 0)> <Delay = 0.00>
ST_2 : Operation 281 [1/1] (0.63ns)   --->   "%store_ln169 = store i1 0, i2 %correction_41_addr" [predecoder_kernel.cpp:169]   --->   Operation 281 'store' 'store_ln169' <Predicate = (trunc_ln166 & select_ln167_1 == 0 & select_ln167 != 0 & select_ln167 != 1 & select_ln167 != 2 & select_ln167 != 3 & select_ln167 != 4)> <Delay = 0.63> <CoreInst = "RAM">   --->   Core 83 'RAM' <Latency = 1> <II = 1> <Delay = 0.63> <Storage> <Opcode : 'load' 'store'> <Ports = 2> <Width = 1> <Depth = 3> <RAM>
ST_2 : Operation 282 [1/1] (0.00ns)   --->   "%br_ln169 = br void %arrayidx1215.exit68" [predecoder_kernel.cpp:169]   --->   Operation 282 'br' 'br_ln169' <Predicate = (trunc_ln166 & select_ln167_1 == 0 & select_ln167 != 0 & select_ln167 != 1 & select_ln167 != 2 & select_ln167 != 3 & select_ln167 != 4)> <Delay = 0.00>
ST_2 : Operation 283 [1/1] (0.63ns)   --->   "%store_ln169 = store i1 0, i2 %correction_70_addr" [predecoder_kernel.cpp:169]   --->   Operation 283 'store' 'store_ln169' <Predicate = (trunc_ln166 & select_ln167_1 != 0 & select_ln167_1 != 1 & select_ln167_1 != 2 & select_ln167_1 != 3 & select_ln167_1 != 4 & select_ln167 == 4)> <Delay = 0.63> <CoreInst = "RAM">   --->   Core 83 'RAM' <Latency = 1> <II = 1> <Delay = 0.63> <Storage> <Opcode : 'load' 'store'> <Ports = 2> <Width = 1> <Depth = 3> <RAM>
ST_2 : Operation 284 [1/1] (0.00ns)   --->   "%br_ln169 = br void %arrayidx1215.exit108" [predecoder_kernel.cpp:169]   --->   Operation 284 'br' 'br_ln169' <Predicate = (trunc_ln166 & select_ln167_1 != 0 & select_ln167_1 != 1 & select_ln167_1 != 2 & select_ln167_1 != 3 & select_ln167_1 != 4 & select_ln167 == 4)> <Delay = 0.00>
ST_2 : Operation 285 [1/1] (0.63ns)   --->   "%store_ln169 = store i1 0, i2 %correction_69_addr" [predecoder_kernel.cpp:169]   --->   Operation 285 'store' 'store_ln169' <Predicate = (trunc_ln166 & select_ln167_1 != 0 & select_ln167_1 != 1 & select_ln167_1 != 2 & select_ln167_1 != 3 & select_ln167_1 != 4 & select_ln167 == 3)> <Delay = 0.63> <CoreInst = "RAM">   --->   Core 83 'RAM' <Latency = 1> <II = 1> <Delay = 0.63> <Storage> <Opcode : 'load' 'store'> <Ports = 2> <Width = 1> <Depth = 3> <RAM>
ST_2 : Operation 286 [1/1] (0.00ns)   --->   "%br_ln169 = br void %arrayidx1215.exit108" [predecoder_kernel.cpp:169]   --->   Operation 286 'br' 'br_ln169' <Predicate = (trunc_ln166 & select_ln167_1 != 0 & select_ln167_1 != 1 & select_ln167_1 != 2 & select_ln167_1 != 3 & select_ln167_1 != 4 & select_ln167 == 3)> <Delay = 0.00>
ST_2 : Operation 287 [1/1] (0.63ns)   --->   "%store_ln169 = store i1 0, i2 %correction_68_addr" [predecoder_kernel.cpp:169]   --->   Operation 287 'store' 'store_ln169' <Predicate = (trunc_ln166 & select_ln167_1 != 0 & select_ln167_1 != 1 & select_ln167_1 != 2 & select_ln167_1 != 3 & select_ln167_1 != 4 & select_ln167 == 2)> <Delay = 0.63> <CoreInst = "RAM">   --->   Core 83 'RAM' <Latency = 1> <II = 1> <Delay = 0.63> <Storage> <Opcode : 'load' 'store'> <Ports = 2> <Width = 1> <Depth = 3> <RAM>
ST_2 : Operation 288 [1/1] (0.00ns)   --->   "%br_ln169 = br void %arrayidx1215.exit108" [predecoder_kernel.cpp:169]   --->   Operation 288 'br' 'br_ln169' <Predicate = (trunc_ln166 & select_ln167_1 != 0 & select_ln167_1 != 1 & select_ln167_1 != 2 & select_ln167_1 != 3 & select_ln167_1 != 4 & select_ln167 == 2)> <Delay = 0.00>
ST_2 : Operation 289 [1/1] (0.63ns)   --->   "%store_ln169 = store i1 0, i2 %correction_67_addr" [predecoder_kernel.cpp:169]   --->   Operation 289 'store' 'store_ln169' <Predicate = (trunc_ln166 & select_ln167_1 != 0 & select_ln167_1 != 1 & select_ln167_1 != 2 & select_ln167_1 != 3 & select_ln167_1 != 4 & select_ln167 == 1)> <Delay = 0.63> <CoreInst = "RAM">   --->   Core 83 'RAM' <Latency = 1> <II = 1> <Delay = 0.63> <Storage> <Opcode : 'load' 'store'> <Ports = 2> <Width = 1> <Depth = 3> <RAM>
ST_2 : Operation 290 [1/1] (0.00ns)   --->   "%br_ln169 = br void %arrayidx1215.exit108" [predecoder_kernel.cpp:169]   --->   Operation 290 'br' 'br_ln169' <Predicate = (trunc_ln166 & select_ln167_1 != 0 & select_ln167_1 != 1 & select_ln167_1 != 2 & select_ln167_1 != 3 & select_ln167_1 != 4 & select_ln167 == 1)> <Delay = 0.00>
ST_2 : Operation 291 [1/1] (0.63ns)   --->   "%store_ln169 = store i1 0, i2 %correction_66_addr" [predecoder_kernel.cpp:169]   --->   Operation 291 'store' 'store_ln169' <Predicate = (trunc_ln166 & select_ln167_1 != 0 & select_ln167_1 != 1 & select_ln167_1 != 2 & select_ln167_1 != 3 & select_ln167_1 != 4 & select_ln167 == 0)> <Delay = 0.63> <CoreInst = "RAM">   --->   Core 83 'RAM' <Latency = 1> <II = 1> <Delay = 0.63> <Storage> <Opcode : 'load' 'store'> <Ports = 2> <Width = 1> <Depth = 3> <RAM>
ST_2 : Operation 292 [1/1] (0.00ns)   --->   "%br_ln169 = br void %arrayidx1215.exit108" [predecoder_kernel.cpp:169]   --->   Operation 292 'br' 'br_ln169' <Predicate = (trunc_ln166 & select_ln167_1 != 0 & select_ln167_1 != 1 & select_ln167_1 != 2 & select_ln167_1 != 3 & select_ln167_1 != 4 & select_ln167 == 0)> <Delay = 0.00>
ST_2 : Operation 293 [1/1] (0.63ns)   --->   "%store_ln169 = store i1 0, i2 %correction_71_addr" [predecoder_kernel.cpp:169]   --->   Operation 293 'store' 'store_ln169' <Predicate = (trunc_ln166 & select_ln167_1 != 0 & select_ln167_1 != 1 & select_ln167_1 != 2 & select_ln167_1 != 3 & select_ln167_1 != 4 & select_ln167 != 0 & select_ln167 != 1 & select_ln167 != 2 & select_ln167 != 3 & select_ln167 != 4)> <Delay = 0.63> <CoreInst = "RAM">   --->   Core 83 'RAM' <Latency = 1> <II = 1> <Delay = 0.63> <Storage> <Opcode : 'load' 'store'> <Ports = 2> <Width = 1> <Depth = 3> <RAM>
ST_2 : Operation 294 [1/1] (0.00ns)   --->   "%br_ln169 = br void %arrayidx1215.exit108" [predecoder_kernel.cpp:169]   --->   Operation 294 'br' 'br_ln169' <Predicate = (trunc_ln166 & select_ln167_1 != 0 & select_ln167_1 != 1 & select_ln167_1 != 2 & select_ln167_1 != 3 & select_ln167_1 != 4 & select_ln167 != 0 & select_ln167 != 1 & select_ln167 != 2 & select_ln167 != 3 & select_ln167 != 4)> <Delay = 0.00>


============================================================
+ Verbose Summary: Timing violations
============================================================
Target clock period: 3.330ns, clock uncertainty: 0.899ns.

 <State 1>: 2.608ns
The critical path consists of the following:
	'store' operation 0 bit ('store_ln0') of constant 0 on local variable 'indvar_flatten' [80]  (0.387 ns)
	'load' operation 6 bit ('indvar_flatten_load', predecoder_kernel.cpp:167) on local variable 'indvar_flatten' [85]  (0.000 ns)
	'icmp' operation 1 bit ('icmp_ln167', predecoder_kernel.cpp:167) [97]  (0.706 ns)
	'select' operation 3 bit ('select_ln166', predecoder_kernel.cpp:166) [98]  (0.278 ns)
	'add' operation 3 bit ('add_ln167', predecoder_kernel.cpp:167) [103]  (0.572 ns)
	'select' operation 3 bit ('select_ln167_1', predecoder_kernel.cpp:167) [106]  (0.278 ns)
	'store' operation 0 bit ('store_ln167', predecoder_kernel.cpp:167) of variable 'select_ln167_1', predecoder_kernel.cpp:167 on local variable 'y', predecoder_kernel.cpp:167 [463]  (0.387 ns)

 <State 2>: 0.671ns
The critical path consists of the following:


============================================================
+ Verbose Summary: Binding
============================================================
N/A
* FSMD analyzer results:
  - Output states:
 - Input state : 
  - Chain level:
	State 1
	State 2


============================================================
+ Verbose Summary: Datapath Resource usage 
============================================================
N/A
