

================================================================
== Vitis HLS Report for 'predecoder_kernel'
================================================================
* Date:           Thu Sep  3 17:10:50 2026

* Version:        2023.2 (Build 4023990 on Oct 11 2023)
* Project:        predecoder_csynth_proj
* Solution:       solution1 (Vitis Kernel Flow Target)
* Product family: virtexuplusHBM
* Target device:  xcu55c-fsvh2892-2L-e


================================================================
== Performance Estimates
================================================================
+ Timing: 
    * Summary: 
    +--------+---------+----------+------------+
    |  Clock |  Target | Estimated| Uncertainty|
    +--------+---------+----------+------------+
    |ap_clk  |  3.33 ns|  2.757 ns|     0.90 ns|
    +--------+---------+----------+------------+

+ Latency: 
    * Summary: 
    +---------+---------+----------+----------+-------+--------+----------+
    |  Latency (cycles) |  Latency (absolute) |    Interval    | Pipeline |
    |   min   |   max   |    min   |    max   |  min  |   max  |   Type   |
    +---------+---------+----------+----------+-------+--------+----------+
    |   116284|   136935|  0.387 ms|  0.456 ms|  12783|  136919|  dataflow|
    +---------+---------+----------+----------+-------+--------+----------+

    + Detail: 
        * Instance: 
        N/A

        * Loop: 
        N/A

============================================================
+ Verbose Summary: Synthesis Manager
============================================================
InlineROM: 1
ExposeGlobal: 0
============================================================
+ Verbose Summary: CDFG Model
============================================================
IsTopModel: 1
ResetActiveHigh: 1
IsCombinational: 2
IsDatapathOnly: 0
HasWiredReturn: 1
HasMFsm: 0
HasVarLatency: 1
IsPipeline: 0
IsRtlPipelined: 0
IsInstanceOverlapped: 0
IsDontTouch: 0
HasImplIP: 0
IsGatedGlobalClock: 0


============================================================
+ Verbose Summary: Schedule
============================================================
* Number of FSM states : 14
* Pipeline : 0
* Dataflow Pipeline: 1
  DF-Pipeline-0: Size = 14, States = { 1 2 3 4 5 6 7 8 9 10 11 12 13 14 }

* FSM state transitions: 
1 --> 2 
2 --> 3 
3 --> 4 
4 --> 5 
5 --> 6 
6 --> 7 
7 --> 8 
8 --> 9 
9 --> 10 
10 --> 11 
11 --> 12 
12 --> 13 
13 --> 14 
14 --> 

* FSM state operations: 

State 1 <SV = 0> <Delay = 2.21>
ST_1 : Operation 15 [1/1] (1.00ns)   --->   "%correction_hbm_read = read i64 @_ssdm_op_Read.s_axilite.i64, i64 %correction_hbm" [predecoder_kernel.cpp:227]   --->   Operation 15 'read' 'correction_hbm_read' <Predicate = true> <Delay = 1.00> <CoreInst = "s_axilite">   --->   Core 122 's_axilite' <Latency = 0> <II = 1> <Delay = 1.00> <Adapter> <Opcode : 'read' 'write'>
ST_1 : Operation 16 [1/1] (1.00ns)   --->   "%syndrome_hbm_read = read i64 @_ssdm_op_Read.s_axilite.i64, i64 %syndrome_hbm" [predecoder_kernel.cpp:227]   --->   Operation 16 'read' 'syndrome_hbm_read' <Predicate = true> <Delay = 1.00> <CoreInst = "s_axilite">   --->   Core 122 's_axilite' <Latency = 0> <II = 1> <Delay = 1.00> <Adapter> <Opcode : 'read' 'write'>
ST_1 : Operation 17 [1/1] (0.00ns)   --->   "%correction_hbm_c = alloca i64 1" [predecoder_kernel.cpp:227]   --->   Operation 17 'alloca' 'correction_hbm_c' <Predicate = true> <Delay = 0.00> <CoreInst = "FIFO_SRL">   --->   Core 81 'FIFO_SRL' <Latency = 0> <II = 1> <Delay = 1.40> <Storage> <Opcode : 'read' 'write' 'nbread' 'nbwrite'> <Ports = 0> <Width = 64> <Depth = 8> <FIFO>
ST_1 : Operation 18 [1/1] (0.00ns)   --->   "%s0 = alloca i64 1"   --->   Operation 18 'alloca' 's0' <Predicate = true> <Delay = 0.00> <CoreInst = "FIFO_SRL">   --->   Core 81 'FIFO_SRL' <Latency = 0> <II = 1> <Delay = 1.42> <Storage> <Opcode : 'read' 'write' 'nbread' 'nbwrite'> <Ports = 0> <Width = 96> <Depth = 8> <FIFO>
ST_1 : Operation 19 [1/1] (0.00ns)   --->   "%s1 = alloca i64 1"   --->   Operation 19 'alloca' 's1' <Predicate = true> <Delay = 0.00> <CoreInst = "FIFO_SRL">   --->   Core 81 'FIFO_SRL' <Latency = 0> <II = 1> <Delay = 1.42> <Storage> <Opcode : 'read' 'write' 'nbread' 'nbwrite'> <Ports = 0> <Width = 96> <Depth = 8> <FIFO>
ST_1 : Operation 20 [1/1] (0.00ns)   --->   "%s2 = alloca i64 1"   --->   Operation 20 'alloca' 's2' <Predicate = true> <Delay = 0.00> <CoreInst = "FIFO_SRL">   --->   Core 81 'FIFO_SRL' <Latency = 0> <II = 1> <Delay = 1.42> <Storage> <Opcode : 'read' 'write' 'nbread' 'nbwrite'> <Ports = 0> <Width = 96> <Depth = 8> <FIFO>
ST_1 : Operation 21 [1/1] (0.00ns)   --->   "%s3 = alloca i64 1"   --->   Operation 21 'alloca' 's3' <Predicate = true> <Delay = 0.00> <CoreInst = "FIFO">   --->   Core 78 'FIFO' <Latency = 0> <II = 1> <Delay = 1.23> <Storage> <Opcode : 'read' 'write' 'nbread' 'nbwrite'> <Ports = 0> <Width = 448> <Depth = 8> <FIFO>
ST_1 : Operation 22 [1/1] (1.21ns)   --->   "%call_ln227 = call void @entry_proc, i64 %correction_hbm_read, i64 %correction_hbm_c" [predecoder_kernel.cpp:227]   --->   Operation 22 'call' 'call_ln227' <Predicate = true> <Delay = 1.21> <CoreType = "Generic">   --->   Core 0 '' <Latency = 0> <II = 1> <Delay = 1.00> <Generic> <Opcode : >

State 2 <SV = 1> <Delay = 2.43>
ST_2 : Operation 23 [2/2] (2.43ns)   --->   "%in_beat_channel = call i512 @Block_entry1_proc, i64 %syndrome_hbm_read, i512 %gmem0" [predecoder_kernel.cpp:227]   --->   Operation 23 'call' 'in_beat_channel' <Predicate = true> <Delay = 2.43> <CoreInst = "FIFO_SRL">   --->   Core 81 'FIFO_SRL' <Latency = 0> <II = 1> <Delay = 1.41> <Storage> <Opcode : 'read' 'write' 'nbread' 'nbwrite'> <Ports = 0> <Width = 512> <Depth = 2> <FIFO>

State 3 <SV = 2> <Delay = 2.43>
ST_3 : Operation 24 [1/2] (2.43ns)   --->   "%in_beat_channel = call i512 @Block_entry1_proc, i64 %syndrome_hbm_read, i512 %gmem0" [predecoder_kernel.cpp:227]   --->   Operation 24 'call' 'in_beat_channel' <Predicate = true> <Delay = 2.43> <CoreInst = "FIFO_SRL">   --->   Core 81 'FIFO_SRL' <Latency = 0> <II = 1> <Delay = 1.41> <Storage> <Opcode : 'read' 'write' 'nbread' 'nbwrite'> <Ports = 0> <Width = 512> <Depth = 2> <FIFO>

State 4 <SV = 3> <Delay = 1.21>
ST_4 : Operation 25 [2/2] (1.21ns)   --->   "%call_ln249 = call void @unpack_input, i512 %in_beat_channel, i96 %s0" [predecoder_kernel.cpp:249]   --->   Operation 25 'call' 'call_ln249' <Predicate = true> <Delay = 1.21> <CoreType = "Generic">   --->   Core 0 '' <Latency = 0> <II = 1> <Delay = 1.00> <Generic> <Opcode : >

State 5 <SV = 4> <Delay = 0.00>
ST_5 : Operation 26 [1/2] (0.00ns)   --->   "%call_ln249 = call void @unpack_input, i512 %in_beat_channel, i96 %s0" [predecoder_kernel.cpp:249]   --->   Operation 26 'call' 'call_ln249' <Predicate = true> <Delay = 0.00> <CoreType = "Generic">   --->   Core 0 '' <Latency = 0> <II = 1> <Delay = 1.00> <Generic> <Opcode : >

State 6 <SV = 5> <Delay = 0.00>
ST_6 : Operation 27 [2/2] (0.00ns)   --->   "%call_ln250 = call void @conv3d_hidden_layer<1>, i96 %s0, i96 %s1, i8 %p_ZN18predecoder_weightsL13LAYER0_WEIGHTE_0, i8 %p_ZN18predecoder_weightsL13LAYER0_WEIGHTE_1, i8 %p_ZN18predecoder_weightsL13LAYER0_WEIGHTE_2, i7 %p_ZN18predecoder_weightsL13LAYER0_WEIGHTE_3, i8 %p_ZN18predecoder_weightsL13LAYER0_WEIGHTE_4, i8 %p_ZN18predecoder_weightsL13LAYER0_WEIGHTE_5, i6 %p_ZN18predecoder_weightsL13LAYER0_WEIGHTE_6, i8 %p_ZN18predecoder_weightsL13LAYER0_WEIGHTE_7, i8 %p_ZN18predecoder_weightsL13LAYER0_WEIGHTE_8, i8 %p_ZN18predecoder_weightsL13LAYER0_WEIGHTE_9, i8 %p_ZN18predecoder_weightsL13LAYER0_WEIGHTE_10, i8 %p_ZN18predecoder_weightsL13LAYER0_WEIGHTE_11, i8 %p_ZN18predecoder_weightsL13LAYER0_WEIGHTE_12, i8 %p_ZN18predecoder_weightsL13LAYER0_WEIGHTE_13, i8 %p_ZN18predecoder_weightsL13LAYER0_WEIGHTE_14, i8 %p_ZN18predecoder_weightsL13LAYER0_WEIGHTE_15, i8 %p_ZN18predecoder_weightsL13LAYER0_WEIGHTE_16, i8 %p_ZN18predecoder_weightsL13LAYER0_WEIGHTE_17, i8 %p_ZN18predecoder_weightsL13LAYER0_WEIGHTE_18, i8 %p_ZN18predecoder_weightsL13LAYER0_WEIGHTE_19, i7 %p_ZN18predecoder_weightsL13LAYER0_WEIGHTE_20, i8 %p_ZN18predecoder_weightsL13LAYER0_WEIGHTE_21, i8 %p_ZN18predecoder_weightsL13LAYER0_WEIGHTE_22, i8 %p_ZN18predecoder_weightsL13LAYER0_WEIGHTE_23, i8 %p_ZN18predecoder_weightsL13LAYER0_WEIGHTE_24, i7 %p_ZN18predecoder_weightsL13LAYER0_WEIGHTE_25, i7 %p_ZN18predecoder_weightsL13LAYER0_WEIGHTE_26, i9 %predecoder_weights_LAYER0_BIAS, i41 %layer0_mult" [predecoder_kernel.cpp:250]   --->   Operation 27 'call' 'call_ln250' <Predicate = true> <Delay = 0.00> <CoreType = "Generic">   --->   Core 0 '' <Latency = 0> <II = 1> <Delay = 1.00> <Generic> <Opcode : >

State 7 <SV = 6> <Delay = 0.00>
ST_7 : Operation 28 [1/2] (0.00ns)   --->   "%call_ln250 = call void @conv3d_hidden_layer<1>, i96 %s0, i96 %s1, i8 %p_ZN18predecoder_weightsL13LAYER0_WEIGHTE_0, i8 %p_ZN18predecoder_weightsL13LAYER0_WEIGHTE_1, i8 %p_ZN18predecoder_weightsL13LAYER0_WEIGHTE_2, i7 %p_ZN18predecoder_weightsL13LAYER0_WEIGHTE_3, i8 %p_ZN18predecoder_weightsL13LAYER0_WEIGHTE_4, i8 %p_ZN18predecoder_weightsL13LAYER0_WEIGHTE_5, i6 %p_ZN18predecoder_weightsL13LAYER0_WEIGHTE_6, i8 %p_ZN18predecoder_weightsL13LAYER0_WEIGHTE_7, i8 %p_ZN18predecoder_weightsL13LAYER0_WEIGHTE_8, i8 %p_ZN18predecoder_weightsL13LAYER0_WEIGHTE_9, i8 %p_ZN18predecoder_weightsL13LAYER0_WEIGHTE_10, i8 %p_ZN18predecoder_weightsL13LAYER0_WEIGHTE_11, i8 %p_ZN18predecoder_weightsL13LAYER0_WEIGHTE_12, i8 %p_ZN18predecoder_weightsL13LAYER0_WEIGHTE_13, i8 %p_ZN18predecoder_weightsL13LAYER0_WEIGHTE_14, i8 %p_ZN18predecoder_weightsL13LAYER0_WEIGHTE_15, i8 %p_ZN18predecoder_weightsL13LAYER0_WEIGHTE_16, i8 %p_ZN18predecoder_weightsL13LAYER0_WEIGHTE_17, i8 %p_ZN18predecoder_weightsL13LAYER0_WEIGHTE_18, i8 %p_ZN18predecoder_weightsL13LAYER0_WEIGHTE_19, i7 %p_ZN18predecoder_weightsL13LAYER0_WEIGHTE_20, i8 %p_ZN18predecoder_weightsL13LAYER0_WEIGHTE_21, i8 %p_ZN18predecoder_weightsL13LAYER0_WEIGHTE_22, i8 %p_ZN18predecoder_weightsL13LAYER0_WEIGHTE_23, i8 %p_ZN18predecoder_weightsL13LAYER0_WEIGHTE_24, i7 %p_ZN18predecoder_weightsL13LAYER0_WEIGHTE_25, i7 %p_ZN18predecoder_weightsL13LAYER0_WEIGHTE_26, i9 %predecoder_weights_LAYER0_BIAS, i41 %layer0_mult" [predecoder_kernel.cpp:250]   --->   Operation 28 'call' 'call_ln250' <Predicate = true> <Delay = 0.00> <CoreType = "Generic">   --->   Core 0 '' <Latency = 0> <II = 1> <Delay = 1.00> <Generic> <Opcode : >

State 8 <SV = 7> <Delay = 0.00>
ST_8 : Operation 29 [2/2] (0.00ns)   --->   "%call_ln251 = call void @conv3d_hidden_layer<12>, i96 %s1, i96 %s2, i8 %p_ZN18predecoder_weightsL13LAYER1_WEIGHTE_0, i8 %p_ZN18predecoder_weightsL13LAYER1_WEIGHTE_1, i8 %p_ZN18predecoder_weightsL13LAYER1_WEIGHTE_2, i8 %p_ZN18predecoder_weightsL13LAYER1_WEIGHTE_3, i8 %p_ZN18predecoder_weightsL13LAYER1_WEIGHTE_4, i8 %p_ZN18predecoder_weightsL13LAYER1_WEIGHTE_5, i8 %p_ZN18predecoder_weightsL13LAYER1_WEIGHTE_6, i8 %p_ZN18predecoder_weightsL13LAYER1_WEIGHTE_7, i8 %p_ZN18predecoder_weightsL13LAYER1_WEIGHTE_8, i8 %p_ZN18predecoder_weightsL13LAYER1_WEIGHTE_9, i8 %p_ZN18predecoder_weightsL13LAYER1_WEIGHTE_10, i8 %p_ZN18predecoder_weightsL13LAYER1_WEIGHTE_11, i8 %p_ZN18predecoder_weightsL13LAYER1_WEIGHTE_12, i8 %p_ZN18predecoder_weightsL13LAYER1_WEIGHTE_13, i8 %p_ZN18predecoder_weightsL13LAYER1_WEIGHTE_14, i8 %p_ZN18predecoder_weightsL13LAYER1_WEIGHTE_15, i8 %p_ZN18predecoder_weightsL13LAYER1_WEIGHTE_16, i8 %p_ZN18predecoder_weightsL13LAYER1_WEIGHTE_17, i8 %p_ZN18predecoder_weightsL13LAYER1_WEIGHTE_18, i8 %p_ZN18predecoder_weightsL13LAYER1_WEIGHTE_19, i8 %p_ZN18predecoder_weightsL13LAYER1_WEIGHTE_20, i8 %p_ZN18predecoder_weightsL13LAYER1_WEIGHTE_21, i8 %p_ZN18predecoder_weightsL13LAYER1_WEIGHTE_22, i8 %p_ZN18predecoder_weightsL13LAYER1_WEIGHTE_23, i8 %p_ZN18predecoder_weightsL13LAYER1_WEIGHTE_24, i8 %p_ZN18predecoder_weightsL13LAYER1_WEIGHTE_25, i8 %p_ZN18predecoder_weightsL13LAYER1_WEIGHTE_26, i14 %predecoder_weights_LAYER1_BIAS, i33 %layer1_mult" [predecoder_kernel.cpp:251]   --->   Operation 29 'call' 'call_ln251' <Predicate = true> <Delay = 0.00> <CoreType = "Generic">   --->   Core 0 '' <Latency = 0> <II = 1> <Delay = 1.00> <Generic> <Opcode : >

State 9 <SV = 8> <Delay = 0.00>
ST_9 : Operation 30 [1/2] (0.00ns)   --->   "%call_ln251 = call void @conv3d_hidden_layer<12>, i96 %s1, i96 %s2, i8 %p_ZN18predecoder_weightsL13LAYER1_WEIGHTE_0, i8 %p_ZN18predecoder_weightsL13LAYER1_WEIGHTE_1, i8 %p_ZN18predecoder_weightsL13LAYER1_WEIGHTE_2, i8 %p_ZN18predecoder_weightsL13LAYER1_WEIGHTE_3, i8 %p_ZN18predecoder_weightsL13LAYER1_WEIGHTE_4, i8 %p_ZN18predecoder_weightsL13LAYER1_WEIGHTE_5, i8 %p_ZN18predecoder_weightsL13LAYER1_WEIGHTE_6, i8 %p_ZN18predecoder_weightsL13LAYER1_WEIGHTE_7, i8 %p_ZN18predecoder_weightsL13LAYER1_WEIGHTE_8, i8 %p_ZN18predecoder_weightsL13LAYER1_WEIGHTE_9, i8 %p_ZN18predecoder_weightsL13LAYER1_WEIGHTE_10, i8 %p_ZN18predecoder_weightsL13LAYER1_WEIGHTE_11, i8 %p_ZN18predecoder_weightsL13LAYER1_WEIGHTE_12, i8 %p_ZN18predecoder_weightsL13LAYER1_WEIGHTE_13, i8 %p_ZN18predecoder_weightsL13LAYER1_WEIGHTE_14, i8 %p_ZN18predecoder_weightsL13LAYER1_WEIGHTE_15, i8 %p_ZN18predecoder_weightsL13LAYER1_WEIGHTE_16, i8 %p_ZN18predecoder_weightsL13LAYER1_WEIGHTE_17, i8 %p_ZN18predecoder_weightsL13LAYER1_WEIGHTE_18, i8 %p_ZN18predecoder_weightsL13LAYER1_WEIGHTE_19, i8 %p_ZN18predecoder_weightsL13LAYER1_WEIGHTE_20, i8 %p_ZN18predecoder_weightsL13LAYER1_WEIGHTE_21, i8 %p_ZN18predecoder_weightsL13LAYER1_WEIGHTE_22, i8 %p_ZN18predecoder_weightsL13LAYER1_WEIGHTE_23, i8 %p_ZN18predecoder_weightsL13LAYER1_WEIGHTE_24, i8 %p_ZN18predecoder_weightsL13LAYER1_WEIGHTE_25, i8 %p_ZN18predecoder_weightsL13LAYER1_WEIGHTE_26, i14 %predecoder_weights_LAYER1_BIAS, i33 %layer1_mult" [predecoder_kernel.cpp:251]   --->   Operation 30 'call' 'call_ln251' <Predicate = true> <Delay = 0.00> <CoreType = "Generic">   --->   Core 0 '' <Latency = 0> <II = 1> <Delay = 1.00> <Generic> <Opcode : >

State 10 <SV = 9> <Delay = 0.00>
ST_10 : Operation 31 [2/2] (0.00ns)   --->   "%call_ln252 = call void @conv1x1_output_layer, i96 %s2, i448 %s3" [predecoder_kernel.cpp:252]   --->   Operation 31 'call' 'call_ln252' <Predicate = true> <Delay = 0.00> <CoreType = "Generic">   --->   Core 0 '' <Latency = 0> <II = 1> <Delay = 1.00> <Generic> <Opcode : >

State 11 <SV = 10> <Delay = 0.00>
ST_11 : Operation 32 [1/2] (0.00ns)   --->   "%call_ln252 = call void @conv1x1_output_layer, i96 %s2, i448 %s3" [predecoder_kernel.cpp:252]   --->   Operation 32 'call' 'call_ln252' <Predicate = true> <Delay = 0.00> <CoreType = "Generic">   --->   Core 0 '' <Latency = 0> <II = 1> <Delay = 1.00> <Generic> <Opcode : >

State 12 <SV = 11> <Delay = 0.00>
ST_12 : Operation 33 [2/2] (0.00ns)   --->   "%out_beat = call i512 @edge_correction, i448 %s3, i1 %p_ZN24predecoder_kernel_configL14OBS_PARITY_LUTE_0, i1 %p_ZN24predecoder_kernel_configL14OBS_PARITY_LUTE_1, i1 %p_ZN24predecoder_kernel_configL14OBS_PARITY_LUTE_2, i1 %p_ZN24predecoder_kernel_configL14OBS_PARITY_LUTE_3, i1 %p_ZN24predecoder_kernel_configL14OBS_PARITY_LUTE_4, i1 %p_ZN24predecoder_kernel_configL14OBS_PARITY_LUTE_5, i1 %p_ZN24predecoder_kernel_configL14OBS_PARITY_LUTE_6, i1 %p_ZN24predecoder_kernel_configL14OBS_PARITY_LUTE_7, i1 %p_ZN24predecoder_kernel_configL14OBS_PARITY_LUTE_9, i1 %p_ZN24predecoder_kernel_configL14OBS_PARITY_LUTE_10, i1 %p_ZN24predecoder_kernel_configL14OBS_PARITY_LUTE_11, i1 %p_ZN24predecoder_kernel_configL14OBS_PARITY_LUTE_12, i1 %p_ZN24predecoder_kernel_configL14OBS_PARITY_LUTE_13, i1 %p_ZN24predecoder_kernel_configL14OBS_PARITY_LUTE_14, i1 %p_ZN24predecoder_kernel_configL14OBS_PARITY_LUTE_15, i1 %p_ZN24predecoder_kernel_configL14OBS_PARITY_LUTE_16" [predecoder_kernel.cpp:253]   --->   Operation 33 'call' 'out_beat' <Predicate = true> <Delay = 0.00> <CoreInst = "FIFO_SRL">   --->   Core 81 'FIFO_SRL' <Latency = 0> <II = 1> <Delay = 1.41> <Storage> <Opcode : 'read' 'write' 'nbread' 'nbwrite'> <Ports = 0> <Width = 512> <Depth = 2> <FIFO>

State 13 <SV = 12> <Delay = 0.00>
ST_13 : Operation 34 [1/2] (0.00ns)   --->   "%out_beat = call i512 @edge_correction, i448 %s3, i1 %p_ZN24predecoder_kernel_configL14OBS_PARITY_LUTE_0, i1 %p_ZN24predecoder_kernel_configL14OBS_PARITY_LUTE_1, i1 %p_ZN24predecoder_kernel_configL14OBS_PARITY_LUTE_2, i1 %p_ZN24predecoder_kernel_configL14OBS_PARITY_LUTE_3, i1 %p_ZN24predecoder_kernel_configL14OBS_PARITY_LUTE_4, i1 %p_ZN24predecoder_kernel_configL14OBS_PARITY_LUTE_5, i1 %p_ZN24predecoder_kernel_configL14OBS_PARITY_LUTE_6, i1 %p_ZN24predecoder_kernel_configL14OBS_PARITY_LUTE_7, i1 %p_ZN24predecoder_kernel_configL14OBS_PARITY_LUTE_9, i1 %p_ZN24predecoder_kernel_configL14OBS_PARITY_LUTE_10, i1 %p_ZN24predecoder_kernel_configL14OBS_PARITY_LUTE_11, i1 %p_ZN24predecoder_kernel_configL14OBS_PARITY_LUTE_12, i1 %p_ZN24predecoder_kernel_configL14OBS_PARITY_LUTE_13, i1 %p_ZN24predecoder_kernel_configL14OBS_PARITY_LUTE_14, i1 %p_ZN24predecoder_kernel_configL14OBS_PARITY_LUTE_15, i1 %p_ZN24predecoder_kernel_configL14OBS_PARITY_LUTE_16" [predecoder_kernel.cpp:253]   --->   Operation 34 'call' 'out_beat' <Predicate = true> <Delay = 0.00> <CoreInst = "FIFO_SRL">   --->   Core 81 'FIFO_SRL' <Latency = 0> <II = 1> <Delay = 1.41> <Storage> <Opcode : 'read' 'write' 'nbread' 'nbwrite'> <Ports = 0> <Width = 512> <Depth = 2> <FIFO>
ST_13 : Operation 35 [2/2] (1.21ns)   --->   "%call_ln253 = call void @Block_entry17_proc, i512 %out_beat, i64 %correction_hbm_c, i512 %gmem1" [predecoder_kernel.cpp:253]   --->   Operation 35 'call' 'call_ln253' <Predicate = true> <Delay = 1.21> <CoreType = "Generic">   --->   Core 0 '' <Latency = 0> <II = 1> <Delay = 1.00> <Generic> <Opcode : >

State 14 <SV = 13> <Delay = 0.00>
ST_14 : Operation 36 [1/1] (0.00ns)   --->   "%empty = specchannel i32 @_ssdm_op_SpecChannel, void @correction_hbm_c_str, i32 1, void @p_str, void @p_str, i32 8, i32 0, i64 %correction_hbm_c, i64 %correction_hbm_c" [predecoder_kernel.cpp:227]   --->   Operation 36 'specchannel' 'empty' <Predicate = true> <Delay = 0.00>
ST_14 : Operation 37 [1/1] (0.00ns)   --->   "%specinterface_ln227 = specinterface void @_ssdm_op_SpecInterface, i64 %correction_hbm_c, void @ap_fifo_str, i32 0, i32 0, void @p_str, i32 0, i32 0, void @p_str, void @p_str, void @p_str, i32 2, i32 2, i32 16, i32 16, void @p_str, void @p_str, i32 4294967295, i32 0" [predecoder_kernel.cpp:227]   --->   Operation 37 'specinterface' 'specinterface_ln227' <Predicate = true> <Delay = 0.00>
ST_14 : Operation 38 [1/1] (0.00ns)   --->   "%specdataflowpipeline_ln227 = specdataflowpipeline void @_ssdm_op_SpecDataflowPipeline, i32 4294967295, i32 0, void @empty_5" [predecoder_kernel.cpp:227]   --->   Operation 38 'specdataflowpipeline' 'specdataflowpipeline_ln227' <Predicate = true> <Delay = 0.00>
ST_14 : Operation 39 [1/1] (0.00ns)   --->   "%spectopmodule_ln223 = spectopmodule void @_ssdm_op_SpecTopModule, void @empty_16" [predecoder_kernel.cpp:223]   --->   Operation 39 'spectopmodule' 'spectopmodule_ln223' <Predicate = true> <Delay = 0.00>
ST_14 : Operation 40 [1/1] (0.00ns)   --->   "%specinterface_ln223 = specinterface void @_ssdm_op_SpecInterface, i32 0, void @empty_10, i32 0, i32 0, void @empty_5, i32 0, i32 0, void @empty_5, void @empty_5, void @empty_5, i32 0, i32 0, i32 0, i32 0, void @empty_5, void @empty_5, i32 4294967295, i32 0" [predecoder_kernel.cpp:223]   --->   Operation 40 'specinterface' 'specinterface_ln223' <Predicate = true> <Delay = 0.00>
ST_14 : Operation 41 [1/1] (0.00ns)   --->   "%specinterface_ln0 = specinterface void @_ssdm_op_SpecInterface, i512 %gmem0, void @empty_8, i32 0, i32 0, void @empty_5, i32 64, i32 1, void @empty_2, void @empty_3, void @empty_5, i32 4, i32 16, i32 16, i32 16, void @empty_5, void @empty_5, i32 4294967295, i32 0"   --->   Operation 41 'specinterface' 'specinterface_ln0' <Predicate = true> <Delay = 0.00>
ST_14 : Operation 42 [1/1] (0.00ns)   --->   "%specbitsmap_ln0 = specbitsmap void @_ssdm_op_SpecBitsMap, i512 %gmem0"   --->   Operation 42 'specbitsmap' 'specbitsmap_ln0' <Predicate = true> <Delay = 0.00>
ST_14 : Operation 43 [1/1] (0.00ns)   --->   "%specinterface_ln0 = specinterface void @_ssdm_op_SpecInterface, i512 %gmem1, void @empty_8, i32 0, i32 0, void @empty_5, i32 64, i32 1, void @empty_4, void @empty_3, void @empty_5, i32 16, i32 4, i32 16, i32 16, void @empty_5, void @empty_5, i32 4294967295, i32 0"   --->   Operation 43 'specinterface' 'specinterface_ln0' <Predicate = true> <Delay = 0.00>
ST_14 : Operation 44 [1/1] (0.00ns)   --->   "%specbitsmap_ln0 = specbitsmap void @_ssdm_op_SpecBitsMap, i512 %gmem1"   --->   Operation 44 'specbitsmap' 'specbitsmap_ln0' <Predicate = true> <Delay = 0.00>
ST_14 : Operation 45 [1/1] (0.00ns)   --->   "%specinterface_ln0 = specinterface void @_ssdm_op_SpecInterface, i64 %syndrome_hbm, void @empty_6, i32 0, i32 0, void @empty_5, i32 0, i32 0, void @empty, void @empty_0, void @empty_5, i32 0, i32 0, i32 0, i32 0, void @empty_5, void @empty_14, i32 4294967295, i32 0"   --->   Operation 45 'specinterface' 'specinterface_ln0' <Predicate = true> <Delay = 0.00>
ST_14 : Operation 46 [1/1] (0.00ns)   --->   "%specinterface_ln0 = specinterface void @_ssdm_op_SpecInterface, i64 %syndrome_hbm, void @empty_13, i32 0, i32 0, void @empty_5, i32 0, i32 0, void @empty_5, void @empty_5, void @empty_5, i32 0, i32 0, i32 0, i32 0, void @empty_5, void @empty_14, i32 4294967295, i32 0"   --->   Operation 46 'specinterface' 'specinterface_ln0' <Predicate = true> <Delay = 0.00>
ST_14 : Operation 47 [1/1] (0.00ns)   --->   "%specinterface_ln0 = specinterface void @_ssdm_op_SpecInterface, i64 %correction_hbm, void @empty_6, i32 0, i32 0, void @empty_5, i32 0, i32 0, void @empty, void @empty_12, void @empty_5, i32 0, i32 0, i32 0, i32 0, void @empty_5, void @empty_14, i32 4294967295, i32 0"   --->   Operation 47 'specinterface' 'specinterface_ln0' <Predicate = true> <Delay = 0.00>
ST_14 : Operation 48 [1/1] (0.00ns)   --->   "%specinterface_ln0 = specinterface void @_ssdm_op_SpecInterface, i64 %correction_hbm, void @empty_13, i32 0, i32 0, void @empty_5, i32 0, i32 0, void @empty_5, void @empty_5, void @empty_5, i32 0, i32 0, i32 0, i32 0, void @empty_5, void @empty_14, i32 4294967295, i32 0"   --->   Operation 48 'specinterface' 'specinterface_ln0' <Predicate = true> <Delay = 0.00>
ST_14 : Operation 49 [1/1] (0.00ns)   --->   "%specinterface_ln0 = specinterface void @_ssdm_op_SpecInterface, i32 0, void @empty_6, i32 0, i32 0, void @empty_5, i32 0, i32 0, void @empty, void @empty_5, void @empty_5, i32 0, i32 0, i32 0, i32 0, void @empty_5, void @empty_5, i32 4294967295, i32 0"   --->   Operation 49 'specinterface' 'specinterface_ln0' <Predicate = true> <Delay = 0.00>
ST_14 : Operation 50 [1/1] (0.00ns)   --->   "%empty_51 = specchannel i32 @_ssdm_op_SpecChannel, void @s0_str, i32 1, void @p_str, void @p_str, i32 8, i32 8, i96 %s0, i96 %s0"   --->   Operation 50 'specchannel' 'empty_51' <Predicate = true> <Delay = 0.00>
ST_14 : Operation 51 [1/1] (0.00ns)   --->   "%specinterface_ln0 = specinterface void @_ssdm_op_SpecInterface, i96 %s0, void @empty_1, i32 0, i32 0, void @empty_5, i32 0, i32 0, void @empty_5, void @empty_5, void @empty_5, i32 0, i32 0, i32 0, i32 0, void @empty_5, void @empty_5, i32 4294967295, i32 0"   --->   Operation 51 'specinterface' 'specinterface_ln0' <Predicate = true> <Delay = 0.00>
ST_14 : Operation 52 [1/1] (0.00ns)   --->   "%empty_52 = specchannel i32 @_ssdm_op_SpecChannel, void @s1_str, i32 1, void @p_str, void @p_str, i32 8, i32 8, i96 %s1, i96 %s1"   --->   Operation 52 'specchannel' 'empty_52' <Predicate = true> <Delay = 0.00>
ST_14 : Operation 53 [1/1] (0.00ns)   --->   "%specinterface_ln0 = specinterface void @_ssdm_op_SpecInterface, i96 %s1, void @empty_1, i32 0, i32 0, void @empty_5, i32 0, i32 0, void @empty_5, void @empty_5, void @empty_5, i32 0, i32 0, i32 0, i32 0, void @empty_5, void @empty_5, i32 4294967295, i32 0"   --->   Operation 53 'specinterface' 'specinterface_ln0' <Predicate = true> <Delay = 0.00>
ST_14 : Operation 54 [1/1] (0.00ns)   --->   "%empty_53 = specchannel i32 @_ssdm_op_SpecChannel, void @s2_str, i32 1, void @p_str, void @p_str, i32 8, i32 8, i96 %s2, i96 %s2"   --->   Operation 54 'specchannel' 'empty_53' <Predicate = true> <Delay = 0.00>
ST_14 : Operation 55 [1/1] (0.00ns)   --->   "%specinterface_ln0 = specinterface void @_ssdm_op_SpecInterface, i96 %s2, void @empty_1, i32 0, i32 0, void @empty_5, i32 0, i32 0, void @empty_5, void @empty_5, void @empty_5, i32 0, i32 0, i32 0, i32 0, void @empty_5, void @empty_5, i32 4294967295, i32 0"   --->   Operation 55 'specinterface' 'specinterface_ln0' <Predicate = true> <Delay = 0.00>
ST_14 : Operation 56 [1/1] (0.00ns)   --->   "%empty_54 = specchannel i32 @_ssdm_op_SpecChannel, void @s3_str, i32 1, void @p_str, void @p_str, i32 8, i32 8, i448 %s3, i448 %s3"   --->   Operation 56 'specchannel' 'empty_54' <Predicate = true> <Delay = 0.00>
ST_14 : Operation 57 [1/1] (0.00ns)   --->   "%specinterface_ln0 = specinterface void @_ssdm_op_SpecInterface, i448 %s3, void @empty_1, i32 0, i32 0, void @empty_5, i32 0, i32 0, void @empty_5, void @empty_5, void @empty_5, i32 0, i32 0, i32 0, i32 0, void @empty_5, void @empty_5, i32 4294967295, i32 0"   --->   Operation 57 'specinterface' 'specinterface_ln0' <Predicate = true> <Delay = 0.00>
ST_14 : Operation 58 [1/2] (0.00ns)   --->   "%call_ln253 = call void @Block_entry17_proc, i512 %out_beat, i64 %correction_hbm_c, i512 %gmem1" [predecoder_kernel.cpp:253]   --->   Operation 58 'call' 'call_ln253' <Predicate = true> <Delay = 0.00> <CoreType = "Generic">   --->   Core 0 '' <Latency = 0> <II = 1> <Delay = 1.00> <Generic> <Opcode : >
ST_14 : Operation 59 [1/1] (0.00ns)   --->   "%ret_ln256 = ret" [predecoder_kernel.cpp:256]   --->   Operation 59 'ret' 'ret_ln256' <Predicate = true> <Delay = 0.00>


============================================================
+ Verbose Summary: Timing violations
============================================================
Target clock period: 3.330ns, clock uncertainty: 0.899ns.

 <State 1>: 2.215ns
The critical path consists of the following:
	s_axi read operation ('correction_hbm_read', predecoder_kernel.cpp:227) on port 'correction_hbm' (predecoder_kernel.cpp:227) [79]  (1.000 ns)
	'call' operation 0 bit ('call_ln227', predecoder_kernel.cpp:227) to 'entry_proc' [108]  (1.215 ns)

 <State 2>: 2.431ns
The critical path consists of the following:
	'call' operation 512 bit ('in_beat_channel', predecoder_kernel.cpp:227) to 'Block_entry1_proc' [109]  (2.431 ns)

 <State 3>: 2.431ns
The critical path consists of the following:
	'call' operation 512 bit ('in_beat_channel', predecoder_kernel.cpp:227) to 'Block_entry1_proc' [109]  (2.431 ns)

 <State 4>: 1.215ns
The critical path consists of the following:
	'call' operation 0 bit ('call_ln249', predecoder_kernel.cpp:249) to 'unpack_input' [110]  (1.215 ns)

 <State 5>: 0.000ns
The critical path consists of the following:

 <State 6>: 0.000ns
The critical path consists of the following:

 <State 7>: 0.000ns
The critical path consists of the following:

 <State 8>: 0.000ns
The critical path consists of the following:

 <State 9>: 0.000ns
The critical path consists of the following:

 <State 10>: 0.000ns
The critical path consists of the following:

 <State 11>: 0.000ns
The critical path consists of the following:

 <State 12>: 0.000ns
The critical path consists of the following:

 <State 13>: 0.000ns
The critical path consists of the following:

 <State 14>: 0.000ns
The critical path consists of the following:


============================================================
+ Verbose Summary: Binding
============================================================
N/A
* FSMD analyzer results:
  - Output states:
 - Input state : 
  - Chain level:
	State 1
	State 2
	State 3
	State 4
	State 5
	State 6
	State 7
	State 8
	State 9
	State 10
	State 11
	State 12
	State 13
	State 14


============================================================
+ Verbose Summary: Datapath Resource usage 
============================================================
N/A
