

================================================================
== Vitis HLS Report for 'unpack_input'
================================================================
* Date:           Thu Sep  3 17:05:55 2026

* Version:        2023.2 (Build 4023990 on Oct 11 2023)
* Project:        predecoder_csynth_proj
* Solution:       solution1 (Vitis Kernel Flow Target)
* Product family: virtexuplusHBM
* Target device:  xcu55c-fsvh2892-2L-e


================================================================
== Performance Estimates
================================================================
+ Timing: 
    * Summary: 
    +--------+---------+----------+------------+
    |  Clock |  Target | Estimated| Uncertainty|
    +--------+---------+----------+------------+
    |ap_clk  |  3.33 ns|  2.757 ns|     0.90 ns|
    +--------+---------+----------+------------+

+ Latency: 
    * Summary: 
    +---------+---------+----------+----------+-----+-----+---------+
    |  Latency (cycles) |  Latency (absolute) |  Interval | Pipeline|
    |   min   |   max   |    min   |    max   | min | max |   Type  |
    +---------+---------+----------+----------+-----+-----+---------+
    |      219|      219|  0.729 us|  0.729 us|  219|  219|       no|
    +---------+---------+----------+----------+-----+-----+---------+

    + Detail: 
        * Instance: 
        N/A

        * Loop: 
        +------------------------------------------+---------+---------+----------+-----------+-----------+------+----------+
        |                                          |  Latency (cycles) | Iteration|  Initiation Interval  | Trip |          |
        |                 Loop Name                |   min   |   max   |  Latency |  achieved |   target  | Count| Pipelined|
        +------------------------------------------+---------+---------+----------+-----------+-----------+------+----------+
        |- UNPACK_VITIS_LOOP_19_1_VITIS_LOOP_20_2  |      217|      217|         3|          1|          1|   216|       yes|
        +------------------------------------------+---------+---------+----------+-----------+-----------+------+----------+

============================================================
+ Verbose Summary: Synthesis Manager
============================================================
InlineROM: 1
ExposeGlobal: 0
============================================================
+ Verbose Summary: CDFG Model
============================================================
IsTopModel: 0
ResetActiveHigh: 1
IsCombinational: 2
IsDatapathOnly: 0
HasWiredReturn: 1
HasMFsm: 2
HasVarLatency: 1
IsPipeline: 0
IsRtlPipelined: 0
IsInstanceOverlapped: 0
IsDontTouch: 0
HasImplIP: 0
IsGatedGlobalClock: 0

+ Individual pipeline summary: 
  * Pipeline-0: initiation interval (II) = 1, depth = 3


============================================================
+ Verbose Summary: Schedule
============================================================
* Number of FSM states : 3
* Pipeline : 1
  Pipeline-0 : II = 1, D = 3, States = { 1 2 3 }
* Dataflow Pipeline: 0

* FSM state transitions: 
1 --> 2 
2 --> 3 
3 --> 

* FSM state operations: 

State 1 <SV = 0> <Delay = 2.60>
ST_1 : Operation 6 [1/1] (0.00ns)   --->   "%x = alloca i32 1" [predecoder_kernel.cpp:20]   --->   Operation 6 'alloca' 'x' <Predicate = true> <Delay = 0.00>
ST_1 : Operation 7 [1/1] (0.00ns)   --->   "%y = alloca i32 1" [predecoder_kernel.cpp:19]   --->   Operation 7 'alloca' 'y' <Predicate = true> <Delay = 0.00>
ST_1 : Operation 8 [1/1] (0.00ns)   --->   "%indvar_flatten = alloca i32 1"   --->   Operation 8 'alloca' 'indvar_flatten' <Predicate = true> <Delay = 0.00>
ST_1 : Operation 9 [1/1] (0.00ns)   --->   "%t = alloca i32 1" [predecoder_kernel.cpp:18]   --->   Operation 9 'alloca' 't' <Predicate = true> <Delay = 0.00>
ST_1 : Operation 10 [1/1] (0.00ns)   --->   "%indvar_flatten12 = alloca i32 1"   --->   Operation 10 'alloca' 'indvar_flatten12' <Predicate = true> <Delay = 0.00>
ST_1 : Operation 11 [1/1] (0.00ns)   --->   "%specinterface_ln0 = specinterface void @_ssdm_op_SpecInterface, i96 %s0, void @empty_1, i32 0, i32 0, void @empty_5, i32 0, i32 0, void @empty_5, void @empty_5, void @empty_5, i32 0, i32 0, i32 0, i32 0, void @empty_5, void @empty_5, i32 4294967295, i32 0"   --->   Operation 11 'specinterface' 'specinterface_ln0' <Predicate = true> <Delay = 0.00>
ST_1 : Operation 12 [1/1] (1.21ns)   --->   "%beat_read_1 = read i512 @_ssdm_op_Read.ap_auto.i512, i512 %beat_read" [predecoder_kernel.cpp:16]   --->   Operation 12 'read' 'beat_read_1' <Predicate = true> <Delay = 1.21> <CoreInst = "FIFO_SRL">   --->   Core 81 'FIFO_SRL' <Latency = 0> <II = 1> <Delay = 1.42> <Storage> <Opcode : 'read' 'write' 'nbread' 'nbwrite'> <Ports = 0> <Width = -1> <Depth = -1> <FIFO>
ST_1 : Operation 13 [1/1] (0.38ns)   --->   "%store_ln0 = store i8 0, i8 %indvar_flatten12"   --->   Operation 13 'store' 'store_ln0' <Predicate = true> <Delay = 0.38>
ST_1 : Operation 15 [1/1] (0.38ns)   --->   "%store_ln0 = store i6 0, i6 %indvar_flatten"   --->   Operation 15 'store' 'store_ln0' <Predicate = true> <Delay = 0.38>
ST_1 : Operation 16 [1/1] (0.38ns)   --->   "%store_ln19 = store i3 0, i3 %y" [predecoder_kernel.cpp:19]   --->   Operation 16 'store' 'store_ln19' <Predicate = true> <Delay = 0.38>
ST_1 : Operation 17 [1/1] (0.38ns)   --->   "%store_ln20 = store i3 0, i3 %x" [predecoder_kernel.cpp:20]   --->   Operation 17 'store' 'store_ln20' <Predicate = true> <Delay = 0.38>
ST_1 : Operation 18 [1/1] (0.00ns)   --->   "%br_ln18 = br void %for.body8" [predecoder_kernel.cpp:18]   --->   Operation 18 'br' 'br_ln18' <Predicate = true> <Delay = 0.00>
ST_1 : Operation 19 [1/1] (0.00ns)   --->   "%indvar_flatten12_load = load i8 %indvar_flatten12" [predecoder_kernel.cpp:18]   --->   Operation 19 'load' 'indvar_flatten12_load' <Predicate = true> <Delay = 0.00>
ST_1 : Operation 20 [1/1] (0.70ns)   --->   "%icmp_ln18 = icmp_eq  i8 %indvar_flatten12_load, i8 216" [predecoder_kernel.cpp:18]   --->   Operation 20 'icmp' 'icmp_ln18' <Predicate = true> <Delay = 0.70> <CoreInst = "Cmp">   --->   Core 9 'Cmp' <Latency = 0> <II = 1> <Delay = 0.70> <FuncUnit> <Opcode : 'icmp'> <InPorts = 2> <OutPorts = 1>
ST_1 : Operation 21 [1/1] (0.70ns)   --->   "%add_ln18 = add i8 %indvar_flatten12_load, i8 1" [predecoder_kernel.cpp:18]   --->   Operation 21 'add' 'add_ln18' <Predicate = true> <Delay = 0.70> <CoreInst = "Adder">   --->   Core 1 'Adder' <Latency = 0> <II = 1> <Delay = 0.70> <FuncUnit> <Opcode : 'add' 'sub'> <InPorts = 2> <OutPorts = 1>
ST_1 : Operation 22 [1/1] (0.00ns)   --->   "%br_ln18 = br i1 %icmp_ln18, void %for.inc24, void %for.end26" [predecoder_kernel.cpp:18]   --->   Operation 22 'br' 'br_ln18' <Predicate = true> <Delay = 0.00>
ST_1 : Operation 23 [1/1] (0.00ns)   --->   "%x_load = load i3 %x" [predecoder_kernel.cpp:20]   --->   Operation 23 'load' 'x_load' <Predicate = (!icmp_ln18)> <Delay = 0.00>
ST_1 : Operation 24 [1/1] (0.00ns)   --->   "%y_load = load i3 %y" [predecoder_kernel.cpp:18]   --->   Operation 24 'load' 'y_load' <Predicate = (!icmp_ln18)> <Delay = 0.00>
ST_1 : Operation 25 [1/1] (0.00ns)   --->   "%indvar_flatten_load = load i6 %indvar_flatten" [predecoder_kernel.cpp:19]   --->   Operation 25 'load' 'indvar_flatten_load' <Predicate = (!icmp_ln18)> <Delay = 0.00>
ST_1 : Operation 26 [1/1] (0.70ns)   --->   "%icmp_ln19 = icmp_eq  i6 %indvar_flatten_load, i6 36" [predecoder_kernel.cpp:19]   --->   Operation 26 'icmp' 'icmp_ln19' <Predicate = (!icmp_ln18)> <Delay = 0.70> <CoreInst = "Cmp">   --->   Core 9 'Cmp' <Latency = 0> <II = 1> <Delay = 0.70> <FuncUnit> <Opcode : 'icmp'> <InPorts = 2> <OutPorts = 1>
ST_1 : Operation 27 [1/1] (0.27ns)   --->   "%select_ln18 = select i1 %icmp_ln19, i3 0, i3 %y_load" [predecoder_kernel.cpp:18]   --->   Operation 27 'select' 'select_ln18' <Predicate = (!icmp_ln18)> <Delay = 0.27> <CoreInst = "Sel">   --->   Core 73 'Sel' <Latency = 0> <II = 1> <Delay = 0.27> <FuncUnit> <Opcode : 'select'> <InPorts = 3> <OutPorts = 1>
ST_1 : Operation 28 [1/1] (0.00ns) (grouped into LUT with out node and_ln18)   --->   "%xor_ln18 = xor i1 %icmp_ln19, i1 1" [predecoder_kernel.cpp:18]   --->   Operation 28 'xor' 'xor_ln18' <Predicate = (!icmp_ln18)> <Delay = 0.00> <CoreInst = "LogicGate">   --->   Core 74 'LogicGate' <Latency = 0> <II = 1> <Delay = 0.12> <FuncUnit> <Opcode : 'and' 'or' 'xor'> <InPorts = 2> <OutPorts = 1>
ST_1 : Operation 29 [1/1] (0.57ns)   --->   "%icmp_ln20 = icmp_eq  i3 %x_load, i3 6" [predecoder_kernel.cpp:20]   --->   Operation 29 'icmp' 'icmp_ln20' <Predicate = (!icmp_ln18)> <Delay = 0.57> <CoreInst = "Cmp">   --->   Core 9 'Cmp' <Latency = 0> <II = 1> <Delay = 0.57> <FuncUnit> <Opcode : 'icmp'> <InPorts = 2> <OutPorts = 1>
ST_1 : Operation 30 [1/1] (0.12ns) (out node of the LUT)   --->   "%and_ln18 = and i1 %icmp_ln20, i1 %xor_ln18" [predecoder_kernel.cpp:18]   --->   Operation 30 'and' 'and_ln18' <Predicate = (!icmp_ln18)> <Delay = 0.12> <CoreInst = "LogicGate">   --->   Core 74 'LogicGate' <Latency = 0> <II = 1> <Delay = 0.12> <FuncUnit> <Opcode : 'and' 'or' 'xor'> <InPorts = 2> <OutPorts = 1>
ST_1 : Operation 31 [1/1] (0.57ns)   --->   "%y_2 = add i3 %select_ln18, i3 1" [predecoder_kernel.cpp:19]   --->   Operation 31 'add' 'y_2' <Predicate = (!icmp_ln18)> <Delay = 0.57> <CoreInst = "Adder">   --->   Core 1 'Adder' <Latency = 0> <II = 1> <Delay = 0.57> <FuncUnit> <Opcode : 'add' 'sub'> <InPorts = 2> <OutPorts = 1>
ST_1 : Operation 32 [1/1] (0.00ns) (grouped into LUT with out node select_ln19)   --->   "%or_ln19 = or i1 %and_ln18, i1 %icmp_ln19" [predecoder_kernel.cpp:19]   --->   Operation 32 'or' 'or_ln19' <Predicate = (!icmp_ln18)> <Delay = 0.00> <CoreInst = "LogicGate">   --->   Core 74 'LogicGate' <Latency = 0> <II = 1> <Delay = 0.12> <FuncUnit> <Opcode : 'and' 'or' 'xor'> <InPorts = 2> <OutPorts = 1>
ST_1 : Operation 33 [1/1] (0.27ns) (out node of the LUT)   --->   "%select_ln19 = select i1 %or_ln19, i3 0, i3 %x_load" [predecoder_kernel.cpp:19]   --->   Operation 33 'select' 'select_ln19' <Predicate = (!icmp_ln18)> <Delay = 0.27> <CoreInst = "Sel">   --->   Core 73 'Sel' <Latency = 0> <II = 1> <Delay = 0.27> <FuncUnit> <Opcode : 'select'> <InPorts = 3> <OutPorts = 1>
ST_1 : Operation 34 [1/1] (0.27ns)   --->   "%select_ln19_1 = select i1 %and_ln18, i3 %y_2, i3 %select_ln18" [predecoder_kernel.cpp:19]   --->   Operation 34 'select' 'select_ln19_1' <Predicate = (!icmp_ln18)> <Delay = 0.27> <CoreInst = "Sel">   --->   Core 73 'Sel' <Latency = 0> <II = 1> <Delay = 0.27> <FuncUnit> <Opcode : 'select'> <InPorts = 3> <OutPorts = 1>
ST_1 : Operation 35 [1/1] (0.57ns)   --->   "%x_1 = add i3 %select_ln19, i3 1" [predecoder_kernel.cpp:20]   --->   Operation 35 'add' 'x_1' <Predicate = (!icmp_ln18)> <Delay = 0.57> <CoreInst = "Adder">   --->   Core 1 'Adder' <Latency = 0> <II = 1> <Delay = 0.57> <FuncUnit> <Opcode : 'add' 'sub'> <InPorts = 2> <OutPorts = 1>
ST_1 : Operation 36 [1/1] (0.70ns)   --->   "%add_ln19_1 = add i6 %indvar_flatten_load, i6 1" [predecoder_kernel.cpp:19]   --->   Operation 36 'add' 'add_ln19_1' <Predicate = (!icmp_ln18)> <Delay = 0.70> <CoreInst = "Adder">   --->   Core 1 'Adder' <Latency = 0> <II = 1> <Delay = 0.70> <FuncUnit> <Opcode : 'add' 'sub'> <InPorts = 2> <OutPorts = 1>
ST_1 : Operation 37 [1/1] (0.29ns)   --->   "%select_ln19_2 = select i1 %icmp_ln19, i6 1, i6 %add_ln19_1" [predecoder_kernel.cpp:19]   --->   Operation 37 'select' 'select_ln19_2' <Predicate = (!icmp_ln18)> <Delay = 0.29> <CoreInst = "Sel">   --->   Core 73 'Sel' <Latency = 0> <II = 1> <Delay = 0.29> <FuncUnit> <Opcode : 'select'> <InPorts = 3> <OutPorts = 1>
ST_1 : Operation 38 [1/1] (0.38ns)   --->   "%store_ln18 = store i8 %add_ln18, i8 %indvar_flatten12" [predecoder_kernel.cpp:18]   --->   Operation 38 'store' 'store_ln18' <Predicate = (!icmp_ln18)> <Delay = 0.38>
ST_1 : Operation 39 [1/1] (0.38ns)   --->   "%store_ln19 = store i6 %select_ln19_2, i6 %indvar_flatten" [predecoder_kernel.cpp:19]   --->   Operation 39 'store' 'store_ln19' <Predicate = (!icmp_ln18)> <Delay = 0.38>
ST_1 : Operation 40 [1/1] (0.38ns)   --->   "%store_ln19 = store i3 %select_ln19_1, i3 %y" [predecoder_kernel.cpp:19]   --->   Operation 40 'store' 'store_ln19' <Predicate = (!icmp_ln18)> <Delay = 0.38>
ST_1 : Operation 41 [1/1] (0.38ns)   --->   "%store_ln20 = store i3 %x_1, i3 %x" [predecoder_kernel.cpp:20]   --->   Operation 41 'store' 'store_ln20' <Predicate = (!icmp_ln18)> <Delay = 0.38>

State 2 <SV = 1> <Delay = 2.75>
ST_2 : Operation 14 [1/1] (0.38ns)   --->   "%store_ln18 = store i3 0, i3 %t" [predecoder_kernel.cpp:18]   --->   Operation 14 'store' 'store_ln18' <Predicate = true> <Delay = 0.38>
ST_2 : Operation 42 [1/1] (0.00ns)   --->   "%t_load = load i3 %t" [predecoder_kernel.cpp:18]   --->   Operation 42 'load' 't_load' <Predicate = true> <Delay = 0.00>
ST_2 : Operation 43 [1/1] (0.57ns)   --->   "%t_2 = add i3 %t_load, i3 1" [predecoder_kernel.cpp:18]   --->   Operation 43 'add' 't_2' <Predicate = (icmp_ln19)> <Delay = 0.57> <CoreInst = "Adder">   --->   Core 1 'Adder' <Latency = 0> <II = 1> <Delay = 0.57> <FuncUnit> <Opcode : 'add' 'sub'> <InPorts = 2> <OutPorts = 1>
ST_2 : Operation 44 [1/1] (0.27ns)   --->   "%select_ln18_1 = select i1 %icmp_ln19, i3 %t_2, i3 %t_load" [predecoder_kernel.cpp:18]   --->   Operation 44 'select' 'select_ln18_1' <Predicate = true> <Delay = 0.27> <CoreInst = "Sel">   --->   Core 73 'Sel' <Latency = 0> <II = 1> <Delay = 0.27> <FuncUnit> <Opcode : 'select'> <InPorts = 3> <OutPorts = 1>
ST_2 : Operation 45 [1/1] (0.00ns)   --->   "%p_shl = bitconcatenate i6 @_ssdm_op_BitConcatenate.i6.i3.i3, i3 %select_ln18_1, i3 0" [predecoder_kernel.cpp:18]   --->   Operation 45 'bitconcatenate' 'p_shl' <Predicate = true> <Delay = 0.00>
ST_2 : Operation 46 [1/1] (0.00ns)   --->   "%p_shl_cast = zext i6 %p_shl" [predecoder_kernel.cpp:18]   --->   Operation 46 'zext' 'p_shl_cast' <Predicate = true> <Delay = 0.00>
ST_2 : Operation 47 [1/1] (0.00ns)   --->   "%p_shl1 = bitconcatenate i4 @_ssdm_op_BitConcatenate.i4.i3.i1, i3 %select_ln18_1, i1 0" [predecoder_kernel.cpp:18]   --->   Operation 47 'bitconcatenate' 'p_shl1' <Predicate = true> <Delay = 0.00>
ST_2 : Operation 48 [1/1] (0.00ns)   --->   "%p_shl1_cast = zext i4 %p_shl1" [predecoder_kernel.cpp:18]   --->   Operation 48 'zext' 'p_shl1_cast' <Predicate = true> <Delay = 0.00>
ST_2 : Operation 49 [1/1] (0.00ns) (grouped into TernaryAdder)   --->   "%mul = sub i7 %p_shl_cast, i7 %p_shl1_cast" [predecoder_kernel.cpp:18]   --->   Operation 49 'sub' 'mul' <Predicate = true> <Delay = 0.00> <CoreInst = "TAddSub">   --->   Core 10 'TAddSub' <Latency = 0> <II = 1> <Delay = 0.39> <IPBlock> <Opcode : '' 'add' 'sub'> <InPorts = 3> <OutPorts = 1> <Sync> <CReg>
ST_2 : Operation 50 [1/1] (0.00ns)   --->   "%zext_ln19 = zext i3 %select_ln19_1" [predecoder_kernel.cpp:19]   --->   Operation 50 'zext' 'zext_ln19' <Predicate = true> <Delay = 0.00>
ST_2 : Operation 51 [1/1] (0.72ns) (root node of TernaryAdder)   --->   "%add = add i7 %mul, i7 %zext_ln19" [predecoder_kernel.cpp:18]   --->   Operation 51 'add' 'add' <Predicate = true> <Delay = 0.72> <CoreInst = "TAddSub">   --->   Core 10 'TAddSub' <Latency = 0> <II = 1> <Delay = 0.39> <IPBlock> <Opcode : '' 'add' 'sub'> <InPorts = 3> <OutPorts = 1> <Sync> <CReg>
ST_2 : Operation 52 [1/1] (0.00ns)   --->   "%p_shl2 = bitconcatenate i10 @_ssdm_op_BitConcatenate.i10.i7.i3, i7 %add, i3 0" [predecoder_kernel.cpp:18]   --->   Operation 52 'bitconcatenate' 'p_shl2' <Predicate = true> <Delay = 0.00>
ST_2 : Operation 53 [1/1] (0.00ns)   --->   "%p_shl3 = bitconcatenate i8 @_ssdm_op_BitConcatenate.i8.i7.i1, i7 %add, i1 0" [predecoder_kernel.cpp:18]   --->   Operation 53 'bitconcatenate' 'p_shl3' <Predicate = true> <Delay = 0.00>
ST_2 : Operation 54 [1/1] (0.00ns)   --->   "%p_shl3_cast = sext i8 %p_shl3" [predecoder_kernel.cpp:18]   --->   Operation 54 'sext' 'p_shl3_cast' <Predicate = true> <Delay = 0.00>
ST_2 : Operation 55 [1/1] (0.00ns) (grouped into TernaryAdder)   --->   "%mul9 = sub i10 %p_shl2, i10 %p_shl3_cast" [predecoder_kernel.cpp:18]   --->   Operation 55 'sub' 'mul9' <Predicate = true> <Delay = 0.00> <CoreInst = "TAddSub">   --->   Core 10 'TAddSub' <Latency = 0> <II = 1> <Delay = 0.39> <IPBlock> <Opcode : '' 'add' 'sub'> <InPorts = 3> <OutPorts = 1> <Sync> <CReg>
ST_2 : Operation 56 [1/1] (0.00ns)   --->   "%zext_ln20 = zext i3 %select_ln19" [predecoder_kernel.cpp:20]   --->   Operation 56 'zext' 'zext_ln20' <Predicate = true> <Delay = 0.00>
ST_2 : Operation 57 [1/1] (0.79ns) (root node of TernaryAdder)   --->   "%idx = add i10 %mul9, i10 %zext_ln20" [predecoder_kernel.cpp:22]   --->   Operation 57 'add' 'idx' <Predicate = true> <Delay = 0.79> <CoreInst = "TAddSub">   --->   Core 10 'TAddSub' <Latency = 0> <II = 1> <Delay = 0.39> <IPBlock> <Opcode : '' 'add' 'sub'> <InPorts = 3> <OutPorts = 1> <Sync> <CReg>
ST_2 : Operation 58 [1/1] (0.00ns)   --->   "%sext_ln22 = sext i10 %idx" [predecoder_kernel.cpp:22]   --->   Operation 58 'sext' 'sext_ln22' <Predicate = true> <Delay = 0.00>
ST_2 : Operation 59 [1/1] (0.00ns)   --->   "%bit_select_i_i = bitselect i1 @_ssdm_op_BitSelect.i1.i512.i32, i512 %beat_read_1, i32 %sext_ln22" [predecoder_kernel.cpp:24]   --->   Operation 59 'bitselect' 'bit_select_i_i' <Predicate = true> <Delay = 0.00>
ST_2 : Operation 60 [1/1] (0.38ns)   --->   "%store_ln18 = store i3 %select_ln18_1, i3 %t" [predecoder_kernel.cpp:18]   --->   Operation 60 'store' 'store_ln18' <Predicate = true> <Delay = 0.38>
ST_2 : Operation 68 [1/1] (0.00ns)   --->   "%ret_ln30 = ret" [predecoder_kernel.cpp:30]   --->   Operation 68 'ret' 'ret_ln30' <Predicate = (icmp_ln18)> <Delay = 0.00>

State 3 <SV = 2> <Delay = 1.21>
ST_3 : Operation 61 [1/1] (0.00ns)   --->   "%specloopname_ln0 = specloopname void @_ssdm_op_SpecLoopName, void @UNPACK_VITIS_LOOP_19_1_VITIS_LOOP_20_2_str"   --->   Operation 61 'specloopname' 'specloopname_ln0' <Predicate = true> <Delay = 0.00>
ST_3 : Operation 62 [1/1] (0.00ns)   --->   "%speclooptripcount_ln0 = speclooptripcount void @_ssdm_op_SpecLoopTripCount, i64 216, i64 216, i64 216"   --->   Operation 62 'speclooptripcount' 'speclooptripcount_ln0' <Predicate = true> <Delay = 0.00>
ST_3 : Operation 63 [1/1] (0.00ns)   --->   "%specpipeline_ln21 = specpipeline void @_ssdm_op_SpecPipeline, i32 1, i32 0, i32 0, i32 0, void @empty_5" [predecoder_kernel.cpp:21]   --->   Operation 63 'specpipeline' 'specpipeline_ln21' <Predicate = true> <Delay = 0.00>
ST_3 : Operation 64 [1/1] (0.00ns)   --->   "%or_ln = bitconcatenate i2 @_ssdm_op_BitConcatenate.i2.i1.i1, i1 0, i1 %bit_select_i_i" [predecoder_kernel.cpp:26]   --->   Operation 64 'bitconcatenate' 'or_ln' <Predicate = true> <Delay = 0.00>
ST_3 : Operation 65 [1/1] (0.00ns)   --->   "%zext_ln26 = zext i2 %or_ln" [predecoder_kernel.cpp:26]   --->   Operation 65 'zext' 'zext_ln26' <Predicate = true> <Delay = 0.00>
ST_3 : Operation 66 [1/1] (1.21ns)   --->   "%write_ln26 = write void @_ssdm_op_Write.ap_fifo.volatile.i96P0A, i96 %s0, i96 %zext_ln26" [predecoder_kernel.cpp:26]   --->   Operation 66 'write' 'write_ln26' <Predicate = true> <Delay = 1.21> <CoreInst = "FIFO_SRL">   --->   Core 81 'FIFO_SRL' <Latency = 0> <II = 1> <Delay = 1.42> <Storage> <Opcode : 'read' 'write' 'nbread' 'nbwrite'> <Ports = 0> <Width = 96> <Depth = 8> <FIFO>
ST_3 : Operation 67 [1/1] (0.00ns)   --->   "%br_ln20 = br void %for.body8" [predecoder_kernel.cpp:20]   --->   Operation 67 'br' 'br_ln20' <Predicate = true> <Delay = 0.00>


============================================================
+ Verbose Summary: Binding
============================================================
STG Binding: 
---------------- STG Properties BEGIN ----------------
- Is combinational: 0
- Is one-state seq: 0
- Is datapath-only: 0
- Is pipelined: 0
- Is top level: 0
Port [ Return ] is wired: 1; IO mode=ap_ctrl_hs:ce=0
Port [ beat_read]:  wired=1; compound=0; hidden=0; nouse=0; global=0; static=0; extern=0; dir=0; type=0; pingpong=0; private_global=0; IO mode=ap_none:ce=0
Port [ s0]:  wired=1; compound=1; hidden=0; nouse=0; global=0; static=0; extern=0; dir=1; type=3; pingpong=0; private_global=0; IO mode=ap_fifo:ce=0
---------------- STG Properties END ------------------

---------------- Datapath Model BEGIN ----------------

<LifeTime>
<method=bitvector/>
x                     (alloca           ) [ 0100]
y                     (alloca           ) [ 0100]
indvar_flatten        (alloca           ) [ 0100]
t                     (alloca           ) [ 0110]
indvar_flatten12      (alloca           ) [ 0100]
specinterface_ln0     (specinterface    ) [ 0000]
beat_read_1           (read             ) [ 0110]
store_ln0             (store            ) [ 0000]
store_ln18            (store            ) [ 0000]
store_ln0             (store            ) [ 0000]
store_ln19            (store            ) [ 0000]
store_ln20            (store            ) [ 0000]
br_ln18               (br               ) [ 0000]
indvar_flatten12_load (load             ) [ 0000]
icmp_ln18             (icmp             ) [ 0110]
add_ln18              (add              ) [ 0000]
br_ln18               (br               ) [ 0000]
x_load                (load             ) [ 0000]
y_load                (load             ) [ 0000]
indvar_flatten_load   (load             ) [ 0000]
icmp_ln19             (icmp             ) [ 0110]
select_ln18           (select           ) [ 0000]
xor_ln18              (xor              ) [ 0000]
icmp_ln20             (icmp             ) [ 0000]
and_ln18              (and              ) [ 0000]
y_2                   (add              ) [ 0000]
or_ln19               (or               ) [ 0000]
select_ln19           (select           ) [ 0110]
select_ln19_1         (select           ) [ 0110]
x_1                   (add              ) [ 0000]
add_ln19_1            (add              ) [ 0000]
select_ln19_2         (select           ) [ 0000]
store_ln18            (store            ) [ 0000]
store_ln19            (store            ) [ 0000]
store_ln19            (store            ) [ 0000]
store_ln20            (store            ) [ 0000]
t_load                (load             ) [ 0000]
t_2                   (add              ) [ 0000]
select_ln18_1         (select           ) [ 0000]
p_shl                 (bitconcatenate   ) [ 0000]
p_shl_cast            (zext             ) [ 0000]
p_shl1                (bitconcatenate   ) [ 0000]
p_shl1_cast           (zext             ) [ 0000]
mul                   (sub              ) [ 0000]
zext_ln19             (zext             ) [ 0000]
add                   (add              ) [ 0000]
p_shl2                (bitconcatenate   ) [ 0000]
p_shl3                (bitconcatenate   ) [ 0000]
p_shl3_cast           (sext             ) [ 0000]
mul9                  (sub              ) [ 0000]
zext_ln20             (zext             ) [ 0000]
idx                   (add              ) [ 0000]
sext_ln22             (sext             ) [ 0000]
bit_select_i_i        (bitselect        ) [ 0101]
store_ln18            (store            ) [ 0000]
specloopname_ln0      (specloopname     ) [ 0000]
speclooptripcount_ln0 (speclooptripcount) [ 0000]
specpipeline_ln21     (specpipeline     ) [ 0000]
or_ln                 (bitconcatenate   ) [ 0000]
zext_ln26             (zext             ) [ 0000]
write_ln26            (write            ) [ 0000]
br_ln20               (br               ) [ 0000]
ret_ln30              (ret              ) [ 0000]
</LifeTime>

<model>

<comp_list>
<comp id="0" class="1000" name="beat_read">
<pin_list>
<pin id="1" dir="1" index="0" bw="1" slack="0"/>
</pin_list>
<bind>
<StgValue><ssdm name="beat_read"/></StgValue>
</bind>
</comp>

<comp id="2" class="1000" name="s0">
<pin_list>
<pin id="3" dir="1" index="0" bw="1" slack="0"/>
</pin_list>
<bind>
<StgValue><ssdm name="s0"/></StgValue>
</bind>
</comp>

<comp id="4" class="1001" name="const_4">
<pin_list>
<pin id="5" dir="1" index="0" bw="1" slack="0"/>
</pin_list>
<bind>
<StgValue><ssdm name=""/></StgValue>
</bind>
</comp>

<comp id="6" class="1001" name="const_6">
<pin_list>
<pin id="7" dir="1" index="0" bw="1" slack="2147483647"/>
</pin_list>
<bind>
<StgValue><ssdm name="_ssdm_op_SpecInterface"/></StgValue>
</bind>
</comp>

<comp id="8" class="1001" name="const_8">
<pin_list>
<pin id="9" dir="1" index="0" bw="1" slack="2147483647"/>
</pin_list>
<bind>
<StgValue><ssdm name="empty_1"/></StgValue>
</bind>
</comp>

<comp id="10" class="1001" name="const_10">
<pin_list>
<pin id="11" dir="1" index="0" bw="1" slack="2147483647"/>
</pin_list>
<bind>
<StgValue><ssdm name=""/></StgValue>
</bind>
</comp>

<comp id="12" class="1001" name="const_12">
<pin_list>
<pin id="13" dir="1" index="0" bw="1" slack="2147483647"/>
</pin_list>
<bind>
<StgValue><ssdm name="empty_5"/></StgValue>
</bind>
</comp>

<comp id="14" class="1001" name="const_14">
<pin_list>
<pin id="15" dir="1" index="0" bw="1" slack="2147483647"/>
</pin_list>
<bind>
<StgValue><ssdm name=""/></StgValue>
</bind>
</comp>

<comp id="16" class="1001" name="const_16">
<pin_list>
<pin id="17" dir="1" index="0" bw="1" slack="0"/>
</pin_list>
<bind>
<StgValue><ssdm name="_ssdm_op_Read.ap_auto.i512"/></StgValue>
</bind>
</comp>

<comp id="18" class="1001" name="const_18">
<pin_list>
<pin id="19" dir="1" index="0" bw="1" slack="0"/>
</pin_list>
<bind>
<StgValue><ssdm name=""/></StgValue>
</bind>
</comp>

<comp id="20" class="1001" name="const_20">
<pin_list>
<pin id="21" dir="1" index="0" bw="1" slack="0"/>
</pin_list>
<bind>
<StgValue><ssdm name=""/></StgValue>
</bind>
</comp>

<comp id="22" class="1001" name="const_22">
<pin_list>
<pin id="23" dir="1" index="0" bw="1" slack="0"/>
</pin_list>
<bind>
<StgValue><ssdm name=""/></StgValue>
</bind>
</comp>

<comp id="24" class="1001" name="const_24">
<pin_list>
<pin id="25" dir="1" index="0" bw="1" slack="0"/>
</pin_list>
<bind>
<StgValue><ssdm name=""/></StgValue>
</bind>
</comp>

<comp id="26" class="1001" name="const_26">
<pin_list>
<pin id="27" dir="1" index="0" bw="1" slack="0"/>
</pin_list>
<bind>
<StgValue><ssdm name=""/></StgValue>
</bind>
</comp>

<comp id="28" class="1001" name="const_28">
<pin_list>
<pin id="29" dir="1" index="0" bw="1" slack="0"/>
</pin_list>
<bind>
<StgValue><ssdm name=""/></StgValue>
</bind>
</comp>

<comp id="30" class="1001" name="const_30">
<pin_list>
<pin id="31" dir="1" index="0" bw="1" slack="0"/>
</pin_list>
<bind>
<StgValue><ssdm name=""/></StgValue>
</bind>
</comp>

<comp id="32" class="1001" name="const_32">
<pin_list>
<pin id="33" dir="1" index="0" bw="1" slack="0"/>
</pin_list>
<bind>
<StgValue><ssdm name=""/></StgValue>
</bind>
</comp>

<comp id="34" class="1001" name="const_34">
<pin_list>
<pin id="35" dir="1" index="0" bw="1" slack="0"/>
</pin_list>
<bind>
<StgValue><ssdm name=""/></StgValue>
</bind>
</comp>

<comp id="36" class="1001" name="const_36">
<pin_list>
<pin id="37" dir="1" index="0" bw="1" slack="0"/>
</pin_list>
<bind>
<StgValue><ssdm name=""/></StgValue>
</bind>
</comp>

<comp id="38" class="1001" name="const_38">
<pin_list>
<pin id="39" dir="1" index="0" bw="1" slack="0"/>
</pin_list>
<bind>
<StgValue><ssdm name="_ssdm_op_BitConcatenate.i6.i3.i3"/></StgValue>
</bind>
</comp>

<comp id="40" class="1001" name="const_40">
<pin_list>
<pin id="41" dir="1" index="0" bw="1" slack="0"/>
</pin_list>
<bind>
<StgValue><ssdm name="_ssdm_op_BitConcatenate.i4.i3.i1"/></StgValue>
</bind>
</comp>

<comp id="42" class="1001" name="const_42">
<pin_list>
<pin id="43" dir="1" index="0" bw="1" slack="0"/>
</pin_list>
<bind>
<StgValue><ssdm name=""/></StgValue>
</bind>
</comp>

<comp id="44" class="1001" name="const_44">
<pin_list>
<pin id="45" dir="1" index="0" bw="1" slack="0"/>
</pin_list>
<bind>
<StgValue><ssdm name="_ssdm_op_BitConcatenate.i10.i7.i3"/></StgValue>
</bind>
</comp>

<comp id="46" class="1001" name="const_46">
<pin_list>
<pin id="47" dir="1" index="0" bw="1" slack="0"/>
</pin_list>
<bind>
<StgValue><ssdm name="_ssdm_op_BitConcatenate.i8.i7.i1"/></StgValue>
</bind>
</comp>

<comp id="48" class="1001" name="const_48">
<pin_list>
<pin id="49" dir="1" index="0" bw="1" slack="0"/>
</pin_list>
<bind>
<StgValue><ssdm name="_ssdm_op_BitSelect.i1.i512.i32"/></StgValue>
</bind>
</comp>

<comp id="50" class="1001" name="const_50">
<pin_list>
<pin id="51" dir="1" index="0" bw="1" slack="2147483647"/>
</pin_list>
<bind>
<StgValue><ssdm name="_ssdm_op_SpecLoopName"/></StgValue>
</bind>
</comp>

<comp id="52" class="1001" name="const_52">
<pin_list>
<pin id="53" dir="1" index="0" bw="1" slack="2147483647"/>
</pin_list>
<bind>
<StgValue><ssdm name="UNPACK_VITIS_LOOP_19_1_VITIS_LOOP_20_2_str"/></StgValue>
</bind>
</comp>

<comp id="54" class="1001" name="const_54">
<pin_list>
<pin id="55" dir="1" index="0" bw="1" slack="2147483647"/>
</pin_list>
<bind>
<StgValue><ssdm name="_ssdm_op_SpecLoopTripCount"/></StgValue>
</bind>
</comp>

<comp id="56" class="1001" name="const_56">
<pin_list>
<pin id="57" dir="1" index="0" bw="1" slack="2147483647"/>
</pin_list>
<bind>
<StgValue><ssdm name=""/></StgValue>
</bind>
</comp>

<comp id="58" class="1001" name="const_58">
<pin_list>
<pin id="59" dir="1" index="0" bw="1" slack="2147483647"/>
</pin_list>
<bind>
<StgValue><ssdm name="_ssdm_op_SpecPipeline"/></StgValue>
</bind>
</comp>

<comp id="60" class="1001" name="const_60">
<pin_list>
<pin id="61" dir="1" index="0" bw="1" slack="0"/>
</pin_list>
<bind>
<StgValue><ssdm name="_ssdm_op_BitConcatenate.i2.i1.i1"/></StgValue>
</bind>
</comp>

<comp id="62" class="1001" name="const_62">
<pin_list>
<pin id="63" dir="1" index="0" bw="1" slack="0"/>
</pin_list>
<bind>
<StgValue><ssdm name="_ssdm_op_Write.ap_fifo.volatile.i96P0A"/></StgValue>
</bind>
</comp>

<comp id="64" class="1004" name="x_fu_64">
<pin_list>
<pin id="65" dir="0" index="0" bw="1" slack="0"/>
<pin id="66" dir="1" index="1" bw="3" slack="0"/>
</pin_list>
<bind>
<opcode="alloca(26) " fcode="alloca"/>
<opset="x/1 "/>
</bind>
</comp>

<comp id="68" class="1004" name="y_fu_68">
<pin_list>
<pin id="69" dir="0" index="0" bw="1" slack="0"/>
<pin id="70" dir="1" index="1" bw="3" slack="0"/>
</pin_list>
<bind>
<opcode="alloca(26) " fcode="alloca"/>
<opset="y/1 "/>
</bind>
</comp>

<comp id="72" class="1004" name="indvar_flatten_fu_72">
<pin_list>
<pin id="73" dir="0" index="0" bw="1" slack="0"/>
<pin id="74" dir="1" index="1" bw="6" slack="0"/>
</pin_list>
<bind>
<opcode="alloca(26) " fcode="alloca"/>
<opset="indvar_flatten/1 "/>
</bind>
</comp>

<comp id="76" class="1004" name="t_fu_76">
<pin_list>
<pin id="77" dir="0" index="0" bw="1" slack="0"/>
<pin id="78" dir="1" index="1" bw="3" slack="1"/>
</pin_list>
<bind>
<opcode="alloca(26) " fcode="alloca"/>
<opset="t/1 "/>
</bind>
</comp>

<comp id="80" class="1004" name="indvar_flatten12_fu_80">
<pin_list>
<pin id="81" dir="0" index="0" bw="1" slack="0"/>
<pin id="82" dir="1" index="1" bw="8" slack="0"/>
</pin_list>
<bind>
<opcode="alloca(26) " fcode="alloca"/>
<opset="indvar_flatten12/1 "/>
</bind>
</comp>

<comp id="84" class="1004" name="beat_read_1_read_fu_84">
<pin_list>
<pin id="85" dir="0" index="0" bw="512" slack="0"/>
<pin id="86" dir="0" index="1" bw="512" slack="0"/>
<pin id="87" dir="1" index="2" bw="512" slack="1"/>
</pin_list>
<bind>
<opcode="read(1150) " fcode="read"/>
<opset="beat_read_1/1 "/>
</bind>
</comp>

<comp id="90" class="1004" name="write_ln26_write_fu_90">
<pin_list>
<pin id="91" dir="0" index="0" bw="0" slack="0"/>
<pin id="92" dir="0" index="1" bw="96" slack="0"/>
<pin id="93" dir="0" index="2" bw="2" slack="0"/>
<pin id="94" dir="1" index="3" bw="0" slack="2147483647"/>
</pin_list>
<bind>
<opcode="write(1151) " fcode="write"/>
<opset="write_ln26/3 "/>
</bind>
</comp>

<comp id="97" class="1004" name="store_ln0_store_fu_97">
<pin_list>
<pin id="98" dir="0" index="0" bw="1" slack="0"/>
<pin id="99" dir="0" index="1" bw="8" slack="0"/>
<pin id="100" dir="1" index="2" bw="0" slack="2147483647"/>
</pin_list>
<bind>
<opcode="store(28) " fcode="store"/>
<opset="store_ln0/1 "/>
</bind>
</comp>

<comp id="102" class="1004" name="store_ln18_store_fu_102">
<pin_list>
<pin id="103" dir="0" index="0" bw="1" slack="0"/>
<pin id="104" dir="0" index="1" bw="3" slack="1"/>
<pin id="105" dir="1" index="2" bw="0" slack="2147483647"/>
</pin_list>
<bind>
<opcode="store(28) " fcode="store"/>
<opset="store_ln18/2 "/>
</bind>
</comp>

<comp id="107" class="1004" name="store_ln0_store_fu_107">
<pin_list>
<pin id="108" dir="0" index="0" bw="1" slack="0"/>
<pin id="109" dir="0" index="1" bw="6" slack="0"/>
<pin id="110" dir="1" index="2" bw="0" slack="2147483647"/>
</pin_list>
<bind>
<opcode="store(28) " fcode="store"/>
<opset="store_ln0/1 "/>
</bind>
</comp>

<comp id="112" class="1004" name="store_ln19_store_fu_112">
<pin_list>
<pin id="113" dir="0" index="0" bw="1" slack="0"/>
<pin id="114" dir="0" index="1" bw="3" slack="0"/>
<pin id="115" dir="1" index="2" bw="0" slack="2147483647"/>
</pin_list>
<bind>
<opcode="store(28) " fcode="store"/>
<opset="store_ln19/1 "/>
</bind>
</comp>

<comp id="117" class="1004" name="store_ln20_store_fu_117">
<pin_list>
<pin id="118" dir="0" index="0" bw="1" slack="0"/>
<pin id="119" dir="0" index="1" bw="3" slack="0"/>
<pin id="120" dir="1" index="2" bw="0" slack="2147483647"/>
</pin_list>
<bind>
<opcode="store(28) " fcode="store"/>
<opset="store_ln20/1 "/>
</bind>
</comp>

<comp id="122" class="1004" name="indvar_flatten12_load_load_fu_122">
<pin_list>
<pin id="123" dir="0" index="0" bw="8" slack="0"/>
<pin id="124" dir="1" index="1" bw="8" slack="0"/>
</pin_list>
<bind>
<opcode="load(27) " fcode="load"/>
<opset="indvar_flatten12_load/1 "/>
</bind>
</comp>

<comp id="125" class="1004" name="icmp_ln18_fu_125">
<pin_list>
<pin id="126" dir="0" index="0" bw="8" slack="0"/>
<pin id="127" dir="0" index="1" bw="7" slack="0"/>
<pin id="128" dir="1" index="2" bw="1" slack="1"/>
</pin_list>
<bind>
<opcode="icmp(45) " fcode="icmp"/>
<opset="icmp_ln18/1 "/>
</bind>
</comp>

<comp id="131" class="1004" name="add_ln18_fu_131">
<pin_list>
<pin id="132" dir="0" index="0" bw="8" slack="0"/>
<pin id="133" dir="0" index="1" bw="1" slack="0"/>
<pin id="134" dir="1" index="2" bw="8" slack="0"/>
</pin_list>
<bind>
<opcode="add(8) " fcode="add"/>
<opset="add_ln18/1 "/>
</bind>
</comp>

<comp id="137" class="1004" name="x_load_load_fu_137">
<pin_list>
<pin id="138" dir="0" index="0" bw="3" slack="0"/>
<pin id="139" dir="1" index="1" bw="3" slack="0"/>
</pin_list>
<bind>
<opcode="load(27) " fcode="load"/>
<opset="x_load/1 "/>
</bind>
</comp>

<comp id="140" class="1004" name="y_load_load_fu_140">
<pin_list>
<pin id="141" dir="0" index="0" bw="3" slack="0"/>
<pin id="142" dir="1" index="1" bw="3" slack="0"/>
</pin_list>
<bind>
<opcode="load(27) " fcode="load"/>
<opset="y_load/1 "/>
</bind>
</comp>

<comp id="143" class="1004" name="indvar_flatten_load_load_fu_143">
<pin_list>
<pin id="144" dir="0" index="0" bw="6" slack="0"/>
<pin id="145" dir="1" index="1" bw="6" slack="0"/>
</pin_list>
<bind>
<opcode="load(27) " fcode="load"/>
<opset="indvar_flatten_load/1 "/>
</bind>
</comp>

<comp id="146" class="1004" name="icmp_ln19_fu_146">
<pin_list>
<pin id="147" dir="0" index="0" bw="6" slack="0"/>
<pin id="148" dir="0" index="1" bw="6" slack="0"/>
<pin id="149" dir="1" index="2" bw="1" slack="0"/>
</pin_list>
<bind>
<opcode="icmp(45) " fcode="icmp"/>
<opset="icmp_ln19/1 "/>
</bind>
</comp>

<comp id="152" class="1004" name="select_ln18_fu_152">
<pin_list>
<pin id="153" dir="0" index="0" bw="1" slack="0"/>
<pin id="154" dir="0" index="1" bw="1" slack="0"/>
<pin id="155" dir="0" index="2" bw="3" slack="0"/>
<pin id="156" dir="1" index="3" bw="3" slack="0"/>
</pin_list>
<bind>
<opcode="select(49) " fcode="select"/>
<opset="select_ln18/1 "/>
</bind>
</comp>

<comp id="160" class="1004" name="xor_ln18_fu_160">
<pin_list>
<pin id="161" dir="0" index="0" bw="1" slack="0"/>
<pin id="162" dir="0" index="1" bw="1" slack="0"/>
<pin id="163" dir="1" index="2" bw="1" slack="0"/>
</pin_list>
<bind>
<opcode="xor(25) " fcode="xor"/>
<opset="xor_ln18/1 "/>
</bind>
</comp>

<comp id="166" class="1004" name="icmp_ln20_fu_166">
<pin_list>
<pin id="167" dir="0" index="0" bw="3" slack="0"/>
<pin id="168" dir="0" index="1" bw="2" slack="0"/>
<pin id="169" dir="1" index="2" bw="1" slack="0"/>
</pin_list>
<bind>
<opcode="icmp(45) " fcode="icmp"/>
<opset="icmp_ln20/1 "/>
</bind>
</comp>

<comp id="172" class="1004" name="and_ln18_fu_172">
<pin_list>
<pin id="173" dir="0" index="0" bw="1" slack="0"/>
<pin id="174" dir="0" index="1" bw="1" slack="0"/>
<pin id="175" dir="1" index="2" bw="1" slack="0"/>
</pin_list>
<bind>
<opcode="and(23) " fcode="and"/>
<opset="and_ln18/1 "/>
</bind>
</comp>

<comp id="178" class="1004" name="y_2_fu_178">
<pin_list>
<pin id="179" dir="0" index="0" bw="3" slack="0"/>
<pin id="180" dir="0" index="1" bw="1" slack="0"/>
<pin id="181" dir="1" index="2" bw="3" slack="0"/>
</pin_list>
<bind>
<opcode="add(8) " fcode="add"/>
<opset="y_2/1 "/>
</bind>
</comp>

<comp id="184" class="1004" name="or_ln19_fu_184">
<pin_list>
<pin id="185" dir="0" index="0" bw="1" slack="0"/>
<pin id="186" dir="0" index="1" bw="1" slack="0"/>
<pin id="187" dir="1" index="2" bw="1" slack="0"/>
</pin_list>
<bind>
<opcode="or(24) " fcode="or"/>
<opset="or_ln19/1 "/>
</bind>
</comp>

<comp id="190" class="1004" name="select_ln19_fu_190">
<pin_list>
<pin id="191" dir="0" index="0" bw="1" slack="0"/>
<pin id="192" dir="0" index="1" bw="1" slack="0"/>
<pin id="193" dir="0" index="2" bw="3" slack="0"/>
<pin id="194" dir="1" index="3" bw="3" slack="0"/>
</pin_list>
<bind>
<opcode="select(49) " fcode="select"/>
<opset="select_ln19/1 "/>
</bind>
</comp>

<comp id="198" class="1004" name="select_ln19_1_fu_198">
<pin_list>
<pin id="199" dir="0" index="0" bw="1" slack="0"/>
<pin id="200" dir="0" index="1" bw="3" slack="0"/>
<pin id="201" dir="0" index="2" bw="3" slack="0"/>
<pin id="202" dir="1" index="3" bw="3" slack="0"/>
</pin_list>
<bind>
<opcode="select(49) " fcode="select"/>
<opset="select_ln19_1/1 "/>
</bind>
</comp>

<comp id="206" class="1004" name="x_1_fu_206">
<pin_list>
<pin id="207" dir="0" index="0" bw="3" slack="0"/>
<pin id="208" dir="0" index="1" bw="1" slack="0"/>
<pin id="209" dir="1" index="2" bw="3" slack="0"/>
</pin_list>
<bind>
<opcode="add(8) " fcode="add"/>
<opset="x_1/1 "/>
</bind>
</comp>

<comp id="212" class="1004" name="add_ln19_1_fu_212">
<pin_list>
<pin id="213" dir="0" index="0" bw="6" slack="0"/>
<pin id="214" dir="0" index="1" bw="1" slack="0"/>
<pin id="215" dir="1" index="2" bw="6" slack="0"/>
</pin_list>
<bind>
<opcode="add(8) " fcode="add"/>
<opset="add_ln19_1/1 "/>
</bind>
</comp>

<comp id="218" class="1004" name="select_ln19_2_fu_218">
<pin_list>
<pin id="219" dir="0" index="0" bw="1" slack="0"/>
<pin id="220" dir="0" index="1" bw="1" slack="0"/>
<pin id="221" dir="0" index="2" bw="6" slack="0"/>
<pin id="222" dir="1" index="3" bw="6" slack="0"/>
</pin_list>
<bind>
<opcode="select(49) " fcode="select"/>
<opset="select_ln19_2/1 "/>
</bind>
</comp>

<comp id="226" class="1004" name="store_ln18_store_fu_226">
<pin_list>
<pin id="227" dir="0" index="0" bw="8" slack="0"/>
<pin id="228" dir="0" index="1" bw="8" slack="0"/>
<pin id="229" dir="1" index="2" bw="0" slack="2147483647"/>
</pin_list>
<bind>
<opcode="store(28) " fcode="store"/>
<opset="store_ln18/1 "/>
</bind>
</comp>

<comp id="231" class="1004" name="store_ln19_store_fu_231">
<pin_list>
<pin id="232" dir="0" index="0" bw="6" slack="0"/>
<pin id="233" dir="0" index="1" bw="6" slack="0"/>
<pin id="234" dir="1" index="2" bw="0" slack="2147483647"/>
</pin_list>
<bind>
<opcode="store(28) " fcode="store"/>
<opset="store_ln19/1 "/>
</bind>
</comp>

<comp id="236" class="1004" name="store_ln19_store_fu_236">
<pin_list>
<pin id="237" dir="0" index="0" bw="3" slack="0"/>
<pin id="238" dir="0" index="1" bw="3" slack="0"/>
<pin id="239" dir="1" index="2" bw="0" slack="2147483647"/>
</pin_list>
<bind>
<opcode="store(28) " fcode="store"/>
<opset="store_ln19/1 "/>
</bind>
</comp>

<comp id="241" class="1004" name="store_ln20_store_fu_241">
<pin_list>
<pin id="242" dir="0" index="0" bw="3" slack="0"/>
<pin id="243" dir="0" index="1" bw="3" slack="0"/>
<pin id="244" dir="1" index="2" bw="0" slack="2147483647"/>
</pin_list>
<bind>
<opcode="store(28) " fcode="store"/>
<opset="store_ln20/1 "/>
</bind>
</comp>

<comp id="246" class="1004" name="t_load_load_fu_246">
<pin_list>
<pin id="247" dir="0" index="0" bw="3" slack="1"/>
<pin id="248" dir="1" index="1" bw="3" slack="0"/>
</pin_list>
<bind>
<opcode="load(27) " fcode="load"/>
<opset="t_load/2 "/>
</bind>
</comp>

<comp id="249" class="1004" name="t_2_fu_249">
<pin_list>
<pin id="250" dir="0" index="0" bw="3" slack="0"/>
<pin id="251" dir="0" index="1" bw="1" slack="0"/>
<pin id="252" dir="1" index="2" bw="3" slack="0"/>
</pin_list>
<bind>
<opcode="add(8) " fcode="add"/>
<opset="t_2/2 "/>
</bind>
</comp>

<comp id="255" class="1004" name="select_ln18_1_fu_255">
<pin_list>
<pin id="256" dir="0" index="0" bw="1" slack="1"/>
<pin id="257" dir="0" index="1" bw="3" slack="0"/>
<pin id="258" dir="0" index="2" bw="3" slack="0"/>
<pin id="259" dir="1" index="3" bw="3" slack="0"/>
</pin_list>
<bind>
<opcode="select(49) " fcode="select"/>
<opset="select_ln18_1/2 "/>
</bind>
</comp>

<comp id="262" class="1004" name="p_shl_fu_262">
<pin_list>
<pin id="263" dir="0" index="0" bw="6" slack="0"/>
<pin id="264" dir="0" index="1" bw="3" slack="0"/>
<pin id="265" dir="0" index="2" bw="1" slack="0"/>
<pin id="266" dir="1" index="3" bw="6" slack="0"/>
</pin_list>
<bind>
<opcode="bitconcatenate(1004) " fcode="bitconcatenate"/>
<opset="p_shl/2 "/>
</bind>
</comp>

<comp id="270" class="1004" name="p_shl_cast_fu_270">
<pin_list>
<pin id="271" dir="0" index="0" bw="6" slack="0"/>
<pin id="272" dir="1" index="1" bw="7" slack="0"/>
</pin_list>
<bind>
<opcode="zext(34) " fcode="zext"/>
<opset="p_shl_cast/2 "/>
</bind>
</comp>

<comp id="274" class="1004" name="p_shl1_fu_274">
<pin_list>
<pin id="275" dir="0" index="0" bw="4" slack="0"/>
<pin id="276" dir="0" index="1" bw="3" slack="0"/>
<pin id="277" dir="0" index="2" bw="1" slack="0"/>
<pin id="278" dir="1" index="3" bw="4" slack="0"/>
</pin_list>
<bind>
<opcode="bitconcatenate(1004) " fcode="bitconcatenate"/>
<opset="p_shl1/2 "/>
</bind>
</comp>

<comp id="282" class="1004" name="p_shl1_cast_fu_282">
<pin_list>
<pin id="283" dir="0" index="0" bw="4" slack="0"/>
<pin id="284" dir="1" index="1" bw="7" slack="0"/>
</pin_list>
<bind>
<opcode="zext(34) " fcode="zext"/>
<opset="p_shl1_cast/2 "/>
</bind>
</comp>

<comp id="286" class="1004" name="mul_fu_286">
<pin_list>
<pin id="287" dir="0" index="0" bw="6" slack="0"/>
<pin id="288" dir="0" index="1" bw="4" slack="0"/>
<pin id="289" dir="1" index="2" bw="7" slack="0"/>
</pin_list>
<bind>
<opcode="sub(10) " fcode="sub"/>
<opset="mul/2 "/>
</bind>
</comp>

<comp id="292" class="1004" name="zext_ln19_fu_292">
<pin_list>
<pin id="293" dir="0" index="0" bw="3" slack="1"/>
<pin id="294" dir="1" index="1" bw="7" slack="0"/>
</pin_list>
<bind>
<opcode="zext(34) " fcode="zext"/>
<opset="zext_ln19/2 "/>
</bind>
</comp>

<comp id="295" class="1004" name="add_fu_295">
<pin_list>
<pin id="296" dir="0" index="0" bw="7" slack="0"/>
<pin id="297" dir="0" index="1" bw="3" slack="0"/>
<pin id="298" dir="1" index="2" bw="7" slack="0"/>
</pin_list>
<bind>
<opcode="add(8) " fcode="add"/>
<opset="add/2 "/>
</bind>
</comp>

<comp id="301" class="1004" name="p_shl2_fu_301">
<pin_list>
<pin id="302" dir="0" index="0" bw="10" slack="0"/>
<pin id="303" dir="0" index="1" bw="7" slack="0"/>
<pin id="304" dir="0" index="2" bw="1" slack="0"/>
<pin id="305" dir="1" index="3" bw="10" slack="0"/>
</pin_list>
<bind>
<opcode="bitconcatenate(1004) " fcode="bitconcatenate"/>
<opset="p_shl2/2 "/>
</bind>
</comp>

<comp id="309" class="1004" name="p_shl3_fu_309">
<pin_list>
<pin id="310" dir="0" index="0" bw="8" slack="0"/>
<pin id="311" dir="0" index="1" bw="7" slack="0"/>
<pin id="312" dir="0" index="2" bw="1" slack="0"/>
<pin id="313" dir="1" index="3" bw="8" slack="0"/>
</pin_list>
<bind>
<opcode="bitconcatenate(1004) " fcode="bitconcatenate"/>
<opset="p_shl3/2 "/>
</bind>
</comp>

<comp id="317" class="1004" name="p_shl3_cast_fu_317">
<pin_list>
<pin id="318" dir="0" index="0" bw="8" slack="0"/>
<pin id="319" dir="1" index="1" bw="10" slack="0"/>
</pin_list>
<bind>
<opcode="sext(35) " fcode="sext"/>
<opset="p_shl3_cast/2 "/>
</bind>
</comp>

<comp id="321" class="1004" name="mul9_fu_321">
<pin_list>
<pin id="322" dir="0" index="0" bw="10" slack="0"/>
<pin id="323" dir="0" index="1" bw="8" slack="0"/>
<pin id="324" dir="1" index="2" bw="10" slack="0"/>
</pin_list>
<bind>
<opcode="sub(10) " fcode="sub"/>
<opset="mul9/2 "/>
</bind>
</comp>

<comp id="327" class="1004" name="zext_ln20_fu_327">
<pin_list>
<pin id="328" dir="0" index="0" bw="3" slack="1"/>
<pin id="329" dir="1" index="1" bw="10" slack="0"/>
</pin_list>
<bind>
<opcode="zext(34) " fcode="zext"/>
<opset="zext_ln20/2 "/>
</bind>
</comp>

<comp id="330" class="1004" name="idx_fu_330">
<pin_list>
<pin id="331" dir="0" index="0" bw="10" slack="0"/>
<pin id="332" dir="0" index="1" bw="3" slack="0"/>
<pin id="333" dir="1" index="2" bw="10" slack="0"/>
</pin_list>
<bind>
<opcode="add(8) " fcode="add"/>
<opset="idx/2 "/>
</bind>
</comp>

<comp id="336" class="1004" name="sext_ln22_fu_336">
<pin_list>
<pin id="337" dir="0" index="0" bw="10" slack="0"/>
<pin id="338" dir="1" index="1" bw="32" slack="0"/>
</pin_list>
<bind>
<opcode="sext(35) " fcode="sext"/>
<opset="sext_ln22/2 "/>
</bind>
</comp>

<comp id="340" class="1004" name="bit_select_i_i_fu_340">
<pin_list>
<pin id="341" dir="0" index="0" bw="1" slack="0"/>
<pin id="342" dir="0" index="1" bw="512" slack="1"/>
<pin id="343" dir="0" index="2" bw="10" slack="0"/>
<pin id="344" dir="1" index="3" bw="1" slack="1"/>
</pin_list>
<bind>
<opcode="bitselect(1000) " fcode="bitselect"/>
<opset="bit_select_i_i/2 "/>
</bind>
</comp>

<comp id="347" class="1004" name="store_ln18_store_fu_347">
<pin_list>
<pin id="348" dir="0" index="0" bw="3" slack="0"/>
<pin id="349" dir="0" index="1" bw="3" slack="1"/>
<pin id="350" dir="1" index="2" bw="0" slack="2147483647"/>
</pin_list>
<bind>
<opcode="store(28) " fcode="store"/>
<opset="store_ln18/2 "/>
</bind>
</comp>

<comp id="352" class="1004" name="or_ln_fu_352">
<pin_list>
<pin id="353" dir="0" index="0" bw="2" slack="0"/>
<pin id="354" dir="0" index="1" bw="1" slack="0"/>
<pin id="355" dir="0" index="2" bw="1" slack="1"/>
<pin id="356" dir="1" index="3" bw="2" slack="0"/>
</pin_list>
<bind>
<opcode="bitconcatenate(1004) " fcode="bitconcatenate"/>
<opset="or_ln/3 "/>
</bind>
</comp>

<comp id="359" class="1004" name="zext_ln26_fu_359">
<pin_list>
<pin id="360" dir="0" index="0" bw="2" slack="0"/>
<pin id="361" dir="1" index="1" bw="96" slack="0"/>
</pin_list>
<bind>
<opcode="zext(34) " fcode="zext"/>
<opset="zext_ln26/3 "/>
</bind>
</comp>

<comp id="364" class="1005" name="x_reg_364">
<pin_list>
<pin id="365" dir="0" index="0" bw="3" slack="0"/>
<pin id="366" dir="1" index="1" bw="3" slack="0"/>
</pin_list>
<bind>
<opset="x "/>
</bind>
</comp>

<comp id="371" class="1005" name="y_reg_371">
<pin_list>
<pin id="372" dir="0" index="0" bw="3" slack="0"/>
<pin id="373" dir="1" index="1" bw="3" slack="0"/>
</pin_list>
<bind>
<opset="y "/>
</bind>
</comp>

<comp id="378" class="1005" name="indvar_flatten_reg_378">
<pin_list>
<pin id="379" dir="0" index="0" bw="6" slack="0"/>
<pin id="380" dir="1" index="1" bw="6" slack="0"/>
</pin_list>
<bind>
<opset="indvar_flatten "/>
</bind>
</comp>

<comp id="385" class="1005" name="t_reg_385">
<pin_list>
<pin id="386" dir="0" index="0" bw="3" slack="1"/>
<pin id="387" dir="1" index="1" bw="3" slack="1"/>
</pin_list>
<bind>
<opset="t "/>
</bind>
</comp>

<comp id="392" class="1005" name="indvar_flatten12_reg_392">
<pin_list>
<pin id="393" dir="0" index="0" bw="8" slack="0"/>
<pin id="394" dir="1" index="1" bw="8" slack="0"/>
</pin_list>
<bind>
<opset="indvar_flatten12 "/>
</bind>
</comp>

<comp id="399" class="1005" name="beat_read_1_reg_399">
<pin_list>
<pin id="400" dir="0" index="0" bw="512" slack="1"/>
<pin id="401" dir="1" index="1" bw="512" slack="1"/>
</pin_list>
<bind>
<opset="beat_read_1 "/>
</bind>
</comp>

<comp id="404" class="1005" name="icmp_ln18_reg_404">
<pin_list>
<pin id="405" dir="0" index="0" bw="1" slack="1"/>
<pin id="406" dir="1" index="1" bw="1" slack="2147483647"/>
</pin_list>
<bind>
<opset="icmp_ln18 "/>
</bind>
</comp>

<comp id="408" class="1005" name="icmp_ln19_reg_408">
<pin_list>
<pin id="409" dir="0" index="0" bw="1" slack="1"/>
<pin id="410" dir="1" index="1" bw="1" slack="1"/>
</pin_list>
<bind>
<opset="icmp_ln19 "/>
</bind>
</comp>

<comp id="413" class="1005" name="select_ln19_reg_413">
<pin_list>
<pin id="414" dir="0" index="0" bw="3" slack="1"/>
<pin id="415" dir="1" index="1" bw="3" slack="1"/>
</pin_list>
<bind>
<opset="select_ln19 "/>
</bind>
</comp>

<comp id="418" class="1005" name="select_ln19_1_reg_418">
<pin_list>
<pin id="419" dir="0" index="0" bw="3" slack="1"/>
<pin id="420" dir="1" index="1" bw="3" slack="1"/>
</pin_list>
<bind>
<opset="select_ln19_1 "/>
</bind>
</comp>

<comp id="423" class="1005" name="bit_select_i_i_reg_423">
<pin_list>
<pin id="424" dir="0" index="0" bw="1" slack="1"/>
<pin id="425" dir="1" index="1" bw="1" slack="1"/>
</pin_list>
<bind>
<opset="bit_select_i_i "/>
</bind>
</comp>

</comp_list>

<net_list>
<net id="67"><net_src comp="4" pin="0"/><net_sink comp="64" pin=0"/></net>

<net id="71"><net_src comp="4" pin="0"/><net_sink comp="68" pin=0"/></net>

<net id="75"><net_src comp="4" pin="0"/><net_sink comp="72" pin=0"/></net>

<net id="79"><net_src comp="4" pin="0"/><net_sink comp="76" pin=0"/></net>

<net id="83"><net_src comp="4" pin="0"/><net_sink comp="80" pin=0"/></net>

<net id="88"><net_src comp="16" pin="0"/><net_sink comp="84" pin=0"/></net>

<net id="89"><net_src comp="0" pin="0"/><net_sink comp="84" pin=1"/></net>

<net id="95"><net_src comp="62" pin="0"/><net_sink comp="90" pin=0"/></net>

<net id="96"><net_src comp="2" pin="0"/><net_sink comp="90" pin=1"/></net>

<net id="101"><net_src comp="18" pin="0"/><net_sink comp="97" pin=0"/></net>

<net id="106"><net_src comp="20" pin="0"/><net_sink comp="102" pin=0"/></net>

<net id="111"><net_src comp="22" pin="0"/><net_sink comp="107" pin=0"/></net>

<net id="116"><net_src comp="20" pin="0"/><net_sink comp="112" pin=0"/></net>

<net id="121"><net_src comp="20" pin="0"/><net_sink comp="117" pin=0"/></net>

<net id="129"><net_src comp="122" pin="1"/><net_sink comp="125" pin=0"/></net>

<net id="130"><net_src comp="24" pin="0"/><net_sink comp="125" pin=1"/></net>

<net id="135"><net_src comp="122" pin="1"/><net_sink comp="131" pin=0"/></net>

<net id="136"><net_src comp="26" pin="0"/><net_sink comp="131" pin=1"/></net>

<net id="150"><net_src comp="143" pin="1"/><net_sink comp="146" pin=0"/></net>

<net id="151"><net_src comp="28" pin="0"/><net_sink comp="146" pin=1"/></net>

<net id="157"><net_src comp="146" pin="2"/><net_sink comp="152" pin=0"/></net>

<net id="158"><net_src comp="20" pin="0"/><net_sink comp="152" pin=1"/></net>

<net id="159"><net_src comp="140" pin="1"/><net_sink comp="152" pin=2"/></net>

<net id="164"><net_src comp="146" pin="2"/><net_sink comp="160" pin=0"/></net>

<net id="165"><net_src comp="30" pin="0"/><net_sink comp="160" pin=1"/></net>

<net id="170"><net_src comp="137" pin="1"/><net_sink comp="166" pin=0"/></net>

<net id="171"><net_src comp="32" pin="0"/><net_sink comp="166" pin=1"/></net>

<net id="176"><net_src comp="166" pin="2"/><net_sink comp="172" pin=0"/></net>

<net id="177"><net_src comp="160" pin="2"/><net_sink comp="172" pin=1"/></net>

<net id="182"><net_src comp="152" pin="3"/><net_sink comp="178" pin=0"/></net>

<net id="183"><net_src comp="34" pin="0"/><net_sink comp="178" pin=1"/></net>

<net id="188"><net_src comp="172" pin="2"/><net_sink comp="184" pin=0"/></net>

<net id="189"><net_src comp="146" pin="2"/><net_sink comp="184" pin=1"/></net>

<net id="195"><net_src comp="184" pin="2"/><net_sink comp="190" pin=0"/></net>

<net id="196"><net_src comp="20" pin="0"/><net_sink comp="190" pin=1"/></net>

<net id="197"><net_src comp="137" pin="1"/><net_sink comp="190" pin=2"/></net>

<net id="203"><net_src comp="172" pin="2"/><net_sink comp="198" pin=0"/></net>

<net id="204"><net_src comp="178" pin="2"/><net_sink comp="198" pin=1"/></net>

<net id="205"><net_src comp="152" pin="3"/><net_sink comp="198" pin=2"/></net>

<net id="210"><net_src comp="190" pin="3"/><net_sink comp="206" pin=0"/></net>

<net id="211"><net_src comp="34" pin="0"/><net_sink comp="206" pin=1"/></net>

<net id="216"><net_src comp="143" pin="1"/><net_sink comp="212" pin=0"/></net>

<net id="217"><net_src comp="36" pin="0"/><net_sink comp="212" pin=1"/></net>

<net id="223"><net_src comp="146" pin="2"/><net_sink comp="218" pin=0"/></net>

<net id="224"><net_src comp="36" pin="0"/><net_sink comp="218" pin=1"/></net>

<net id="225"><net_src comp="212" pin="2"/><net_sink comp="218" pin=2"/></net>

<net id="230"><net_src comp="131" pin="2"/><net_sink comp="226" pin=0"/></net>

<net id="235"><net_src comp="218" pin="3"/><net_sink comp="231" pin=0"/></net>

<net id="240"><net_src comp="198" pin="3"/><net_sink comp="236" pin=0"/></net>

<net id="245"><net_src comp="206" pin="2"/><net_sink comp="241" pin=0"/></net>

<net id="253"><net_src comp="246" pin="1"/><net_sink comp="249" pin=0"/></net>

<net id="254"><net_src comp="34" pin="0"/><net_sink comp="249" pin=1"/></net>

<net id="260"><net_src comp="249" pin="2"/><net_sink comp="255" pin=1"/></net>

<net id="261"><net_src comp="246" pin="1"/><net_sink comp="255" pin=2"/></net>

<net id="267"><net_src comp="38" pin="0"/><net_sink comp="262" pin=0"/></net>

<net id="268"><net_src comp="255" pin="3"/><net_sink comp="262" pin=1"/></net>

<net id="269"><net_src comp="20" pin="0"/><net_sink comp="262" pin=2"/></net>

<net id="273"><net_src comp="262" pin="3"/><net_sink comp="270" pin=0"/></net>

<net id="279"><net_src comp="40" pin="0"/><net_sink comp="274" pin=0"/></net>

<net id="280"><net_src comp="255" pin="3"/><net_sink comp="274" pin=1"/></net>

<net id="281"><net_src comp="42" pin="0"/><net_sink comp="274" pin=2"/></net>

<net id="285"><net_src comp="274" pin="3"/><net_sink comp="282" pin=0"/></net>

<net id="290"><net_src comp="270" pin="1"/><net_sink comp="286" pin=0"/></net>

<net id="291"><net_src comp="282" pin="1"/><net_sink comp="286" pin=1"/></net>

<net id="299"><net_src comp="286" pin="2"/><net_sink comp="295" pin=0"/></net>

<net id="300"><net_src comp="292" pin="1"/><net_sink comp="295" pin=1"/></net>

<net id="306"><net_src comp="44" pin="0"/><net_sink comp="301" pin=0"/></net>

<net id="307"><net_src comp="295" pin="2"/><net_sink comp="301" pin=1"/></net>

<net id="308"><net_src comp="20" pin="0"/><net_sink comp="301" pin=2"/></net>

<net id="314"><net_src comp="46" pin="0"/><net_sink comp="309" pin=0"/></net>

<net id="315"><net_src comp="295" pin="2"/><net_sink comp="309" pin=1"/></net>

<net id="316"><net_src comp="42" pin="0"/><net_sink comp="309" pin=2"/></net>

<net id="320"><net_src comp="309" pin="3"/><net_sink comp="317" pin=0"/></net>

<net id="325"><net_src comp="301" pin="3"/><net_sink comp="321" pin=0"/></net>

<net id="326"><net_src comp="317" pin="1"/><net_sink comp="321" pin=1"/></net>

<net id="334"><net_src comp="321" pin="2"/><net_sink comp="330" pin=0"/></net>

<net id="335"><net_src comp="327" pin="1"/><net_sink comp="330" pin=1"/></net>

<net id="339"><net_src comp="330" pin="2"/><net_sink comp="336" pin=0"/></net>

<net id="345"><net_src comp="48" pin="0"/><net_sink comp="340" pin=0"/></net>

<net id="346"><net_src comp="336" pin="1"/><net_sink comp="340" pin=2"/></net>

<net id="351"><net_src comp="255" pin="3"/><net_sink comp="347" pin=0"/></net>

<net id="357"><net_src comp="60" pin="0"/><net_sink comp="352" pin=0"/></net>

<net id="358"><net_src comp="42" pin="0"/><net_sink comp="352" pin=1"/></net>

<net id="362"><net_src comp="352" pin="3"/><net_sink comp="359" pin=0"/></net>

<net id="363"><net_src comp="359" pin="1"/><net_sink comp="90" pin=2"/></net>

<net id="367"><net_src comp="64" pin="1"/><net_sink comp="364" pin=0"/></net>

<net id="368"><net_src comp="364" pin="1"/><net_sink comp="117" pin=1"/></net>

<net id="369"><net_src comp="364" pin="1"/><net_sink comp="137" pin=0"/></net>

<net id="370"><net_src comp="364" pin="1"/><net_sink comp="241" pin=1"/></net>

<net id="374"><net_src comp="68" pin="1"/><net_sink comp="371" pin=0"/></net>

<net id="375"><net_src comp="371" pin="1"/><net_sink comp="112" pin=1"/></net>

<net id="376"><net_src comp="371" pin="1"/><net_sink comp="140" pin=0"/></net>

<net id="377"><net_src comp="371" pin="1"/><net_sink comp="236" pin=1"/></net>

<net id="381"><net_src comp="72" pin="1"/><net_sink comp="378" pin=0"/></net>

<net id="382"><net_src comp="378" pin="1"/><net_sink comp="107" pin=1"/></net>

<net id="383"><net_src comp="378" pin="1"/><net_sink comp="143" pin=0"/></net>

<net id="384"><net_src comp="378" pin="1"/><net_sink comp="231" pin=1"/></net>

<net id="388"><net_src comp="76" pin="1"/><net_sink comp="385" pin=0"/></net>

<net id="389"><net_src comp="385" pin="1"/><net_sink comp="102" pin=1"/></net>

<net id="390"><net_src comp="385" pin="1"/><net_sink comp="246" pin=0"/></net>

<net id="391"><net_src comp="385" pin="1"/><net_sink comp="347" pin=1"/></net>

<net id="395"><net_src comp="80" pin="1"/><net_sink comp="392" pin=0"/></net>

<net id="396"><net_src comp="392" pin="1"/><net_sink comp="97" pin=1"/></net>

<net id="397"><net_src comp="392" pin="1"/><net_sink comp="122" pin=0"/></net>

<net id="398"><net_src comp="392" pin="1"/><net_sink comp="226" pin=1"/></net>

<net id="402"><net_src comp="84" pin="2"/><net_sink comp="399" pin=0"/></net>

<net id="403"><net_src comp="399" pin="1"/><net_sink comp="340" pin=1"/></net>

<net id="407"><net_src comp="125" pin="2"/><net_sink comp="404" pin=0"/></net>

<net id="411"><net_src comp="146" pin="2"/><net_sink comp="408" pin=0"/></net>

<net id="412"><net_src comp="408" pin="1"/><net_sink comp="255" pin=0"/></net>

<net id="416"><net_src comp="190" pin="3"/><net_sink comp="413" pin=0"/></net>

<net id="417"><net_src comp="413" pin="1"/><net_sink comp="327" pin=0"/></net>

<net id="421"><net_src comp="198" pin="3"/><net_sink comp="418" pin=0"/></net>

<net id="422"><net_src comp="418" pin="1"/><net_sink comp="292" pin=0"/></net>

<net id="426"><net_src comp="340" pin="3"/><net_sink comp="423" pin=0"/></net>

<net id="427"><net_src comp="423" pin="1"/><net_sink comp="352" pin=2"/></net>

</net_list>

</model> 
---------------- Datapath Model END ------------------

* FSMD analyzer results:
  - Output states:
	Port: s0 | {3 }
 - Input state : 
	Port: unpack_input : beat_read | {1 }
  - Chain level:
	State 1
		store_ln0 : 1
		store_ln0 : 1
		store_ln19 : 1
		store_ln20 : 1
		indvar_flatten12_load : 1
		icmp_ln18 : 2
		add_ln18 : 2
		br_ln18 : 3
		x_load : 1
		y_load : 1
		indvar_flatten_load : 1
		icmp_ln19 : 2
		select_ln18 : 3
		xor_ln18 : 3
		icmp_ln20 : 2
		and_ln18 : 3
		y_2 : 4
		or_ln19 : 3
		select_ln19 : 3
		select_ln19_1 : 3
		x_1 : 4
		add_ln19_1 : 2
		select_ln19_2 : 3
		store_ln18 : 3
		store_ln19 : 4
		store_ln19 : 4
		store_ln20 : 5
	State 2
		t_2 : 1
		select_ln18_1 : 2
		p_shl : 3
		p_shl_cast : 4
		p_shl1 : 3
		p_shl1_cast : 4
		mul : 5
		add : 6
		p_shl2 : 7
		p_shl3 : 7
		p_shl3_cast : 8
		mul9 : 9
		idx : 10
		sext_ln22 : 11
		bit_select_i_i : 12
		store_ln18 : 3
	State 3
		zext_ln26 : 1
		write_ln26 : 2


============================================================
+ Verbose Summary: Datapath Resource usage 
============================================================

* Functional unit list:
|----------|------------------------|---------|---------|
| Operation|     Functional Unit    |    FF   |   LUT   |
|----------|------------------------|---------|---------|
|          |     add_ln18_fu_131    |    0    |    15   |
|          |       y_2_fu_178       |    0    |    10   |
|          |       x_1_fu_206       |    0    |    10   |
|    add   |    add_ln19_1_fu_212   |    0    |    13   |
|          |       t_2_fu_249       |    0    |    10   |
|          |       add_fu_295       |    0    |    16   |
|          |       idx_fu_330       |    0    |    18   |
|----------|------------------------|---------|---------|
|          |    icmp_ln18_fu_125    |    0    |    15   |
|   icmp   |    icmp_ln19_fu_146    |    0    |    13   |
|          |    icmp_ln20_fu_166    |    0    |    10   |
|----------|------------------------|---------|---------|
|    sub   |       mul_fu_286       |    0    |    13   |
|          |       mul9_fu_321      |    0    |    18   |
|----------|------------------------|---------|---------|
|          |   select_ln18_fu_152   |    0    |    3    |
|          |   select_ln19_fu_190   |    0    |    3    |
|  select  |  select_ln19_1_fu_198  |    0    |    3    |
|          |  select_ln19_2_fu_218  |    0    |    6    |
|          |  select_ln18_1_fu_255  |    0    |    3    |
|----------|------------------------|---------|---------|
|    xor   |     xor_ln18_fu_160    |    0    |    2    |
|----------|------------------------|---------|---------|
|    and   |     and_ln18_fu_172    |    0    |    2    |
|----------|------------------------|---------|---------|
|    or    |     or_ln19_fu_184     |    0    |    2    |
|----------|------------------------|---------|---------|
|   read   | beat_read_1_read_fu_84 |    0    |    0    |
|----------|------------------------|---------|---------|
|   write  | write_ln26_write_fu_90 |    0    |    0    |
|----------|------------------------|---------|---------|
|          |      p_shl_fu_262      |    0    |    0    |
|          |      p_shl1_fu_274     |    0    |    0    |
|bitconcatenate|      p_shl2_fu_301     |    0    |    0    |
|          |      p_shl3_fu_309     |    0    |    0    |
|          |      or_ln_fu_352      |    0    |    0    |
|----------|------------------------|---------|---------|
|          |    p_shl_cast_fu_270   |    0    |    0    |
|          |   p_shl1_cast_fu_282   |    0    |    0    |
|   zext   |    zext_ln19_fu_292    |    0    |    0    |
|          |    zext_ln20_fu_327    |    0    |    0    |
|          |    zext_ln26_fu_359    |    0    |    0    |
|----------|------------------------|---------|---------|
|   sext   |   p_shl3_cast_fu_317   |    0    |    0    |
|          |    sext_ln22_fu_336    |    0    |    0    |
|----------|------------------------|---------|---------|
| bitselect|  bit_select_i_i_fu_340 |    0    |    0    |
|----------|------------------------|---------|---------|
|   Total  |                        |    0    |   185   |
|----------|------------------------|---------|---------|

Memories:
N/A

* Register list:
+------------------------+--------+
|                        |   FF   |
+------------------------+--------+
|   beat_read_1_reg_399  |   512  |
| bit_select_i_i_reg_423 |    1   |
|    icmp_ln18_reg_404   |    1   |
|    icmp_ln19_reg_408   |    1   |
|indvar_flatten12_reg_392|    8   |
| indvar_flatten_reg_378 |    6   |
|  select_ln19_1_reg_418 |    3   |
|   select_ln19_reg_413  |    3   |
|        t_reg_385       |    3   |
|        x_reg_364       |    3   |
|        y_reg_371       |    3   |
+------------------------+--------+
|          Total         |   544  |
+------------------------+--------+

* Multiplexer (MUX) list: 
|--------|------|------|------|--------|
|  Comp  |  Pin | Size |  BW  | S x BW |
|--------|------|------|------|--------|
|  Total |      |      |      |    0   |
|--------|------|------|------|--------|



* Summary:
+-----------+--------+--------+
|           |   FF   |   LUT  |
+-----------+--------+--------+
|  Function |    0   |   185  |
|   Memory  |    -   |    -   |
|Multiplexer|    -   |    -   |
|  Register |   544  |    -   |
+-----------+--------+--------+
|   Total   |   544  |   185  |
+-----------+--------+--------+
