

================================================================
== Vitis HLS Report for 'unpack_input'
================================================================
* Date:           Thu Sep  3 17:05:55 2026

* Version:        2023.2 (Build 4023990 on Oct 11 2023)
* Project:        predecoder_csynth_proj
* Solution:       solution1 (Vitis Kernel Flow Target)
* Product family: virtexuplusHBM
* Target device:  xcu55c-fsvh2892-2L-e


================================================================
== Performance Estimates
================================================================
+ Timing: 
    * Summary: 
    +--------+---------+----------+------------+
    |  Clock |  Target | Estimated| Uncertainty|
    +--------+---------+----------+------------+
    |ap_clk  |  3.33 ns|  2.757 ns|     0.90 ns|
    +--------+---------+----------+------------+

+ Latency: 
    * Summary: 
    +---------+---------+----------+----------+-----+-----+---------+
    |  Latency (cycles) |  Latency (absolute) |  Interval | Pipeline|
    |   min   |   max   |    min   |    max   | min | max |   Type  |
    +---------+---------+----------+----------+-----+-----+---------+
    |      219|      219|  0.729 us|  0.729 us|  219|  219|       no|
    +---------+---------+----------+----------+-----+-----+---------+

    + Detail: 
        * Instance: 
        N/A

        * Loop: 
        +------------------------------------------+---------+---------+----------+-----------+-----------+------+----------+
        |                                          |  Latency (cycles) | Iteration|  Initiation Interval  | Trip |          |
        |                 Loop Name                |   min   |   max   |  Latency |  achieved |   target  | Count| Pipelined|
        +------------------------------------------+---------+---------+----------+-----------+-----------+------+----------+
        |- UNPACK_VITIS_LOOP_19_1_VITIS_LOOP_20_2  |      217|      217|         3|          1|          1|   216|       yes|
        +------------------------------------------+---------+---------+----------+-----------+-----------+------+----------+

============================================================
+ Verbose Summary: Synthesis Manager
============================================================
InlineROM: 1
ExposeGlobal: 0
============================================================
+ Verbose Summary: CDFG Model
============================================================
IsTopModel: 0
ResetActiveHigh: 1
IsCombinational: 2
IsDatapathOnly: 0
HasWiredReturn: 1
HasMFsm: 2
HasVarLatency: 1
IsPipeline: 0
IsRtlPipelined: 0
IsInstanceOverlapped: 0
IsDontTouch: 0
HasImplIP: 0
IsGatedGlobalClock: 0

+ Individual pipeline summary: 
  * Pipeline-0: initiation interval (II) = 1, depth = 3


============================================================
+ Verbose Summary: Schedule
============================================================
* Number of FSM states : 3
* Pipeline : 1
  Pipeline-0 : II = 1, D = 3, States = { 1 2 3 }
* Dataflow Pipeline: 0

* FSM state transitions: 
1 --> 2 
2 --> 3 
3 --> 

* FSM state operations: 

State 1 <SV = 0> <Delay = 2.60>
ST_1 : Operation 6 [1/1] (0.00ns)   --->   "%x = alloca i32 1" [predecoder_kernel.cpp:20]   --->   Operation 6 'alloca' 'x' <Predicate = true> <Delay = 0.00>
ST_1 : Operation 7 [1/1] (0.00ns)   --->   "%y = alloca i32 1" [predecoder_kernel.cpp:19]   --->   Operation 7 'alloca' 'y' <Predicate = true> <Delay = 0.00>
ST_1 : Operation 8 [1/1] (0.00ns)   --->   "%indvar_flatten = alloca i32 1"   --->   Operation 8 'alloca' 'indvar_flatten' <Predicate = true> <Delay = 0.00>
ST_1 : Operation 9 [1/1] (0.00ns)   --->   "%t = alloca i32 1" [predecoder_kernel.cpp:18]   --->   Operation 9 'alloca' 't' <Predicate = true> <Delay = 0.00>
ST_1 : Operation 10 [1/1] (0.00ns)   --->   "%indvar_flatten12 = alloca i32 1"   --->   Operation 10 'alloca' 'indvar_flatten12' <Predicate = true> <Delay = 0.00>
ST_1 : Operation 11 [1/1] (0.00ns)   --->   "%specinterface_ln0 = specinterface void @_ssdm_op_SpecInterface, i96 %s0, void @empty_1, i32 0, i32 0, void @empty_5, i32 0, i32 0, void @empty_5, void @empty_5, void @empty_5, i32 0, i32 0, i32 0, i32 0, void @empty_5, void @empty_5, i32 4294967295, i32 0"   --->   Operation 11 'specinterface' 'specinterface_ln0' <Predicate = true> <Delay = 0.00>
ST_1 : Operation 12 [1/1] (1.21ns)   --->   "%beat_read_1 = read i512 @_ssdm_op_Read.ap_auto.i512, i512 %beat_read" [predecoder_kernel.cpp:16]   --->   Operation 12 'read' 'beat_read_1' <Predicate = true> <Delay = 1.21> <CoreInst = "FIFO_SRL">   --->   Core 81 'FIFO_SRL' <Latency = 0> <II = 1> <Delay = 1.42> <Storage> <Opcode : 'read' 'write' 'nbread' 'nbwrite'> <Ports = 0> <Width = -1> <Depth = -1> <FIFO>
ST_1 : Operation 13 [1/1] (0.38ns)   --->   "%store_ln0 = store i8 0, i8 %indvar_flatten12"   --->   Operation 13 'store' 'store_ln0' <Predicate = true> <Delay = 0.38>
ST_1 : Operation 15 [1/1] (0.38ns)   --->   "%store_ln0 = store i6 0, i6 %indvar_flatten"   --->   Operation 15 'store' 'store_ln0' <Predicate = true> <Delay = 0.38>
ST_1 : Operation 16 [1/1] (0.38ns)   --->   "%store_ln19 = store i3 0, i3 %y" [predecoder_kernel.cpp:19]   --->   Operation 16 'store' 'store_ln19' <Predicate = true> <Delay = 0.38>
ST_1 : Operation 17 [1/1] (0.38ns)   --->   "%store_ln20 = store i3 0, i3 %x" [predecoder_kernel.cpp:20]   --->   Operation 17 'store' 'store_ln20' <Predicate = true> <Delay = 0.38>
ST_1 : Operation 18 [1/1] (0.00ns)   --->   "%br_ln18 = br void %for.body8" [predecoder_kernel.cpp:18]   --->   Operation 18 'br' 'br_ln18' <Predicate = true> <Delay = 0.00>
ST_1 : Operation 19 [1/1] (0.00ns)   --->   "%indvar_flatten12_load = load i8 %indvar_flatten12" [predecoder_kernel.cpp:18]   --->   Operation 19 'load' 'indvar_flatten12_load' <Predicate = true> <Delay = 0.00>
ST_1 : Operation 20 [1/1] (0.70ns)   --->   "%icmp_ln18 = icmp_eq  i8 %indvar_flatten12_load, i8 216" [predecoder_kernel.cpp:18]   --->   Operation 20 'icmp' 'icmp_ln18' <Predicate = true> <Delay = 0.70> <CoreInst = "Cmp">   --->   Core 9 'Cmp' <Latency = 0> <II = 1> <Delay = 0.70> <FuncUnit> <Opcode : 'icmp'> <InPorts = 2> <OutPorts = 1>
ST_1 : Operation 21 [1/1] (0.70ns)   --->   "%add_ln18 = add i8 %indvar_flatten12_load, i8 1" [predecoder_kernel.cpp:18]   --->   Operation 21 'add' 'add_ln18' <Predicate = true> <Delay = 0.70> <CoreInst = "Adder">   --->   Core 1 'Adder' <Latency = 0> <II = 1> <Delay = 0.70> <FuncUnit> <Opcode : 'add' 'sub'> <InPorts = 2> <OutPorts = 1>
ST_1 : Operation 22 [1/1] (0.00ns)   --->   "%br_ln18 = br i1 %icmp_ln18, void %for.inc24, void %for.end26" [predecoder_kernel.cpp:18]   --->   Operation 22 'br' 'br_ln18' <Predicate = true> <Delay = 0.00>
ST_1 : Operation 23 [1/1] (0.00ns)   --->   "%x_load = load i3 %x" [predecoder_kernel.cpp:20]   --->   Operation 23 'load' 'x_load' <Predicate = (!icmp_ln18)> <Delay = 0.00>
ST_1 : Operation 24 [1/1] (0.00ns)   --->   "%y_load = load i3 %y" [predecoder_kernel.cpp:18]   --->   Operation 24 'load' 'y_load' <Predicate = (!icmp_ln18)> <Delay = 0.00>
ST_1 : Operation 25 [1/1] (0.00ns)   --->   "%indvar_flatten_load = load i6 %indvar_flatten" [predecoder_kernel.cpp:19]   --->   Operation 25 'load' 'indvar_flatten_load' <Predicate = (!icmp_ln18)> <Delay = 0.00>
ST_1 : Operation 26 [1/1] (0.70ns)   --->   "%icmp_ln19 = icmp_eq  i6 %indvar_flatten_load, i6 36" [predecoder_kernel.cpp:19]   --->   Operation 26 'icmp' 'icmp_ln19' <Predicate = (!icmp_ln18)> <Delay = 0.70> <CoreInst = "Cmp">   --->   Core 9 'Cmp' <Latency = 0> <II = 1> <Delay = 0.70> <FuncUnit> <Opcode : 'icmp'> <InPorts = 2> <OutPorts = 1>
ST_1 : Operation 27 [1/1] (0.27ns)   --->   "%select_ln18 = select i1 %icmp_ln19, i3 0, i3 %y_load" [predecoder_kernel.cpp:18]   --->   Operation 27 'select' 'select_ln18' <Predicate = (!icmp_ln18)> <Delay = 0.27> <CoreInst = "Sel">   --->   Core 73 'Sel' <Latency = 0> <II = 1> <Delay = 0.27> <FuncUnit> <Opcode : 'select'> <InPorts = 3> <OutPorts = 1>
ST_1 : Operation 28 [1/1] (0.00ns) (grouped into LUT with out node and_ln18)   --->   "%xor_ln18 = xor i1 %icmp_ln19, i1 1" [predecoder_kernel.cpp:18]   --->   Operation 28 'xor' 'xor_ln18' <Predicate = (!icmp_ln18)> <Delay = 0.00> <CoreInst = "LogicGate">   --->   Core 74 'LogicGate' <Latency = 0> <II = 1> <Delay = 0.12> <FuncUnit> <Opcode : 'and' 'or' 'xor'> <InPorts = 2> <OutPorts = 1>
ST_1 : Operation 29 [1/1] (0.57ns)   --->   "%icmp_ln20 = icmp_eq  i3 %x_load, i3 6" [predecoder_kernel.cpp:20]   --->   Operation 29 'icmp' 'icmp_ln20' <Predicate = (!icmp_ln18)> <Delay = 0.57> <CoreInst = "Cmp">   --->   Core 9 'Cmp' <Latency = 0> <II = 1> <Delay = 0.57> <FuncUnit> <Opcode : 'icmp'> <InPorts = 2> <OutPorts = 1>
ST_1 : Operation 30 [1/1] (0.12ns) (out node of the LUT)   --->   "%and_ln18 = and i1 %icmp_ln20, i1 %xor_ln18" [predecoder_kernel.cpp:18]   --->   Operation 30 'and' 'and_ln18' <Predicate = (!icmp_ln18)> <Delay = 0.12> <CoreInst = "LogicGate">   --->   Core 74 'LogicGate' <Latency = 0> <II = 1> <Delay = 0.12> <FuncUnit> <Opcode : 'and' 'or' 'xor'> <InPorts = 2> <OutPorts = 1>
ST_1 : Operation 31 [1/1] (0.57ns)   --->   "%y_2 = add i3 %select_ln18, i3 1" [predecoder_kernel.cpp:19]   --->   Operation 31 'add' 'y_2' <Predicate = (!icmp_ln18)> <Delay = 0.57> <CoreInst = "Adder">   --->   Core 1 'Adder' <Latency = 0> <II = 1> <Delay = 0.57> <FuncUnit> <Opcode : 'add' 'sub'> <InPorts = 2> <OutPorts = 1>
ST_1 : Operation 32 [1/1] (0.00ns) (grouped into LUT with out node select_ln19)   --->   "%or_ln19 = or i1 %and_ln18, i1 %icmp_ln19" [predecoder_kernel.cpp:19]   --->   Operation 32 'or' 'or_ln19' <Predicate = (!icmp_ln18)> <Delay = 0.00> <CoreInst = "LogicGate">   --->   Core 74 'LogicGate' <Latency = 0> <II = 1> <Delay = 0.12> <FuncUnit> <Opcode : 'and' 'or' 'xor'> <InPorts = 2> <OutPorts = 1>
ST_1 : Operation 33 [1/1] (0.27ns) (out node of the LUT)   --->   "%select_ln19 = select i1 %or_ln19, i3 0, i3 %x_load" [predecoder_kernel.cpp:19]   --->   Operation 33 'select' 'select_ln19' <Predicate = (!icmp_ln18)> <Delay = 0.27> <CoreInst = "Sel">   --->   Core 73 'Sel' <Latency = 0> <II = 1> <Delay = 0.27> <FuncUnit> <Opcode : 'select'> <InPorts = 3> <OutPorts = 1>
ST_1 : Operation 34 [1/1] (0.27ns)   --->   "%select_ln19_1 = select i1 %and_ln18, i3 %y_2, i3 %select_ln18" [predecoder_kernel.cpp:19]   --->   Operation 34 'select' 'select_ln19_1' <Predicate = (!icmp_ln18)> <Delay = 0.27> <CoreInst = "Sel">   --->   Core 73 'Sel' <Latency = 0> <II = 1> <Delay = 0.27> <FuncUnit> <Opcode : 'select'> <InPorts = 3> <OutPorts = 1>
ST_1 : Operation 35 [1/1] (0.57ns)   --->   "%x_1 = add i3 %select_ln19, i3 1" [predecoder_kernel.cpp:20]   --->   Operation 35 'add' 'x_1' <Predicate = (!icmp_ln18)> <Delay = 0.57> <CoreInst = "Adder">   --->   Core 1 'Adder' <Latency = 0> <II = 1> <Delay = 0.57> <FuncUnit> <Opcode : 'add' 'sub'> <InPorts = 2> <OutPorts = 1>
ST_1 : Operation 36 [1/1] (0.70ns)   --->   "%add_ln19_1 = add i6 %indvar_flatten_load, i6 1" [predecoder_kernel.cpp:19]   --->   Operation 36 'add' 'add_ln19_1' <Predicate = (!icmp_ln18)> <Delay = 0.70> <CoreInst = "Adder">   --->   Core 1 'Adder' <Latency = 0> <II = 1> <Delay = 0.70> <FuncUnit> <Opcode : 'add' 'sub'> <InPorts = 2> <OutPorts = 1>
ST_1 : Operation 37 [1/1] (0.29ns)   --->   "%select_ln19_2 = select i1 %icmp_ln19, i6 1, i6 %add_ln19_1" [predecoder_kernel.cpp:19]   --->   Operation 37 'select' 'select_ln19_2' <Predicate = (!icmp_ln18)> <Delay = 0.29> <CoreInst = "Sel">   --->   Core 73 'Sel' <Latency = 0> <II = 1> <Delay = 0.29> <FuncUnit> <Opcode : 'select'> <InPorts = 3> <OutPorts = 1>
ST_1 : Operation 38 [1/1] (0.38ns)   --->   "%store_ln18 = store i8 %add_ln18, i8 %indvar_flatten12" [predecoder_kernel.cpp:18]   --->   Operation 38 'store' 'store_ln18' <Predicate = (!icmp_ln18)> <Delay = 0.38>
ST_1 : Operation 39 [1/1] (0.38ns)   --->   "%store_ln19 = store i6 %select_ln19_2, i6 %indvar_flatten" [predecoder_kernel.cpp:19]   --->   Operation 39 'store' 'store_ln19' <Predicate = (!icmp_ln18)> <Delay = 0.38>
ST_1 : Operation 40 [1/1] (0.38ns)   --->   "%store_ln19 = store i3 %select_ln19_1, i3 %y" [predecoder_kernel.cpp:19]   --->   Operation 40 'store' 'store_ln19' <Predicate = (!icmp_ln18)> <Delay = 0.38>
ST_1 : Operation 41 [1/1] (0.38ns)   --->   "%store_ln20 = store i3 %x_1, i3 %x" [predecoder_kernel.cpp:20]   --->   Operation 41 'store' 'store_ln20' <Predicate = (!icmp_ln18)> <Delay = 0.38>

State 2 <SV = 1> <Delay = 2.75>
ST_2 : Operation 14 [1/1] (0.38ns)   --->   "%store_ln18 = store i3 0, i3 %t" [predecoder_kernel.cpp:18]   --->   Operation 14 'store' 'store_ln18' <Predicate = true> <Delay = 0.38>
ST_2 : Operation 42 [1/1] (0.00ns)   --->   "%t_load = load i3 %t" [predecoder_kernel.cpp:18]   --->   Operation 42 'load' 't_load' <Predicate = true> <Delay = 0.00>
ST_2 : Operation 43 [1/1] (0.57ns)   --->   "%t_2 = add i3 %t_load, i3 1" [predecoder_kernel.cpp:18]   --->   Operation 43 'add' 't_2' <Predicate = (icmp_ln19)> <Delay = 0.57> <CoreInst = "Adder">   --->   Core 1 'Adder' <Latency = 0> <II = 1> <Delay = 0.57> <FuncUnit> <Opcode : 'add' 'sub'> <InPorts = 2> <OutPorts = 1>
ST_2 : Operation 44 [1/1] (0.27ns)   --->   "%select_ln18_1 = select i1 %icmp_ln19, i3 %t_2, i3 %t_load" [predecoder_kernel.cpp:18]   --->   Operation 44 'select' 'select_ln18_1' <Predicate = true> <Delay = 0.27> <CoreInst = "Sel">   --->   Core 73 'Sel' <Latency = 0> <II = 1> <Delay = 0.27> <FuncUnit> <Opcode : 'select'> <InPorts = 3> <OutPorts = 1>
ST_2 : Operation 45 [1/1] (0.00ns)   --->   "%p_shl = bitconcatenate i6 @_ssdm_op_BitConcatenate.i6.i3.i3, i3 %select_ln18_1, i3 0" [predecoder_kernel.cpp:18]   --->   Operation 45 'bitconcatenate' 'p_shl' <Predicate = true> <Delay = 0.00>
ST_2 : Operation 46 [1/1] (0.00ns)   --->   "%p_shl_cast = zext i6 %p_shl" [predecoder_kernel.cpp:18]   --->   Operation 46 'zext' 'p_shl_cast' <Predicate = true> <Delay = 0.00>
ST_2 : Operation 47 [1/1] (0.00ns)   --->   "%p_shl1 = bitconcatenate i4 @_ssdm_op_BitConcatenate.i4.i3.i1, i3 %select_ln18_1, i1 0" [predecoder_kernel.cpp:18]   --->   Operation 47 'bitconcatenate' 'p_shl1' <Predicate = true> <Delay = 0.00>
ST_2 : Operation 48 [1/1] (0.00ns)   --->   "%p_shl1_cast = zext i4 %p_shl1" [predecoder_kernel.cpp:18]   --->   Operation 48 'zext' 'p_shl1_cast' <Predicate = true> <Delay = 0.00>
ST_2 : Operation 49 [1/1] (0.00ns) (grouped into TernaryAdder)   --->   "%mul = sub i7 %p_shl_cast, i7 %p_shl1_cast" [predecoder_kernel.cpp:18]   --->   Operation 49 'sub' 'mul' <Predicate = true> <Delay = 0.00> <CoreInst = "TAddSub">   --->   Core 10 'TAddSub' <Latency = 0> <II = 1> <Delay = 0.39> <IPBlock> <Opcode : '' 'add' 'sub'> <InPorts = 3> <OutPorts = 1> <Sync> <CReg>
ST_2 : Operation 50 [1/1] (0.00ns)   --->   "%zext_ln19 = zext i3 %select_ln19_1" [predecoder_kernel.cpp:19]   --->   Operation 50 'zext' 'zext_ln19' <Predicate = true> <Delay = 0.00>
ST_2 : Operation 51 [1/1] (0.72ns) (root node of TernaryAdder)   --->   "%add = add i7 %mul, i7 %zext_ln19" [predecoder_kernel.cpp:18]   --->   Operation 51 'add' 'add' <Predicate = true> <Delay = 0.72> <CoreInst = "TAddSub">   --->   Core 10 'TAddSub' <Latency = 0> <II = 1> <Delay = 0.39> <IPBlock> <Opcode : '' 'add' 'sub'> <InPorts = 3> <OutPorts = 1> <Sync> <CReg>
ST_2 : Operation 52 [1/1] (0.00ns)   --->   "%p_shl2 = bitconcatenate i10 @_ssdm_op_BitConcatenate.i10.i7.i3, i7 %add, i3 0" [predecoder_kernel.cpp:18]   --->   Operation 52 'bitconcatenate' 'p_shl2' <Predicate = true> <Delay = 0.00>
ST_2 : Operation 53 [1/1] (0.00ns)   --->   "%p_shl3 = bitconcatenate i8 @_ssdm_op_BitConcatenate.i8.i7.i1, i7 %add, i1 0" [predecoder_kernel.cpp:18]   --->   Operation 53 'bitconcatenate' 'p_shl3' <Predicate = true> <Delay = 0.00>
ST_2 : Operation 54 [1/1] (0.00ns)   --->   "%p_shl3_cast = sext i8 %p_shl3" [predecoder_kernel.cpp:18]   --->   Operation 54 'sext' 'p_shl3_cast' <Predicate = true> <Delay = 0.00>
ST_2 : Operation 55 [1/1] (0.00ns) (grouped into TernaryAdder)   --->   "%mul9 = sub i10 %p_shl2, i10 %p_shl3_cast" [predecoder_kernel.cpp:18]   --->   Operation 55 'sub' 'mul9' <Predicate = true> <Delay = 0.00> <CoreInst = "TAddSub">   --->   Core 10 'TAddSub' <Latency = 0> <II = 1> <Delay = 0.39> <IPBlock> <Opcode : '' 'add' 'sub'> <InPorts = 3> <OutPorts = 1> <Sync> <CReg>
ST_2 : Operation 56 [1/1] (0.00ns)   --->   "%zext_ln20 = zext i3 %select_ln19" [predecoder_kernel.cpp:20]   --->   Operation 56 'zext' 'zext_ln20' <Predicate = true> <Delay = 0.00>
ST_2 : Operation 57 [1/1] (0.79ns) (root node of TernaryAdder)   --->   "%idx = add i10 %mul9, i10 %zext_ln20" [predecoder_kernel.cpp:22]   --->   Operation 57 'add' 'idx' <Predicate = true> <Delay = 0.79> <CoreInst = "TAddSub">   --->   Core 10 'TAddSub' <Latency = 0> <II = 1> <Delay = 0.39> <IPBlock> <Opcode : '' 'add' 'sub'> <InPorts = 3> <OutPorts = 1> <Sync> <CReg>
ST_2 : Operation 58 [1/1] (0.00ns)   --->   "%sext_ln22 = sext i10 %idx" [predecoder_kernel.cpp:22]   --->   Operation 58 'sext' 'sext_ln22' <Predicate = true> <Delay = 0.00>
ST_2 : Operation 59 [1/1] (0.00ns)   --->   "%bit_select_i_i = bitselect i1 @_ssdm_op_BitSelect.i1.i512.i32, i512 %beat_read_1, i32 %sext_ln22" [predecoder_kernel.cpp:24]   --->   Operation 59 'bitselect' 'bit_select_i_i' <Predicate = true> <Delay = 0.00>
ST_2 : Operation 60 [1/1] (0.38ns)   --->   "%store_ln18 = store i3 %select_ln18_1, i3 %t" [predecoder_kernel.cpp:18]   --->   Operation 60 'store' 'store_ln18' <Predicate = true> <Delay = 0.38>
ST_2 : Operation 68 [1/1] (0.00ns)   --->   "%ret_ln30 = ret" [predecoder_kernel.cpp:30]   --->   Operation 68 'ret' 'ret_ln30' <Predicate = (icmp_ln18)> <Delay = 0.00>

State 3 <SV = 2> <Delay = 1.21>
ST_3 : Operation 61 [1/1] (0.00ns)   --->   "%specloopname_ln0 = specloopname void @_ssdm_op_SpecLoopName, void @UNPACK_VITIS_LOOP_19_1_VITIS_LOOP_20_2_str"   --->   Operation 61 'specloopname' 'specloopname_ln0' <Predicate = true> <Delay = 0.00>
ST_3 : Operation 62 [1/1] (0.00ns)   --->   "%speclooptripcount_ln0 = speclooptripcount void @_ssdm_op_SpecLoopTripCount, i64 216, i64 216, i64 216"   --->   Operation 62 'speclooptripcount' 'speclooptripcount_ln0' <Predicate = true> <Delay = 0.00>
ST_3 : Operation 63 [1/1] (0.00ns)   --->   "%specpipeline_ln21 = specpipeline void @_ssdm_op_SpecPipeline, i32 1, i32 0, i32 0, i32 0, void @empty_5" [predecoder_kernel.cpp:21]   --->   Operation 63 'specpipeline' 'specpipeline_ln21' <Predicate = true> <Delay = 0.00>
ST_3 : Operation 64 [1/1] (0.00ns)   --->   "%or_ln = bitconcatenate i2 @_ssdm_op_BitConcatenate.i2.i1.i1, i1 0, i1 %bit_select_i_i" [predecoder_kernel.cpp:26]   --->   Operation 64 'bitconcatenate' 'or_ln' <Predicate = true> <Delay = 0.00>
ST_3 : Operation 65 [1/1] (0.00ns)   --->   "%zext_ln26 = zext i2 %or_ln" [predecoder_kernel.cpp:26]   --->   Operation 65 'zext' 'zext_ln26' <Predicate = true> <Delay = 0.00>
ST_3 : Operation 66 [1/1] (1.21ns)   --->   "%write_ln26 = write void @_ssdm_op_Write.ap_fifo.volatile.i96P0A, i96 %s0, i96 %zext_ln26" [predecoder_kernel.cpp:26]   --->   Operation 66 'write' 'write_ln26' <Predicate = true> <Delay = 1.21> <CoreInst = "FIFO_SRL">   --->   Core 81 'FIFO_SRL' <Latency = 0> <II = 1> <Delay = 1.42> <Storage> <Opcode : 'read' 'write' 'nbread' 'nbwrite'> <Ports = 0> <Width = 96> <Depth = 8> <FIFO>
ST_3 : Operation 67 [1/1] (0.00ns)   --->   "%br_ln20 = br void %for.body8" [predecoder_kernel.cpp:20]   --->   Operation 67 'br' 'br_ln20' <Predicate = true> <Delay = 0.00>


============================================================
+ Verbose Summary: Timing violations
============================================================
Target clock period: 3.330ns, clock uncertainty: 0.899ns.

 <State 1>: 2.608ns
The critical path consists of the following:
	'store' operation 0 bit ('store_ln0') of constant 0 on local variable 'indvar_flatten' [12]  (0.387 ns)
	'load' operation 6 bit ('indvar_flatten_load', predecoder_kernel.cpp:19) on local variable 'indvar_flatten' [24]  (0.000 ns)
	'icmp' operation 1 bit ('icmp_ln19', predecoder_kernel.cpp:19) [29]  (0.706 ns)
	'select' operation 3 bit ('select_ln18', predecoder_kernel.cpp:18) [30]  (0.278 ns)
	'add' operation 3 bit ('y_2', predecoder_kernel.cpp:19) [35]  (0.572 ns)
	'select' operation 3 bit ('select_ln19_1', predecoder_kernel.cpp:19) [38]  (0.278 ns)
	'store' operation 0 bit ('store_ln19', predecoder_kernel.cpp:19) of variable 'select_ln19_1', predecoder_kernel.cpp:19 on local variable 'y', predecoder_kernel.cpp:19 [64]  (0.387 ns)

 <State 2>: 2.757ns
The critical path consists of the following:
	'store' operation 0 bit ('store_ln18', predecoder_kernel.cpp:18) of constant 0 on local variable 't', predecoder_kernel.cpp:18 [11]  (0.387 ns)
	'load' operation 3 bit ('t_load', predecoder_kernel.cpp:18) on local variable 't', predecoder_kernel.cpp:18 [25]  (0.000 ns)
	'add' operation 3 bit ('t', predecoder_kernel.cpp:18) [26]  (0.572 ns)
	'select' operation 3 bit ('select_ln18_1', predecoder_kernel.cpp:18) [34]  (0.278 ns)
	'sub' operation 7 bit ('mul', predecoder_kernel.cpp:18) [43]  (0.000 ns)
	'add' operation 7 bit ('add', predecoder_kernel.cpp:18) [45]  (0.723 ns)
	'sub' operation 10 bit ('mul9', predecoder_kernel.cpp:18) [49]  (0.000 ns)
	'add' operation 10 bit ('idx', predecoder_kernel.cpp:22) [52]  (0.797 ns)

 <State 3>: 1.215ns
The critical path consists of the following:
	fifo write operation ('write_ln26', predecoder_kernel.cpp:26) on port 's0' (predecoder_kernel.cpp:26) [57]  (1.215 ns)


============================================================
+ Verbose Summary: Binding
============================================================
N/A
* FSMD analyzer results:
  - Output states:
 - Input state : 
  - Chain level:
	State 1
	State 2
	State 3


============================================================
+ Verbose Summary: Datapath Resource usage 
============================================================
N/A
