

================================================================
== Vitis HLS Report for 'Block_entry17_proc'
================================================================
* Date:           Thu Sep  3 17:11:08 2026

* Version:        2023.2 (Build 4023990 on Oct 11 2023)
* Project:        predecoder_csynth_proj
* Solution:       solution1 (Vitis Kernel Flow Target)
* Product family: virtexuplusHBM
* Target device:  xcu55c-fsvh2892-2L-e


================================================================
== Performance Estimates
================================================================
+ Timing: 
    * Summary: 
    +--------+---------+----------+------------+
    |  Clock |  Target | Estimated| Uncertainty|
    +--------+---------+----------+------------+
    |ap_clk  |  3.33 ns|  2.431 ns|     0.90 ns|
    +--------+---------+----------+------------+

+ Latency: 
    * Summary: 
    +---------+---------+----------+----------+-----+-----+---------+
    |  Latency (cycles) |  Latency (absolute) |  Interval | Pipeline|
    |   min   |   max   |    min   |    max   | min | max |   Type  |
    +---------+---------+----------+----------+-----+-----+---------+
    |       70|       70|  0.233 us|  0.233 us|   70|   70|       no|
    +---------+---------+----------+----------+-----+-----+---------+

    + Detail: 
        * Instance: 
        N/A

        * Loop: 
        N/A



================================================================
== Utilization Estimates
================================================================
* Summary: 
+---------------------+---------+------+---------+---------+-----+
|         Name        | BRAM_18K|  DSP |    FF   |   LUT   | URAM|
+---------------------+---------+------+---------+---------+-----+
|DSP                  |        -|     -|        -|        -|    -|
|Expression           |        -|     -|        0|        2|    -|
|FIFO                 |        -|     -|        -|        -|    -|
|Instance             |        -|     -|        -|        -|    -|
|Memory               |        -|     -|        -|        -|    -|
|Multiplexer          |        -|     -|        -|      370|    -|
|Register             |        -|     -|      130|        -|    -|
+---------------------+---------+------+---------+---------+-----+
|Total                |        0|     0|      130|      372|    0|
+---------------------+---------+------+---------+---------+-----+
|Available SLR        |     1344|  3008|   869120|   434560|  320|
+---------------------+---------+------+---------+---------+-----+
|Utilization SLR (%)  |        0|     0|       ~0|       ~0|    0|
+---------------------+---------+------+---------+---------+-----+
|Available            |     4032|  9024|  2607360|  1303680|  960|
+---------------------+---------+------+---------+---------+-----+
|Utilization (%)      |        0|     0|       ~0|       ~0|    0|
+---------------------+---------+------+---------+---------+-----+

+ Detail: 
    * Instance: 
    N/A

    * DSP: 
    N/A

    * Memory: 
    N/A

    * FIFO: 
    N/A

    * Expression: 
    +-----------------+----------+----+---+----+------------+------------+
    |  Variable Name  | Operation| DSP| FF| LUT| Bitwidth P0| Bitwidth P1|
    +-----------------+----------+----+---+----+------------+------------+
    |ap_block_state1  |        or|   0|  0|   2|           1|           1|
    +-----------------+----------+----+---+----+------------+------------+
    |Total            |          |   0|  0|   2|           1|           1|
    +-----------------+----------+----+---+----+------------+------------+

    * Multiplexer: 
    +----------------------+-----+-----------+-----+-----------+
    |         Name         | LUT | Input Size| Bits| Total Bits|
    +----------------------+-----+-----------+-----+-----------+
    |ap_NS_fsm             |  325|         72|    1|         72|
    |ap_done               |    9|          2|    1|          2|
    |correction_hbm_blk_n  |    9|          2|    1|          2|
    |gmem1_blk_n_AW        |    9|          2|    1|          2|
    |gmem1_blk_n_B         |    9|          2|    1|          2|
    |gmem1_blk_n_W         |    9|          2|    1|          2|
    +----------------------+-----+-----------+-----+-----------+
    |Total                 |  370|         82|    6|         82|
    +----------------------+-----+-----------+-----+-----------+

    * Register: 
    +------------------+----+----+-----+-----------+
    |       Name       | FF | LUT| Bits| Const Bits|
    +------------------+----+----+-----+-----------+
    |ap_CS_fsm         |  71|   0|   71|          0|
    |ap_done_reg       |   1|   0|    1|          0|
    |trunc_ln_reg_102  |  58|   0|   58|          0|
    +------------------+----+----+-----+-----------+
    |Total             | 130|   0|  130|          0|
    +------------------+----+----+-----+-----------+



================================================================
== Interface
================================================================
* Summary: 
+-------------------------------+-----+-----+------------+--------------------+--------------+
|           RTL Ports           | Dir | Bits|  Protocol  |    Source Object   |    C Type    |
+-------------------------------+-----+-----+------------+--------------------+--------------+
|ap_clk                         |   in|    1|  ap_ctrl_hs|  Block_entry17_proc|  return value|
|ap_rst                         |   in|    1|  ap_ctrl_hs|  Block_entry17_proc|  return value|
|ap_start                       |   in|    1|  ap_ctrl_hs|  Block_entry17_proc|  return value|
|ap_done                        |  out|    1|  ap_ctrl_hs|  Block_entry17_proc|  return value|
|ap_continue                    |   in|    1|  ap_ctrl_hs|  Block_entry17_proc|  return value|
|ap_idle                        |  out|    1|  ap_ctrl_hs|  Block_entry17_proc|  return value|
|ap_ready                       |  out|    1|  ap_ctrl_hs|  Block_entry17_proc|  return value|
|p_read                         |   in|  512|     ap_none|              p_read|        scalar|
|correction_hbm_dout            |   in|   64|     ap_fifo|      correction_hbm|       pointer|
|correction_hbm_num_data_valid  |   in|    4|     ap_fifo|      correction_hbm|       pointer|
|correction_hbm_fifo_cap        |   in|    4|     ap_fifo|      correction_hbm|       pointer|
|correction_hbm_empty_n         |   in|    1|     ap_fifo|      correction_hbm|       pointer|
|correction_hbm_read            |  out|    1|     ap_fifo|      correction_hbm|       pointer|
|m_axi_gmem1_AWVALID            |  out|    1|       m_axi|               gmem1|       pointer|
|m_axi_gmem1_AWREADY            |   in|    1|       m_axi|               gmem1|       pointer|
|m_axi_gmem1_AWADDR             |  out|   64|       m_axi|               gmem1|       pointer|
|m_axi_gmem1_AWID               |  out|    1|       m_axi|               gmem1|       pointer|
|m_axi_gmem1_AWLEN              |  out|   32|       m_axi|               gmem1|       pointer|
|m_axi_gmem1_AWSIZE             |  out|    3|       m_axi|               gmem1|       pointer|
|m_axi_gmem1_AWBURST            |  out|    2|       m_axi|               gmem1|       pointer|
|m_axi_gmem1_AWLOCK             |  out|    2|       m_axi|               gmem1|       pointer|
|m_axi_gmem1_AWCACHE            |  out|    4|       m_axi|               gmem1|       pointer|
|m_axi_gmem1_AWPROT             |  out|    3|       m_axi|               gmem1|       pointer|
|m_axi_gmem1_AWQOS              |  out|    4|       m_axi|               gmem1|       pointer|
|m_axi_gmem1_AWREGION           |  out|    4|       m_axi|               gmem1|       pointer|
|m_axi_gmem1_AWUSER             |  out|    1|       m_axi|               gmem1|       pointer|
|m_axi_gmem1_WVALID             |  out|    1|       m_axi|               gmem1|       pointer|
|m_axi_gmem1_WREADY             |   in|    1|       m_axi|               gmem1|       pointer|
|m_axi_gmem1_WDATA              |  out|  512|       m_axi|               gmem1|       pointer|
|m_axi_gmem1_WSTRB              |  out|   64|       m_axi|               gmem1|       pointer|
|m_axi_gmem1_WLAST              |  out|    1|       m_axi|               gmem1|       pointer|
|m_axi_gmem1_WID                |  out|    1|       m_axi|               gmem1|       pointer|
|m_axi_gmem1_WUSER              |  out|    1|       m_axi|               gmem1|       pointer|
|m_axi_gmem1_ARVALID            |  out|    1|       m_axi|               gmem1|       pointer|
|m_axi_gmem1_ARREADY            |   in|    1|       m_axi|               gmem1|       pointer|
|m_axi_gmem1_ARADDR             |  out|   64|       m_axi|               gmem1|       pointer|
|m_axi_gmem1_ARID               |  out|    1|       m_axi|               gmem1|       pointer|
|m_axi_gmem1_ARLEN              |  out|   32|       m_axi|               gmem1|       pointer|
|m_axi_gmem1_ARSIZE             |  out|    3|       m_axi|               gmem1|       pointer|
|m_axi_gmem1_ARBURST            |  out|    2|       m_axi|               gmem1|       pointer|
|m_axi_gmem1_ARLOCK             |  out|    2|       m_axi|               gmem1|       pointer|
|m_axi_gmem1_ARCACHE            |  out|    4|       m_axi|               gmem1|       pointer|
|m_axi_gmem1_ARPROT             |  out|    3|       m_axi|               gmem1|       pointer|
|m_axi_gmem1_ARQOS              |  out|    4|       m_axi|               gmem1|       pointer|
|m_axi_gmem1_ARREGION           |  out|    4|       m_axi|               gmem1|       pointer|
|m_axi_gmem1_ARUSER             |  out|    1|       m_axi|               gmem1|       pointer|
|m_axi_gmem1_RVALID             |   in|    1|       m_axi|               gmem1|       pointer|
|m_axi_gmem1_RREADY             |  out|    1|       m_axi|               gmem1|       pointer|
|m_axi_gmem1_RDATA              |   in|  512|       m_axi|               gmem1|       pointer|
|m_axi_gmem1_RLAST              |   in|    1|       m_axi|               gmem1|       pointer|
|m_axi_gmem1_RID                |   in|    1|       m_axi|               gmem1|       pointer|
|m_axi_gmem1_RFIFONUM           |   in|    9|       m_axi|               gmem1|       pointer|
|m_axi_gmem1_RUSER              |   in|    1|       m_axi|               gmem1|       pointer|
|m_axi_gmem1_RRESP              |   in|    2|       m_axi|               gmem1|       pointer|
|m_axi_gmem1_BVALID             |   in|    1|       m_axi|               gmem1|       pointer|
|m_axi_gmem1_BREADY             |  out|    1|       m_axi|               gmem1|       pointer|
|m_axi_gmem1_BRESP              |   in|    2|       m_axi|               gmem1|       pointer|
|m_axi_gmem1_BID                |   in|    1|       m_axi|               gmem1|       pointer|
|m_axi_gmem1_BUSER              |   in|    1|       m_axi|               gmem1|       pointer|
+-------------------------------+-----+-----+------------+--------------------+--------------+

