

================================================================
== Vitis HLS Report for 'Block_entry1_proc'
================================================================
* Date:           Thu Sep  3 17:10:50 2026

* Version:        2023.2 (Build 4023990 on Oct 11 2023)
* Project:        predecoder_csynth_proj
* Solution:       solution1 (Vitis Kernel Flow Target)
* Product family: virtexuplusHBM
* Target device:  xcu55c-fsvh2892-2L-e


================================================================
== Performance Estimates
================================================================
+ Timing: 
    * Summary: 
    +--------+---------+----------+------------+
    |  Clock |  Target | Estimated| Uncertainty|
    +--------+---------+----------+------------+
    |ap_clk  |  3.33 ns|  2.431 ns|     0.90 ns|
    +--------+---------+----------+------------+

+ Latency: 
    * Summary: 
    +---------+---------+----------+----------+-----+-----+---------+
    |  Latency (cycles) |  Latency (absolute) |  Interval | Pipeline|
    |   min   |   max   |    min   |    max   | min | max |   Type  |
    +---------+---------+----------+----------+-----+-----+---------+
    |       71|       71|  0.236 us|  0.236 us|   71|   71|       no|
    +---------+---------+----------+----------+-----+-----+---------+

    + Detail: 
        * Instance: 
        N/A

        * Loop: 
        N/A



================================================================
== Utilization Estimates
================================================================
* Summary: 
+---------------------+---------+------+---------+---------+-----+
|         Name        | BRAM_18K|  DSP |    FF   |   LUT   | URAM|
+---------------------+---------+------+---------+---------+-----+
|DSP                  |        -|     -|        -|        -|    -|
|Expression           |        -|     -|        0|        2|    -|
|FIFO                 |        -|     -|        -|        -|    -|
|Instance             |        -|     -|        -|        -|    -|
|Memory               |        -|     -|        -|        -|    -|
|Multiplexer          |        -|     -|        -|      367|    -|
|Register             |        -|     -|      585|        -|    -|
+---------------------+---------+------+---------+---------+-----+
|Total                |        0|     0|      585|      369|    0|
+---------------------+---------+------+---------+---------+-----+
|Available SLR        |     1344|  3008|   869120|   434560|  320|
+---------------------+---------+------+---------+---------+-----+
|Utilization SLR (%)  |        0|     0|       ~0|       ~0|    0|
+---------------------+---------+------+---------+---------+-----+
|Available            |     4032|  9024|  2607360|  1303680|  960|
+---------------------+---------+------+---------+---------+-----+
|Utilization (%)      |        0|     0|       ~0|       ~0|    0|
+---------------------+---------+------+---------+---------+-----+

+ Detail: 
    * Instance: 
    N/A

    * DSP: 
    N/A

    * Memory: 
    N/A

    * FIFO: 
    N/A

    * Expression: 
    +-----------------+----------+----+---+----+------------+------------+
    |  Variable Name  | Operation| DSP| FF| LUT| Bitwidth P0| Bitwidth P1|
    +-----------------+----------+----+---+----+------------+------------+
    |ap_block_state1  |        or|   0|  0|   2|           1|           1|
    +-----------------+----------+----+---+----+------------+------------+
    |Total            |          |   0|  0|   2|           1|           1|
    +-----------------+----------+----+---+----+------------+------------+

    * Multiplexer: 
    +----------------+-----+-----------+-----+-----------+
    |      Name      | LUT | Input Size| Bits| Total Bits|
    +----------------+-----+-----------+-----+-----------+
    |ap_NS_fsm       |  331|         73|    1|         73|
    |ap_done         |    9|          2|    1|          2|
    |ap_return       |    9|          2|  512|       1024|
    |gmem0_blk_n_AR  |    9|          2|    1|          2|
    |gmem0_blk_n_R   |    9|          2|    1|          2|
    +----------------+-----+-----------+-----+-----------+
    |Total           |  367|         81|  516|       1103|
    +----------------+-----+-----------+-----+-----------+

    * Register: 
    +----------------+-----+----+-----+-----------+
    |      Name      |  FF | LUT| Bits| Const Bits|
    +----------------+-----+----+-----+-----------+
    |ap_CS_fsm       |   72|   0|   72|          0|
    |ap_done_reg     |    1|   0|    1|          0|
    |ap_return_preg  |  512|   0|  512|          0|
    +----------------+-----+----+-----+-----------+
    |Total           |  585|   0|  585|          0|
    +----------------+-----+----+-----+-----------+



================================================================
== Interface
================================================================
* Summary: 
+----------------------+-----+-----+------------+-------------------+--------------+
|       RTL Ports      | Dir | Bits|  Protocol  |   Source Object   |    C Type    |
+----------------------+-----+-----+------------+-------------------+--------------+
|ap_clk                |   in|    1|  ap_ctrl_hs|  Block_entry1_proc|  return value|
|ap_rst                |   in|    1|  ap_ctrl_hs|  Block_entry1_proc|  return value|
|ap_start              |   in|    1|  ap_ctrl_hs|  Block_entry1_proc|  return value|
|ap_done               |  out|    1|  ap_ctrl_hs|  Block_entry1_proc|  return value|
|ap_continue           |   in|    1|  ap_ctrl_hs|  Block_entry1_proc|  return value|
|ap_idle               |  out|    1|  ap_ctrl_hs|  Block_entry1_proc|  return value|
|ap_ready              |  out|    1|  ap_ctrl_hs|  Block_entry1_proc|  return value|
|ap_return             |  out|  512|  ap_ctrl_hs|  Block_entry1_proc|  return value|
|syndrome_hbm          |   in|   64|     ap_none|       syndrome_hbm|        scalar|
|m_axi_gmem0_AWVALID   |  out|    1|       m_axi|              gmem0|       pointer|
|m_axi_gmem0_AWREADY   |   in|    1|       m_axi|              gmem0|       pointer|
|m_axi_gmem0_AWADDR    |  out|   64|       m_axi|              gmem0|       pointer|
|m_axi_gmem0_AWID      |  out|    1|       m_axi|              gmem0|       pointer|
|m_axi_gmem0_AWLEN     |  out|   32|       m_axi|              gmem0|       pointer|
|m_axi_gmem0_AWSIZE    |  out|    3|       m_axi|              gmem0|       pointer|
|m_axi_gmem0_AWBURST   |  out|    2|       m_axi|              gmem0|       pointer|
|m_axi_gmem0_AWLOCK    |  out|    2|       m_axi|              gmem0|       pointer|
|m_axi_gmem0_AWCACHE   |  out|    4|       m_axi|              gmem0|       pointer|
|m_axi_gmem0_AWPROT    |  out|    3|       m_axi|              gmem0|       pointer|
|m_axi_gmem0_AWQOS     |  out|    4|       m_axi|              gmem0|       pointer|
|m_axi_gmem0_AWREGION  |  out|    4|       m_axi|              gmem0|       pointer|
|m_axi_gmem0_AWUSER    |  out|    1|       m_axi|              gmem0|       pointer|
|m_axi_gmem0_WVALID    |  out|    1|       m_axi|              gmem0|       pointer|
|m_axi_gmem0_WREADY    |   in|    1|       m_axi|              gmem0|       pointer|
|m_axi_gmem0_WDATA     |  out|  512|       m_axi|              gmem0|       pointer|
|m_axi_gmem0_WSTRB     |  out|   64|       m_axi|              gmem0|       pointer|
|m_axi_gmem0_WLAST     |  out|    1|       m_axi|              gmem0|       pointer|
|m_axi_gmem0_WID       |  out|    1|       m_axi|              gmem0|       pointer|
|m_axi_gmem0_WUSER     |  out|    1|       m_axi|              gmem0|       pointer|
|m_axi_gmem0_ARVALID   |  out|    1|       m_axi|              gmem0|       pointer|
|m_axi_gmem0_ARREADY   |   in|    1|       m_axi|              gmem0|       pointer|
|m_axi_gmem0_ARADDR    |  out|   64|       m_axi|              gmem0|       pointer|
|m_axi_gmem0_ARID      |  out|    1|       m_axi|              gmem0|       pointer|
|m_axi_gmem0_ARLEN     |  out|   32|       m_axi|              gmem0|       pointer|
|m_axi_gmem0_ARSIZE    |  out|    3|       m_axi|              gmem0|       pointer|
|m_axi_gmem0_ARBURST   |  out|    2|       m_axi|              gmem0|       pointer|
|m_axi_gmem0_ARLOCK    |  out|    2|       m_axi|              gmem0|       pointer|
|m_axi_gmem0_ARCACHE   |  out|    4|       m_axi|              gmem0|       pointer|
|m_axi_gmem0_ARPROT    |  out|    3|       m_axi|              gmem0|       pointer|
|m_axi_gmem0_ARQOS     |  out|    4|       m_axi|              gmem0|       pointer|
|m_axi_gmem0_ARREGION  |  out|    4|       m_axi|              gmem0|       pointer|
|m_axi_gmem0_ARUSER    |  out|    1|       m_axi|              gmem0|       pointer|
|m_axi_gmem0_RVALID    |   in|    1|       m_axi|              gmem0|       pointer|
|m_axi_gmem0_RREADY    |  out|    1|       m_axi|              gmem0|       pointer|
|m_axi_gmem0_RDATA     |   in|  512|       m_axi|              gmem0|       pointer|
|m_axi_gmem0_RLAST     |   in|    1|       m_axi|              gmem0|       pointer|
|m_axi_gmem0_RID       |   in|    1|       m_axi|              gmem0|       pointer|
|m_axi_gmem0_RFIFONUM  |   in|    7|       m_axi|              gmem0|       pointer|
|m_axi_gmem0_RUSER     |   in|    1|       m_axi|              gmem0|       pointer|
|m_axi_gmem0_RRESP     |   in|    2|       m_axi|              gmem0|       pointer|
|m_axi_gmem0_BVALID    |   in|    1|       m_axi|              gmem0|       pointer|
|m_axi_gmem0_BREADY    |  out|    1|       m_axi|              gmem0|       pointer|
|m_axi_gmem0_BRESP     |   in|    2|       m_axi|              gmem0|       pointer|
|m_axi_gmem0_BID       |   in|    1|       m_axi|              gmem0|       pointer|
|m_axi_gmem0_BUSER     |   in|    1|       m_axi|              gmem0|       pointer|
+----------------------+-----+-----+------------+-------------------+--------------+

