

================================================================
== Vitis HLS Report for 'conv3d_hidden_layer_1_Pipeline_VITIS_LOOP_89_1_VITIS_LOOP_90_2'
================================================================
* Date:           Thu Sep  3 17:10:51 2026

* Version:        2023.2 (Build 4023990 on Oct 11 2023)
* Project:        predecoder_csynth_proj
* Solution:       solution1 (Vitis Kernel Flow Target)
* Product family: virtexuplusHBM
* Target device:  xcu55c-fsvh2892-2L-e


================================================================
== Performance Estimates
================================================================
+ Timing: 
    * Summary: 
    +--------+---------+----------+------------+
    |  Clock |  Target | Estimated| Uncertainty|
    +--------+---------+----------+------------+
    |ap_clk  |  3.33 ns|  2.299 ns|     0.90 ns|
    +--------+---------+----------+------------+

+ Latency: 
    * Summary: 
    +---------+---------+----------+----------+-----+-----+---------+
    |  Latency (cycles) |  Latency (absolute) |  Interval | Pipeline|
    |   min   |   max   |    min   |    max   | min | max |   Type  |
    +---------+---------+----------+----------+-----+-----+---------+
    |       47|       47|  0.157 us|  0.157 us|   47|   47|       no|
    +---------+---------+----------+----------+-----+-----+---------+

    + Detail: 
        * Instance: 
        N/A

        * Loop: 
        +-----------------------------------+---------+---------+----------+-----------+-----------+------+----------+
        |                                   |  Latency (cycles) | Iteration|  Initiation Interval  | Trip |          |
        |             Loop Name             |   min   |   max   |  Latency |  achieved |   target  | Count| Pipelined|
        +-----------------------------------+---------+---------+----------+-----------+-----------+------+----------+
        |- VITIS_LOOP_89_1_VITIS_LOOP_90_2  |       45|       45|        38|          1|          1|     9|       yes|
        +-----------------------------------+---------+---------+----------+-----------+-----------+------+----------+



================================================================
== Utilization Estimates
================================================================
* Summary: 
+---------------------+---------+------+---------+---------+-----+
|         Name        | BRAM_18K|  DSP |    FF   |   LUT   | URAM|
+---------------------+---------+------+---------+---------+-----+
|DSP                  |        -|     -|        -|        -|    -|
|Expression           |        -|     -|        0|      186|    -|
|FIFO                 |        -|     -|        -|        -|    -|
|Instance             |        -|     -|     2283|     2029|    -|
|Memory               |        -|     -|        -|        -|    -|
|Multiplexer          |        -|     -|        -|       72|    -|
|Register             |        -|     -|      377|      128|    -|
+---------------------+---------+------+---------+---------+-----+
|Total                |        0|     0|     2660|     2415|    0|
+---------------------+---------+------+---------+---------+-----+
|Available SLR        |     1344|  3008|   869120|   434560|  320|
+---------------------+---------+------+---------+---------+-----+
|Utilization SLR (%)  |        0|     0|       ~0|       ~0|    0|
+---------------------+---------+------+---------+---------+-----+
|Available            |     4032|  9024|  2607360|  1303680|  960|
+---------------------+---------+------+---------+---------+-----+
|Utilization (%)      |        0|     0|       ~0|       ~0|    0|
+---------------------+---------+------+---------+---------+-----+

+ Detail: 
    * Instance: 
    +--------------------------+----------------------+---------+----+------+------+-----+
    |         Instance         |        Module        | BRAM_18K| DSP|  FF  |  LUT | URAM|
    +--------------------------+----------------------+---------+----+------+------+-----+
    |sparsemux_11_3_8_1_1_U46  |sparsemux_11_3_8_1_1  |        0|   0|     0|    26|    0|
    |sparsemux_11_3_8_1_1_U47  |sparsemux_11_3_8_1_1  |        0|   0|     0|    26|    0|
    |sparsemux_11_3_8_1_1_U48  |sparsemux_11_3_8_1_1  |        0|   0|     0|    26|    0|
    |sparsemux_11_3_8_1_1_U54  |sparsemux_11_3_8_1_1  |        0|   0|     0|    26|    0|
    |sparsemux_11_3_8_1_1_U55  |sparsemux_11_3_8_1_1  |        0|   0|     0|    26|    0|
    |sparsemux_11_3_8_1_1_U56  |sparsemux_11_3_8_1_1  |        0|   0|     0|    26|    0|
    |sparsemux_13_3_8_1_1_U50  |sparsemux_13_3_8_1_1  |        0|   0|     0|    31|    0|
    |sparsemux_13_3_8_1_1_U51  |sparsemux_13_3_8_1_1  |        0|   0|     0|    31|    0|
    |sparsemux_13_3_8_1_1_U52  |sparsemux_13_3_8_1_1  |        0|   0|     0|    31|    0|
    |sparsemux_7_2_8_1_1_U49   |sparsemux_7_2_8_1_1   |        0|   0|     0|    14|    0|
    |sparsemux_7_2_8_1_1_U53   |sparsemux_7_2_8_1_1   |        0|   0|     0|    14|    0|
    |sparsemux_7_2_8_1_1_U57   |sparsemux_7_2_8_1_1   |        0|   0|     0|    14|    0|
    |urem_32s_3ns_2_36_1_U45   |urem_32s_3ns_2_36_1   |        0|   0|  2283|  1738|    0|
    +--------------------------+----------------------+---------+----+------+------+-----+
    |Total                     |                      |        0|   0|  2283|  2029|    0|
    +--------------------------+----------------------+---------+----+------+------+-----+

    * DSP: 
    N/A

    * Memory: 
    N/A

    * FIFO: 
    N/A

    * Expression: 
    +-------------------------+----------+----+---+----+------------+------------+
    |      Variable Name      | Operation| DSP| FF| LUT| Bitwidth P0| Bitwidth P1|
    +-------------------------+----------+----+---+----+------------+------------+
    |add_ln89_1_fu_473_p2     |         +|   0|  0|  12|           4|           1|
    |add_ln89_fu_485_p2       |         +|   0|  0|   9|           2|           1|
    |add_ln90_fu_513_p2       |         +|   0|  0|   9|           2|           1|
    |add_ln97_fu_1007_p2      |         +|   0|  0|   7|           4|           4|
    |empty_60_fu_599_p2       |         +|   0|  0|  12|           4|           4|
    |empty_fu_543_p2          |         +|   0|  0|  12|           4|           4|
    |tmp1_fu_589_p2           |         +|   0|  0|  10|           3|           2|
    |empty_59_fu_660_p2       |         -|   0|  0|  10|           3|           2|
    |sub_ln97_fu_998_p2       |         -|   0|  0|   7|           4|           4|
    |in_bounds_1_fu_1045_p2   |       and|   0|  0|   2|           1|           1|
    |in_bounds_fu_1025_p2     |       and|   0|  0|   2|           1|           1|
    |cmp2_i_i_not_fu_580_p2   |      icmp|   0|  0|  12|           4|           3|
    |icmp_ln65_fu_634_p2      |      icmp|   0|  0|  12|           4|           3|
    |icmp_ln89_fu_467_p2      |      icmp|   0|  0|  12|           4|           4|
    |icmp_ln90_fu_491_p2      |      icmp|   0|  0|   9|           2|           2|
    |or_ln65_1_fu_650_p2      |        or|   0|  0|   2|           1|           1|
    |or_ln65_2_fu_645_p2      |        or|   0|  0|   2|           1|           1|
    |or_ln65_fu_640_p2        |        or|   0|  0|   2|           1|           1|
    |p_cast119_fu_556_p3      |    select|   0|  0|   2|           1|           2|
    |p_smodpost17_fu_666_p3   |    select|   0|  0|   2|           1|           2|
    |select_ln89_1_fu_505_p3  |    select|   0|  0|   2|           1|           2|
    |select_ln89_fu_497_p3    |    select|   0|  0|   2|           1|           1|
    |window_0_1_d0            |    select|   0|  0|   8|           1|           1|
    |window_0_2_d0            |    select|   0|  0|   8|           1|           8|
    |window_0_d0              |    select|   0|  0|   8|           1|           8|
    |ap_enable_pp0            |       xor|   0|  0|   2|           1|           2|
    |p_smodpre16_fu_564_p2    |       xor|   0|  0|   4|           4|           4|
    |tmp_fu_534_p2            |       xor|   0|  0|   3|           2|           3|
    |xor_ln65_fu_1020_p2      |       xor|   0|  0|   2|           1|           2|
    +-------------------------+----------+----+---+----+------------+------------+
    |Total                    |          |   0|  0| 186|          64|          75|
    +-------------------------+----------+----+---+----+------------+------------+

    * Multiplexer: 
    +----------------------------------------+----+-----------+-----+-----------+
    |                  Name                  | LUT| Input Size| Bits| Total Bits|
    +----------------------------------------+----+-----------+-----+-----------+
    |ap_done_int                             |   9|          2|    1|          2|
    |ap_enable_reg_pp0_iter1                 |   9|          2|    1|          2|
    |ap_sig_allocacmp_dy_load                |   9|          2|    2|          4|
    |ap_sig_allocacmp_dz_load                |   9|          2|    2|          4|
    |ap_sig_allocacmp_indvar_flatten25_load  |   9|          2|    4|          8|
    |dy_fu_126                               |   9|          2|    2|          4|
    |dz_fu_130                               |   9|          2|    2|          4|
    |indvar_flatten25_fu_134                 |   9|          2|    4|          8|
    +----------------------------------------+----+-----------+-----+-----------+
    |Total                                   |  72|         16|   18|         36|
    +----------------------------------------+----+-----------+-----+-----------+

    * Register: 
    +-----------------------------------+----+----+-----+-----------+
    |                Name               | FF | LUT| Bits| Const Bits|
    +-----------------------------------+----+----+-----+-----------+
    |ap_CS_fsm                          |   1|   0|    1|          0|
    |ap_done_reg                        |   1|   0|    1|          0|
    |ap_enable_reg_pp0_iter1            |   1|   0|    1|          0|
    |ap_enable_reg_pp0_iter10           |   1|   0|    1|          0|
    |ap_enable_reg_pp0_iter11           |   1|   0|    1|          0|
    |ap_enable_reg_pp0_iter12           |   1|   0|    1|          0|
    |ap_enable_reg_pp0_iter13           |   1|   0|    1|          0|
    |ap_enable_reg_pp0_iter14           |   1|   0|    1|          0|
    |ap_enable_reg_pp0_iter15           |   1|   0|    1|          0|
    |ap_enable_reg_pp0_iter16           |   1|   0|    1|          0|
    |ap_enable_reg_pp0_iter17           |   1|   0|    1|          0|
    |ap_enable_reg_pp0_iter18           |   1|   0|    1|          0|
    |ap_enable_reg_pp0_iter19           |   1|   0|    1|          0|
    |ap_enable_reg_pp0_iter2            |   1|   0|    1|          0|
    |ap_enable_reg_pp0_iter20           |   1|   0|    1|          0|
    |ap_enable_reg_pp0_iter21           |   1|   0|    1|          0|
    |ap_enable_reg_pp0_iter22           |   1|   0|    1|          0|
    |ap_enable_reg_pp0_iter23           |   1|   0|    1|          0|
    |ap_enable_reg_pp0_iter24           |   1|   0|    1|          0|
    |ap_enable_reg_pp0_iter25           |   1|   0|    1|          0|
    |ap_enable_reg_pp0_iter26           |   1|   0|    1|          0|
    |ap_enable_reg_pp0_iter27           |   1|   0|    1|          0|
    |ap_enable_reg_pp0_iter28           |   1|   0|    1|          0|
    |ap_enable_reg_pp0_iter29           |   1|   0|    1|          0|
    |ap_enable_reg_pp0_iter3            |   1|   0|    1|          0|
    |ap_enable_reg_pp0_iter30           |   1|   0|    1|          0|
    |ap_enable_reg_pp0_iter31           |   1|   0|    1|          0|
    |ap_enable_reg_pp0_iter32           |   1|   0|    1|          0|
    |ap_enable_reg_pp0_iter33           |   1|   0|    1|          0|
    |ap_enable_reg_pp0_iter34           |   1|   0|    1|          0|
    |ap_enable_reg_pp0_iter35           |   1|   0|    1|          0|
    |ap_enable_reg_pp0_iter36           |   1|   0|    1|          0|
    |ap_enable_reg_pp0_iter37           |   1|   0|    1|          0|
    |ap_enable_reg_pp0_iter4            |   1|   0|    1|          0|
    |ap_enable_reg_pp0_iter5            |   1|   0|    1|          0|
    |ap_enable_reg_pp0_iter6            |   1|   0|    1|          0|
    |ap_enable_reg_pp0_iter7            |   1|   0|    1|          0|
    |ap_enable_reg_pp0_iter8            |   1|   0|    1|          0|
    |ap_enable_reg_pp0_iter9            |   1|   0|    1|          0|
    |ap_loop_exit_ready_pp0_iter10_reg  |   1|   0|    1|          0|
    |ap_loop_exit_ready_pp0_iter11_reg  |   1|   0|    1|          0|
    |ap_loop_exit_ready_pp0_iter12_reg  |   1|   0|    1|          0|
    |ap_loop_exit_ready_pp0_iter13_reg  |   1|   0|    1|          0|
    |ap_loop_exit_ready_pp0_iter14_reg  |   1|   0|    1|          0|
    |ap_loop_exit_ready_pp0_iter15_reg  |   1|   0|    1|          0|
    |ap_loop_exit_ready_pp0_iter16_reg  |   1|   0|    1|          0|
    |ap_loop_exit_ready_pp0_iter17_reg  |   1|   0|    1|          0|
    |ap_loop_exit_ready_pp0_iter18_reg  |   1|   0|    1|          0|
    |ap_loop_exit_ready_pp0_iter19_reg  |   1|   0|    1|          0|
    |ap_loop_exit_ready_pp0_iter1_reg   |   1|   0|    1|          0|
    |ap_loop_exit_ready_pp0_iter20_reg  |   1|   0|    1|          0|
    |ap_loop_exit_ready_pp0_iter21_reg  |   1|   0|    1|          0|
    |ap_loop_exit_ready_pp0_iter22_reg  |   1|   0|    1|          0|
    |ap_loop_exit_ready_pp0_iter23_reg  |   1|   0|    1|          0|
    |ap_loop_exit_ready_pp0_iter24_reg  |   1|   0|    1|          0|
    |ap_loop_exit_ready_pp0_iter25_reg  |   1|   0|    1|          0|
    |ap_loop_exit_ready_pp0_iter26_reg  |   1|   0|    1|          0|
    |ap_loop_exit_ready_pp0_iter27_reg  |   1|   0|    1|          0|
    |ap_loop_exit_ready_pp0_iter28_reg  |   1|   0|    1|          0|
    |ap_loop_exit_ready_pp0_iter29_reg  |   1|   0|    1|          0|
    |ap_loop_exit_ready_pp0_iter2_reg   |   1|   0|    1|          0|
    |ap_loop_exit_ready_pp0_iter30_reg  |   1|   0|    1|          0|
    |ap_loop_exit_ready_pp0_iter31_reg  |   1|   0|    1|          0|
    |ap_loop_exit_ready_pp0_iter32_reg  |   1|   0|    1|          0|
    |ap_loop_exit_ready_pp0_iter33_reg  |   1|   0|    1|          0|
    |ap_loop_exit_ready_pp0_iter34_reg  |   1|   0|    1|          0|
    |ap_loop_exit_ready_pp0_iter35_reg  |   1|   0|    1|          0|
    |ap_loop_exit_ready_pp0_iter36_reg  |   1|   0|    1|          0|
    |ap_loop_exit_ready_pp0_iter3_reg   |   1|   0|    1|          0|
    |ap_loop_exit_ready_pp0_iter4_reg   |   1|   0|    1|          0|
    |ap_loop_exit_ready_pp0_iter5_reg   |   1|   0|    1|          0|
    |ap_loop_exit_ready_pp0_iter6_reg   |   1|   0|    1|          0|
    |ap_loop_exit_ready_pp0_iter7_reg   |   1|   0|    1|          0|
    |ap_loop_exit_ready_pp0_iter8_reg   |   1|   0|    1|          0|
    |ap_loop_exit_ready_pp0_iter9_reg   |   1|   0|    1|          0|
    |cmp2_i_i_not_reg_1140              |   1|   0|    1|          0|
    |dy_fu_126                          |   2|   0|    2|          0|
    |dz_fu_130                          |   2|   0|    2|          0|
    |indvar_flatten25_fu_134            |   4|   0|    4|          0|
    |or_ln65_1_reg_1145                 |   1|   0|    1|          0|
    |or_ln65_1_reg_1145_pp0_iter36_reg  |   1|   0|    1|          0|
    |select_ln89_1_reg_1122             |   2|   0|    2|          0|
    |select_ln89_reg_1116               |   2|   0|    2|          0|
    |tmp_358_reg_1129                   |   1|   0|    1|          0|
    |tmp_374_reg_1241                   |   8|   0|    8|          0|
    |tmp_378_reg_1246                   |   8|   0|    8|          0|
    |tmp_382_reg_1251                   |   8|   0|    8|          0|
    |zext_ln43_cast_reg_1107            |   3|   0|    4|          1|
    |zext_ln62_cast_reg_1102            |   3|   0|    4|          1|
    |cmp2_i_i_not_reg_1140              |  64|  32|    1|          0|
    |select_ln89_1_reg_1122             |  64|  32|    2|          0|
    |select_ln89_reg_1116               |  64|  32|    2|          0|
    |tmp_358_reg_1129                   |  64|  32|    1|          0|
    +-----------------------------------+----+----+-----+-----------+
    |Total                              | 377| 128|  129|          2|
    +-----------------------------------+----+----+-----+-----------+



================================================================
== Interface
================================================================
* Summary: 
+---------------------+-----+-----+------------+-----------------------------------------------------------------+--------------+
|      RTL Ports      | Dir | Bits|  Protocol  |                          Source Object                          |    C Type    |
+---------------------+-----+-----+------------+-----------------------------------------------------------------+--------------+
|ap_clk               |   in|    1|  ap_ctrl_hs|  conv3d_hidden_layer<1>_Pipeline_VITIS_LOOP_89_1_VITIS_LOOP_90_2|  return value|
|ap_rst               |   in|    1|  ap_ctrl_hs|  conv3d_hidden_layer<1>_Pipeline_VITIS_LOOP_89_1_VITIS_LOOP_90_2|  return value|
|ap_start             |   in|    1|  ap_ctrl_hs|  conv3d_hidden_layer<1>_Pipeline_VITIS_LOOP_89_1_VITIS_LOOP_90_2|  return value|
|ap_done              |  out|    1|  ap_ctrl_hs|  conv3d_hidden_layer<1>_Pipeline_VITIS_LOOP_89_1_VITIS_LOOP_90_2|  return value|
|ap_idle              |  out|    1|  ap_ctrl_hs|  conv3d_hidden_layer<1>_Pipeline_VITIS_LOOP_89_1_VITIS_LOOP_90_2|  return value|
|ap_ready             |  out|    1|  ap_ctrl_hs|  conv3d_hidden_layer<1>_Pipeline_VITIS_LOOP_89_1_VITIS_LOOP_90_2|  return value|
|zext_ln43            |   in|    3|     ap_none|                                                        zext_ln43|        scalar|
|window_0_address0    |  out|    4|   ap_memory|                                                         window_0|         array|
|window_0_ce0         |  out|    1|   ap_memory|                                                         window_0|         array|
|window_0_we0         |  out|    1|   ap_memory|                                                         window_0|         array|
|window_0_d0          |  out|    8|   ap_memory|                                                         window_0|         array|
|window_0_1_address0  |  out|    4|   ap_memory|                                                       window_0_1|         array|
|window_0_1_ce0       |  out|    1|   ap_memory|                                                       window_0_1|         array|
|window_0_1_we0       |  out|    1|   ap_memory|                                                       window_0_1|         array|
|window_0_1_d0        |  out|    8|   ap_memory|                                                       window_0_1|         array|
|window_0_2_address0  |  out|    4|   ap_memory|                                                       window_0_2|         array|
|window_0_2_ce0       |  out|    1|   ap_memory|                                                       window_0_2|         array|
|window_0_2_we0       |  out|    1|   ap_memory|                                                       window_0_2|         array|
|window_0_2_d0        |  out|    8|   ap_memory|                                                       window_0_2|         array|
|zext_ln62            |   in|    3|     ap_none|                                                        zext_ln62|        scalar|
|cmp8_i_i             |   in|    1|     ap_none|                                                         cmp8_i_i|        scalar|
|fb_0_address0        |  out|    3|   ap_memory|                                                             fb_0|         array|
|fb_0_ce0             |  out|    1|   ap_memory|                                                             fb_0|         array|
|fb_0_q0              |   in|    8|   ap_memory|                                                             fb_0|         array|
|fb_0_1_address0      |  out|    3|   ap_memory|                                                           fb_0_1|         array|
|fb_0_1_ce0           |  out|    1|   ap_memory|                                                           fb_0_1|         array|
|fb_0_1_q0            |   in|    8|   ap_memory|                                                           fb_0_1|         array|
|fb_0_2_address0      |  out|    3|   ap_memory|                                                           fb_0_2|         array|
|fb_0_2_ce0           |  out|    1|   ap_memory|                                                           fb_0_2|         array|
|fb_0_2_q0            |   in|    8|   ap_memory|                                                           fb_0_2|         array|
|fb_0_3_address0      |  out|    3|   ap_memory|                                                           fb_0_3|         array|
|fb_0_3_ce0           |  out|    1|   ap_memory|                                                           fb_0_3|         array|
|fb_0_3_q0            |   in|    8|   ap_memory|                                                           fb_0_3|         array|
|fb_0_4_address0      |  out|    3|   ap_memory|                                                           fb_0_4|         array|
|fb_0_4_ce0           |  out|    1|   ap_memory|                                                           fb_0_4|         array|
|fb_0_4_q0            |   in|    8|   ap_memory|                                                           fb_0_4|         array|
|fb_0_6_address0      |  out|    3|   ap_memory|                                                           fb_0_6|         array|
|fb_0_6_ce0           |  out|    1|   ap_memory|                                                           fb_0_6|         array|
|fb_0_6_q0            |   in|    8|   ap_memory|                                                           fb_0_6|         array|
|fb_0_7_address0      |  out|    3|   ap_memory|                                                           fb_0_7|         array|
|fb_0_7_ce0           |  out|    1|   ap_memory|                                                           fb_0_7|         array|
|fb_0_7_q0            |   in|    8|   ap_memory|                                                           fb_0_7|         array|
|fb_0_8_address0      |  out|    3|   ap_memory|                                                           fb_0_8|         array|
|fb_0_8_ce0           |  out|    1|   ap_memory|                                                           fb_0_8|         array|
|fb_0_8_q0            |   in|    8|   ap_memory|                                                           fb_0_8|         array|
|fb_0_9_address0      |  out|    3|   ap_memory|                                                           fb_0_9|         array|
|fb_0_9_ce0           |  out|    1|   ap_memory|                                                           fb_0_9|         array|
|fb_0_9_q0            |   in|    8|   ap_memory|                                                           fb_0_9|         array|
|fb_0_10_address0     |  out|    3|   ap_memory|                                                          fb_0_10|         array|
|fb_0_10_ce0          |  out|    1|   ap_memory|                                                          fb_0_10|         array|
|fb_0_10_q0           |   in|    8|   ap_memory|                                                          fb_0_10|         array|
|fb_0_12_address0     |  out|    3|   ap_memory|                                                          fb_0_12|         array|
|fb_0_12_ce0          |  out|    1|   ap_memory|                                                          fb_0_12|         array|
|fb_0_12_q0           |   in|    8|   ap_memory|                                                          fb_0_12|         array|
|fb_0_13_address0     |  out|    3|   ap_memory|                                                          fb_0_13|         array|
|fb_0_13_ce0          |  out|    1|   ap_memory|                                                          fb_0_13|         array|
|fb_0_13_q0           |   in|    8|   ap_memory|                                                          fb_0_13|         array|
|fb_0_14_address0     |  out|    3|   ap_memory|                                                          fb_0_14|         array|
|fb_0_14_ce0          |  out|    1|   ap_memory|                                                          fb_0_14|         array|
|fb_0_14_q0           |   in|    8|   ap_memory|                                                          fb_0_14|         array|
|fb_0_15_address0     |  out|    3|   ap_memory|                                                          fb_0_15|         array|
|fb_0_15_ce0          |  out|    1|   ap_memory|                                                          fb_0_15|         array|
|fb_0_15_q0           |   in|    8|   ap_memory|                                                          fb_0_15|         array|
|fb_0_16_address0     |  out|    3|   ap_memory|                                                          fb_0_16|         array|
|fb_0_16_ce0          |  out|    1|   ap_memory|                                                          fb_0_16|         array|
|fb_0_16_q0           |   in|    8|   ap_memory|                                                          fb_0_16|         array|
|select_ln62          |   in|    3|     ap_none|                                                      select_ln62|        scalar|
|fb_0_5_address0      |  out|    3|   ap_memory|                                                           fb_0_5|         array|
|fb_0_5_ce0           |  out|    1|   ap_memory|                                                           fb_0_5|         array|
|fb_0_5_q0            |   in|    8|   ap_memory|                                                           fb_0_5|         array|
|fb_0_11_address0     |  out|    3|   ap_memory|                                                          fb_0_11|         array|
|fb_0_11_ce0          |  out|    1|   ap_memory|                                                          fb_0_11|         array|
|fb_0_11_q0           |   in|    8|   ap_memory|                                                          fb_0_11|         array|
|fb_0_17_address0     |  out|    3|   ap_memory|                                                          fb_0_17|         array|
|fb_0_17_ce0          |  out|    1|   ap_memory|                                                          fb_0_17|         array|
|fb_0_17_q0           |   in|    8|   ap_memory|                                                          fb_0_17|         array|
|cmp9_i_i_2           |   in|    1|     ap_none|                                                       cmp9_i_i_2|        scalar|
+---------------------+-----+-----+------------+-----------------------------------------------------------------+--------------+

