

================================================================
== Vitis HLS Report for 'conv3d_hidden_layer_12_Pipeline_IC_LOOP'
================================================================
* Date:           Thu Sep  3 17:10:56 2026

* Version:        2023.2 (Build 4023990 on Oct 11 2023)
* Project:        predecoder_csynth_proj
* Solution:       solution1 (Vitis Kernel Flow Target)
* Product family: virtexuplusHBM
* Target device:  xcu55c-fsvh2892-2L-e


================================================================
== Performance Estimates
================================================================
+ Timing: 
    * Summary: 
    +--------+---------+----------+------------+
    |  Clock |  Target | Estimated| Uncertainty|
    +--------+---------+----------+------------+
    |ap_clk  |  3.33 ns|  1.718 ns|     0.90 ns|
    +--------+---------+----------+------------+

+ Latency: 
    * Summary: 
    +---------+---------+-----------+-----------+-----+-----+---------+
    |  Latency (cycles) |   Latency (absolute)  |  Interval | Pipeline|
    |   min   |   max   |    min    |    max    | min | max |   Type  |
    +---------+---------+-----------+-----------+-----+-----+---------+
    |       17|       17|  56.610 ns|  56.610 ns|   17|   17|       no|
    +---------+---------+-----------+-----------+-----+-----+---------+

    + Detail: 
        * Instance: 
        N/A

        * Loop: 
        +-----------+---------+---------+----------+-----------+-----------+------+----------+
        |           |  Latency (cycles) | Iteration|  Initiation Interval  | Trip |          |
        | Loop Name |   min   |   max   |  Latency |  achieved |   target  | Count| Pipelined|
        +-----------+---------+---------+----------+-----------+-----------+------+----------+
        |- IC_LOOP  |       15|       15|         5|          1|          1|    12|       yes|
        +-----------+---------+---------+----------+-----------+-----------+------+----------+



================================================================
== Utilization Estimates
================================================================
* Summary: 
+---------------------+---------+------+---------+---------+-----+
|         Name        | BRAM_18K|  DSP |    FF   |   LUT   | URAM|
+---------------------+---------+------+---------+---------+-----+
|DSP                  |        -|    27|        -|        -|    -|
|Expression           |        -|     -|        0|       41|    -|
|FIFO                 |        -|     -|        -|        -|    -|
|Instance             |        -|     -|        0|     1755|    -|
|Memory               |        0|     -|      216|      891|    -|
|Multiplexer          |        -|     -|        -|      522|    -|
|Register             |        -|     -|      834|       32|    -|
+---------------------+---------+------+---------+---------+-----+
|Total                |        0|    27|     1050|     3241|    0|
+---------------------+---------+------+---------+---------+-----+
|Available SLR        |     1344|  3008|   869120|   434560|  320|
+---------------------+---------+------+---------+---------+-----+
|Utilization SLR (%)  |        0|    ~0|       ~0|       ~0|    0|
+---------------------+---------+------+---------+---------+-----+
|Available            |     4032|  9024|  2607360|  1303680|  960|
+---------------------+---------+------+---------+---------+-----+
|Utilization (%)      |        0|    ~0|       ~0|       ~0|    0|
+---------------------+---------+------+---------+---------+-----+

+ Detail: 
    * Instance: 
    +----------------------------+----------------------+---------+----+---+----+-----+
    |          Instance          |        Module        | BRAM_18K| DSP| FF| LUT| URAM|
    +----------------------------+----------------------+---------+----+---+----+-----+
    |sparsemux_25_4_8_1_1_U1636  |sparsemux_25_4_8_1_1  |        0|   0|  0|  65|    0|
    |sparsemux_25_4_8_1_1_U1637  |sparsemux_25_4_8_1_1  |        0|   0|  0|  65|    0|
    |sparsemux_25_4_8_1_1_U1638  |sparsemux_25_4_8_1_1  |        0|   0|  0|  65|    0|
    |sparsemux_25_4_8_1_1_U1639  |sparsemux_25_4_8_1_1  |        0|   0|  0|  65|    0|
    |sparsemux_25_4_8_1_1_U1640  |sparsemux_25_4_8_1_1  |        0|   0|  0|  65|    0|
    |sparsemux_25_4_8_1_1_U1641  |sparsemux_25_4_8_1_1  |        0|   0|  0|  65|    0|
    |sparsemux_25_4_8_1_1_U1642  |sparsemux_25_4_8_1_1  |        0|   0|  0|  65|    0|
    |sparsemux_25_4_8_1_1_U1643  |sparsemux_25_4_8_1_1  |        0|   0|  0|  65|    0|
    |sparsemux_25_4_8_1_1_U1644  |sparsemux_25_4_8_1_1  |        0|   0|  0|  65|    0|
    |sparsemux_25_4_8_1_1_U1645  |sparsemux_25_4_8_1_1  |        0|   0|  0|  65|    0|
    |sparsemux_25_4_8_1_1_U1646  |sparsemux_25_4_8_1_1  |        0|   0|  0|  65|    0|
    |sparsemux_25_4_8_1_1_U1647  |sparsemux_25_4_8_1_1  |        0|   0|  0|  65|    0|
    |sparsemux_25_4_8_1_1_U1648  |sparsemux_25_4_8_1_1  |        0|   0|  0|  65|    0|
    |sparsemux_25_4_8_1_1_U1649  |sparsemux_25_4_8_1_1  |        0|   0|  0|  65|    0|
    |sparsemux_25_4_8_1_1_U1650  |sparsemux_25_4_8_1_1  |        0|   0|  0|  65|    0|
    |sparsemux_25_4_8_1_1_U1651  |sparsemux_25_4_8_1_1  |        0|   0|  0|  65|    0|
    |sparsemux_25_4_8_1_1_U1652  |sparsemux_25_4_8_1_1  |        0|   0|  0|  65|    0|
    |sparsemux_25_4_8_1_1_U1653  |sparsemux_25_4_8_1_1  |        0|   0|  0|  65|    0|
    |sparsemux_25_4_8_1_1_U1654  |sparsemux_25_4_8_1_1  |        0|   0|  0|  65|    0|
    |sparsemux_25_4_8_1_1_U1655  |sparsemux_25_4_8_1_1  |        0|   0|  0|  65|    0|
    |sparsemux_25_4_8_1_1_U1656  |sparsemux_25_4_8_1_1  |        0|   0|  0|  65|    0|
    |sparsemux_25_4_8_1_1_U1657  |sparsemux_25_4_8_1_1  |        0|   0|  0|  65|    0|
    |sparsemux_25_4_8_1_1_U1658  |sparsemux_25_4_8_1_1  |        0|   0|  0|  65|    0|
    |sparsemux_25_4_8_1_1_U1659  |sparsemux_25_4_8_1_1  |        0|   0|  0|  65|    0|
    |sparsemux_25_4_8_1_1_U1660  |sparsemux_25_4_8_1_1  |        0|   0|  0|  65|    0|
    |sparsemux_25_4_8_1_1_U1661  |sparsemux_25_4_8_1_1  |        0|   0|  0|  65|    0|
    |sparsemux_25_4_8_1_1_U1662  |sparsemux_25_4_8_1_1  |        0|   0|  0|  65|    0|
    +----------------------------+----------------------+---------+----+---+----+-----+
    |Total                       |                      |        0|   0|  0|1755|    0|
    +----------------------------+----------------------+---------+----+---+----+-----+

    * DSP: 
    +------------------------------------+------------------------------+--------------+
    |              Instance              |            Module            |  Expression  |
    +------------------------------------+------------------------------+--------------+
    |mac_muladd_8ns_8s_20s_20_4_1_U1663  |mac_muladd_8ns_8s_20s_20_4_1  |  i0 * i1 + i2|
    |mac_muladd_8ns_8s_20s_20_4_1_U1664  |mac_muladd_8ns_8s_20s_20_4_1  |  i0 * i1 + i2|
    |mac_muladd_8ns_8s_20s_20_4_1_U1665  |mac_muladd_8ns_8s_20s_20_4_1  |  i0 * i1 + i2|
    |mac_muladd_8ns_8s_20s_20_4_1_U1666  |mac_muladd_8ns_8s_20s_20_4_1  |  i0 * i1 + i2|
    |mac_muladd_8ns_8s_20s_20_4_1_U1667  |mac_muladd_8ns_8s_20s_20_4_1  |  i0 * i1 + i2|
    |mac_muladd_8ns_8s_20s_20_4_1_U1668  |mac_muladd_8ns_8s_20s_20_4_1  |  i0 * i1 + i2|
    |mac_muladd_8ns_8s_20s_20_4_1_U1669  |mac_muladd_8ns_8s_20s_20_4_1  |  i0 * i1 + i2|
    |mac_muladd_8ns_8s_20s_20_4_1_U1670  |mac_muladd_8ns_8s_20s_20_4_1  |  i0 * i1 + i2|
    |mac_muladd_8ns_8s_20s_20_4_1_U1671  |mac_muladd_8ns_8s_20s_20_4_1  |  i0 * i1 + i2|
    |mac_muladd_8ns_8s_20s_20_4_1_U1672  |mac_muladd_8ns_8s_20s_20_4_1  |  i0 * i1 + i2|
    |mac_muladd_8ns_8s_20s_20_4_1_U1673  |mac_muladd_8ns_8s_20s_20_4_1  |  i0 * i1 + i2|
    |mac_muladd_8ns_8s_20s_20_4_1_U1674  |mac_muladd_8ns_8s_20s_20_4_1  |  i0 * i1 + i2|
    |mac_muladd_8ns_8s_20s_20_4_1_U1675  |mac_muladd_8ns_8s_20s_20_4_1  |  i0 * i1 + i2|
    |mac_muladd_8ns_8s_20s_20_4_1_U1676  |mac_muladd_8ns_8s_20s_20_4_1  |  i0 * i1 + i2|
    |mac_muladd_8ns_8s_20s_20_4_1_U1677  |mac_muladd_8ns_8s_20s_20_4_1  |  i0 * i1 + i2|
    |mac_muladd_8ns_8s_20s_20_4_1_U1678  |mac_muladd_8ns_8s_20s_20_4_1  |  i0 * i1 + i2|
    |mac_muladd_8ns_8s_20s_20_4_1_U1679  |mac_muladd_8ns_8s_20s_20_4_1  |  i0 * i1 + i2|
    |mac_muladd_8ns_8s_20s_20_4_1_U1680  |mac_muladd_8ns_8s_20s_20_4_1  |  i0 * i1 + i2|
    |mac_muladd_8ns_8s_20s_20_4_1_U1681  |mac_muladd_8ns_8s_20s_20_4_1  |  i0 * i1 + i2|
    |mac_muladd_8ns_8s_20s_20_4_1_U1682  |mac_muladd_8ns_8s_20s_20_4_1  |  i0 * i1 + i2|
    |mac_muladd_8ns_8s_20s_20_4_1_U1683  |mac_muladd_8ns_8s_20s_20_4_1  |  i0 * i1 + i2|
    |mac_muladd_8ns_8s_20s_20_4_1_U1684  |mac_muladd_8ns_8s_20s_20_4_1  |  i0 * i1 + i2|
    |mac_muladd_8ns_8s_20s_20_4_1_U1685  |mac_muladd_8ns_8s_20s_20_4_1  |  i0 * i1 + i2|
    |mac_muladd_8ns_8s_20s_20_4_1_U1686  |mac_muladd_8ns_8s_20s_20_4_1  |  i0 * i1 + i2|
    |mac_muladd_8ns_8s_20s_20_4_1_U1687  |mac_muladd_8ns_8s_20s_20_4_1  |  i0 * i1 + i2|
    |mac_muladd_8ns_8s_20s_20_4_1_U1688  |mac_muladd_8ns_8s_20s_20_4_1  |  i0 * i1 + i2|
    |mac_muladd_8ns_8s_20s_20_4_1_U1689  |mac_muladd_8ns_8s_20s_20_4_1  |  i0 * i1 + i2|
    +------------------------------------+------------------------------+--------------+

    * Memory: 
    +------------------------------------------------+----------------------------------------------------------------------------------+---------+---+----+-----+------+-----+------+-------------+
    |                     Memory                     |                                      Module                                      | BRAM_18K| FF| LUT| URAM| Words| Bits| Banks| W*Bits*Banks|
    +------------------------------------------------+----------------------------------------------------------------------------------+---------+---+----+-----+------+-----+------+-------------+
    |p_ZN18predecoder_weightsL13LAYER1_WEIGHTE_23_U  |conv3d_hidden_layer_12_Pipeline_IC_LOOP_p_ZN18predecoder_weightsL13LAYER1_WEI0iy  |        0|  8|  33|    0|   144|    8|     1|         1152|
    |p_ZN18predecoder_weightsL13LAYER1_WEIGHTE_24_U  |conv3d_hidden_layer_12_Pipeline_IC_LOOP_p_ZN18predecoder_weightsL13LAYER1_WEI1iI  |        0|  8|  33|    0|   144|    8|     1|         1152|
    |p_ZN18predecoder_weightsL13LAYER1_WEIGHTE_25_U  |conv3d_hidden_layer_12_Pipeline_IC_LOOP_p_ZN18predecoder_weightsL13LAYER1_WEI2iS  |        0|  8|  33|    0|   144|    8|     1|         1152|
    |p_ZN18predecoder_weightsL13LAYER1_WEIGHTE_26_U  |conv3d_hidden_layer_12_Pipeline_IC_LOOP_p_ZN18predecoder_weightsL13LAYER1_WEI3i2  |        0|  8|  33|    0|   144|    8|     1|         1152|
    |p_ZN18predecoder_weightsL13LAYER1_WEIGHTE_0_U   |conv3d_hidden_layer_12_Pipeline_IC_LOOP_p_ZN18predecoder_weightsL13LAYER1_WEIDeQ  |        0|  8|  33|    0|   144|    8|     1|         1152|
    |p_ZN18predecoder_weightsL13LAYER1_WEIGHTE_1_U   |conv3d_hidden_layer_12_Pipeline_IC_LOOP_p_ZN18predecoder_weightsL13LAYER1_WEIEe0  |        0|  8|  33|    0|   144|    8|     1|         1152|
    |p_ZN18predecoder_weightsL13LAYER1_WEIGHTE_2_U   |conv3d_hidden_layer_12_Pipeline_IC_LOOP_p_ZN18predecoder_weightsL13LAYER1_WEIFfa  |        0|  8|  33|    0|   144|    8|     1|         1152|
    |p_ZN18predecoder_weightsL13LAYER1_WEIGHTE_3_U   |conv3d_hidden_layer_12_Pipeline_IC_LOOP_p_ZN18predecoder_weightsL13LAYER1_WEIGfk  |        0|  8|  33|    0|   144|    8|     1|         1152|
    |p_ZN18predecoder_weightsL13LAYER1_WEIGHTE_4_U   |conv3d_hidden_layer_12_Pipeline_IC_LOOP_p_ZN18predecoder_weightsL13LAYER1_WEIHfu  |        0|  8|  33|    0|   144|    8|     1|         1152|
    |p_ZN18predecoder_weightsL13LAYER1_WEIGHTE_5_U   |conv3d_hidden_layer_12_Pipeline_IC_LOOP_p_ZN18predecoder_weightsL13LAYER1_WEIIfE  |        0|  8|  33|    0|   144|    8|     1|         1152|
    |p_ZN18predecoder_weightsL13LAYER1_WEIGHTE_6_U   |conv3d_hidden_layer_12_Pipeline_IC_LOOP_p_ZN18predecoder_weightsL13LAYER1_WEIJfO  |        0|  8|  33|    0|   144|    8|     1|         1152|
    |p_ZN18predecoder_weightsL13LAYER1_WEIGHTE_7_U   |conv3d_hidden_layer_12_Pipeline_IC_LOOP_p_ZN18predecoder_weightsL13LAYER1_WEIKfY  |        0|  8|  33|    0|   144|    8|     1|         1152|
    |p_ZN18predecoder_weightsL13LAYER1_WEIGHTE_8_U   |conv3d_hidden_layer_12_Pipeline_IC_LOOP_p_ZN18predecoder_weightsL13LAYER1_WEILf8  |        0|  8|  33|    0|   144|    8|     1|         1152|
    |p_ZN18predecoder_weightsL13LAYER1_WEIGHTE_9_U   |conv3d_hidden_layer_12_Pipeline_IC_LOOP_p_ZN18predecoder_weightsL13LAYER1_WEIMgi  |        0|  8|  33|    0|   144|    8|     1|         1152|
    |p_ZN18predecoder_weightsL13LAYER1_WEIGHTE_10_U  |conv3d_hidden_layer_12_Pipeline_IC_LOOP_p_ZN18predecoder_weightsL13LAYER1_WEINgs  |        0|  8|  33|    0|   144|    8|     1|         1152|
    |p_ZN18predecoder_weightsL13LAYER1_WEIGHTE_11_U  |conv3d_hidden_layer_12_Pipeline_IC_LOOP_p_ZN18predecoder_weightsL13LAYER1_WEIOgC  |        0|  8|  33|    0|   144|    8|     1|         1152|
    |p_ZN18predecoder_weightsL13LAYER1_WEIGHTE_12_U  |conv3d_hidden_layer_12_Pipeline_IC_LOOP_p_ZN18predecoder_weightsL13LAYER1_WEIPgM  |        0|  8|  33|    0|   144|    8|     1|         1152|
    |p_ZN18predecoder_weightsL13LAYER1_WEIGHTE_13_U  |conv3d_hidden_layer_12_Pipeline_IC_LOOP_p_ZN18predecoder_weightsL13LAYER1_WEIQgW  |        0|  8|  33|    0|   144|    8|     1|         1152|
    |p_ZN18predecoder_weightsL13LAYER1_WEIGHTE_14_U  |conv3d_hidden_layer_12_Pipeline_IC_LOOP_p_ZN18predecoder_weightsL13LAYER1_WEIRg6  |        0|  8|  33|    0|   144|    8|     1|         1152|
    |p_ZN18predecoder_weightsL13LAYER1_WEIGHTE_15_U  |conv3d_hidden_layer_12_Pipeline_IC_LOOP_p_ZN18predecoder_weightsL13LAYER1_WEIShg  |        0|  8|  33|    0|   144|    8|     1|         1152|
    |p_ZN18predecoder_weightsL13LAYER1_WEIGHTE_16_U  |conv3d_hidden_layer_12_Pipeline_IC_LOOP_p_ZN18predecoder_weightsL13LAYER1_WEIThq  |        0|  8|  33|    0|   144|    8|     1|         1152|
    |p_ZN18predecoder_weightsL13LAYER1_WEIGHTE_17_U  |conv3d_hidden_layer_12_Pipeline_IC_LOOP_p_ZN18predecoder_weightsL13LAYER1_WEIUhA  |        0|  8|  33|    0|   144|    8|     1|         1152|
    |p_ZN18predecoder_weightsL13LAYER1_WEIGHTE_18_U  |conv3d_hidden_layer_12_Pipeline_IC_LOOP_p_ZN18predecoder_weightsL13LAYER1_WEIVhK  |        0|  8|  33|    0|   144|    8|     1|         1152|
    |p_ZN18predecoder_weightsL13LAYER1_WEIGHTE_19_U  |conv3d_hidden_layer_12_Pipeline_IC_LOOP_p_ZN18predecoder_weightsL13LAYER1_WEIWhU  |        0|  8|  33|    0|   144|    8|     1|         1152|
    |p_ZN18predecoder_weightsL13LAYER1_WEIGHTE_20_U  |conv3d_hidden_layer_12_Pipeline_IC_LOOP_p_ZN18predecoder_weightsL13LAYER1_WEIXh4  |        0|  8|  33|    0|   144|    8|     1|         1152|
    |p_ZN18predecoder_weightsL13LAYER1_WEIGHTE_21_U  |conv3d_hidden_layer_12_Pipeline_IC_LOOP_p_ZN18predecoder_weightsL13LAYER1_WEIYie  |        0|  8|  33|    0|   144|    8|     1|         1152|
    |p_ZN18predecoder_weightsL13LAYER1_WEIGHTE_22_U  |conv3d_hidden_layer_12_Pipeline_IC_LOOP_p_ZN18predecoder_weightsL13LAYER1_WEIZio  |        0|  8|  33|    0|   144|    8|     1|         1152|
    +------------------------------------------------+----------------------------------------------------------------------------------+---------+---+----+-----+------+-----+------+-------------+
    |Total                                           |                                                                                  |        0|216| 891|    0|  3888|  216|    27|        31104|
    +------------------------------------------------+----------------------------------------------------------------------------------+---------+---+----+-----+------+-----+------+-------------+

    * FIFO: 
    N/A

    * Expression: 
    +----------------------+----------+----+---+----+------------+------------+
    |     Variable Name    | Operation| DSP| FF| LUT| Bitwidth P0| Bitwidth P1|
    +----------------------+----------+----+---+----+------------+------------+
    |add_ln94_fu_3563_p2   |         +|   0|  0|  12|           4|           1|
    |empty_70_fu_3573_p2   |         +|   0|  0|  15|           8|           8|
    |icmp_ln94_fu_3557_p2  |      icmp|   0|  0|  12|           4|           4|
    |ap_enable_pp0         |       xor|   0|  0|   2|           1|           2|
    +----------------------+----------+----+---+----+------------+------------+
    |Total                 |          |   0|  0|  41|          17|          15|
    +----------------------+----------+----+---+----+------------+------------+

    * Multiplexer: 
    +-----------------------------------------+----+-----------+-----+-----------+
    |                   Name                  | LUT| Input Size| Bits| Total Bits|
    +-----------------------------------------+----+-----------+-----+-----------+
    |ap_done_int                              |   9|          2|    1|          2|
    |ap_enable_reg_pp0_iter1                  |   9|          2|    1|          2|
    |ap_sig_allocacmp_conv3_i203_load         |   9|          2|   20|         40|
    |ap_sig_allocacmp_conv3_i_1116206_load    |   9|          2|   20|         40|
    |ap_sig_allocacmp_conv3_i_1116_1207_load  |   9|          2|   20|         40|
    |ap_sig_allocacmp_conv3_i_1116_2208_load  |   9|          2|   20|         40|
    |ap_sig_allocacmp_conv3_i_1148204_load    |   9|          2|   20|         40|
    |ap_sig_allocacmp_conv3_i_1212_load       |   9|          2|   20|         40|
    |ap_sig_allocacmp_conv3_i_1_1215_load     |   9|          2|   20|         40|
    |ap_sig_allocacmp_conv3_i_1_188213_load   |   9|          2|   20|         40|
    |ap_sig_allocacmp_conv3_i_1_1_1216_load   |   9|          2|   20|         40|
    |ap_sig_allocacmp_conv3_i_1_1_2217_load   |   9|          2|   20|         40|
    |ap_sig_allocacmp_conv3_i_1_2101214_load  |   9|          2|   20|         40|
    |ap_sig_allocacmp_conv3_i_1_2218_load     |   9|          2|   20|         40|
    |ap_sig_allocacmp_conv3_i_1_2_1219_load   |   9|          2|   20|         40|
    |ap_sig_allocacmp_conv3_i_1_2_2220_load   |   9|          2|   20|         40|
    |ap_sig_allocacmp_conv3_i_2131209_load    |   9|          2|   20|         40|
    |ap_sig_allocacmp_conv3_i_2131_1210_load  |   9|          2|   20|         40|
    |ap_sig_allocacmp_conv3_i_2131_2211_load  |   9|          2|   20|         40|
    |ap_sig_allocacmp_conv3_i_2161205_load    |   9|          2|   20|         40|
    |ap_sig_allocacmp_conv3_i_2221_load       |   9|          2|   20|         40|
    |ap_sig_allocacmp_conv3_i_2_1224_load     |   9|          2|   20|         40|
    |ap_sig_allocacmp_conv3_i_2_162222_load   |   9|          2|   20|         40|
    |ap_sig_allocacmp_conv3_i_2_1_1225_load   |   9|          2|   20|         40|
    |ap_sig_allocacmp_conv3_i_2_1_2226_load   |   9|          2|   20|         40|
    |ap_sig_allocacmp_conv3_i_2_2227_load     |   9|          2|   20|         40|
    |ap_sig_allocacmp_conv3_i_2_275223_load   |   9|          2|   20|         40|
    |ap_sig_allocacmp_conv3_i_2_2_1228_load   |   9|          2|   20|         40|
    |ap_sig_allocacmp_conv3_i_2_2_2229_load   |   9|          2|   20|         40|
    |ap_sig_allocacmp_ic_1                    |   9|          2|    4|          8|
    |conv3_i203_fu_812                        |   9|          2|   20|         40|
    |conv3_i_1116206_fu_824                   |   9|          2|   20|         40|
    |conv3_i_1116_1207_fu_828                 |   9|          2|   20|         40|
    |conv3_i_1116_2208_fu_832                 |   9|          2|   20|         40|
    |conv3_i_1148204_fu_816                   |   9|          2|   20|         40|
    |conv3_i_1212_fu_848                      |   9|          2|   20|         40|
    |conv3_i_1_1215_fu_860                    |   9|          2|   20|         40|
    |conv3_i_1_188213_fu_852                  |   9|          2|   20|         40|
    |conv3_i_1_1_1216_fu_864                  |   9|          2|   20|         40|
    |conv3_i_1_1_2217_fu_868                  |   9|          2|   20|         40|
    |conv3_i_1_2101214_fu_856                 |   9|          2|   20|         40|
    |conv3_i_1_2218_fu_872                    |   9|          2|   20|         40|
    |conv3_i_1_2_1219_fu_876                  |   9|          2|   20|         40|
    |conv3_i_1_2_2220_fu_880                  |   9|          2|   20|         40|
    |conv3_i_2131209_fu_836                   |   9|          2|   20|         40|
    |conv3_i_2131_1210_fu_840                 |   9|          2|   20|         40|
    |conv3_i_2131_2211_fu_844                 |   9|          2|   20|         40|
    |conv3_i_2161205_fu_820                   |   9|          2|   20|         40|
    |conv3_i_2221_fu_884                      |   9|          2|   20|         40|
    |conv3_i_2_1224_fu_896                    |   9|          2|   20|         40|
    |conv3_i_2_162222_fu_888                  |   9|          2|   20|         40|
    |conv3_i_2_1_1225_fu_900                  |   9|          2|   20|         40|
    |conv3_i_2_1_2226_fu_904                  |   9|          2|   20|         40|
    |conv3_i_2_2227_fu_908                    |   9|          2|   20|         40|
    |conv3_i_2_275223_fu_892                  |   9|          2|   20|         40|
    |conv3_i_2_2_1228_fu_912                  |   9|          2|   20|         40|
    |conv3_i_2_2_2229_fu_916                  |   9|          2|   20|         40|
    |ic_fu_920                                |   9|          2|    4|          8|
    +-----------------------------------------+----+-----------+-----+-----------+
    |Total                                    | 522|        116| 1090|       2180|
    +-----------------------------------------+----+-----------+-----+-----------+

    * Register: 
    +----------------------------------+----+----+-----+-----------+
    |               Name               | FF | LUT| Bits| Const Bits|
    +----------------------------------+----+----+-----+-----------+
    |ap_CS_fsm                         |   1|   0|    1|          0|
    |ap_done_reg                       |   1|   0|    1|          0|
    |ap_enable_reg_pp0_iter1           |   1|   0|    1|          0|
    |ap_enable_reg_pp0_iter2           |   1|   0|    1|          0|
    |ap_enable_reg_pp0_iter3           |   1|   0|    1|          0|
    |ap_enable_reg_pp0_iter4           |   1|   0|    1|          0|
    |ap_loop_exit_ready_pp0_iter1_reg  |   1|   0|    1|          0|
    |ap_loop_exit_ready_pp0_iter2_reg  |   1|   0|    1|          0|
    |ap_loop_exit_ready_pp0_iter3_reg  |   1|   0|    1|          0|
    |conv3_i203_fu_812                 |  20|   0|   20|          0|
    |conv3_i_1116206_fu_824            |  20|   0|   20|          0|
    |conv3_i_1116_1207_fu_828          |  20|   0|   20|          0|
    |conv3_i_1116_2208_fu_832          |  20|   0|   20|          0|
    |conv3_i_1148204_fu_816            |  20|   0|   20|          0|
    |conv3_i_1212_fu_848               |  20|   0|   20|          0|
    |conv3_i_1_1215_fu_860             |  20|   0|   20|          0|
    |conv3_i_1_188213_fu_852           |  20|   0|   20|          0|
    |conv3_i_1_1_1216_fu_864           |  20|   0|   20|          0|
    |conv3_i_1_1_2217_fu_868           |  20|   0|   20|          0|
    |conv3_i_1_2101214_fu_856          |  20|   0|   20|          0|
    |conv3_i_1_2218_fu_872             |  20|   0|   20|          0|
    |conv3_i_1_2_1219_fu_876           |  20|   0|   20|          0|
    |conv3_i_1_2_2220_fu_880           |  20|   0|   20|          0|
    |conv3_i_2131209_fu_836            |  20|   0|   20|          0|
    |conv3_i_2131_1210_fu_840          |  20|   0|   20|          0|
    |conv3_i_2131_2211_fu_844          |  20|   0|   20|          0|
    |conv3_i_2161205_fu_820            |  20|   0|   20|          0|
    |conv3_i_2221_fu_884               |  20|   0|   20|          0|
    |conv3_i_2_1224_fu_896             |  20|   0|   20|          0|
    |conv3_i_2_162222_fu_888           |  20|   0|   20|          0|
    |conv3_i_2_1_1225_fu_900           |  20|   0|   20|          0|
    |conv3_i_2_1_2226_fu_904           |  20|   0|   20|          0|
    |conv3_i_2_2227_fu_908             |  20|   0|   20|          0|
    |conv3_i_2_275223_fu_892           |  20|   0|   20|          0|
    |conv3_i_2_2_1228_fu_912           |  20|   0|   20|          0|
    |conv3_i_2_2_2229_fu_916           |  20|   0|   20|          0|
    |ic_fu_920                         |   4|   0|    4|          0|
    |icmp_ln94_reg_6079                |   1|   0|    1|          0|
    |tmp_431_reg_6088                  |   8|   0|    8|          0|
    |tmp_432_reg_6098                  |   8|   0|    8|          0|
    |tmp_433_reg_6108                  |   8|   0|    8|          0|
    |tmp_434_reg_6118                  |   8|   0|    8|          0|
    |tmp_435_reg_6128                  |   8|   0|    8|          0|
    |tmp_436_reg_6138                  |   8|   0|    8|          0|
    |tmp_437_reg_6148                  |   8|   0|    8|          0|
    |tmp_438_reg_6158                  |   8|   0|    8|          0|
    |tmp_439_reg_6168                  |   8|   0|    8|          0|
    |tmp_440_reg_6178                  |   8|   0|    8|          0|
    |tmp_441_reg_6188                  |   8|   0|    8|          0|
    |tmp_442_reg_6198                  |   8|   0|    8|          0|
    |tmp_443_reg_6208                  |   8|   0|    8|          0|
    |tmp_444_reg_6218                  |   8|   0|    8|          0|
    |tmp_445_reg_6228                  |   8|   0|    8|          0|
    |tmp_446_reg_6238                  |   8|   0|    8|          0|
    |tmp_447_reg_6248                  |   8|   0|    8|          0|
    |tmp_448_reg_6258                  |   8|   0|    8|          0|
    |tmp_449_reg_6268                  |   8|   0|    8|          0|
    |tmp_450_reg_6278                  |   8|   0|    8|          0|
    |tmp_451_reg_6288                  |   8|   0|    8|          0|
    |tmp_452_reg_6298                  |   8|   0|    8|          0|
    |tmp_453_reg_6308                  |   8|   0|    8|          0|
    |tmp_454_reg_6318                  |   8|   0|    8|          0|
    |tmp_455_reg_6328                  |   8|   0|    8|          0|
    |tmp_456_reg_6338                  |   8|   0|    8|          0|
    |tmp_457_reg_6348                  |   8|   0|    8|          0|
    |icmp_ln94_reg_6079                |  64|  32|    1|          0|
    +----------------------------------+----+----+-----+-----------+
    |Total                             | 834|  32|  771|          0|
    +----------------------------------+----+----+-----+-----------+



================================================================
== Interface
================================================================
* Summary: 
+------------------------------+-----+-----+------------+------------------------------------------+--------------+
|           RTL Ports          | Dir | Bits|  Protocol  |               Source Object              |    C Type    |
+------------------------------+-----+-----+------------+------------------------------------------+--------------+
|ap_clk                        |   in|    1|  ap_ctrl_hs|  conv3d_hidden_layer<12>_Pipeline_IC_LOOP|  return value|
|ap_rst                        |   in|    1|  ap_ctrl_hs|  conv3d_hidden_layer<12>_Pipeline_IC_LOOP|  return value|
|ap_start                      |   in|    1|  ap_ctrl_hs|  conv3d_hidden_layer<12>_Pipeline_IC_LOOP|  return value|
|ap_done                       |  out|    1|  ap_ctrl_hs|  conv3d_hidden_layer<12>_Pipeline_IC_LOOP|  return value|
|ap_idle                       |  out|    1|  ap_ctrl_hs|  conv3d_hidden_layer<12>_Pipeline_IC_LOOP|  return value|
|ap_ready                      |  out|    1|  ap_ctrl_hs|  conv3d_hidden_layer<12>_Pipeline_IC_LOOP|  return value|
|empty                         |   in|    8|     ap_none|                                     empty|        scalar|
|window_427_reload             |   in|    8|     ap_none|                         window_427_reload|        scalar|
|window_3_4_reload             |   in|    8|     ap_none|                         window_3_4_reload|        scalar|
|window_4_4_reload             |   in|    8|     ap_none|                         window_4_4_reload|        scalar|
|window_5_4_reload             |   in|    8|     ap_none|                         window_5_4_reload|        scalar|
|window_6_4_reload             |   in|    8|     ap_none|                         window_6_4_reload|        scalar|
|window_7_4_reload             |   in|    8|     ap_none|                         window_7_4_reload|        scalar|
|window_8_4_reload             |   in|    8|     ap_none|                         window_8_4_reload|        scalar|
|window_9_4_reload             |   in|    8|     ap_none|                         window_9_4_reload|        scalar|
|window_10_4_reload            |   in|    8|     ap_none|                        window_10_4_reload|        scalar|
|window_11_4_reload            |   in|    8|     ap_none|                        window_11_4_reload|        scalar|
|window_12_4_reload            |   in|    8|     ap_none|                        window_12_4_reload|        scalar|
|window_13_4_reload            |   in|    8|     ap_none|                        window_13_4_reload|        scalar|
|window_14_4_reload            |   in|    8|     ap_none|                        window_14_4_reload|        scalar|
|window_15_4_reload            |   in|    8|     ap_none|                        window_15_4_reload|        scalar|
|window_16_4_reload            |   in|    8|     ap_none|                        window_16_4_reload|        scalar|
|window_17_4_reload            |   in|    8|     ap_none|                        window_17_4_reload|        scalar|
|window_18_4_reload            |   in|    8|     ap_none|                        window_18_4_reload|        scalar|
|window_19_4_reload            |   in|    8|     ap_none|                        window_19_4_reload|        scalar|
|window_20_4_reload            |   in|    8|     ap_none|                        window_20_4_reload|        scalar|
|window_21_4_reload            |   in|    8|     ap_none|                        window_21_4_reload|        scalar|
|window_22_4_reload            |   in|    8|     ap_none|                        window_22_4_reload|        scalar|
|window_23_4_reload            |   in|    8|     ap_none|                        window_23_4_reload|        scalar|
|window_24_4_reload            |   in|    8|     ap_none|                        window_24_4_reload|        scalar|
|window_25_4_reload            |   in|    8|     ap_none|                        window_25_4_reload|        scalar|
|window_26_4_reload            |   in|    8|     ap_none|                        window_26_4_reload|        scalar|
|window_27_4_reload            |   in|    8|     ap_none|                        window_27_4_reload|        scalar|
|window_28_4_reload            |   in|    8|     ap_none|                        window_28_4_reload|        scalar|
|window_29_4_reload            |   in|    8|     ap_none|                        window_29_4_reload|        scalar|
|window_30_4_reload            |   in|    8|     ap_none|                        window_30_4_reload|        scalar|
|window_31_4_reload            |   in|    8|     ap_none|                        window_31_4_reload|        scalar|
|window_32_4_reload            |   in|    8|     ap_none|                        window_32_4_reload|        scalar|
|window_33_4_reload            |   in|    8|     ap_none|                        window_33_4_reload|        scalar|
|window_34_4_reload            |   in|    8|     ap_none|                        window_34_4_reload|        scalar|
|window_35_4_reload            |   in|    8|     ap_none|                        window_35_4_reload|        scalar|
|window_36_4_reload            |   in|    8|     ap_none|                        window_36_4_reload|        scalar|
|window_37_4_reload            |   in|    8|     ap_none|                        window_37_4_reload|        scalar|
|window_38_4_reload            |   in|    8|     ap_none|                        window_38_4_reload|        scalar|
|window_39_4_reload            |   in|    8|     ap_none|                        window_39_4_reload|        scalar|
|window_40_4_reload            |   in|    8|     ap_none|                        window_40_4_reload|        scalar|
|window_41_4_reload            |   in|    8|     ap_none|                        window_41_4_reload|        scalar|
|window_42_4_reload            |   in|    8|     ap_none|                        window_42_4_reload|        scalar|
|window_43_4_reload            |   in|    8|     ap_none|                        window_43_4_reload|        scalar|
|window_44_4_reload            |   in|    8|     ap_none|                        window_44_4_reload|        scalar|
|window_45_4_reload            |   in|    8|     ap_none|                        window_45_4_reload|        scalar|
|window_46_4_reload            |   in|    8|     ap_none|                        window_46_4_reload|        scalar|
|window_47_4_reload            |   in|    8|     ap_none|                        window_47_4_reload|        scalar|
|window_48_4_reload            |   in|    8|     ap_none|                        window_48_4_reload|        scalar|
|window_49_4_reload            |   in|    8|     ap_none|                        window_49_4_reload|        scalar|
|window_50_4_reload            |   in|    8|     ap_none|                        window_50_4_reload|        scalar|
|window_51_4_reload            |   in|    8|     ap_none|                        window_51_4_reload|        scalar|
|window_52_4_reload            |   in|    8|     ap_none|                        window_52_4_reload|        scalar|
|window_53_4_reload            |   in|    8|     ap_none|                        window_53_4_reload|        scalar|
|window_54_4_reload            |   in|    8|     ap_none|                        window_54_4_reload|        scalar|
|window_55_4_reload            |   in|    8|     ap_none|                        window_55_4_reload|        scalar|
|window_56_4_reload            |   in|    8|     ap_none|                        window_56_4_reload|        scalar|
|window_57_4_reload            |   in|    8|     ap_none|                        window_57_4_reload|        scalar|
|window_58_4_reload            |   in|    8|     ap_none|                        window_58_4_reload|        scalar|
|window_59_4_reload            |   in|    8|     ap_none|                        window_59_4_reload|        scalar|
|window_60_4_reload            |   in|    8|     ap_none|                        window_60_4_reload|        scalar|
|window_61_4_reload            |   in|    8|     ap_none|                        window_61_4_reload|        scalar|
|window_62_4_reload            |   in|    8|     ap_none|                        window_62_4_reload|        scalar|
|window_63_4_reload            |   in|    8|     ap_none|                        window_63_4_reload|        scalar|
|window_64_4_reload            |   in|    8|     ap_none|                        window_64_4_reload|        scalar|
|window_65_4_reload            |   in|    8|     ap_none|                        window_65_4_reload|        scalar|
|window_66_4_reload            |   in|    8|     ap_none|                        window_66_4_reload|        scalar|
|window_67_4_reload            |   in|    8|     ap_none|                        window_67_4_reload|        scalar|
|window_68_4_reload            |   in|    8|     ap_none|                        window_68_4_reload|        scalar|
|window_69_4_reload            |   in|    8|     ap_none|                        window_69_4_reload|        scalar|
|window_70_4_reload            |   in|    8|     ap_none|                        window_70_4_reload|        scalar|
|window_71_4_reload            |   in|    8|     ap_none|                        window_71_4_reload|        scalar|
|window_72_4_reload            |   in|    8|     ap_none|                        window_72_4_reload|        scalar|
|window_73_4_reload            |   in|    8|     ap_none|                        window_73_4_reload|        scalar|
|window_74_4_reload            |   in|    8|     ap_none|                        window_74_4_reload|        scalar|
|window_75_4_reload            |   in|    8|     ap_none|                        window_75_4_reload|        scalar|
|window_76_4_reload            |   in|    8|     ap_none|                        window_76_4_reload|        scalar|
|window_77_4_reload            |   in|    8|     ap_none|                        window_77_4_reload|        scalar|
|window_78_4_reload            |   in|    8|     ap_none|                        window_78_4_reload|        scalar|
|window_79_4_reload            |   in|    8|     ap_none|                        window_79_4_reload|        scalar|
|window_80_4_reload            |   in|    8|     ap_none|                        window_80_4_reload|        scalar|
|window_81_4_reload            |   in|    8|     ap_none|                        window_81_4_reload|        scalar|
|window_82_4_reload            |   in|    8|     ap_none|                        window_82_4_reload|        scalar|
|window_83_4_reload            |   in|    8|     ap_none|                        window_83_4_reload|        scalar|
|window_84_4_reload            |   in|    8|     ap_none|                        window_84_4_reload|        scalar|
|window_85_4_reload            |   in|    8|     ap_none|                        window_85_4_reload|        scalar|
|window_86_4_reload            |   in|    8|     ap_none|                        window_86_4_reload|        scalar|
|window_87_4_reload            |   in|    8|     ap_none|                        window_87_4_reload|        scalar|
|window_88_4_reload            |   in|    8|     ap_none|                        window_88_4_reload|        scalar|
|window_89_4_reload            |   in|    8|     ap_none|                        window_89_4_reload|        scalar|
|window_90_4_reload            |   in|    8|     ap_none|                        window_90_4_reload|        scalar|
|window_91_4_reload            |   in|    8|     ap_none|                        window_91_4_reload|        scalar|
|window_92_4_reload            |   in|    8|     ap_none|                        window_92_4_reload|        scalar|
|window_93_4_reload            |   in|    8|     ap_none|                        window_93_4_reload|        scalar|
|window_94_4_reload            |   in|    8|     ap_none|                        window_94_4_reload|        scalar|
|window_95_4_reload            |   in|    8|     ap_none|                        window_95_4_reload|        scalar|
|window_96_4_reload            |   in|    8|     ap_none|                        window_96_4_reload|        scalar|
|window_97_4_reload            |   in|    8|     ap_none|                        window_97_4_reload|        scalar|
|window_98_4_reload            |   in|    8|     ap_none|                        window_98_4_reload|        scalar|
|window_99_4_reload            |   in|    8|     ap_none|                        window_99_4_reload|        scalar|
|window_100_4_reload           |   in|    8|     ap_none|                       window_100_4_reload|        scalar|
|window_101_4_reload           |   in|    8|     ap_none|                       window_101_4_reload|        scalar|
|window_102_4_reload           |   in|    8|     ap_none|                       window_102_4_reload|        scalar|
|window_103_4_reload           |   in|    8|     ap_none|                       window_103_4_reload|        scalar|
|window_104_4_reload           |   in|    8|     ap_none|                       window_104_4_reload|        scalar|
|window_105_4_reload           |   in|    8|     ap_none|                       window_105_4_reload|        scalar|
|window_106_4_reload           |   in|    8|     ap_none|                       window_106_4_reload|        scalar|
|window_107_4_reload           |   in|    8|     ap_none|                       window_107_4_reload|        scalar|
|window_108_4_reload           |   in|    8|     ap_none|                       window_108_4_reload|        scalar|
|window_109_4_reload           |   in|    8|     ap_none|                       window_109_4_reload|        scalar|
|window_110_4_reload           |   in|    8|     ap_none|                       window_110_4_reload|        scalar|
|window_111_4_reload           |   in|    8|     ap_none|                       window_111_4_reload|        scalar|
|window_112_4_reload           |   in|    8|     ap_none|                       window_112_4_reload|        scalar|
|window_113_4_reload           |   in|    8|     ap_none|                       window_113_4_reload|        scalar|
|window_114_4_reload           |   in|    8|     ap_none|                       window_114_4_reload|        scalar|
|window_115_4_reload           |   in|    8|     ap_none|                       window_115_4_reload|        scalar|
|window_116_4_reload           |   in|    8|     ap_none|                       window_116_4_reload|        scalar|
|window_117_4_reload           |   in|    8|     ap_none|                       window_117_4_reload|        scalar|
|window_118_4_reload           |   in|    8|     ap_none|                       window_118_4_reload|        scalar|
|window_119_4_reload           |   in|    8|     ap_none|                       window_119_4_reload|        scalar|
|window_120_4_reload           |   in|    8|     ap_none|                       window_120_4_reload|        scalar|
|window_121_4_reload           |   in|    8|     ap_none|                       window_121_4_reload|        scalar|
|window_122_4_reload           |   in|    8|     ap_none|                       window_122_4_reload|        scalar|
|window_123_4_reload           |   in|    8|     ap_none|                       window_123_4_reload|        scalar|
|window_124_4_reload           |   in|    8|     ap_none|                       window_124_4_reload|        scalar|
|window_125_4_reload           |   in|    8|     ap_none|                       window_125_4_reload|        scalar|
|window_126_4_reload           |   in|    8|     ap_none|                       window_126_4_reload|        scalar|
|window_127_4_reload           |   in|    8|     ap_none|                       window_127_4_reload|        scalar|
|window_128_4_reload           |   in|    8|     ap_none|                       window_128_4_reload|        scalar|
|window_129_4_reload           |   in|    8|     ap_none|                       window_129_4_reload|        scalar|
|window_130_4_reload           |   in|    8|     ap_none|                       window_130_4_reload|        scalar|
|window_131_4_reload           |   in|    8|     ap_none|                       window_131_4_reload|        scalar|
|window_132_4_reload           |   in|    8|     ap_none|                       window_132_4_reload|        scalar|
|window_133_4_reload           |   in|    8|     ap_none|                       window_133_4_reload|        scalar|
|window_134_4_reload           |   in|    8|     ap_none|                       window_134_4_reload|        scalar|
|window_135_4_reload           |   in|    8|     ap_none|                       window_135_4_reload|        scalar|
|window_136_4_reload           |   in|    8|     ap_none|                       window_136_4_reload|        scalar|
|window_137_4_reload           |   in|    8|     ap_none|                       window_137_4_reload|        scalar|
|window_138_4_reload           |   in|    8|     ap_none|                       window_138_4_reload|        scalar|
|window_139_4_reload           |   in|    8|     ap_none|                       window_139_4_reload|        scalar|
|window_140_4_reload           |   in|    8|     ap_none|                       window_140_4_reload|        scalar|
|window_141_4_reload           |   in|    8|     ap_none|                       window_141_4_reload|        scalar|
|window_142_4_reload           |   in|    8|     ap_none|                       window_142_4_reload|        scalar|
|window_143_4_reload           |   in|    8|     ap_none|                       window_143_4_reload|        scalar|
|window_144_4_reload           |   in|    8|     ap_none|                       window_144_4_reload|        scalar|
|window_145_4_reload           |   in|    8|     ap_none|                       window_145_4_reload|        scalar|
|window_146_4_reload           |   in|    8|     ap_none|                       window_146_4_reload|        scalar|
|window_147_4_reload           |   in|    8|     ap_none|                       window_147_4_reload|        scalar|
|window_148_4_reload           |   in|    8|     ap_none|                       window_148_4_reload|        scalar|
|window_149_4_reload           |   in|    8|     ap_none|                       window_149_4_reload|        scalar|
|window_150_4_reload           |   in|    8|     ap_none|                       window_150_4_reload|        scalar|
|window_151_4_reload           |   in|    8|     ap_none|                       window_151_4_reload|        scalar|
|window_152_4_reload           |   in|    8|     ap_none|                       window_152_4_reload|        scalar|
|window_153_4_reload           |   in|    8|     ap_none|                       window_153_4_reload|        scalar|
|window_154_4_reload           |   in|    8|     ap_none|                       window_154_4_reload|        scalar|
|window_155_4_reload           |   in|    8|     ap_none|                       window_155_4_reload|        scalar|
|window_156_4_reload           |   in|    8|     ap_none|                       window_156_4_reload|        scalar|
|window_157_4_reload           |   in|    8|     ap_none|                       window_157_4_reload|        scalar|
|window_158_4_reload           |   in|    8|     ap_none|                       window_158_4_reload|        scalar|
|window_159_4_reload           |   in|    8|     ap_none|                       window_159_4_reload|        scalar|
|window_160_4_reload           |   in|    8|     ap_none|                       window_160_4_reload|        scalar|
|window_161_4_reload           |   in|    8|     ap_none|                       window_161_4_reload|        scalar|
|window_162_4_reload           |   in|    8|     ap_none|                       window_162_4_reload|        scalar|
|window_163_4_reload           |   in|    8|     ap_none|                       window_163_4_reload|        scalar|
|window_164_4_reload           |   in|    8|     ap_none|                       window_164_4_reload|        scalar|
|window_165_4_reload           |   in|    8|     ap_none|                       window_165_4_reload|        scalar|
|window_166_4_reload           |   in|    8|     ap_none|                       window_166_4_reload|        scalar|
|window_167_4_reload           |   in|    8|     ap_none|                       window_167_4_reload|        scalar|
|window_168_4_reload           |   in|    8|     ap_none|                       window_168_4_reload|        scalar|
|window_169_4_reload           |   in|    8|     ap_none|                       window_169_4_reload|        scalar|
|window_170_4_reload           |   in|    8|     ap_none|                       window_170_4_reload|        scalar|
|window_171_4_reload           |   in|    8|     ap_none|                       window_171_4_reload|        scalar|
|window_172_4_reload           |   in|    8|     ap_none|                       window_172_4_reload|        scalar|
|window_173_4_reload           |   in|    8|     ap_none|                       window_173_4_reload|        scalar|
|window_174_4_reload           |   in|    8|     ap_none|                       window_174_4_reload|        scalar|
|window_175_4_reload           |   in|    8|     ap_none|                       window_175_4_reload|        scalar|
|window_176_4_reload           |   in|    8|     ap_none|                       window_176_4_reload|        scalar|
|window_177_4_reload           |   in|    8|     ap_none|                       window_177_4_reload|        scalar|
|window_178_4_reload           |   in|    8|     ap_none|                       window_178_4_reload|        scalar|
|window_179_4_reload           |   in|    8|     ap_none|                       window_179_4_reload|        scalar|
|window_180_4_reload           |   in|    8|     ap_none|                       window_180_4_reload|        scalar|
|window_181_4_reload           |   in|    8|     ap_none|                       window_181_4_reload|        scalar|
|window_182_4_reload           |   in|    8|     ap_none|                       window_182_4_reload|        scalar|
|window_183_4_reload           |   in|    8|     ap_none|                       window_183_4_reload|        scalar|
|window_184_4_reload           |   in|    8|     ap_none|                       window_184_4_reload|        scalar|
|window_185_4_reload           |   in|    8|     ap_none|                       window_185_4_reload|        scalar|
|window_186_4_reload           |   in|    8|     ap_none|                       window_186_4_reload|        scalar|
|window_187_4_reload           |   in|    8|     ap_none|                       window_187_4_reload|        scalar|
|window_188_4_reload           |   in|    8|     ap_none|                       window_188_4_reload|        scalar|
|window_189_4_reload           |   in|    8|     ap_none|                       window_189_4_reload|        scalar|
|window_190_4_reload           |   in|    8|     ap_none|                       window_190_4_reload|        scalar|
|window_191_4_reload           |   in|    8|     ap_none|                       window_191_4_reload|        scalar|
|window_192_4_reload           |   in|    8|     ap_none|                       window_192_4_reload|        scalar|
|window_193_4_reload           |   in|    8|     ap_none|                       window_193_4_reload|        scalar|
|window_194_4_reload           |   in|    8|     ap_none|                       window_194_4_reload|        scalar|
|window_195_4_reload           |   in|    8|     ap_none|                       window_195_4_reload|        scalar|
|window_196_4_reload           |   in|    8|     ap_none|                       window_196_4_reload|        scalar|
|window_197_4_reload           |   in|    8|     ap_none|                       window_197_4_reload|        scalar|
|window_198_4_reload           |   in|    8|     ap_none|                       window_198_4_reload|        scalar|
|window_199_4_reload           |   in|    8|     ap_none|                       window_199_4_reload|        scalar|
|window_200_4_reload           |   in|    8|     ap_none|                       window_200_4_reload|        scalar|
|window_201_4_reload           |   in|    8|     ap_none|                       window_201_4_reload|        scalar|
|window_202_4_reload           |   in|    8|     ap_none|                       window_202_4_reload|        scalar|
|window_203_4_reload           |   in|    8|     ap_none|                       window_203_4_reload|        scalar|
|window_204_4_reload           |   in|    8|     ap_none|                       window_204_4_reload|        scalar|
|window_205_4_reload           |   in|    8|     ap_none|                       window_205_4_reload|        scalar|
|window_206_4_reload           |   in|    8|     ap_none|                       window_206_4_reload|        scalar|
|window_207_4_reload           |   in|    8|     ap_none|                       window_207_4_reload|        scalar|
|window_208_4_reload           |   in|    8|     ap_none|                       window_208_4_reload|        scalar|
|window_209_4_reload           |   in|    8|     ap_none|                       window_209_4_reload|        scalar|
|window_210_4_reload           |   in|    8|     ap_none|                       window_210_4_reload|        scalar|
|window_211_4_reload           |   in|    8|     ap_none|                       window_211_4_reload|        scalar|
|window_212_4_reload           |   in|    8|     ap_none|                       window_212_4_reload|        scalar|
|window_213_4_reload           |   in|    8|     ap_none|                       window_213_4_reload|        scalar|
|window_214_4_reload           |   in|    8|     ap_none|                       window_214_4_reload|        scalar|
|window_215_4_reload           |   in|    8|     ap_none|                       window_215_4_reload|        scalar|
|window_216_4_reload           |   in|    8|     ap_none|                       window_216_4_reload|        scalar|
|window_217_4_reload           |   in|    8|     ap_none|                       window_217_4_reload|        scalar|
|window_218_4_reload           |   in|    8|     ap_none|                       window_218_4_reload|        scalar|
|window_219_4_reload           |   in|    8|     ap_none|                       window_219_4_reload|        scalar|
|window_220_4_reload           |   in|    8|     ap_none|                       window_220_4_reload|        scalar|
|window_221_4_reload           |   in|    8|     ap_none|                       window_221_4_reload|        scalar|
|window_222_4_reload           |   in|    8|     ap_none|                       window_222_4_reload|        scalar|
|window_223_4_reload           |   in|    8|     ap_none|                       window_223_4_reload|        scalar|
|window_224_4_reload           |   in|    8|     ap_none|                       window_224_4_reload|        scalar|
|window_225_4_reload           |   in|    8|     ap_none|                       window_225_4_reload|        scalar|
|window_226_4_reload           |   in|    8|     ap_none|                       window_226_4_reload|        scalar|
|window_227_4_reload           |   in|    8|     ap_none|                       window_227_4_reload|        scalar|
|window_228_4_reload           |   in|    8|     ap_none|                       window_228_4_reload|        scalar|
|window_229_4_reload           |   in|    8|     ap_none|                       window_229_4_reload|        scalar|
|window_230_4_reload           |   in|    8|     ap_none|                       window_230_4_reload|        scalar|
|window_231_4_reload           |   in|    8|     ap_none|                       window_231_4_reload|        scalar|
|window_232_4_reload           |   in|    8|     ap_none|                       window_232_4_reload|        scalar|
|window_233_4_reload           |   in|    8|     ap_none|                       window_233_4_reload|        scalar|
|window_234_4_reload           |   in|    8|     ap_none|                       window_234_4_reload|        scalar|
|window_235_4_reload           |   in|    8|     ap_none|                       window_235_4_reload|        scalar|
|window_236_4_reload           |   in|    8|     ap_none|                       window_236_4_reload|        scalar|
|window_237_4_reload           |   in|    8|     ap_none|                       window_237_4_reload|        scalar|
|window_238_4_reload           |   in|    8|     ap_none|                       window_238_4_reload|        scalar|
|window_239_4_reload           |   in|    8|     ap_none|                       window_239_4_reload|        scalar|
|window_240_4_reload           |   in|    8|     ap_none|                       window_240_4_reload|        scalar|
|window_241_4_reload           |   in|    8|     ap_none|                       window_241_4_reload|        scalar|
|window_242_4_reload           |   in|    8|     ap_none|                       window_242_4_reload|        scalar|
|window_243_4_reload           |   in|    8|     ap_none|                       window_243_4_reload|        scalar|
|window_244_4_reload           |   in|    8|     ap_none|                       window_244_4_reload|        scalar|
|window_245_4_reload           |   in|    8|     ap_none|                       window_245_4_reload|        scalar|
|window_246_4_reload           |   in|    8|     ap_none|                       window_246_4_reload|        scalar|
|window_247_4_reload           |   in|    8|     ap_none|                       window_247_4_reload|        scalar|
|window_248_4_reload           |   in|    8|     ap_none|                       window_248_4_reload|        scalar|
|window_249_4_reload           |   in|    8|     ap_none|                       window_249_4_reload|        scalar|
|window_250_4_reload           |   in|    8|     ap_none|                       window_250_4_reload|        scalar|
|window_251_4_reload           |   in|    8|     ap_none|                       window_251_4_reload|        scalar|
|window_252_4_reload           |   in|    8|     ap_none|                       window_252_4_reload|        scalar|
|window_253_4_reload           |   in|    8|     ap_none|                       window_253_4_reload|        scalar|
|window_254_4_reload           |   in|    8|     ap_none|                       window_254_4_reload|        scalar|
|window_255_4_reload           |   in|    8|     ap_none|                       window_255_4_reload|        scalar|
|window_256_4_reload           |   in|    8|     ap_none|                       window_256_4_reload|        scalar|
|window_257_4_reload           |   in|    8|     ap_none|                       window_257_4_reload|        scalar|
|window_258_4_reload           |   in|    8|     ap_none|                       window_258_4_reload|        scalar|
|window_259_4_reload           |   in|    8|     ap_none|                       window_259_4_reload|        scalar|
|window_260_4_reload           |   in|    8|     ap_none|                       window_260_4_reload|        scalar|
|window_261_4_reload           |   in|    8|     ap_none|                       window_261_4_reload|        scalar|
|window_262_4_reload           |   in|    8|     ap_none|                       window_262_4_reload|        scalar|
|window_263_4_reload           |   in|    8|     ap_none|                       window_263_4_reload|        scalar|
|window_264_4_reload           |   in|    8|     ap_none|                       window_264_4_reload|        scalar|
|window_265_4_reload           |   in|    8|     ap_none|                       window_265_4_reload|        scalar|
|window_266_4_reload           |   in|    8|     ap_none|                       window_266_4_reload|        scalar|
|window_267_4_reload           |   in|    8|     ap_none|                       window_267_4_reload|        scalar|
|window_268_4_reload           |   in|    8|     ap_none|                       window_268_4_reload|        scalar|
|window_269_4_reload           |   in|    8|     ap_none|                       window_269_4_reload|        scalar|
|window_270_4_reload           |   in|    8|     ap_none|                       window_270_4_reload|        scalar|
|window_271_4_reload           |   in|    8|     ap_none|                       window_271_4_reload|        scalar|
|window_272_4_reload           |   in|    8|     ap_none|                       window_272_4_reload|        scalar|
|window_273_4_reload           |   in|    8|     ap_none|                       window_273_4_reload|        scalar|
|window_274_4_reload           |   in|    8|     ap_none|                       window_274_4_reload|        scalar|
|window_275_4_reload           |   in|    8|     ap_none|                       window_275_4_reload|        scalar|
|window_276_4_reload           |   in|    8|     ap_none|                       window_276_4_reload|        scalar|
|window_277_4_reload           |   in|    8|     ap_none|                       window_277_4_reload|        scalar|
|window_278_4_reload           |   in|    8|     ap_none|                       window_278_4_reload|        scalar|
|window_279_4_reload           |   in|    8|     ap_none|                       window_279_4_reload|        scalar|
|window_280_4_reload           |   in|    8|     ap_none|                       window_280_4_reload|        scalar|
|window_281_4_reload           |   in|    8|     ap_none|                       window_281_4_reload|        scalar|
|window_282_4_reload           |   in|    8|     ap_none|                       window_282_4_reload|        scalar|
|window_283_4_reload           |   in|    8|     ap_none|                       window_283_4_reload|        scalar|
|window_284_4_reload           |   in|    8|     ap_none|                       window_284_4_reload|        scalar|
|window_285_4_reload           |   in|    8|     ap_none|                       window_285_4_reload|        scalar|
|window_286_4_reload           |   in|    8|     ap_none|                       window_286_4_reload|        scalar|
|window_287_4_reload           |   in|    8|     ap_none|                       window_287_4_reload|        scalar|
|window_288_4_reload           |   in|    8|     ap_none|                       window_288_4_reload|        scalar|
|window_289_4_reload           |   in|    8|     ap_none|                       window_289_4_reload|        scalar|
|window_290_4_reload           |   in|    8|     ap_none|                       window_290_4_reload|        scalar|
|window_291_4_reload           |   in|    8|     ap_none|                       window_291_4_reload|        scalar|
|window_292_4_reload           |   in|    8|     ap_none|                       window_292_4_reload|        scalar|
|window_293_4_reload           |   in|    8|     ap_none|                       window_293_4_reload|        scalar|
|window_294_4_reload           |   in|    8|     ap_none|                       window_294_4_reload|        scalar|
|window_295_4_reload           |   in|    8|     ap_none|                       window_295_4_reload|        scalar|
|window_296_4_reload           |   in|    8|     ap_none|                       window_296_4_reload|        scalar|
|window_297_4_reload           |   in|    8|     ap_none|                       window_297_4_reload|        scalar|
|window_298_4_reload           |   in|    8|     ap_none|                       window_298_4_reload|        scalar|
|window_299_4_reload           |   in|    8|     ap_none|                       window_299_4_reload|        scalar|
|window_300_4_reload           |   in|    8|     ap_none|                       window_300_4_reload|        scalar|
|window_301_4_reload           |   in|    8|     ap_none|                       window_301_4_reload|        scalar|
|window_302_4_reload           |   in|    8|     ap_none|                       window_302_4_reload|        scalar|
|window_303_4_reload           |   in|    8|     ap_none|                       window_303_4_reload|        scalar|
|window_304_4_reload           |   in|    8|     ap_none|                       window_304_4_reload|        scalar|
|window_305_4_reload           |   in|    8|     ap_none|                       window_305_4_reload|        scalar|
|window_306_4_reload           |   in|    8|     ap_none|                       window_306_4_reload|        scalar|
|window_307_4_reload           |   in|    8|     ap_none|                       window_307_4_reload|        scalar|
|window_308_4_reload           |   in|    8|     ap_none|                       window_308_4_reload|        scalar|
|window_309_4_reload           |   in|    8|     ap_none|                       window_309_4_reload|        scalar|
|window_310_4_reload           |   in|    8|     ap_none|                       window_310_4_reload|        scalar|
|window_311_4_reload           |   in|    8|     ap_none|                       window_311_4_reload|        scalar|
|window_312_4_reload           |   in|    8|     ap_none|                       window_312_4_reload|        scalar|
|window_313_4_reload           |   in|    8|     ap_none|                       window_313_4_reload|        scalar|
|window_314_4_reload           |   in|    8|     ap_none|                       window_314_4_reload|        scalar|
|window_315_4_reload           |   in|    8|     ap_none|                       window_315_4_reload|        scalar|
|window_316_4_reload           |   in|    8|     ap_none|                       window_316_4_reload|        scalar|
|window_317_4_reload           |   in|    8|     ap_none|                       window_317_4_reload|        scalar|
|window_318_4_reload           |   in|    8|     ap_none|                       window_318_4_reload|        scalar|
|window_319_4_reload           |   in|    8|     ap_none|                       window_319_4_reload|        scalar|
|window_320_4_reload           |   in|    8|     ap_none|                       window_320_4_reload|        scalar|
|window_321_4_reload           |   in|    8|     ap_none|                       window_321_4_reload|        scalar|
|window_322_4_reload           |   in|    8|     ap_none|                       window_322_4_reload|        scalar|
|window_323_4_reload           |   in|    8|     ap_none|                       window_323_4_reload|        scalar|
|window_324_4_reload           |   in|    8|     ap_none|                       window_324_4_reload|        scalar|
|window_325_4_reload           |   in|    8|     ap_none|                       window_325_4_reload|        scalar|
|conv3_i_2_2_2229_out          |  out|   20|      ap_vld|                      conv3_i_2_2_2229_out|       pointer|
|conv3_i_2_2_2229_out_ap_vld   |  out|    1|      ap_vld|                      conv3_i_2_2_2229_out|       pointer|
|conv3_i_2_2_1228_out          |  out|   20|      ap_vld|                      conv3_i_2_2_1228_out|       pointer|
|conv3_i_2_2_1228_out_ap_vld   |  out|    1|      ap_vld|                      conv3_i_2_2_1228_out|       pointer|
|conv3_i_2_2227_out            |  out|   20|      ap_vld|                        conv3_i_2_2227_out|       pointer|
|conv3_i_2_2227_out_ap_vld     |  out|    1|      ap_vld|                        conv3_i_2_2227_out|       pointer|
|conv3_i_2_1_2226_out          |  out|   20|      ap_vld|                      conv3_i_2_1_2226_out|       pointer|
|conv3_i_2_1_2226_out_ap_vld   |  out|    1|      ap_vld|                      conv3_i_2_1_2226_out|       pointer|
|conv3_i_2_1_1225_out          |  out|   20|      ap_vld|                      conv3_i_2_1_1225_out|       pointer|
|conv3_i_2_1_1225_out_ap_vld   |  out|    1|      ap_vld|                      conv3_i_2_1_1225_out|       pointer|
|conv3_i_2_1224_out            |  out|   20|      ap_vld|                        conv3_i_2_1224_out|       pointer|
|conv3_i_2_1224_out_ap_vld     |  out|    1|      ap_vld|                        conv3_i_2_1224_out|       pointer|
|conv3_i_2_275223_out          |  out|   20|      ap_vld|                      conv3_i_2_275223_out|       pointer|
|conv3_i_2_275223_out_ap_vld   |  out|    1|      ap_vld|                      conv3_i_2_275223_out|       pointer|
|conv3_i_2_162222_out          |  out|   20|      ap_vld|                      conv3_i_2_162222_out|       pointer|
|conv3_i_2_162222_out_ap_vld   |  out|    1|      ap_vld|                      conv3_i_2_162222_out|       pointer|
|conv3_i_2221_out              |  out|   20|      ap_vld|                          conv3_i_2221_out|       pointer|
|conv3_i_2221_out_ap_vld       |  out|    1|      ap_vld|                          conv3_i_2221_out|       pointer|
|conv3_i_1_2_2220_out          |  out|   20|      ap_vld|                      conv3_i_1_2_2220_out|       pointer|
|conv3_i_1_2_2220_out_ap_vld   |  out|    1|      ap_vld|                      conv3_i_1_2_2220_out|       pointer|
|conv3_i_1_2_1219_out          |  out|   20|      ap_vld|                      conv3_i_1_2_1219_out|       pointer|
|conv3_i_1_2_1219_out_ap_vld   |  out|    1|      ap_vld|                      conv3_i_1_2_1219_out|       pointer|
|conv3_i_1_2218_out            |  out|   20|      ap_vld|                        conv3_i_1_2218_out|       pointer|
|conv3_i_1_2218_out_ap_vld     |  out|    1|      ap_vld|                        conv3_i_1_2218_out|       pointer|
|conv3_i_1_1_2217_out          |  out|   20|      ap_vld|                      conv3_i_1_1_2217_out|       pointer|
|conv3_i_1_1_2217_out_ap_vld   |  out|    1|      ap_vld|                      conv3_i_1_1_2217_out|       pointer|
|conv3_i_1_1_1216_out          |  out|   20|      ap_vld|                      conv3_i_1_1_1216_out|       pointer|
|conv3_i_1_1_1216_out_ap_vld   |  out|    1|      ap_vld|                      conv3_i_1_1_1216_out|       pointer|
|conv3_i_1_1215_out            |  out|   20|      ap_vld|                        conv3_i_1_1215_out|       pointer|
|conv3_i_1_1215_out_ap_vld     |  out|    1|      ap_vld|                        conv3_i_1_1215_out|       pointer|
|conv3_i_1_2101214_out         |  out|   20|      ap_vld|                     conv3_i_1_2101214_out|       pointer|
|conv3_i_1_2101214_out_ap_vld  |  out|    1|      ap_vld|                     conv3_i_1_2101214_out|       pointer|
|conv3_i_1_188213_out          |  out|   20|      ap_vld|                      conv3_i_1_188213_out|       pointer|
|conv3_i_1_188213_out_ap_vld   |  out|    1|      ap_vld|                      conv3_i_1_188213_out|       pointer|
|conv3_i_1212_out              |  out|   20|      ap_vld|                          conv3_i_1212_out|       pointer|
|conv3_i_1212_out_ap_vld       |  out|    1|      ap_vld|                          conv3_i_1212_out|       pointer|
|conv3_i_2131_2211_out         |  out|   20|      ap_vld|                     conv3_i_2131_2211_out|       pointer|
|conv3_i_2131_2211_out_ap_vld  |  out|    1|      ap_vld|                     conv3_i_2131_2211_out|       pointer|
|conv3_i_2131_1210_out         |  out|   20|      ap_vld|                     conv3_i_2131_1210_out|       pointer|
|conv3_i_2131_1210_out_ap_vld  |  out|    1|      ap_vld|                     conv3_i_2131_1210_out|       pointer|
|conv3_i_2131209_out           |  out|   20|      ap_vld|                       conv3_i_2131209_out|       pointer|
|conv3_i_2131209_out_ap_vld    |  out|    1|      ap_vld|                       conv3_i_2131209_out|       pointer|
|conv3_i_1116_2208_out         |  out|   20|      ap_vld|                     conv3_i_1116_2208_out|       pointer|
|conv3_i_1116_2208_out_ap_vld  |  out|    1|      ap_vld|                     conv3_i_1116_2208_out|       pointer|
|conv3_i_1116_1207_out         |  out|   20|      ap_vld|                     conv3_i_1116_1207_out|       pointer|
|conv3_i_1116_1207_out_ap_vld  |  out|    1|      ap_vld|                     conv3_i_1116_1207_out|       pointer|
|conv3_i_1116206_out           |  out|   20|      ap_vld|                       conv3_i_1116206_out|       pointer|
|conv3_i_1116206_out_ap_vld    |  out|    1|      ap_vld|                       conv3_i_1116206_out|       pointer|
|conv3_i_2161205_out           |  out|   20|      ap_vld|                       conv3_i_2161205_out|       pointer|
|conv3_i_2161205_out_ap_vld    |  out|    1|      ap_vld|                       conv3_i_2161205_out|       pointer|
|conv3_i_1148204_out           |  out|   20|      ap_vld|                       conv3_i_1148204_out|       pointer|
|conv3_i_1148204_out_ap_vld    |  out|    1|      ap_vld|                       conv3_i_1148204_out|       pointer|
|conv3_i203_out                |  out|   20|      ap_vld|                            conv3_i203_out|       pointer|
|conv3_i203_out_ap_vld         |  out|    1|      ap_vld|                            conv3_i203_out|       pointer|
+------------------------------+-----+-----+------------+------------------------------------------+--------------+

