

================================================================
== Vitis HLS Report for 'conv3d_hidden_layer_1_s'
================================================================
* Date:           Thu Sep  3 17:10:51 2026

* Version:        2023.2 (Build 4023990 on Oct 11 2023)
* Project:        predecoder_csynth_proj
* Solution:       solution1 (Vitis Kernel Flow Target)
* Product family: virtexuplusHBM
* Target device:  xcu55c-fsvh2892-2L-e


================================================================
== Performance Estimates
================================================================
+ Timing: 
    * Summary: 
    +--------+---------+----------+------------+
    |  Clock |  Target | Estimated| Uncertainty|
    +--------+---------+----------+------------+
    |ap_clk  |  3.33 ns|  2.608 ns|     0.90 ns|
    +--------+---------+----------+------------+

+ Latency: 
    * Summary: 
    +---------+---------+----------+-----------+-----+-------+---------+
    |  Latency (cycles) |  Latency (absolute)  |   Interval  | Pipeline|
    |   min   |   max   |    min   |    max    | min |  max  |   Type  |
    +---------+---------+----------+-----------+-----+-------+---------+
    |      133|    23086|  0.443 us|  76.876 us|  133|  23086|       no|
    +---------+---------+----------+-----------+-----+-------+---------+

    + Detail: 
        * Instance: 
        +---------------------------------------------------------------------------------+----------------------------------------------------------------------+---------+---------+-----------+-----------+-----+-----+---------+
        |                                                                                 |                                                                      |  Latency (cycles) |   Latency (absolute)  |  Interval | Pipeline|
        |                                     Instance                                    |                                Module                                |   min   |   max   |    min    |    max    | min | max |   Type  |
        +---------------------------------------------------------------------------------+----------------------------------------------------------------------+---------+---------+-----------+-----------+-----+-----+---------+
        |grp_conv3d_hidden_layer_1_Pipeline_RESET_VITIS_LOOP_40_1_VITIS_LOOP_41_2_fu_587  |conv3d_hidden_layer_1_Pipeline_RESET_VITIS_LOOP_40_1_VITIS_LOOP_41_2  |      110|      110|   0.366 us|   0.366 us|  110|  110|       no|
        |grp_conv3d_hidden_layer_1_Pipeline_VITIS_LOOP_46_1_VITIS_LOOP_47_2_fu_627        |conv3d_hidden_layer_1_Pipeline_VITIS_LOOP_46_1_VITIS_LOOP_47_2        |       38|       38|   0.127 us|   0.127 us|   38|   38|       no|
        |grp_conv3d_hidden_layer_1_Pipeline_VITIS_LOOP_89_1_VITIS_LOOP_90_2_fu_652        |conv3d_hidden_layer_1_Pipeline_VITIS_LOOP_89_1_VITIS_LOOP_90_2        |       47|       47|   0.157 us|   0.157 us|   47|   47|       no|
        |grp_conv3d_hidden_layer_1_Pipeline_OC_LOOP_fu_682                                |conv3d_hidden_layer_1_Pipeline_OC_LOOP                                |       27|       27|  89.910 ns|  89.910 ns|   27|   27|       no|
        +---------------------------------------------------------------------------------+----------------------------------------------------------------------+---------+---------+-----------+-----------+-----+-----+---------+

        * Loop: 
        +------------------------------+---------+---------+----------+-----------+-----------+------+----------+
        |                              |  Latency (cycles) | Iteration|  Initiation Interval  | Trip |          |
        |           Loop Name          |   min   |   max   |  Latency |  achieved |   target  | Count| Pipelined|
        +------------------------------+---------+---------+----------+-----------+-----------+------+----------+
        |- CONV_T                      |       21|    22974|  3 ~ 3282|          -|          -|     7|        no|
        | + CONV_EMIT_VITIS_LOOP_63_4  |     3240|     3240|        90|          -|          -|    36|        no|
        +------------------------------+---------+---------+----------+-----------+-----------+------+----------+



================================================================
== Utilization Estimates
================================================================
* Summary: 
+---------------------+---------+------+---------+---------+-----+
|         Name        | BRAM_18K|  DSP |    FF   |   LUT   | URAM|
+---------------------+---------+------+---------+---------+-----+
|DSP                  |        -|     -|        -|        -|    -|
|Expression           |        -|     -|        0|      147|    -|
|FIFO                 |        -|     -|        -|        -|    -|
|Instance             |        0|    30|     4058|     4202|    -|
|Memory               |        0|     -|      176|      198|    0|
|Multiplexer          |        -|     -|        -|     1764|    -|
|Register             |        -|     -|      367|        -|    -|
+---------------------+---------+------+---------+---------+-----+
|Total                |        0|    30|     4601|     6311|    0|
+---------------------+---------+------+---------+---------+-----+
|Available SLR        |     1344|  3008|   869120|   434560|  320|
+---------------------+---------+------+---------+---------+-----+
|Utilization SLR (%)  |        0|    ~0|       ~0|        1|    0|
+---------------------+---------+------+---------+---------+-----+
|Available            |     4032|  9024|  2607360|  1303680|  960|
+---------------------+---------+------+---------+---------+-----+
|Utilization (%)      |        0|    ~0|       ~0|       ~0|    0|
+---------------------+---------+------+---------+---------+-----+

+ Detail: 
    * Instance: 
    +---------------------------------------------------------------------------------+----------------------------------------------------------------------+---------+----+------+------+-----+
    |                                     Instance                                    |                                Module                                | BRAM_18K| DSP|  FF  |  LUT | URAM|
    +---------------------------------------------------------------------------------+----------------------------------------------------------------------+---------+----+------+------+-----+
    |grp_conv3d_hidden_layer_1_Pipeline_OC_LOOP_fu_682                                |conv3d_hidden_layer_1_Pipeline_OC_LOOP                                |        0|  30|  1351|  1432|    0|
    |grp_conv3d_hidden_layer_1_Pipeline_RESET_VITIS_LOOP_40_1_VITIS_LOOP_41_2_fu_587  |conv3d_hidden_layer_1_Pipeline_RESET_VITIS_LOOP_40_1_VITIS_LOOP_41_2  |        0|   0|    32|   226|    0|
    |grp_conv3d_hidden_layer_1_Pipeline_VITIS_LOOP_46_1_VITIS_LOOP_47_2_fu_627        |conv3d_hidden_layer_1_Pipeline_VITIS_LOOP_46_1_VITIS_LOOP_47_2        |        0|   0|    15|   129|    0|
    |grp_conv3d_hidden_layer_1_Pipeline_VITIS_LOOP_89_1_VITIS_LOOP_90_2_fu_652        |conv3d_hidden_layer_1_Pipeline_VITIS_LOOP_89_1_VITIS_LOOP_90_2        |        0|   0|  2660|  2415|    0|
    +---------------------------------------------------------------------------------+----------------------------------------------------------------------+---------+----+------+------+-----+
    |Total                                                                            |                                                                      |        0|  30|  4058|  4202|    0|
    +---------------------------------------------------------------------------------+----------------------------------------------------------------------+---------+----+------+------+-----+

    * DSP: 
    N/A

    * Memory: 
    +--------------+------------------------------------------------+---------+---+----+-----+------+-----+------+-------------+
    |    Memory    |                     Module                     | BRAM_18K| FF| LUT| URAM| Words| Bits| Banks| W*Bits*Banks|
    +--------------+------------------------------------------------+---------+---+----+-----+------+-----+------+-------------+
    |fb_0_U        |conv3d_hidden_layer_1_s_fb_0_RAM_AUTO_1R1W      |        0|  8|   9|    0|     6|    8|     1|           48|
    |fb_0_1_U      |conv3d_hidden_layer_1_s_fb_0_RAM_AUTO_1R1W      |        0|  8|   9|    0|     6|    8|     1|           48|
    |fb_0_2_U      |conv3d_hidden_layer_1_s_fb_0_RAM_AUTO_1R1W      |        0|  8|   9|    0|     6|    8|     1|           48|
    |fb_0_3_U      |conv3d_hidden_layer_1_s_fb_0_RAM_AUTO_1R1W      |        0|  8|   9|    0|     6|    8|     1|           48|
    |fb_0_4_U      |conv3d_hidden_layer_1_s_fb_0_RAM_AUTO_1R1W      |        0|  8|   9|    0|     6|    8|     1|           48|
    |fb_0_5_U      |conv3d_hidden_layer_1_s_fb_0_RAM_AUTO_1R1W      |        0|  8|   9|    0|     6|    8|     1|           48|
    |fb_0_6_U      |conv3d_hidden_layer_1_s_fb_0_RAM_AUTO_1R1W      |        0|  8|   9|    0|     6|    8|     1|           48|
    |fb_0_7_U      |conv3d_hidden_layer_1_s_fb_0_RAM_AUTO_1R1W      |        0|  8|   9|    0|     6|    8|     1|           48|
    |fb_0_8_U      |conv3d_hidden_layer_1_s_fb_0_RAM_AUTO_1R1W      |        0|  8|   9|    0|     6|    8|     1|           48|
    |fb_0_9_U      |conv3d_hidden_layer_1_s_fb_0_RAM_AUTO_1R1W      |        0|  8|   9|    0|     6|    8|     1|           48|
    |fb_0_10_U     |conv3d_hidden_layer_1_s_fb_0_RAM_AUTO_1R1W      |        0|  8|   9|    0|     6|    8|     1|           48|
    |fb_0_11_U     |conv3d_hidden_layer_1_s_fb_0_RAM_AUTO_1R1W      |        0|  8|   9|    0|     6|    8|     1|           48|
    |fb_0_12_U     |conv3d_hidden_layer_1_s_fb_0_RAM_AUTO_1R1W      |        0|  8|   9|    0|     6|    8|     1|           48|
    |fb_0_13_U     |conv3d_hidden_layer_1_s_fb_0_RAM_AUTO_1R1W      |        0|  8|   9|    0|     6|    8|     1|           48|
    |fb_0_14_U     |conv3d_hidden_layer_1_s_fb_0_RAM_AUTO_1R1W      |        0|  8|   9|    0|     6|    8|     1|           48|
    |fb_0_15_U     |conv3d_hidden_layer_1_s_fb_0_RAM_AUTO_1R1W      |        0|  8|   9|    0|     6|    8|     1|           48|
    |fb_0_16_U     |conv3d_hidden_layer_1_s_fb_0_RAM_AUTO_1R1W      |        0|  8|   9|    0|     6|    8|     1|           48|
    |fb_0_17_U     |conv3d_hidden_layer_1_s_fb_0_RAM_AUTO_1R1W      |        0|  8|   9|    0|     6|    8|     1|           48|
    |out_U         |conv3d_hidden_layer_1_s_out_RAM_AUTO_1R1W       |        0|  8|   9|    0|    12|    8|     1|           96|
    |window_0_U    |conv3d_hidden_layer_1_s_window_0_RAM_AUTO_1R1W  |        0|  8|   9|    0|     9|    8|     1|           72|
    |window_0_1_U  |conv3d_hidden_layer_1_s_window_0_RAM_AUTO_1R1W  |        0|  8|   9|    0|     9|    8|     1|           72|
    |window_0_2_U  |conv3d_hidden_layer_1_s_window_0_RAM_AUTO_1R1W  |        0|  8|   9|    0|     9|    8|     1|           72|
    +--------------+------------------------------------------------+---------+---+----+-----+------+-----+------+-------------+
    |Total         |                                                |        0|176| 198|    0|   147|  176|    22|         1176|
    +--------------+------------------------------------------------+---------+---+----+-----+------+-----+------+-------------+

    * FIFO: 
    N/A

    * Expression: 
    +-------------------------+----------+----+---+----+------------+------------+
    |      Variable Name      | Operation| DSP| FF| LUT| Bitwidth P0| Bitwidth P1|
    +-------------------------+----------+----+---+----+------------+------------+
    |add_ln43_fu_792_p2       |         +|   0|  0|  10|           3|           1|
    |add_ln59_fu_833_p2       |         +|   0|  0|  12|           4|           2|
    |add_ln62_1_fu_852_p2     |         +|   0|  0|  13|           6|           1|
    |add_ln62_fu_858_p2       |         +|   0|  0|  10|           3|           1|
    |add_ln64_fu_888_p2       |         +|   0|  0|  10|           3|           1|
    |empty_62_fu_818_p2       |         +|   0|  0|   9|           2|           1|
    |cmp8_i_i_fu_894_p2       |      icmp|   0|  0|  10|           3|           1|
    |cmp9_i_i_2_fu_901_p2     |      icmp|   0|  0|  10|           3|           3|
    |empty_fu_808_p2          |      icmp|   0|  0|  10|           3|           2|
    |icmp_ln43_fu_786_p2      |      icmp|   0|  0|  10|           3|           2|
    |icmp_ln45_fu_802_p2      |      icmp|   0|  0|  10|           3|           3|
    |icmp_ln62_fu_846_p2      |      icmp|   0|  0|  13|           6|           6|
    |icmp_ln63_fu_864_p2      |      icmp|   0|  0|  10|           3|           3|
    |ap_block_state1          |        or|   0|  0|   2|           1|           1|
    |empty_63_fu_824_p3       |    select|   0|  0|   2|           1|           2|
    |select_ln62_1_fu_879_p3  |    select|   0|  0|   3|           1|           3|
    |select_ln62_fu_870_p3    |    select|   0|  0|   3|           1|           1|
    +-------------------------+----------+----+---+----+------------+------------+
    |Total                    |          |   0|  0| 147|          49|          34|
    +-------------------------+----------+----+---+----+------------+------------+

    * Multiplexer: 
    +--------------------------+-----+-----------+-----+-----------+
    |           Name           | LUT | Input Size| Bits| Total Bits|
    +--------------------------+-----+-----------+-----+-----------+
    |ap_NS_fsm                 |  107|         22|    1|         22|
    |ap_done                   |    9|          2|    1|          2|
    |fb_0_10_address0          |   20|          4|    3|         12|
    |fb_0_10_ce0               |   20|          4|    1|          4|
    |fb_0_10_d0                |   14|          3|    8|         24|
    |fb_0_10_we0               |   14|          3|    1|          3|
    |fb_0_11_address0          |   20|          4|    3|         12|
    |fb_0_11_ce0               |   20|          4|    1|          4|
    |fb_0_11_d0                |   14|          3|    8|         24|
    |fb_0_11_we0               |   14|          3|    1|          3|
    |fb_0_12_address0          |   20|          4|    3|         12|
    |fb_0_12_ce0               |   20|          4|    1|          4|
    |fb_0_12_d0                |   14|          3|    8|         24|
    |fb_0_12_we0               |   14|          3|    1|          3|
    |fb_0_13_address0          |   20|          4|    3|         12|
    |fb_0_13_ce0               |   20|          4|    1|          4|
    |fb_0_13_d0                |   14|          3|    8|         24|
    |fb_0_13_we0               |   14|          3|    1|          3|
    |fb_0_14_address0          |   20|          4|    3|         12|
    |fb_0_14_ce0               |   20|          4|    1|          4|
    |fb_0_14_d0                |   14|          3|    8|         24|
    |fb_0_14_we0               |   14|          3|    1|          3|
    |fb_0_15_address0          |   20|          4|    3|         12|
    |fb_0_15_ce0               |   20|          4|    1|          4|
    |fb_0_15_d0                |   14|          3|    8|         24|
    |fb_0_15_we0               |   14|          3|    1|          3|
    |fb_0_16_address0          |   20|          4|    3|         12|
    |fb_0_16_ce0               |   20|          4|    1|          4|
    |fb_0_16_d0                |   14|          3|    8|         24|
    |fb_0_16_we0               |   14|          3|    1|          3|
    |fb_0_17_address0          |   20|          4|    3|         12|
    |fb_0_17_ce0               |   20|          4|    1|          4|
    |fb_0_17_d0                |   14|          3|    8|         24|
    |fb_0_17_we0               |   14|          3|    1|          3|
    |fb_0_1_address0           |   20|          4|    3|         12|
    |fb_0_1_ce0                |   20|          4|    1|          4|
    |fb_0_1_d0                 |   14|          3|    8|         24|
    |fb_0_1_we0                |   14|          3|    1|          3|
    |fb_0_2_address0           |   20|          4|    3|         12|
    |fb_0_2_ce0                |   20|          4|    1|          4|
    |fb_0_2_d0                 |   14|          3|    8|         24|
    |fb_0_2_we0                |   14|          3|    1|          3|
    |fb_0_3_address0           |   20|          4|    3|         12|
    |fb_0_3_ce0                |   20|          4|    1|          4|
    |fb_0_3_d0                 |   14|          3|    8|         24|
    |fb_0_3_we0                |   14|          3|    1|          3|
    |fb_0_4_address0           |   20|          4|    3|         12|
    |fb_0_4_ce0                |   20|          4|    1|          4|
    |fb_0_4_d0                 |   14|          3|    8|         24|
    |fb_0_4_we0                |   14|          3|    1|          3|
    |fb_0_5_address0           |   20|          4|    3|         12|
    |fb_0_5_ce0                |   20|          4|    1|          4|
    |fb_0_5_d0                 |   14|          3|    8|         24|
    |fb_0_5_we0                |   14|          3|    1|          3|
    |fb_0_6_address0           |   20|          4|    3|         12|
    |fb_0_6_ce0                |   20|          4|    1|          4|
    |fb_0_6_d0                 |   14|          3|    8|         24|
    |fb_0_6_we0                |   14|          3|    1|          3|
    |fb_0_7_address0           |   20|          4|    3|         12|
    |fb_0_7_ce0                |   20|          4|    1|          4|
    |fb_0_7_d0                 |   14|          3|    8|         24|
    |fb_0_7_we0                |   14|          3|    1|          3|
    |fb_0_8_address0           |   20|          4|    3|         12|
    |fb_0_8_ce0                |   20|          4|    1|          4|
    |fb_0_8_d0                 |   14|          3|    8|         24|
    |fb_0_8_we0                |   14|          3|    1|          3|
    |fb_0_9_address0           |   20|          4|    3|         12|
    |fb_0_9_ce0                |   20|          4|    1|          4|
    |fb_0_9_d0                 |   14|          3|    8|         24|
    |fb_0_9_we0                |   14|          3|    1|          3|
    |fb_0_address0             |   20|          4|    3|         12|
    |fb_0_ce0                  |   20|          4|    1|          4|
    |fb_0_d0                   |   14|          3|    8|         24|
    |fb_0_we0                  |   14|          3|    1|          3|
    |indvar_flatten32_reg_554  |    9|          2|    6|         12|
    |out_address0              |   43|          8|    4|         32|
    |out_address1              |   37|          7|    4|         28|
    |out_ce0                   |   14|          3|    1|          3|
    |out_we0                   |    9|          2|    1|          2|
    |real_start                |    9|          2|    1|          2|
    |s0_read                   |    9|          2|    1|          2|
    |s1_blk_n                  |    9|          2|    1|          2|
    |t_fu_146                  |    9|          2|    3|          6|
    |window_0_1_address0       |   37|          7|    4|         28|
    |window_0_1_address1       |   26|          5|    4|         20|
    |window_0_1_ce0            |   14|          3|    1|          3|
    |window_0_1_we0            |    9|          2|    1|          2|
    |window_0_2_address0       |   37|          7|    4|         28|
    |window_0_2_address1       |   26|          5|    4|         20|
    |window_0_2_ce0            |   14|          3|    1|          3|
    |window_0_2_we0            |    9|          2|    1|          2|
    |window_0_address0         |   37|          7|    4|         28|
    |window_0_address1         |   26|          5|    4|         20|
    |window_0_ce0              |   14|          3|    1|          3|
    |window_0_we0              |    9|          2|    1|          2|
    |x_reg_576                 |    9|          2|    3|          6|
    |y_reg_565                 |    9|          2|    3|          6|
    +--------------------------+-----+-----------+-----+-----------+
    |Total                     | 1764|        361|  294|       1058|
    +--------------------------+-----+-----------+-----+-----------+

    * Register: 
    +----------------------------------------------------------------------------------------------+----+----+-----+-----------+
    |                                             Name                                             | FF | LUT| Bits| Const Bits|
    +----------------------------------------------------------------------------------------------+----+----+-----+-----------+
    |add_ln43_reg_1141                                                                             |   3|   0|    3|          0|
    |add_ln62_1_reg_1167                                                                           |   6|   0|    6|          0|
    |add_ln64_reg_1183                                                                             |   3|   0|    3|          0|
    |ap_CS_fsm                                                                                     |  21|   0|   21|          0|
    |ap_done_reg                                                                                   |   1|   0|    1|          0|
    |cmp8_i_i_reg_1188                                                                             |   1|   0|    1|          0|
    |cmp9_i_i_2_reg_1193                                                                           |   1|   0|    1|          0|
    |empty_63_reg_1155                                                                             |   2|   0|    2|          0|
    |grp_conv3d_hidden_layer_1_Pipeline_OC_LOOP_fu_682_ap_start_reg                                |   1|   0|    1|          0|
    |grp_conv3d_hidden_layer_1_Pipeline_RESET_VITIS_LOOP_40_1_VITIS_LOOP_41_2_fu_587_ap_start_reg  |   1|   0|    1|          0|
    |grp_conv3d_hidden_layer_1_Pipeline_VITIS_LOOP_46_1_VITIS_LOOP_47_2_fu_627_ap_start_reg        |   1|   0|    1|          0|
    |grp_conv3d_hidden_layer_1_Pipeline_VITIS_LOOP_89_1_VITIS_LOOP_90_2_fu_652_ap_start_reg        |   1|   0|    1|          0|
    |indvar_flatten32_reg_554                                                                      |   6|   0|    6|          0|
    |out_load_1_reg_1338                                                                           |   8|   0|    8|          0|
    |out_load_2_reg_1343                                                                           |   8|   0|    8|          0|
    |out_load_3_reg_1348                                                                           |   8|   0|    8|          0|
    |out_load_4_reg_1353                                                                           |   8|   0|    8|          0|
    |out_load_5_reg_1358                                                                           |   8|   0|    8|          0|
    |out_load_6_reg_1363                                                                           |   8|   0|    8|          0|
    |out_load_7_reg_1368                                                                           |   8|   0|    8|          0|
    |out_load_8_reg_1373                                                                           |   8|   0|    8|          0|
    |out_load_9_reg_1378                                                                           |   8|   0|    8|          0|
    |out_load_reg_1333                                                                             |   8|   0|    8|          0|
    |select_ln62_1_reg_1177                                                                        |   3|   0|    3|          0|
    |select_ln62_reg_1172                                                                          |   3|   0|    3|          0|
    |start_once_reg                                                                                |   1|   0|    1|          0|
    |t_3_reg_1133                                                                                  |   3|   0|    3|          0|
    |t_fu_146                                                                                      |   3|   0|    3|          0|
    |tmp_reg_1160                                                                                  |   1|   0|    1|          0|
    |window_0_1_load_1_reg_1218                                                                    |   8|   0|    8|          0|
    |window_0_1_load_2_reg_1233                                                                    |   8|   0|    8|          0|
    |window_0_1_load_3_reg_1248                                                                    |   8|   0|    8|          0|
    |window_0_1_load_4_reg_1263                                                                    |   8|   0|    8|          0|
    |window_0_1_load_5_reg_1278                                                                    |   8|   0|    8|          0|
    |window_0_1_load_6_reg_1293                                                                    |   8|   0|    8|          0|
    |window_0_1_load_7_reg_1308                                                                    |   8|   0|    8|          0|
    |window_0_1_load_8_reg_1323                                                                    |   8|   0|    8|          0|
    |window_0_1_load_reg_1203                                                                      |   8|   0|    8|          0|
    |window_0_2_load_1_reg_1223                                                                    |   8|   0|    8|          0|
    |window_0_2_load_2_reg_1238                                                                    |   8|   0|    8|          0|
    |window_0_2_load_3_reg_1253                                                                    |   8|   0|    8|          0|
    |window_0_2_load_4_reg_1268                                                                    |   8|   0|    8|          0|
    |window_0_2_load_5_reg_1283                                                                    |   8|   0|    8|          0|
    |window_0_2_load_6_reg_1298                                                                    |   8|   0|    8|          0|
    |window_0_2_load_7_reg_1313                                                                    |   8|   0|    8|          0|
    |window_0_2_load_8_reg_1328                                                                    |   8|   0|    8|          0|
    |window_0_2_load_reg_1208                                                                      |   8|   0|    8|          0|
    |window_0_load_1_reg_1213                                                                      |   8|   0|    8|          0|
    |window_0_load_2_reg_1228                                                                      |   8|   0|    8|          0|
    |window_0_load_3_reg_1243                                                                      |   8|   0|    8|          0|
    |window_0_load_4_reg_1258                                                                      |   8|   0|    8|          0|
    |window_0_load_5_reg_1273                                                                      |   8|   0|    8|          0|
    |window_0_load_6_reg_1288                                                                      |   8|   0|    8|          0|
    |window_0_load_7_reg_1303                                                                      |   8|   0|    8|          0|
    |window_0_load_8_reg_1318                                                                      |   8|   0|    8|          0|
    |window_0_load_reg_1198                                                                        |   8|   0|    8|          0|
    |x_reg_576                                                                                     |   3|   0|    3|          0|
    |y_reg_565                                                                                     |   3|   0|    3|          0|
    |zext_ln43_reg_1146                                                                            |   3|   0|    4|          1|
    +----------------------------------------------------------------------------------------------+----+----+-----+-----------+
    |Total                                                                                         | 367|   0|  368|          1|
    +----------------------------------------------------------------------------------------------+----+----+-----+-----------+



================================================================
== Interface
================================================================
* Summary: 
+-------------------+-----+-----+------------+------------------------+--------------+
|     RTL Ports     | Dir | Bits|  Protocol  |      Source Object     |    C Type    |
+-------------------+-----+-----+------------+------------------------+--------------+
|ap_clk             |   in|    1|  ap_ctrl_hs|  conv3d_hidden_layer<1>|  return value|
|ap_rst             |   in|    1|  ap_ctrl_hs|  conv3d_hidden_layer<1>|  return value|
|ap_start           |   in|    1|  ap_ctrl_hs|  conv3d_hidden_layer<1>|  return value|
|start_full_n       |   in|    1|  ap_ctrl_hs|  conv3d_hidden_layer<1>|  return value|
|ap_done            |  out|    1|  ap_ctrl_hs|  conv3d_hidden_layer<1>|  return value|
|ap_continue        |   in|    1|  ap_ctrl_hs|  conv3d_hidden_layer<1>|  return value|
|ap_idle            |  out|    1|  ap_ctrl_hs|  conv3d_hidden_layer<1>|  return value|
|ap_ready           |  out|    1|  ap_ctrl_hs|  conv3d_hidden_layer<1>|  return value|
|start_out          |  out|    1|  ap_ctrl_hs|  conv3d_hidden_layer<1>|  return value|
|start_write        |  out|    1|  ap_ctrl_hs|  conv3d_hidden_layer<1>|  return value|
|s0_dout            |   in|   96|     ap_fifo|                      s0|       pointer|
|s0_num_data_valid  |   in|    4|     ap_fifo|                      s0|       pointer|
|s0_fifo_cap        |   in|    4|     ap_fifo|                      s0|       pointer|
|s0_empty_n         |   in|    1|     ap_fifo|                      s0|       pointer|
|s0_read            |  out|    1|     ap_fifo|                      s0|       pointer|
|s1_din             |  out|   96|     ap_fifo|                      s1|       pointer|
|s1_num_data_valid  |   in|    4|     ap_fifo|                      s1|       pointer|
|s1_fifo_cap        |   in|    4|     ap_fifo|                      s1|       pointer|
|s1_full_n          |   in|    1|     ap_fifo|                      s1|       pointer|
|s1_write           |  out|    1|     ap_fifo|                      s1|       pointer|
+-------------------+-----+-----+------------+------------------------+--------------+

