

================================================================
== Vitis HLS Report for 'conv3d_hidden_layer_1_Pipeline_VITIS_LOOP_46_1_VITIS_LOOP_47_2'
================================================================
* Date:           Thu Sep  3 17:10:50 2026

* Version:        2023.2 (Build 4023990 on Oct 11 2023)
* Project:        predecoder_csynth_proj
* Solution:       solution1 (Vitis Kernel Flow Target)
* Product family: virtexuplusHBM
* Target device:  xcu55c-fsvh2892-2L-e


================================================================
== Performance Estimates
================================================================
+ Timing: 
    * Summary: 
    +--------+---------+----------+------------+
    |  Clock |  Target | Estimated| Uncertainty|
    +--------+---------+----------+------------+
    |ap_clk  |  3.33 ns|  2.188 ns|     0.90 ns|
    +--------+---------+----------+------------+

+ Latency: 
    * Summary: 
    +---------+---------+----------+----------+-----+-----+---------+
    |  Latency (cycles) |  Latency (absolute) |  Interval | Pipeline|
    |   min   |   max   |    min   |    max   | min | max |   Type  |
    +---------+---------+----------+----------+-----+-----+---------+
    |       38|       38|  0.127 us|  0.127 us|   38|   38|       no|
    +---------+---------+----------+----------+-----+-----+---------+

    + Detail: 
        * Instance: 
        N/A

        * Loop: 
        +-----------------------------------+---------+---------+----------+-----------+-----------+------+----------+
        |                                   |  Latency (cycles) | Iteration|  Initiation Interval  | Trip |          |
        |             Loop Name             |   min   |   max   |  Latency |  achieved |   target  | Count| Pipelined|
        +-----------------------------------+---------+---------+----------+-----------+-----------+------+----------+
        |- VITIS_LOOP_46_1_VITIS_LOOP_47_2  |       36|       36|         2|          1|          1|    36|       yes|
        +-----------------------------------+---------+---------+----------+-----------+-----------+------+----------+



================================================================
== Utilization Estimates
================================================================
* Summary: 
+---------------------+---------+------+---------+---------+-----+
|         Name        | BRAM_18K|  DSP |    FF   |   LUT   | URAM|
+---------------------+---------+------+---------+---------+-----+
|DSP                  |        -|     -|        -|        -|    -|
|Expression           |        -|     -|        0|       66|    -|
|FIFO                 |        -|     -|        -|        -|    -|
|Instance             |        -|     -|        -|        -|    -|
|Memory               |        -|     -|        -|        -|    -|
|Multiplexer          |        -|     -|        -|       63|    -|
|Register             |        -|     -|       15|        -|    -|
+---------------------+---------+------+---------+---------+-----+
|Total                |        0|     0|       15|      129|    0|
+---------------------+---------+------+---------+---------+-----+
|Available SLR        |     1344|  3008|   869120|   434560|  320|
+---------------------+---------+------+---------+---------+-----+
|Utilization SLR (%)  |        0|     0|       ~0|       ~0|    0|
+---------------------+---------+------+---------+---------+-----+
|Available            |     4032|  9024|  2607360|  1303680|  960|
+---------------------+---------+------+---------+---------+-----+
|Utilization (%)      |        0|     0|       ~0|       ~0|    0|
+---------------------+---------+------+---------+---------+-----+

+ Detail: 
    * Instance: 
    N/A

    * DSP: 
    N/A

    * Memory: 
    N/A

    * FIFO: 
    N/A

    * Expression: 
    +---------------------------+----------+----+---+----+------------+------------+
    |       Variable Name       | Operation| DSP| FF| LUT| Bitwidth P0| Bitwidth P1|
    +---------------------------+----------+----+---+----+------------+------------+
    |add_ln46_1_fu_372_p2       |         +|   0|  0|  13|           6|           1|
    |add_ln46_fu_389_p2         |         +|   0|  0|  10|           3|           1|
    |add_ln47_fu_461_p2         |         +|   0|  0|  10|           3|           1|
    |ap_block_pp0_stage0_11001  |       and|   0|  0|   2|           1|           1|
    |icmp_ln46_fu_366_p2        |      icmp|   0|  0|  13|           6|           6|
    |icmp_ln47_fu_395_p2        |      icmp|   0|  0|  10|           3|           3|
    |select_ln46_1_fu_409_p3    |    select|   0|  0|   3|           1|           3|
    |select_ln46_fu_401_p3      |    select|   0|  0|   3|           1|           1|
    |ap_enable_pp0              |       xor|   0|  0|   2|           1|           2|
    +---------------------------+----------+----+---+----+------------+------------+
    |Total                      |          |   0|  0|  66|          25|          19|
    +---------------------------+----------+----+---+----+------------+------------+

    * Multiplexer: 
    +----------------------------------------+----+-----------+-----+-----------+
    |                  Name                  | LUT| Input Size| Bits| Total Bits|
    +----------------------------------------+----+-----------+-----+-----------+
    |ap_done_int                             |   9|          2|    1|          2|
    |ap_enable_reg_pp0_iter1                 |   9|          2|    1|          2|
    |ap_sig_allocacmp_indvar_flatten18_load  |   9|          2|    6|         12|
    |indvar_flatten18_fu_98                  |   9|          2|    6|         12|
    |s0_blk_n                                |   9|          2|    1|          2|
    |x_5_fu_90                               |   9|          2|    3|          6|
    |y_fu_94                                 |   9|          2|    3|          6|
    +----------------------------------------+----+-----------+-----+-----------+
    |Total                                   |  63|         14|   21|         42|
    +----------------------------------------+----+-----------+-----+-----------+

    * Register: 
    +-------------------------+---+----+-----+-----------+
    |           Name          | FF| LUT| Bits| Const Bits|
    +-------------------------+---+----+-----+-----------+
    |ap_CS_fsm                |  1|   0|    1|          0|
    |ap_done_reg              |  1|   0|    1|          0|
    |ap_enable_reg_pp0_iter1  |  1|   0|    1|          0|
    |indvar_flatten18_fu_98   |  6|   0|    6|          0|
    |x_5_fu_90                |  3|   0|    3|          0|
    |y_fu_94                  |  3|   0|    3|          0|
    +-------------------------+---+----+-----+-----------+
    |Total                    | 15|   0|   15|          0|
    +-------------------------+---+----+-----+-----------+



================================================================
== Interface
================================================================
* Summary: 
+-------------------+-----+-----+------------+-----------------------------------------------------------------+--------------+
|     RTL Ports     | Dir | Bits|  Protocol  |                          Source Object                          |    C Type    |
+-------------------+-----+-----+------------+-----------------------------------------------------------------+--------------+
|ap_clk             |   in|    1|  ap_ctrl_hs|  conv3d_hidden_layer<1>_Pipeline_VITIS_LOOP_46_1_VITIS_LOOP_47_2|  return value|
|ap_rst             |   in|    1|  ap_ctrl_hs|  conv3d_hidden_layer<1>_Pipeline_VITIS_LOOP_46_1_VITIS_LOOP_47_2|  return value|
|ap_start           |   in|    1|  ap_ctrl_hs|  conv3d_hidden_layer<1>_Pipeline_VITIS_LOOP_46_1_VITIS_LOOP_47_2|  return value|
|ap_done            |  out|    1|  ap_ctrl_hs|  conv3d_hidden_layer<1>_Pipeline_VITIS_LOOP_46_1_VITIS_LOOP_47_2|  return value|
|ap_idle            |  out|    1|  ap_ctrl_hs|  conv3d_hidden_layer<1>_Pipeline_VITIS_LOOP_46_1_VITIS_LOOP_47_2|  return value|
|ap_ready           |  out|    1|  ap_ctrl_hs|  conv3d_hidden_layer<1>_Pipeline_VITIS_LOOP_46_1_VITIS_LOOP_47_2|  return value|
|s0_dout            |   in|   96|     ap_fifo|                                                               s0|       pointer|
|s0_num_data_valid  |   in|    4|     ap_fifo|                                                               s0|       pointer|
|s0_fifo_cap        |   in|    4|     ap_fifo|                                                               s0|       pointer|
|s0_empty_n         |   in|    1|     ap_fifo|                                                               s0|       pointer|
|s0_read            |  out|    1|     ap_fifo|                                                               s0|       pointer|
|fb_0_address0      |  out|    3|   ap_memory|                                                             fb_0|         array|
|fb_0_ce0           |  out|    1|   ap_memory|                                                             fb_0|         array|
|fb_0_we0           |  out|    1|   ap_memory|                                                             fb_0|         array|
|fb_0_d0            |  out|    8|   ap_memory|                                                             fb_0|         array|
|fb_0_1_address0    |  out|    3|   ap_memory|                                                           fb_0_1|         array|
|fb_0_1_ce0         |  out|    1|   ap_memory|                                                           fb_0_1|         array|
|fb_0_1_we0         |  out|    1|   ap_memory|                                                           fb_0_1|         array|
|fb_0_1_d0          |  out|    8|   ap_memory|                                                           fb_0_1|         array|
|fb_0_2_address0    |  out|    3|   ap_memory|                                                           fb_0_2|         array|
|fb_0_2_ce0         |  out|    1|   ap_memory|                                                           fb_0_2|         array|
|fb_0_2_we0         |  out|    1|   ap_memory|                                                           fb_0_2|         array|
|fb_0_2_d0          |  out|    8|   ap_memory|                                                           fb_0_2|         array|
|fb_0_3_address0    |  out|    3|   ap_memory|                                                           fb_0_3|         array|
|fb_0_3_ce0         |  out|    1|   ap_memory|                                                           fb_0_3|         array|
|fb_0_3_we0         |  out|    1|   ap_memory|                                                           fb_0_3|         array|
|fb_0_3_d0          |  out|    8|   ap_memory|                                                           fb_0_3|         array|
|fb_0_4_address0    |  out|    3|   ap_memory|                                                           fb_0_4|         array|
|fb_0_4_ce0         |  out|    1|   ap_memory|                                                           fb_0_4|         array|
|fb_0_4_we0         |  out|    1|   ap_memory|                                                           fb_0_4|         array|
|fb_0_4_d0          |  out|    8|   ap_memory|                                                           fb_0_4|         array|
|fb_0_5_address0    |  out|    3|   ap_memory|                                                           fb_0_5|         array|
|fb_0_5_ce0         |  out|    1|   ap_memory|                                                           fb_0_5|         array|
|fb_0_5_we0         |  out|    1|   ap_memory|                                                           fb_0_5|         array|
|fb_0_5_d0          |  out|    8|   ap_memory|                                                           fb_0_5|         array|
|fb_0_6_address0    |  out|    3|   ap_memory|                                                           fb_0_6|         array|
|fb_0_6_ce0         |  out|    1|   ap_memory|                                                           fb_0_6|         array|
|fb_0_6_we0         |  out|    1|   ap_memory|                                                           fb_0_6|         array|
|fb_0_6_d0          |  out|    8|   ap_memory|                                                           fb_0_6|         array|
|fb_0_7_address0    |  out|    3|   ap_memory|                                                           fb_0_7|         array|
|fb_0_7_ce0         |  out|    1|   ap_memory|                                                           fb_0_7|         array|
|fb_0_7_we0         |  out|    1|   ap_memory|                                                           fb_0_7|         array|
|fb_0_7_d0          |  out|    8|   ap_memory|                                                           fb_0_7|         array|
|fb_0_8_address0    |  out|    3|   ap_memory|                                                           fb_0_8|         array|
|fb_0_8_ce0         |  out|    1|   ap_memory|                                                           fb_0_8|         array|
|fb_0_8_we0         |  out|    1|   ap_memory|                                                           fb_0_8|         array|
|fb_0_8_d0          |  out|    8|   ap_memory|                                                           fb_0_8|         array|
|fb_0_9_address0    |  out|    3|   ap_memory|                                                           fb_0_9|         array|
|fb_0_9_ce0         |  out|    1|   ap_memory|                                                           fb_0_9|         array|
|fb_0_9_we0         |  out|    1|   ap_memory|                                                           fb_0_9|         array|
|fb_0_9_d0          |  out|    8|   ap_memory|                                                           fb_0_9|         array|
|fb_0_10_address0   |  out|    3|   ap_memory|                                                          fb_0_10|         array|
|fb_0_10_ce0        |  out|    1|   ap_memory|                                                          fb_0_10|         array|
|fb_0_10_we0        |  out|    1|   ap_memory|                                                          fb_0_10|         array|
|fb_0_10_d0         |  out|    8|   ap_memory|                                                          fb_0_10|         array|
|fb_0_11_address0   |  out|    3|   ap_memory|                                                          fb_0_11|         array|
|fb_0_11_ce0        |  out|    1|   ap_memory|                                                          fb_0_11|         array|
|fb_0_11_we0        |  out|    1|   ap_memory|                                                          fb_0_11|         array|
|fb_0_11_d0         |  out|    8|   ap_memory|                                                          fb_0_11|         array|
|fb_0_12_address0   |  out|    3|   ap_memory|                                                          fb_0_12|         array|
|fb_0_12_ce0        |  out|    1|   ap_memory|                                                          fb_0_12|         array|
|fb_0_12_we0        |  out|    1|   ap_memory|                                                          fb_0_12|         array|
|fb_0_12_d0         |  out|    8|   ap_memory|                                                          fb_0_12|         array|
|fb_0_13_address0   |  out|    3|   ap_memory|                                                          fb_0_13|         array|
|fb_0_13_ce0        |  out|    1|   ap_memory|                                                          fb_0_13|         array|
|fb_0_13_we0        |  out|    1|   ap_memory|                                                          fb_0_13|         array|
|fb_0_13_d0         |  out|    8|   ap_memory|                                                          fb_0_13|         array|
|fb_0_14_address0   |  out|    3|   ap_memory|                                                          fb_0_14|         array|
|fb_0_14_ce0        |  out|    1|   ap_memory|                                                          fb_0_14|         array|
|fb_0_14_we0        |  out|    1|   ap_memory|                                                          fb_0_14|         array|
|fb_0_14_d0         |  out|    8|   ap_memory|                                                          fb_0_14|         array|
|fb_0_15_address0   |  out|    3|   ap_memory|                                                          fb_0_15|         array|
|fb_0_15_ce0        |  out|    1|   ap_memory|                                                          fb_0_15|         array|
|fb_0_15_we0        |  out|    1|   ap_memory|                                                          fb_0_15|         array|
|fb_0_15_d0         |  out|    8|   ap_memory|                                                          fb_0_15|         array|
|fb_0_16_address0   |  out|    3|   ap_memory|                                                          fb_0_16|         array|
|fb_0_16_ce0        |  out|    1|   ap_memory|                                                          fb_0_16|         array|
|fb_0_16_we0        |  out|    1|   ap_memory|                                                          fb_0_16|         array|
|fb_0_16_d0         |  out|    8|   ap_memory|                                                          fb_0_16|         array|
|fb_0_17_address0   |  out|    3|   ap_memory|                                                          fb_0_17|         array|
|fb_0_17_ce0        |  out|    1|   ap_memory|                                                          fb_0_17|         array|
|fb_0_17_we0        |  out|    1|   ap_memory|                                                          fb_0_17|         array|
|fb_0_17_d0         |  out|    8|   ap_memory|                                                          fb_0_17|         array|
|empty              |   in|    2|     ap_none|                                                            empty|        scalar|
+-------------------+-----+-----+------------+-----------------------------------------------------------------+--------------+

