

================================================================
== Vitis HLS Report for 'conv1x1_output_layer'
================================================================
* Date:           Thu Sep  3 17:10:58 2026

* Version:        2023.2 (Build 4023990 on Oct 11 2023)
* Project:        predecoder_csynth_proj
* Solution:       solution1 (Vitis Kernel Flow Target)
* Product family: virtexuplusHBM
* Target device:  xcu55c-fsvh2892-2L-e


================================================================
== Performance Estimates
================================================================
+ Timing: 
    * Summary: 
    +--------+---------+----------+------------+
    |  Clock |  Target | Estimated| Uncertainty|
    +--------+---------+----------+------------+
    |ap_clk  |  3.33 ns|  2.305 ns|     0.90 ns|
    +--------+---------+----------+------------+

+ Latency: 
    * Summary: 
    +---------+---------+----------+----------+-----+-----+---------+
    |  Latency (cycles) |  Latency (absolute) |  Interval | Pipeline|
    |   min   |   max   |    min   |    max   | min | max |   Type  |
    +---------+---------+----------+----------+-----+-----+---------+
    |      225|      225|  0.749 us|  0.749 us|  225|  225|       no|
    +---------+---------+----------+----------+-----+-----+---------+

    + Detail: 
        * Instance: 
        N/A

        * Loop: 
        +------------+---------+---------+----------+-----------+-----------+------+----------+
        |            |  Latency (cycles) | Iteration|  Initiation Interval  | Trip |          |
        |  Loop Name |   min   |   max   |  Latency |  achieved |   target  | Count| Pipelined|
        +------------+---------+---------+----------+-----------+-----------+------+----------+
        |- OUT_LOOP  |      223|      223|         9|          1|          1|   216|       yes|
        +------------+---------+---------+----------+-----------+-----------+------+----------+



================================================================
== Utilization Estimates
================================================================
* Summary: 
+---------------------+---------+------+---------+---------+-----+
|         Name        | BRAM_18K|  DSP |    FF   |   LUT   | URAM|
+---------------------+---------+------+---------+---------+-----+
|DSP                  |        -|    12|        -|        -|    -|
|Expression           |        -|     -|        0|      953|    -|
|FIFO                 |        -|     -|        -|        -|    -|
|Instance             |        -|     0|        0|       40|    -|
|Memory               |        -|     -|        -|        -|    -|
|Multiplexer          |        -|     -|        -|       63|    -|
|Register             |        -|     -|     1013|      320|    -|
+---------------------+---------+------+---------+---------+-----+
|Total                |        0|    12|     1013|     1376|    0|
+---------------------+---------+------+---------+---------+-----+
|Available SLR        |     1344|  3008|   869120|   434560|  320|
+---------------------+---------+------+---------+---------+-----+
|Utilization SLR (%)  |        0|    ~0|       ~0|       ~0|    0|
+---------------------+---------+------+---------+---------+-----+
|Available            |     4032|  9024|  2607360|  1303680|  960|
+---------------------+---------+------+---------+---------+-----+
|Utilization (%)      |        0|    ~0|       ~0|       ~0|    0|
+---------------------+---------+------+---------+---------+-----+

+ Detail: 
    * Instance: 
    +-------------------------+-------------------+---------+----+---+----+-----+
    |         Instance        |       Module      | BRAM_18K| DSP| FF| LUT| URAM|
    +-------------------------+-------------------+---------+----+---+----+-----+
    |mul_8ns_8s_16_1_1_U2120  |mul_8ns_8s_16_1_1  |        0|   0|  0|  40|    0|
    +-------------------------+-------------------+---------+----+---+----+-----+
    |Total                    |                   |        0|   0|  0|  40|    0|
    +-------------------------+-------------------+---------+----+---+----+-----+

    * DSP: 
    +--------------------------------------+--------------------------------+--------------+
    |               Instance               |             Module             |  Expression  |
    +--------------------------------------+--------------------------------+--------------+
    |mac_muladd_8ns_5ns_13s_14_4_1_U2127   |mac_muladd_8ns_5ns_13s_14_4_1   |  i0 + i1 * i2|
    |mac_muladd_8ns_6ns_16ns_16_4_1_U2124  |mac_muladd_8ns_6ns_16ns_16_4_1  |  i0 + i1 * i2|
    |mac_muladd_8ns_6s_15s_16_4_1_U2125    |mac_muladd_8ns_6s_15s_16_4_1    |  i0 + i1 * i2|
    |mac_muladd_8ns_6s_16s_16_4_1_U2121    |mac_muladd_8ns_6s_16s_16_4_1    |  i0 + i1 * i2|
    |mac_muladd_8ns_6s_16s_16_4_1_U2130    |mac_muladd_8ns_6s_16s_16_4_1    |  i0 + i1 * i2|
    |mac_muladd_8ns_7ns_18ns_18_4_1_U2128  |mac_muladd_8ns_7ns_18ns_18_4_1  |  i0 + i1 * i2|
    |mac_muladd_8ns_7s_11s_15_4_1_U2122    |mac_muladd_8ns_7s_11s_15_4_1    |  i0 * i1 + i2|
    |mac_muladd_8ns_7s_14s_16_4_1_U2132    |mac_muladd_8ns_7s_14s_16_4_1    |  i0 * i1 + i2|
    |mac_muladd_8ns_8s_13ns_16_4_1_U2123   |mac_muladd_8ns_8s_13ns_16_4_1   |  i0 + i1 * i2|
    |mac_muladd_8ns_8s_14s_16_4_1_U2126    |mac_muladd_8ns_8s_14s_16_4_1    |  i0 * i1 + i2|
    |mac_muladd_8ns_8s_16s_17_4_1_U2129    |mac_muladd_8ns_8s_16s_17_4_1    |  i0 + i1 * i2|
    |mac_muladd_8ns_8s_18s_19_4_1_U2131    |mac_muladd_8ns_8s_18s_19_4_1    |  i0 + i1 * i2|
    +--------------------------------------+--------------------------------+--------------+

    * Memory: 
    N/A

    * FIFO: 
    N/A

    * Expression: 
    +---------------------------+----------+----+---+----+------------+------------+
    |       Variable Name       | Operation| DSP| FF| LUT| Bitwidth P0| Bitwidth P1|
    +---------------------------+----------+----+---+----+------------+------------+
    |acc_10_fu_1102_p2          |         +|   0|  0|  18|          18|          18|
    |acc_11_fu_1111_p2          |         +|   0|  0|  26|          19|          19|
    |acc_9_fu_950_p2            |         +|   0|  0|  18|          18|          18|
    |add_ln142_fu_378_p2        |         +|   0|  0|  17|          13|          13|
    |add_ln144_11_fu_564_p2     |         +|   0|  0|  17|          13|          11|
    |add_ln144_12_fu_574_p2     |         +|   0|  0|  22|          15|          15|
    |add_ln144_13_fu_584_p2     |         +|   0|  0|  23|          16|          16|
    |add_ln144_15_fu_1084_p2    |         +|   0|  0|  25|          18|          18|
    |add_ln144_17_fu_1093_p2    |         +|   0|  0|  18|          18|          18|
    |add_ln144_19_fu_1008_p2    |         +|   0|  0|  19|          12|          12|
    |add_ln144_20_fu_1018_p2    |         +|   0|  0|  21|          14|          14|
    |add_ln144_23_fu_717_p2     |         +|   0|  0|  22|          15|          15|
    |add_ln144_24_fu_726_p2     |         +|   0|  0|  16|          16|          16|
    |add_ln144_25_fu_872_p2     |         +|   0|  0|  17|          17|          17|
    |add_ln144_26_fu_878_p2     |         +|   0|  0|  17|          17|          17|
    |add_ln144_28_fu_891_p2     |         +|   0|  0|  18|          18|          18|
    |add_ln144_3_fu_799_p2      |         +|   0|  0|  17|          17|          17|
    |add_ln144_4_fu_805_p2      |         +|   0|  0|  20|          13|          13|
    |add_ln144_5_fu_815_p2      |         +|   0|  0|  21|          14|          14|
    |add_ln144_6_fu_825_p2      |         +|   0|  0|  17|          17|          17|
    |add_ln144_8_fu_938_p2      |         +|   0|  0|  25|          18|          18|
    |add_ln144_fu_494_p2        |         +|   0|  0|  17|          13|          11|
    |i_2_fu_183_p2              |         +|   0|  0|  15|           8|           1|
    |grp_fu_1175_p2             |         -|   0|  0|  23|          16|          16|
    |grp_fu_1211_p2             |         -|   0|  0|  18|          18|          18|
    |grp_fu_1229_p2             |         -|   0|  0|  23|          16|          16|
    |sub_ln142_10_fu_621_p2     |         -|   0|  0|  16|          16|          16|
    |sub_ln142_11_fu_350_p2     |         -|   0|  0|  18|           1|          11|
    |sub_ln142_12_fu_630_p2     |         -|   0|  0|  19|          12|          12|
    |sub_ln142_13_fu_662_p2     |         -|   0|  0|  19|          12|          12|
    |sub_ln142_14_fu_707_p2     |         -|   0|  0|  22|          15|          15|
    |sub_ln142_15_fu_1023_p2    |         -|   0|  0|  20|           1|          13|
    |sub_ln142_16_fu_1044_p2    |         -|   0|  0|  21|          14|          14|
    |sub_ln142_18_fu_1071_p2    |         -|   0|  0|  23|          16|          16|
    |sub_ln142_19_fu_842_p2     |         -|   0|  0|  20|          13|          13|
    |sub_ln142_1_fu_768_p2      |         -|   0|  0|  20|          13|          13|
    |sub_ln142_20_fu_679_p2     |         -|   0|  0|  23|          16|          16|
    |sub_ln142_2_fu_452_p2      |         -|   0|  0|  18|          11|          11|
    |sub_ln142_3_fu_475_p2      |         -|   0|  0|  20|           1|          13|
    |sub_ln142_4_fu_485_p2      |         -|   0|  0|  21|          14|          14|
    |sub_ln142_5_fu_526_p2      |         -|   0|  0|  17|          13|          13|
    |sub_ln142_6_fu_554_p2      |         -|   0|  0|  21|          14|          14|
    |sub_ln142_7_fu_978_p2      |         -|   0|  0|  22|           1|          15|
    |sub_ln142_9_fu_600_p2      |         -|   0|  0|  22|           1|          15|
    |sub_ln142_fu_432_p2        |         -|   0|  0|  19|          12|          12|
    |sub_ln144_1_fu_944_p2      |         -|   0|  0|  18|          18|          18|
    |sub_ln144_fu_787_p2        |         -|   0|  0|  23|          16|          16|
    |ap_condition_281           |       and|   0|  0|   2|           1|           1|
    |icmp_ln131_fu_177_p2       |      icmp|   0|  0|  15|           8|           7|
    |ap_block_pp0_stage0_01001  |        or|   0|  0|   2|           1|           1|
    |ap_enable_pp0              |       xor|   0|  0|   2|           1|           2|
    +---------------------------+----------+----+---+----+------------+------------+
    |Total                      |          |   0|  0| 953|         648|         699|
    +---------------------------+----------+----+---+----+------------+------------+

    * Multiplexer: 
    +-------------------------+----+-----------+-----+-----------+
    |           Name          | LUT| Input Size| Bits| Total Bits|
    +-------------------------+----+-----------+-----+-----------+
    |ap_done_int              |   9|          2|    1|          2|
    |ap_enable_reg_pp0_iter1  |   9|          2|    1|          2|
    |ap_sig_allocacmp_i_1     |   9|          2|    8|         16|
    |i_fu_152                 |   9|          2|    8|         16|
    |real_start               |   9|          2|    1|          2|
    |s2_blk_n                 |   9|          2|    1|          2|
    |s3_blk_n                 |   9|          2|    1|          2|
    +-------------------------+----+-----------+-----+-----------+
    |Total                    |  63|         14|   21|         42|
    +-------------------------+----+-----------+-----+-----------+

    * Register: 
    +-------------------------------------+----+----+-----+-----------+
    |                 Name                | FF | LUT| Bits| Const Bits|
    +-------------------------------------+----+----+-----+-----------+
    |a_reg_1267                           |   8|   0|    8|          0|
    |acc_10_reg_1533                      |  18|   0|   18|          0|
    |acc_11_reg_1538                      |  19|   0|   19|          0|
    |acc_9_reg_1503                       |  18|   0|   18|          0|
    |acc_9_reg_1503_pp0_iter7_reg         |  18|   0|   18|          0|
    |add_ln144_13_reg_1458                |  16|   0|   16|          0|
    |add_ln144_13_reg_1458_pp0_iter5_reg  |  16|   0|   16|          0|
    |add_ln144_20_reg_1518                |  14|   0|   14|          0|
    |add_ln144_24_reg_1478                |  16|   0|   16|          0|
    |add_ln144_6_reg_1488                 |  17|   0|   17|          0|
    |ap_CS_fsm                            |   1|   0|    1|          0|
    |ap_done_reg                          |   1|   0|    1|          0|
    |ap_enable_reg_pp0_iter1              |   1|   0|    1|          0|
    |ap_enable_reg_pp0_iter2              |   1|   0|    1|          0|
    |ap_enable_reg_pp0_iter3              |   1|   0|    1|          0|
    |ap_enable_reg_pp0_iter4              |   1|   0|    1|          0|
    |ap_enable_reg_pp0_iter5              |   1|   0|    1|          0|
    |ap_enable_reg_pp0_iter6              |   1|   0|    1|          0|
    |ap_enable_reg_pp0_iter7              |   1|   0|    1|          0|
    |ap_enable_reg_pp0_iter8              |   1|   0|    1|          0|
    |ap_loop_exit_ready_pp0_iter1_reg     |   1|   0|    1|          0|
    |ap_loop_exit_ready_pp0_iter2_reg     |   1|   0|    1|          0|
    |ap_loop_exit_ready_pp0_iter3_reg     |   1|   0|    1|          0|
    |ap_loop_exit_ready_pp0_iter4_reg     |   1|   0|    1|          0|
    |ap_loop_exit_ready_pp0_iter5_reg     |   1|   0|    1|          0|
    |ap_loop_exit_ready_pp0_iter6_reg     |   1|   0|    1|          0|
    |ap_loop_exit_ready_pp0_iter7_reg     |   1|   0|    1|          0|
    |i_fu_152                             |   8|   0|    8|          0|
    |start_once_reg                       |   1|   0|    1|          0|
    |sub_ln142_11_reg_1407                |   9|   0|   11|          2|
    |sub_ln142_13_reg_1463                |  11|   0|   12|          1|
    |sub_ln142_20_reg_1468                |  16|   0|   16|          0|
    |sub_ln142_2_reg_1427                 |  11|   0|   11|          0|
    |sub_ln142_2_reg_1427_pp0_iter5_reg   |  11|   0|   11|          0|
    |sub_ln142_4_reg_1443                 |  14|   0|   14|          0|
    |sub_ln142_reg_1422                   |  11|   0|   12|          1|
    |tmp_10_reg_1290                      |   8|   0|    8|          0|
    |tmp_12_reg_1299                      |   8|   0|    8|          0|
    |tmp_14_reg_1309                      |   8|   0|    8|          0|
    |tmp_17_reg_1317                      |   8|   0|    8|          0|
    |tmp_21_reg_1326                      |   8|   0|    8|          0|
    |tmp_23_reg_1334                      |   8|   0|    8|          0|
    |tmp_25_reg_1342                      |   8|   0|    8|          0|
    |tmp_25_reg_1342_pp0_iter2_reg        |   8|   0|    8|          0|
    |tmp_28_reg_1349                      |   8|   0|    8|          0|
    |tmp_31_reg_1356                      |   8|   0|    8|          0|
    |tmp_32_reg_1363                      |   8|   0|    8|          0|
    |tmp_reg_1277                         |   8|   0|    8|          0|
    |zext_ln142_1_reg_1371                |   8|   0|   16|          8|
    |tmp_10_reg_1290                      |  64|  32|    8|          0|
    |tmp_12_reg_1299                      |  64|  32|    8|          0|
    |tmp_14_reg_1309                      |  64|  32|    8|          0|
    |tmp_17_reg_1317                      |  64|  32|    8|          0|
    |tmp_21_reg_1326                      |  64|  32|    8|          0|
    |tmp_23_reg_1334                      |  64|  32|    8|          0|
    |tmp_28_reg_1349                      |  64|  32|    8|          0|
    |tmp_31_reg_1356                      |  64|  32|    8|          0|
    |tmp_32_reg_1363                      |  64|  32|    8|          0|
    |tmp_reg_1277                         |  64|  32|    8|          0|
    +-------------------------------------+----+----+-----+-----------+
    |Total                                |1013| 320|  465|         12|
    +-------------------------------------+----+----+-----+-----------+



================================================================
== Interface
================================================================
* Summary: 
+-------------------+-----+-----+------------+----------------------+--------------+
|     RTL Ports     | Dir | Bits|  Protocol  |     Source Object    |    C Type    |
+-------------------+-----+-----+------------+----------------------+--------------+
|ap_clk             |   in|    1|  ap_ctrl_hs|  conv1x1_output_layer|  return value|
|ap_rst             |   in|    1|  ap_ctrl_hs|  conv1x1_output_layer|  return value|
|ap_start           |   in|    1|  ap_ctrl_hs|  conv1x1_output_layer|  return value|
|start_full_n       |   in|    1|  ap_ctrl_hs|  conv1x1_output_layer|  return value|
|ap_done            |  out|    1|  ap_ctrl_hs|  conv1x1_output_layer|  return value|
|ap_continue        |   in|    1|  ap_ctrl_hs|  conv1x1_output_layer|  return value|
|ap_idle            |  out|    1|  ap_ctrl_hs|  conv1x1_output_layer|  return value|
|ap_ready           |  out|    1|  ap_ctrl_hs|  conv1x1_output_layer|  return value|
|start_out          |  out|    1|  ap_ctrl_hs|  conv1x1_output_layer|  return value|
|start_write        |  out|    1|  ap_ctrl_hs|  conv1x1_output_layer|  return value|
|s2_dout            |   in|   96|     ap_fifo|                    s2|       pointer|
|s2_num_data_valid  |   in|    4|     ap_fifo|                    s2|       pointer|
|s2_fifo_cap        |   in|    4|     ap_fifo|                    s2|       pointer|
|s2_empty_n         |   in|    1|     ap_fifo|                    s2|       pointer|
|s2_read            |  out|    1|     ap_fifo|                    s2|       pointer|
|s3_din             |  out|  448|     ap_fifo|                    s3|       pointer|
|s3_num_data_valid  |   in|    4|     ap_fifo|                    s3|       pointer|
|s3_fifo_cap        |   in|    4|     ap_fifo|                    s3|       pointer|
|s3_full_n          |   in|    1|     ap_fifo|                    s3|       pointer|
|s3_write           |  out|    1|     ap_fifo|                    s3|       pointer|
+-------------------+-----+-----+------------+----------------------+--------------+

