

================================================================
== Vitis HLS Report for 'conv3d_hidden_layer_12_Pipeline_SUM_PARTIAL_VITIS_LOOP_109_9'
================================================================
* Date:           Thu Sep  3 17:10:57 2026

* Version:        2023.2 (Build 4023990 on Oct 11 2023)
* Project:        predecoder_csynth_proj
* Solution:       solution1 (Vitis Kernel Flow Target)
* Product family: virtexuplusHBM
* Target device:  xcu55c-fsvh2892-2L-e


================================================================
== Performance Estimates
================================================================
+ Timing: 
    * Summary: 
    +--------+---------+----------+------------+
    |  Clock |  Target | Estimated| Uncertainty|
    +--------+---------+----------+------------+
    |ap_clk  |  3.33 ns|  2.749 ns|     0.90 ns|
    +--------+---------+----------+------------+

+ Latency: 
    * Summary: 
    +---------+---------+-----------+-----------+-----+-----+---------+
    |  Latency (cycles) |   Latency (absolute)  |  Interval | Pipeline|
    |   min   |   max   |    min    |    max    | min | max |   Type  |
    +---------+---------+-----------+-----------+-----+-----+---------+
    |       11|       11|  36.630 ns|  36.630 ns|   11|   11|       no|
    +---------+---------+-----------+-----------+-----+-----+---------+

    + Detail: 
        * Instance: 
        N/A

        * Loop: 
        +--------------------------------+---------+---------+----------+-----------+-----------+------+----------+
        |                                |  Latency (cycles) | Iteration|  Initiation Interval  | Trip |          |
        |            Loop Name           |   min   |   max   |  Latency |  achieved |   target  | Count| Pipelined|
        +--------------------------------+---------+---------+----------+-----------+-----------+------+----------+
        |- SUM_PARTIAL_VITIS_LOOP_109_9  |        9|        9|         2|          1|          1|     9|       yes|
        +--------------------------------+---------+---------+----------+-----------+-----------+------+----------+



================================================================
== Utilization Estimates
================================================================
* Summary: 
+---------------------+---------+------+---------+---------+-----+
|         Name        | BRAM_18K|  DSP |    FF   |   LUT   | URAM|
+---------------------+---------+------+---------+---------+-----+
|DSP                  |        -|     -|        -|        -|    -|
|Expression           |        -|     -|        0|      146|    -|
|FIFO                 |        -|     -|        -|        -|    -|
|Instance             |        -|     -|        0|      168|    -|
|Memory               |        -|     -|        -|        -|    -|
|Multiplexer          |        -|     -|        -|       81|    -|
|Register             |        -|     -|       77|        -|    -|
+---------------------+---------+------+---------+---------+-----+
|Total                |        0|     0|       77|      395|    0|
+---------------------+---------+------+---------+---------+-----+
|Available SLR        |     1344|  3008|   869120|   434560|  320|
+---------------------+---------+------+---------+---------+-----+
|Utilization SLR (%)  |        0|     0|       ~0|       ~0|    0|
+---------------------+---------+------+---------+---------+-----+
|Available            |     4032|  9024|  2607360|  1303680|  960|
+---------------------+---------+------+---------+---------+-----+
|Utilization (%)      |        0|     0|       ~0|       ~0|    0|
+---------------------+---------+------+---------+---------+-----+

+ Detail: 
    * Instance: 
    +----------------------------+----------------------+---------+----+---+----+-----+
    |          Instance          |        Module        | BRAM_18K| DSP| FF| LUT| URAM|
    +----------------------------+----------------------+---------+----+---+----+-----+
    |sparsemux_7_2_20_1_1_U2071  |sparsemux_7_2_20_1_1  |        0|   0|  0|  14|    0|
    |sparsemux_7_2_20_1_1_U2072  |sparsemux_7_2_20_1_1  |        0|   0|  0|  14|    0|
    |sparsemux_7_2_20_1_1_U2073  |sparsemux_7_2_20_1_1  |        0|   0|  0|  14|    0|
    |sparsemux_7_2_20_1_1_U2074  |sparsemux_7_2_20_1_1  |        0|   0|  0|  14|    0|
    |sparsemux_7_2_20_1_1_U2075  |sparsemux_7_2_20_1_1  |        0|   0|  0|  14|    0|
    |sparsemux_7_2_20_1_1_U2076  |sparsemux_7_2_20_1_1  |        0|   0|  0|  14|    0|
    |sparsemux_7_2_20_1_1_U2077  |sparsemux_7_2_20_1_1  |        0|   0|  0|  14|    0|
    |sparsemux_7_2_20_1_1_U2078  |sparsemux_7_2_20_1_1  |        0|   0|  0|  14|    0|
    |sparsemux_7_2_20_1_1_U2079  |sparsemux_7_2_20_1_1  |        0|   0|  0|  14|    0|
    |sparsemux_7_2_20_1_1_U2080  |sparsemux_7_2_20_1_1  |        0|   0|  0|  14|    0|
    |sparsemux_7_2_20_1_1_U2081  |sparsemux_7_2_20_1_1  |        0|   0|  0|  14|    0|
    |sparsemux_7_2_20_1_1_U2082  |sparsemux_7_2_20_1_1  |        0|   0|  0|  14|    0|
    +----------------------------+----------------------+---------+----+---+----+-----+
    |Total                       |                      |        0|   0|  0| 168|    0|
    +----------------------------+----------------------+---------+----+---+----+-----+

    * DSP: 
    N/A

    * Memory: 
    N/A

    * FIFO: 
    N/A

    * Expression: 
    +------------------------+----------+----+---+----+------------+------------+
    |      Variable Name     | Operation| DSP| FF| LUT| Bitwidth P0| Bitwidth P1|
    +------------------------+----------+----+---+----+------------+------------+
    |acc_3_fu_658_p2         |         +|   0|  0|  32|          25|          25|
    |add_ln108_1_fu_324_p2   |         +|   0|  0|  12|           4|           1|
    |add_ln108_fu_336_p2     |         +|   0|  0|   9|           2|           1|
    |add_ln109_fu_618_p2     |         +|   0|  0|   9|           2|           1|
    |add_ln112_27_fu_648_p2  |         +|   0|  0|  29|          22|          22|
    |add_ln112_fu_612_p2     |         +|   0|  0|  28|          21|          21|
    |icmp_ln108_fu_318_p2    |      icmp|   0|  0|  12|           4|           4|
    |icmp_ln109_fu_342_p2    |      icmp|   0|  0|   9|           2|           2|
    |select_ln106_fu_348_p3  |    select|   0|  0|   2|           1|           1|
    |select_ln108_fu_356_p3  |    select|   0|  0|   2|           1|           2|
    |ap_enable_pp0           |       xor|   0|  0|   2|           1|           2|
    +------------------------+----------+----+---+----+------------+------------+
    |Total                   |          |   0|  0| 146|          85|          82|
    +------------------------+----------+----+---+----+------------+------------+

    * Multiplexer: 
    +----------------------------------------+----+-----------+-----+-----------+
    |                  Name                  | LUT| Input Size| Bits| Total Bits|
    +----------------------------------------+----+-----------+-----+-----------+
    |acc_fu_100                              |   9|          2|   25|         50|
    |ap_done_int                             |   9|          2|    1|          2|
    |ap_enable_reg_pp0_iter1                 |   9|          2|    1|          2|
    |ap_sig_allocacmp_dy_load                |   9|          2|    2|          4|
    |ap_sig_allocacmp_dz_load                |   9|          2|    2|          4|
    |ap_sig_allocacmp_indvar_flatten54_load  |   9|          2|    4|          8|
    |dy_fu_104                               |   9|          2|    2|          4|
    |dz_fu_108                               |   9|          2|    2|          4|
    |indvar_flatten54_fu_112                 |   9|          2|    4|          8|
    +----------------------------------------+----+-----------+-----+-----------+
    |Total                                   |  81|         18|   43|         86|
    +----------------------------------------+----+-----------+-----+-----------+

    * Register: 
    +-------------------------+----+----+-----+-----------+
    |           Name          | FF | LUT| Bits| Const Bits|
    +-------------------------+----+----+-----+-----------+
    |acc_fu_100               |  25|   0|   25|          0|
    |add_ln112_reg_710        |  21|   0|   21|          0|
    |ap_CS_fsm                |   1|   0|    1|          0|
    |ap_done_reg              |   1|   0|    1|          0|
    |ap_enable_reg_pp0_iter1  |   1|   0|    1|          0|
    |dy_fu_104                |   2|   0|    2|          0|
    |dz_fu_108                |   2|   0|    2|          0|
    |indvar_flatten54_fu_112  |   4|   0|    4|          0|
    |tmp_510_reg_705          |  20|   0|   20|          0|
    +-------------------------+----+----+-----+-----------+
    |Total                    |  77|   0|   77|          0|
    +-------------------------+----+----+-----+-----------+



================================================================
== Interface
================================================================
* Summary: 
+--------------------------+-----+-----+------------+---------------------------------------------------------------+--------------+
|         RTL Ports        | Dir | Bits|  Protocol  |                         Source Object                         |    C Type    |
+--------------------------+-----+-----+------------+---------------------------------------------------------------+--------------+
|ap_clk                    |   in|    1|  ap_ctrl_hs|  conv3d_hidden_layer<12>_Pipeline_SUM_PARTIAL_VITIS_LOOP_109_9|  return value|
|ap_rst                    |   in|    1|  ap_ctrl_hs|  conv3d_hidden_layer<12>_Pipeline_SUM_PARTIAL_VITIS_LOOP_109_9|  return value|
|ap_start                  |   in|    1|  ap_ctrl_hs|  conv3d_hidden_layer<12>_Pipeline_SUM_PARTIAL_VITIS_LOOP_109_9|  return value|
|ap_done                   |  out|    1|  ap_ctrl_hs|  conv3d_hidden_layer<12>_Pipeline_SUM_PARTIAL_VITIS_LOOP_109_9|  return value|
|ap_idle                   |  out|    1|  ap_ctrl_hs|  conv3d_hidden_layer<12>_Pipeline_SUM_PARTIAL_VITIS_LOOP_109_9|  return value|
|ap_ready                  |  out|    1|  ap_ctrl_hs|  conv3d_hidden_layer<12>_Pipeline_SUM_PARTIAL_VITIS_LOOP_109_9|  return value|
|acc_cast                  |   in|   14|     ap_none|                                                       acc_cast|        scalar|
|conv3_i203_reload         |   in|   20|     ap_none|                                              conv3_i203_reload|        scalar|
|conv3_i_1116206_reload    |   in|   20|     ap_none|                                         conv3_i_1116206_reload|        scalar|
|conv3_i_2131209_reload    |   in|   20|     ap_none|                                         conv3_i_2131209_reload|        scalar|
|conv3_i_1212_reload       |   in|   20|     ap_none|                                            conv3_i_1212_reload|        scalar|
|conv3_i_1_1215_reload     |   in|   20|     ap_none|                                          conv3_i_1_1215_reload|        scalar|
|conv3_i_1_2218_reload     |   in|   20|     ap_none|                                          conv3_i_1_2218_reload|        scalar|
|conv3_i_2221_reload       |   in|   20|     ap_none|                                            conv3_i_2221_reload|        scalar|
|conv3_i_2_1224_reload     |   in|   20|     ap_none|                                          conv3_i_2_1224_reload|        scalar|
|conv3_i_2_2227_reload     |   in|   20|     ap_none|                                          conv3_i_2_2227_reload|        scalar|
|conv3_i_1148204_reload    |   in|   20|     ap_none|                                         conv3_i_1148204_reload|        scalar|
|conv3_i_1116_1207_reload  |   in|   20|     ap_none|                                       conv3_i_1116_1207_reload|        scalar|
|conv3_i_2131_1210_reload  |   in|   20|     ap_none|                                       conv3_i_2131_1210_reload|        scalar|
|conv3_i_1_188213_reload   |   in|   20|     ap_none|                                        conv3_i_1_188213_reload|        scalar|
|conv3_i_1_1_1216_reload   |   in|   20|     ap_none|                                        conv3_i_1_1_1216_reload|        scalar|
|conv3_i_1_2_1219_reload   |   in|   20|     ap_none|                                        conv3_i_1_2_1219_reload|        scalar|
|conv3_i_2_162222_reload   |   in|   20|     ap_none|                                        conv3_i_2_162222_reload|        scalar|
|conv3_i_2_1_1225_reload   |   in|   20|     ap_none|                                        conv3_i_2_1_1225_reload|        scalar|
|conv3_i_2_2_1228_reload   |   in|   20|     ap_none|                                        conv3_i_2_2_1228_reload|        scalar|
|conv3_i_2161205_reload    |   in|   20|     ap_none|                                         conv3_i_2161205_reload|        scalar|
|conv3_i_1116_2208_reload  |   in|   20|     ap_none|                                       conv3_i_1116_2208_reload|        scalar|
|conv3_i_2131_2211_reload  |   in|   20|     ap_none|                                       conv3_i_2131_2211_reload|        scalar|
|conv3_i_1_2101214_reload  |   in|   20|     ap_none|                                       conv3_i_1_2101214_reload|        scalar|
|conv3_i_1_1_2217_reload   |   in|   20|     ap_none|                                        conv3_i_1_1_2217_reload|        scalar|
|conv3_i_1_2_2220_reload   |   in|   20|     ap_none|                                        conv3_i_1_2_2220_reload|        scalar|
|conv3_i_2_275223_reload   |   in|   20|     ap_none|                                        conv3_i_2_275223_reload|        scalar|
|conv3_i_2_1_2226_reload   |   in|   20|     ap_none|                                        conv3_i_2_1_2226_reload|        scalar|
|conv3_i_2_2_2229_reload   |   in|   20|     ap_none|                                        conv3_i_2_2_2229_reload|        scalar|
|acc_3_out                 |  out|   25|      ap_vld|                                                      acc_3_out|       pointer|
|acc_3_out_ap_vld          |  out|    1|      ap_vld|                                                      acc_3_out|       pointer|
+--------------------------+-----+-----+------------+---------------------------------------------------------------+--------------+

