================================================================
== Design Size Report
================================================================

* Total Instructions per Compilation Phase
+---------------+-----------------------------+--------------+----------------------------------------------------------------------------------------+
| Phase         | Step                        | Instructions | Description                                                                            |
+---------------+-----------------------------+--------------+----------------------------------------------------------------------------------------+
| Compile/Link  |                             |  5,841       | After all functions are compiled and linked into a single design                       |
|               |                             |              |                                                                                        |
| Unroll/Inline |                             |              | After user unroll and inline pragmas are applied                                       |
|               | (1) unroll                  |  3,697       | user unroll pragmas are applied                                                        |
|               | (2) simplification          |  2,257       | simplification of applied user unroll pragmas                                          |
|               | (3) inline                  |  2,179       | user inline pragmas are applied                                                        |
|               | (4) simplification          |  2,150       | simplification of applied user inline pragmas                                          |
|               |                             |              |                                                                                        |
| Array/Struct  |                             |              | After user array partition and struct aggregate/disaggregate pragmas are applied       |
|               | (1) array partition         |  3,043       | user array partition pragmas are applied                                               |
|               | (2) simplification          |  2,421       | simplification of applied user array partition & struct aggregate/disaggregate pragmas |
|               | (3) aggregate/disaggregate  |  2,429       | user struct aggregate/disaggregate pragmas are applied                                 |
|               | (4) array reshape           |  3,075       | apply array reshape pragmas                                                            |
|               | (5) access patterns         |  2,924       | array access pattern optmizations                                                      |
|               |                             |              |                                                                                        |
| Performance   |                             |              | After transformations are applied to meet performance pragma targets                   |
|               | (1) loop simplification     |  2,855       | loop and instruction simplification                                                    |
|               | (2) parallelization         |  3,272       | loops are unrolled or pipelined to meet performance targets                            |
|               | (3) array partition         | 35,807       | arrays are partitioned to meet performance targets                                     |
|               | (4) simplification          | 21,396       | simplification of design after performance transformations                             |
|               |                             |              |                                                                                        |
| HW Transforms |                             |              | After hardware transfomations                                                          |
|               | (1) lowering                | 21,120       | initial conversion to HW specific instructions                                         |
|               | (2) optimizations           | 20,524       | high level synthesis optimizations                                                     |
+---------------+-----------------------------+--------------+----------------------------------------------------------------------------------------+

* Instructions per Function for each Compilation Phase
+-------------------------------------+---------------------------+--------------+---------------+--------------+-------------+---------------+
| Function                            | Location                  | Compile/Link | Unroll/Inline | Array/Struct | Performance | HW Transforms |
+-------------------------------------+---------------------------+--------------+---------------+--------------+-------------+---------------+
| + predecoder_kernel                 | predecoder_kernel.cpp:223 | 5,841        | 2,150         | 2,924        | 21,396      | 20,524        |
|    unpack_input                     | predecoder_kernel.cpp:16  |  154         |   40          |  124         |   124       |    84         |
|  + conv3d_hidden_layer<1>           | predecoder_kernel.cpp:33  | 1,948        |  694          |  794         | 1,151       | 1,095         |
|   + FrameBuffer3D                   | line_buffer.h:34          |   76         |               |              |             |               |
|      reset                          | line_buffer.h:36          |   73         |               |              |             |               |
|     write_voxel                     | line_buffer.h:50          |   24         |               |              |             |               |
|   + form_window<ap_uint<8>, 1, 6... | line_buffer.h:83          |  129         |               |              |             |               |
|      read                           | line_buffer.h:63          |   67         |               |              |             |               |
|  + conv3d_hidden_layer<12>          | predecoder_kernel.cpp:33  | 1,948        |  998          | 1,352        | 8,595       | 7,909         |
|   + FrameBuffer3D                   | line_buffer.h:34          |   76         |               |              |             |               |
|      reset                          | line_buffer.h:36          |   73         |               |              |             |               |
|     write_voxel                     | line_buffer.h:50          |   24         |               |              |             |               |
|   + form_window<ap_uint<8>, 12, ... | line_buffer.h:83          |  129         |               |              |             |               |
|      read                           | line_buffer.h:63          |   67         |               |              |             |               |
|    conv1x1_output_layer             | predecoder_kernel.cpp:129 |  284         |  166          |  336         |   336       |   275         |
|    edge_correction                  | predecoder_kernel.cpp:151 |  607         |  194          |  288         | 11,018      | 10,974        |
+-------------------------------------+---------------------------+--------------+---------------+--------------+-------------+---------------+

* Design Size Message Settings
+---------------------------------------------+--------+------------------------------------------------------------------+
| Message Setting                             | Value  | Description                                                      |
+---------------------------------------------+--------+------------------------------------------------------------------+
| config_compile -design_size_maximum_warning | 100000 | Show a warning when total design instructions exceeds this value |
+---------------------------------------------+--------+------------------------------------------------------------------+


