

================================================================
== Vitis HLS Report for 'edge_correction_Pipeline_VITIS_LOOP_213_5_VITIS_LOOP_214_6_VITIS_LOOP_215_7'
================================================================
* Date:           Thu Sep  3 17:11:07 2026

* Version:        2023.2 (Build 4023990 on Oct 11 2023)
* Project:        predecoder_csynth_proj
* Solution:       solution1 (Vitis Kernel Flow Target)
* Product family: virtexuplusHBM
* Target device:  xcu55c-fsvh2892-2L-e


================================================================
== Performance Estimates
================================================================
+ Timing: 
    * Summary: 
    +--------+---------+----------+------------+
    |  Clock |  Target | Estimated| Uncertainty|
    +--------+---------+----------+------------+
    |ap_clk  |  3.33 ns|  2.608 ns|     0.90 ns|
    +--------+---------+----------+------------+

+ Latency: 
    * Summary: 
    +---------+---------+----------+----------+-----+-----+---------+
    |  Latency (cycles) |  Latency (absolute) |  Interval | Pipeline|
    |   min   |   max   |    min   |    max   | min | max |   Type  |
    +---------+---------+----------+----------+-----+-----+---------+
    |      218|      218|  0.726 us|  0.726 us|  218|  218|       no|
    +---------+---------+----------+----------+-----+-----+---------+

    + Detail: 
        * Instance: 
        N/A

        * Loop: 
        +------------------------------------------------------+---------+---------+----------+-----------+-----------+------+----------+
        |                                                      |  Latency (cycles) | Iteration|  Initiation Interval  | Trip |          |
        |                       Loop Name                      |   min   |   max   |  Latency |  achieved |   target  | Count| Pipelined|
        +------------------------------------------------------+---------+---------+----------+-----------+-----------+------+----------+
        |- VITIS_LOOP_213_5_VITIS_LOOP_214_6_VITIS_LOOP_215_7  |      216|      216|         2|          1|          1|   216|       yes|
        +------------------------------------------------------+---------+---------+----------+-----------+-----------+------+----------+



================================================================
== Utilization Estimates
================================================================
* Summary: 
+---------------------+---------+------+---------+---------+-----+
|         Name        | BRAM_18K|  DSP |    FF   |   LUT   | URAM|
+---------------------+---------+------+---------+---------+-----+
|DSP                  |        -|     -|        -|        -|    -|
|Expression           |        -|     -|        0|      192|    -|
|FIFO                 |        -|     -|        -|        -|    -|
|Instance             |        -|     -|        0|      434|    -|
|Memory               |        -|     -|        -|        -|    -|
|Multiplexer          |        -|     -|        -|      117|    -|
|Register             |        -|     -|      548|        -|    -|
+---------------------+---------+------+---------+---------+-----+
|Total                |        0|     0|      548|      743|    0|
+---------------------+---------+------+---------+---------+-----+
|Available SLR        |     1344|  3008|   869120|   434560|  320|
+---------------------+---------+------+---------+---------+-----+
|Utilization SLR (%)  |        0|     0|       ~0|       ~0|    0|
+---------------------+---------+------+---------+---------+-----+
|Available            |     4032|  9024|  2607360|  1303680|  960|
+---------------------+---------+------+---------+---------+-----+
|Utilization (%)      |        0|     0|       ~0|       ~0|    0|
+---------------------+---------+------+---------+---------+-----+

+ Detail: 
    * Instance: 
    +----------------------------+----------------------+---------+----+---+----+-----+
    |          Instance          |        Module        | BRAM_18K| DSP| FF| LUT| URAM|
    +----------------------------+----------------------+---------+----+---+----+-----+
    |sparsemux_13_3_1_1_1_U2733  |sparsemux_13_3_1_1_1  |        0|   0|  0|  31|    0|
    |sparsemux_13_3_1_1_1_U2734  |sparsemux_13_3_1_1_1  |        0|   0|  0|  31|    0|
    |sparsemux_13_3_1_1_1_U2735  |sparsemux_13_3_1_1_1  |        0|   0|  0|  31|    0|
    |sparsemux_13_3_1_1_1_U2736  |sparsemux_13_3_1_1_1  |        0|   0|  0|  31|    0|
    |sparsemux_13_3_1_1_1_U2737  |sparsemux_13_3_1_1_1  |        0|   0|  0|  31|    0|
    |sparsemux_13_3_1_1_1_U2738  |sparsemux_13_3_1_1_1  |        0|   0|  0|  31|    0|
    |sparsemux_13_3_1_1_1_U2739  |sparsemux_13_3_1_1_1  |        0|   0|  0|  31|    0|
    |sparsemux_13_3_1_1_1_U2740  |sparsemux_13_3_1_1_1  |        0|   0|  0|  31|    0|
    |sparsemux_13_3_1_1_1_U2741  |sparsemux_13_3_1_1_1  |        0|   0|  0|  31|    0|
    |sparsemux_13_3_1_1_1_U2742  |sparsemux_13_3_1_1_1  |        0|   0|  0|  31|    0|
    |sparsemux_13_3_1_1_1_U2743  |sparsemux_13_3_1_1_1  |        0|   0|  0|  31|    0|
    |sparsemux_13_3_1_1_1_U2744  |sparsemux_13_3_1_1_1  |        0|   0|  0|  31|    0|
    |sparsemux_13_3_1_1_1_U2745  |sparsemux_13_3_1_1_1  |        0|   0|  0|  31|    0|
    |sparsemux_13_3_1_1_1_U2746  |sparsemux_13_3_1_1_1  |        0|   0|  0|  31|    0|
    +----------------------------+----------------------+---------+----+---+----+-----+
    |Total                       |                      |        0|   0|  0| 434|    0|
    +----------------------------+----------------------+---------+----+---+----+-----+

    * DSP: 
    N/A

    * Memory: 
    N/A

    * FIFO: 
    N/A

    * Expression: 
    +---------------------------+----------+----+---+----+------------+------------+
    |       Variable Name       | Operation| DSP| FF| LUT| Bitwidth P0| Bitwidth P1|
    +---------------------------+----------+----+---+----+------------+------------+
    |add_ln213_1_fu_1224_p2     |         +|   0|  0|  15|           8|           1|
    |add_ln213_fu_1242_p2       |         +|   0|  0|  10|           3|           1|
    |add_ln214_1_fu_1412_p2     |         +|   0|  0|  13|           6|           1|
    |add_ln214_fu_1288_p2       |         +|   0|  0|  10|           3|           1|
    |add_ln215_fu_1406_p2       |         +|   0|  0|  10|           3|           1|
    |add_ln217_fu_1961_p2       |         +|   0|  0|  18|          10|          10|
    |empty_55_fu_1485_p2        |         +|   0|  0|  16|           7|           7|
    |empty_56_fu_1511_p2        |         -|   0|  0|  18|          10|          10|
    |empty_fu_1476_p2           |         -|   0|  0|  16|           7|           7|
    |and_ln212_fu_1274_p2       |       and|   0|  0|   2|           1|           1|
    |icmp_ln213_fu_1218_p2      |      icmp|   0|  0|  15|           8|           7|
    |icmp_ln214_fu_1248_p2      |      icmp|   0|  0|  13|           6|           6|
    |icmp_ln215_fu_1268_p2      |      icmp|   0|  0|  10|           3|           3|
    |or_ln212_fu_1294_p2        |        or|   0|  0|   2|           1|           1|
    |select_ln212_1_fu_1300_p3  |    select|   0|  0|   3|           1|           1|
    |select_ln212_fu_1254_p3    |    select|   0|  0|   3|           1|           1|
    |select_ln213_fu_1280_p3    |    select|   0|  0|   3|           1|           3|
    |select_ln214_1_fu_1418_p3  |    select|   0|  0|   6|           1|           1|
    |select_ln214_fu_1308_p3    |    select|   0|  0|   3|           1|           3|
    |select_ln217_fu_1954_p3    |    select|   0|  0|   2|           1|           1|
    |ap_enable_pp0              |       xor|   0|  0|   2|           1|           2|
    |xor_ln212_fu_1262_p2       |       xor|   0|  0|   2|           1|           2|
    +---------------------------+----------+----+---+----+------------+------------+
    |Total                      |          |   0|  0| 192|          84|          71|
    +---------------------------+----------+----+---+----+------------+------------+

    * Multiplexer: 
    +----------------------------------------+----+-----------+-----+-----------+
    |                  Name                  | LUT| Input Size| Bits| Total Bits|
    +----------------------------------------+----+-----------+-----+-----------+
    |ap_done_int                             |   9|          2|    1|          2|
    |ap_enable_reg_pp0_iter1                 |   9|          2|    1|          2|
    |ap_sig_allocacmp_indvar_flatten43_load  |   9|          2|    6|         12|
    |ap_sig_allocacmp_indvar_flatten58_load  |   9|          2|    8|         16|
    |ap_sig_allocacmp_t_load                 |   9|          2|    3|          6|
    |ap_sig_allocacmp_x_load                 |   9|          2|    3|          6|
    |ap_sig_allocacmp_y_load                 |   9|          2|    3|          6|
    |beat_fu_218                             |   9|          2|  512|       1024|
    |indvar_flatten43_fu_230                 |   9|          2|    6|         12|
    |indvar_flatten58_fu_238                 |   9|          2|    8|         16|
    |t_fu_234                                |   9|          2|    3|          6|
    |x_fu_222                                |   9|          2|    3|          6|
    |y_fu_226                                |   9|          2|    3|          6|
    +----------------------------------------+----+-----------+-----+-----------+
    |Total                                   | 117|         26|  560|       1120|
    +----------------------------------------+----+-----------+-----+-----------+

    * Register: 
    +-------------------------+-----+----+-----+-----------+
    |           Name          |  FF | LUT| Bits| Const Bits|
    +-------------------------+-----+----+-----+-----------+
    |ap_CS_fsm                |    1|   0|    1|          0|
    |ap_done_reg              |    1|   0|    1|          0|
    |ap_enable_reg_pp0_iter1  |    1|   0|    1|          0|
    |beat_fu_218              |  512|   0|  512|          0|
    |indvar_flatten43_fu_230  |    6|   0|    6|          0|
    |indvar_flatten58_fu_238  |    8|   0|    8|          0|
    |select_ln212_1_reg_2042  |    3|   0|    3|          0|
    |select_ln213_reg_2036    |    3|   0|    3|          0|
    |select_ln214_reg_2059    |    3|   0|    3|          0|
    |t_fu_234                 |    3|   0|    3|          0|
    |trunc_ln213_reg_2066     |    1|   0|    1|          0|
    |x_fu_222                 |    3|   0|    3|          0|
    |y_fu_226                 |    3|   0|    3|          0|
    +-------------------------+-----+----+-----+-----------+
    |Total                    |  548|   0|  548|          0|
    +-------------------------+-----+----+-----+-----------+



================================================================
== Interface
================================================================
* Summary: 
+------------------------+-----+-----+------------+-----------------------------------------------------------------------------+--------------+
|        RTL Ports       | Dir | Bits|  Protocol  |                                Source Object                                |    C Type    |
+------------------------+-----+-----+------------+-----------------------------------------------------------------------------+--------------+
|ap_clk                  |   in|    1|  ap_ctrl_hs|  edge_correction_Pipeline_VITIS_LOOP_213_5_VITIS_LOOP_214_6_VITIS_LOOP_215_7|  return value|
|ap_rst                  |   in|    1|  ap_ctrl_hs|  edge_correction_Pipeline_VITIS_LOOP_213_5_VITIS_LOOP_214_6_VITIS_LOOP_215_7|  return value|
|ap_start                |   in|    1|  ap_ctrl_hs|  edge_correction_Pipeline_VITIS_LOOP_213_5_VITIS_LOOP_214_6_VITIS_LOOP_215_7|  return value|
|ap_done                 |  out|    1|  ap_ctrl_hs|  edge_correction_Pipeline_VITIS_LOOP_213_5_VITIS_LOOP_214_6_VITIS_LOOP_215_7|  return value|
|ap_idle                 |  out|    1|  ap_ctrl_hs|  edge_correction_Pipeline_VITIS_LOOP_213_5_VITIS_LOOP_214_6_VITIS_LOOP_215_7|  return value|
|ap_ready                |  out|    1|  ap_ctrl_hs|  edge_correction_Pipeline_VITIS_LOOP_213_5_VITIS_LOOP_214_6_VITIS_LOOP_215_7|  return value|
|correction_address0     |  out|    2|   ap_memory|                                                                   correction|         array|
|correction_ce0          |  out|    1|   ap_memory|                                                                   correction|         array|
|correction_q0           |   in|    1|   ap_memory|                                                                   correction|         array|
|correction_1_address0   |  out|    2|   ap_memory|                                                                 correction_1|         array|
|correction_1_ce0        |  out|    1|   ap_memory|                                                                 correction_1|         array|
|correction_1_q0         |   in|    1|   ap_memory|                                                                 correction_1|         array|
|correction_2_address0   |  out|    2|   ap_memory|                                                                 correction_2|         array|
|correction_2_ce0        |  out|    1|   ap_memory|                                                                 correction_2|         array|
|correction_2_q0         |   in|    1|   ap_memory|                                                                 correction_2|         array|
|correction_3_address0   |  out|    2|   ap_memory|                                                                 correction_3|         array|
|correction_3_ce0        |  out|    1|   ap_memory|                                                                 correction_3|         array|
|correction_3_q0         |   in|    1|   ap_memory|                                                                 correction_3|         array|
|correction_4_address0   |  out|    2|   ap_memory|                                                                 correction_4|         array|
|correction_4_ce0        |  out|    1|   ap_memory|                                                                 correction_4|         array|
|correction_4_q0         |   in|    1|   ap_memory|                                                                 correction_4|         array|
|correction_5_address0   |  out|    2|   ap_memory|                                                                 correction_5|         array|
|correction_5_ce0        |  out|    1|   ap_memory|                                                                 correction_5|         array|
|correction_5_q0         |   in|    1|   ap_memory|                                                                 correction_5|         array|
|correction_6_address0   |  out|    2|   ap_memory|                                                                 correction_6|         array|
|correction_6_ce0        |  out|    1|   ap_memory|                                                                 correction_6|         array|
|correction_6_q0         |   in|    1|   ap_memory|                                                                 correction_6|         array|
|correction_7_address0   |  out|    2|   ap_memory|                                                                 correction_7|         array|
|correction_7_ce0        |  out|    1|   ap_memory|                                                                 correction_7|         array|
|correction_7_q0         |   in|    1|   ap_memory|                                                                 correction_7|         array|
|correction_8_address0   |  out|    2|   ap_memory|                                                                 correction_8|         array|
|correction_8_ce0        |  out|    1|   ap_memory|                                                                 correction_8|         array|
|correction_8_q0         |   in|    1|   ap_memory|                                                                 correction_8|         array|
|correction_9_address0   |  out|    2|   ap_memory|                                                                 correction_9|         array|
|correction_9_ce0        |  out|    1|   ap_memory|                                                                 correction_9|         array|
|correction_9_q0         |   in|    1|   ap_memory|                                                                 correction_9|         array|
|correction_10_address0  |  out|    2|   ap_memory|                                                                correction_10|         array|
|correction_10_ce0       |  out|    1|   ap_memory|                                                                correction_10|         array|
|correction_10_q0        |   in|    1|   ap_memory|                                                                correction_10|         array|
|correction_11_address0  |  out|    2|   ap_memory|                                                                correction_11|         array|
|correction_11_ce0       |  out|    1|   ap_memory|                                                                correction_11|         array|
|correction_11_q0        |   in|    1|   ap_memory|                                                                correction_11|         array|
|correction_12_address0  |  out|    2|   ap_memory|                                                                correction_12|         array|
|correction_12_ce0       |  out|    1|   ap_memory|                                                                correction_12|         array|
|correction_12_q0        |   in|    1|   ap_memory|                                                                correction_12|         array|
|correction_13_address0  |  out|    2|   ap_memory|                                                                correction_13|         array|
|correction_13_ce0       |  out|    1|   ap_memory|                                                                correction_13|         array|
|correction_13_q0        |   in|    1|   ap_memory|                                                                correction_13|         array|
|correction_14_address0  |  out|    2|   ap_memory|                                                                correction_14|         array|
|correction_14_ce0       |  out|    1|   ap_memory|                                                                correction_14|         array|
|correction_14_q0        |   in|    1|   ap_memory|                                                                correction_14|         array|
|correction_15_address0  |  out|    2|   ap_memory|                                                                correction_15|         array|
|correction_15_ce0       |  out|    1|   ap_memory|                                                                correction_15|         array|
|correction_15_q0        |   in|    1|   ap_memory|                                                                correction_15|         array|
|correction_16_address0  |  out|    2|   ap_memory|                                                                correction_16|         array|
|correction_16_ce0       |  out|    1|   ap_memory|                                                                correction_16|         array|
|correction_16_q0        |   in|    1|   ap_memory|                                                                correction_16|         array|
|correction_17_address0  |  out|    2|   ap_memory|                                                                correction_17|         array|
|correction_17_ce0       |  out|    1|   ap_memory|                                                                correction_17|         array|
|correction_17_q0        |   in|    1|   ap_memory|                                                                correction_17|         array|
|correction_18_address0  |  out|    2|   ap_memory|                                                                correction_18|         array|
|correction_18_ce0       |  out|    1|   ap_memory|                                                                correction_18|         array|
|correction_18_q0        |   in|    1|   ap_memory|                                                                correction_18|         array|
|correction_19_address0  |  out|    2|   ap_memory|                                                                correction_19|         array|
|correction_19_ce0       |  out|    1|   ap_memory|                                                                correction_19|         array|
|correction_19_q0        |   in|    1|   ap_memory|                                                                correction_19|         array|
|correction_20_address0  |  out|    2|   ap_memory|                                                                correction_20|         array|
|correction_20_ce0       |  out|    1|   ap_memory|                                                                correction_20|         array|
|correction_20_q0        |   in|    1|   ap_memory|                                                                correction_20|         array|
|correction_21_address0  |  out|    2|   ap_memory|                                                                correction_21|         array|
|correction_21_ce0       |  out|    1|   ap_memory|                                                                correction_21|         array|
|correction_21_q0        |   in|    1|   ap_memory|                                                                correction_21|         array|
|correction_22_address0  |  out|    2|   ap_memory|                                                                correction_22|         array|
|correction_22_ce0       |  out|    1|   ap_memory|                                                                correction_22|         array|
|correction_22_q0        |   in|    1|   ap_memory|                                                                correction_22|         array|
|correction_23_address0  |  out|    2|   ap_memory|                                                                correction_23|         array|
|correction_23_ce0       |  out|    1|   ap_memory|                                                                correction_23|         array|
|correction_23_q0        |   in|    1|   ap_memory|                                                                correction_23|         array|
|correction_24_address0  |  out|    2|   ap_memory|                                                                correction_24|         array|
|correction_24_ce0       |  out|    1|   ap_memory|                                                                correction_24|         array|
|correction_24_q0        |   in|    1|   ap_memory|                                                                correction_24|         array|
|correction_25_address0  |  out|    2|   ap_memory|                                                                correction_25|         array|
|correction_25_ce0       |  out|    1|   ap_memory|                                                                correction_25|         array|
|correction_25_q0        |   in|    1|   ap_memory|                                                                correction_25|         array|
|correction_26_address0  |  out|    2|   ap_memory|                                                                correction_26|         array|
|correction_26_ce0       |  out|    1|   ap_memory|                                                                correction_26|         array|
|correction_26_q0        |   in|    1|   ap_memory|                                                                correction_26|         array|
|correction_27_address0  |  out|    2|   ap_memory|                                                                correction_27|         array|
|correction_27_ce0       |  out|    1|   ap_memory|                                                                correction_27|         array|
|correction_27_q0        |   in|    1|   ap_memory|                                                                correction_27|         array|
|correction_28_address0  |  out|    2|   ap_memory|                                                                correction_28|         array|
|correction_28_ce0       |  out|    1|   ap_memory|                                                                correction_28|         array|
|correction_28_q0        |   in|    1|   ap_memory|                                                                correction_28|         array|
|correction_29_address0  |  out|    2|   ap_memory|                                                                correction_29|         array|
|correction_29_ce0       |  out|    1|   ap_memory|                                                                correction_29|         array|
|correction_29_q0        |   in|    1|   ap_memory|                                                                correction_29|         array|
|correction_30_address0  |  out|    2|   ap_memory|                                                                correction_30|         array|
|correction_30_ce0       |  out|    1|   ap_memory|                                                                correction_30|         array|
|correction_30_q0        |   in|    1|   ap_memory|                                                                correction_30|         array|
|correction_31_address0  |  out|    2|   ap_memory|                                                                correction_31|         array|
|correction_31_ce0       |  out|    1|   ap_memory|                                                                correction_31|         array|
|correction_31_q0        |   in|    1|   ap_memory|                                                                correction_31|         array|
|correction_32_address0  |  out|    2|   ap_memory|                                                                correction_32|         array|
|correction_32_ce0       |  out|    1|   ap_memory|                                                                correction_32|         array|
|correction_32_q0        |   in|    1|   ap_memory|                                                                correction_32|         array|
|correction_33_address0  |  out|    2|   ap_memory|                                                                correction_33|         array|
|correction_33_ce0       |  out|    1|   ap_memory|                                                                correction_33|         array|
|correction_33_q0        |   in|    1|   ap_memory|                                                                correction_33|         array|
|correction_34_address0  |  out|    2|   ap_memory|                                                                correction_34|         array|
|correction_34_ce0       |  out|    1|   ap_memory|                                                                correction_34|         array|
|correction_34_q0        |   in|    1|   ap_memory|                                                                correction_34|         array|
|correction_35_address0  |  out|    2|   ap_memory|                                                                correction_35|         array|
|correction_35_ce0       |  out|    1|   ap_memory|                                                                correction_35|         array|
|correction_35_q0        |   in|    1|   ap_memory|                                                                correction_35|         array|
|correction_36_address0  |  out|    2|   ap_memory|                                                                correction_36|         array|
|correction_36_ce0       |  out|    1|   ap_memory|                                                                correction_36|         array|
|correction_36_q0        |   in|    1|   ap_memory|                                                                correction_36|         array|
|correction_37_address0  |  out|    2|   ap_memory|                                                                correction_37|         array|
|correction_37_ce0       |  out|    1|   ap_memory|                                                                correction_37|         array|
|correction_37_q0        |   in|    1|   ap_memory|                                                                correction_37|         array|
|correction_38_address0  |  out|    2|   ap_memory|                                                                correction_38|         array|
|correction_38_ce0       |  out|    1|   ap_memory|                                                                correction_38|         array|
|correction_38_q0        |   in|    1|   ap_memory|                                                                correction_38|         array|
|correction_39_address0  |  out|    2|   ap_memory|                                                                correction_39|         array|
|correction_39_ce0       |  out|    1|   ap_memory|                                                                correction_39|         array|
|correction_39_q0        |   in|    1|   ap_memory|                                                                correction_39|         array|
|correction_40_address0  |  out|    2|   ap_memory|                                                                correction_40|         array|
|correction_40_ce0       |  out|    1|   ap_memory|                                                                correction_40|         array|
|correction_40_q0        |   in|    1|   ap_memory|                                                                correction_40|         array|
|correction_41_address0  |  out|    2|   ap_memory|                                                                correction_41|         array|
|correction_41_ce0       |  out|    1|   ap_memory|                                                                correction_41|         array|
|correction_41_q0        |   in|    1|   ap_memory|                                                                correction_41|         array|
|correction_42_address0  |  out|    2|   ap_memory|                                                                correction_42|         array|
|correction_42_ce0       |  out|    1|   ap_memory|                                                                correction_42|         array|
|correction_42_q0        |   in|    1|   ap_memory|                                                                correction_42|         array|
|correction_43_address0  |  out|    2|   ap_memory|                                                                correction_43|         array|
|correction_43_ce0       |  out|    1|   ap_memory|                                                                correction_43|         array|
|correction_43_q0        |   in|    1|   ap_memory|                                                                correction_43|         array|
|correction_44_address0  |  out|    2|   ap_memory|                                                                correction_44|         array|
|correction_44_ce0       |  out|    1|   ap_memory|                                                                correction_44|         array|
|correction_44_q0        |   in|    1|   ap_memory|                                                                correction_44|         array|
|correction_45_address0  |  out|    2|   ap_memory|                                                                correction_45|         array|
|correction_45_ce0       |  out|    1|   ap_memory|                                                                correction_45|         array|
|correction_45_q0        |   in|    1|   ap_memory|                                                                correction_45|         array|
|correction_46_address0  |  out|    2|   ap_memory|                                                                correction_46|         array|
|correction_46_ce0       |  out|    1|   ap_memory|                                                                correction_46|         array|
|correction_46_q0        |   in|    1|   ap_memory|                                                                correction_46|         array|
|correction_47_address0  |  out|    2|   ap_memory|                                                                correction_47|         array|
|correction_47_ce0       |  out|    1|   ap_memory|                                                                correction_47|         array|
|correction_47_q0        |   in|    1|   ap_memory|                                                                correction_47|         array|
|correction_48_address0  |  out|    2|   ap_memory|                                                                correction_48|         array|
|correction_48_ce0       |  out|    1|   ap_memory|                                                                correction_48|         array|
|correction_48_q0        |   in|    1|   ap_memory|                                                                correction_48|         array|
|correction_49_address0  |  out|    2|   ap_memory|                                                                correction_49|         array|
|correction_49_ce0       |  out|    1|   ap_memory|                                                                correction_49|         array|
|correction_49_q0        |   in|    1|   ap_memory|                                                                correction_49|         array|
|correction_50_address0  |  out|    2|   ap_memory|                                                                correction_50|         array|
|correction_50_ce0       |  out|    1|   ap_memory|                                                                correction_50|         array|
|correction_50_q0        |   in|    1|   ap_memory|                                                                correction_50|         array|
|correction_51_address0  |  out|    2|   ap_memory|                                                                correction_51|         array|
|correction_51_ce0       |  out|    1|   ap_memory|                                                                correction_51|         array|
|correction_51_q0        |   in|    1|   ap_memory|                                                                correction_51|         array|
|correction_52_address0  |  out|    2|   ap_memory|                                                                correction_52|         array|
|correction_52_ce0       |  out|    1|   ap_memory|                                                                correction_52|         array|
|correction_52_q0        |   in|    1|   ap_memory|                                                                correction_52|         array|
|correction_53_address0  |  out|    2|   ap_memory|                                                                correction_53|         array|
|correction_53_ce0       |  out|    1|   ap_memory|                                                                correction_53|         array|
|correction_53_q0        |   in|    1|   ap_memory|                                                                correction_53|         array|
|correction_54_address0  |  out|    2|   ap_memory|                                                                correction_54|         array|
|correction_54_ce0       |  out|    1|   ap_memory|                                                                correction_54|         array|
|correction_54_q0        |   in|    1|   ap_memory|                                                                correction_54|         array|
|correction_55_address0  |  out|    2|   ap_memory|                                                                correction_55|         array|
|correction_55_ce0       |  out|    1|   ap_memory|                                                                correction_55|         array|
|correction_55_q0        |   in|    1|   ap_memory|                                                                correction_55|         array|
|correction_56_address0  |  out|    2|   ap_memory|                                                                correction_56|         array|
|correction_56_ce0       |  out|    1|   ap_memory|                                                                correction_56|         array|
|correction_56_q0        |   in|    1|   ap_memory|                                                                correction_56|         array|
|correction_57_address0  |  out|    2|   ap_memory|                                                                correction_57|         array|
|correction_57_ce0       |  out|    1|   ap_memory|                                                                correction_57|         array|
|correction_57_q0        |   in|    1|   ap_memory|                                                                correction_57|         array|
|correction_58_address0  |  out|    2|   ap_memory|                                                                correction_58|         array|
|correction_58_ce0       |  out|    1|   ap_memory|                                                                correction_58|         array|
|correction_58_q0        |   in|    1|   ap_memory|                                                                correction_58|         array|
|correction_59_address0  |  out|    2|   ap_memory|                                                                correction_59|         array|
|correction_59_ce0       |  out|    1|   ap_memory|                                                                correction_59|         array|
|correction_59_q0        |   in|    1|   ap_memory|                                                                correction_59|         array|
|correction_60_address0  |  out|    2|   ap_memory|                                                                correction_60|         array|
|correction_60_ce0       |  out|    1|   ap_memory|                                                                correction_60|         array|
|correction_60_q0        |   in|    1|   ap_memory|                                                                correction_60|         array|
|correction_61_address0  |  out|    2|   ap_memory|                                                                correction_61|         array|
|correction_61_ce0       |  out|    1|   ap_memory|                                                                correction_61|         array|
|correction_61_q0        |   in|    1|   ap_memory|                                                                correction_61|         array|
|correction_62_address0  |  out|    2|   ap_memory|                                                                correction_62|         array|
|correction_62_ce0       |  out|    1|   ap_memory|                                                                correction_62|         array|
|correction_62_q0        |   in|    1|   ap_memory|                                                                correction_62|         array|
|correction_63_address0  |  out|    2|   ap_memory|                                                                correction_63|         array|
|correction_63_ce0       |  out|    1|   ap_memory|                                                                correction_63|         array|
|correction_63_q0        |   in|    1|   ap_memory|                                                                correction_63|         array|
|correction_64_address0  |  out|    2|   ap_memory|                                                                correction_64|         array|
|correction_64_ce0       |  out|    1|   ap_memory|                                                                correction_64|         array|
|correction_64_q0        |   in|    1|   ap_memory|                                                                correction_64|         array|
|correction_65_address0  |  out|    2|   ap_memory|                                                                correction_65|         array|
|correction_65_ce0       |  out|    1|   ap_memory|                                                                correction_65|         array|
|correction_65_q0        |   in|    1|   ap_memory|                                                                correction_65|         array|
|correction_66_address0  |  out|    2|   ap_memory|                                                                correction_66|         array|
|correction_66_ce0       |  out|    1|   ap_memory|                                                                correction_66|         array|
|correction_66_q0        |   in|    1|   ap_memory|                                                                correction_66|         array|
|correction_67_address0  |  out|    2|   ap_memory|                                                                correction_67|         array|
|correction_67_ce0       |  out|    1|   ap_memory|                                                                correction_67|         array|
|correction_67_q0        |   in|    1|   ap_memory|                                                                correction_67|         array|
|correction_68_address0  |  out|    2|   ap_memory|                                                                correction_68|         array|
|correction_68_ce0       |  out|    1|   ap_memory|                                                                correction_68|         array|
|correction_68_q0        |   in|    1|   ap_memory|                                                                correction_68|         array|
|correction_69_address0  |  out|    2|   ap_memory|                                                                correction_69|         array|
|correction_69_ce0       |  out|    1|   ap_memory|                                                                correction_69|         array|
|correction_69_q0        |   in|    1|   ap_memory|                                                                correction_69|         array|
|correction_70_address0  |  out|    2|   ap_memory|                                                                correction_70|         array|
|correction_70_ce0       |  out|    1|   ap_memory|                                                                correction_70|         array|
|correction_70_q0        |   in|    1|   ap_memory|                                                                correction_70|         array|
|correction_71_address0  |  out|    2|   ap_memory|                                                                correction_71|         array|
|correction_71_ce0       |  out|    1|   ap_memory|                                                                correction_71|         array|
|correction_71_q0        |   in|    1|   ap_memory|                                                                correction_71|         array|
|beat_2_out              |  out|  512|      ap_vld|                                                                   beat_2_out|       pointer|
|beat_2_out_ap_vld       |  out|    1|      ap_vld|                                                                   beat_2_out|       pointer|
+------------------------+-----+-----+------------+-----------------------------------------------------------------------------+--------------+

