

================================================================
== Vitis HLS Report for 'edge_correction_Pipeline_INIT_VITIS_LOOP_167_1_VITIS_LOOP_168_2'
================================================================
* Date:           Thu Sep  3 17:10:58 2026

* Version:        2023.2 (Build 4023990 on Oct 11 2023)
* Project:        predecoder_csynth_proj
* Solution:       solution1 (Vitis Kernel Flow Target)
* Product family: virtexuplusHBM
* Target device:  xcu55c-fsvh2892-2L-e


================================================================
== Performance Estimates
================================================================
+ Timing: 
    * Summary: 
    +--------+---------+----------+------------+
    |  Clock |  Target | Estimated| Uncertainty|
    +--------+---------+----------+------------+
    |ap_clk  |  3.33 ns|  2.608 ns|     0.90 ns|
    +--------+---------+----------+------------+

+ Latency: 
    * Summary: 
    +---------+---------+----------+----------+-----+-----+---------+
    |  Latency (cycles) |  Latency (absolute) |  Interval | Pipeline|
    |   min   |   max   |    min   |    max   | min | max |   Type  |
    +---------+---------+----------+----------+-----+-----+---------+
    |      218|      218|  0.726 us|  0.726 us|  218|  218|       no|
    +---------+---------+----------+----------+-----+-----+---------+

    + Detail: 
        * Instance: 
        N/A

        * Loop: 
        +------------------------------------------+---------+---------+----------+-----------+-----------+------+----------+
        |                                          |  Latency (cycles) | Iteration|  Initiation Interval  | Trip |          |
        |                 Loop Name                |   min   |   max   |  Latency |  achieved |   target  | Count| Pipelined|
        +------------------------------------------+---------+---------+----------+-----------+-----------+------+----------+
        |- INIT_VITIS_LOOP_167_1_VITIS_LOOP_168_2  |      216|      216|         2|          1|          1|   216|       yes|
        +------------------------------------------+---------+---------+----------+-----------+-----------+------+----------+



================================================================
== Utilization Estimates
================================================================
* Summary: 
+---------------------+---------+------+---------+---------+-----+
|         Name        | BRAM_18K|  DSP |    FF   |   LUT   | URAM|
+---------------------+---------+------+---------+---------+-----+
|DSP                  |        -|     -|        -|        -|    -|
|Expression           |        -|     -|        0|      122|    -|
|FIFO                 |        -|     -|        -|        -|    -|
|Instance             |        -|     -|        -|        -|    -|
|Memory               |        -|     -|        -|        -|    -|
|Multiplexer          |        -|     -|        -|      108|    -|
|Register             |        -|     -|       35|        -|    -|
+---------------------+---------+------+---------+---------+-----+
|Total                |        0|     0|       35|      230|    0|
+---------------------+---------+------+---------+---------+-----+
|Available SLR        |     1344|  3008|   869120|   434560|  320|
+---------------------+---------+------+---------+---------+-----+
|Utilization SLR (%)  |        0|     0|       ~0|       ~0|    0|
+---------------------+---------+------+---------+---------+-----+
|Available            |     4032|  9024|  2607360|  1303680|  960|
+---------------------+---------+------+---------+---------+-----+
|Utilization (%)      |        0|     0|       ~0|       ~0|    0|
+---------------------+---------+------+---------+---------+-----+

+ Detail: 
    * Instance: 
    N/A

    * DSP: 
    N/A

    * Memory: 
    N/A

    * FIFO: 
    N/A

    * Expression: 
    +---------------------------+----------+----+---+----+------------+------------+
    |       Variable Name       | Operation| DSP| FF| LUT| Bitwidth P0| Bitwidth P1|
    +---------------------------+----------+----+---+----+------------+------------+
    |add_ln166_1_fu_1261_p2     |         +|   0|  0|  15|           8|           1|
    |add_ln166_fu_1276_p2       |         +|   0|  0|  10|           3|           1|
    |add_ln167_1_fu_1370_p2     |         +|   0|  0|  13|           6|           1|
    |add_ln167_fu_1322_p2       |         +|   0|  0|  10|           3|           1|
    |add_ln168_fu_1364_p2       |         +|   0|  0|  10|           3|           1|
    |and_ln166_fu_1308_p2       |       and|   0|  0|   2|           1|           1|
    |icmp_ln166_fu_1255_p2      |      icmp|   0|  0|  15|           8|           7|
    |icmp_ln167_fu_1282_p2      |      icmp|   0|  0|  13|           6|           6|
    |icmp_ln168_fu_1302_p2      |      icmp|   0|  0|  10|           3|           3|
    |or_ln167_fu_1328_p2        |        or|   0|  0|   2|           1|           1|
    |select_ln166_1_fu_1314_p3  |    select|   0|  0|   3|           1|           3|
    |select_ln166_fu_1288_p3    |    select|   0|  0|   3|           1|           1|
    |select_ln167_1_fu_1342_p3  |    select|   0|  0|   3|           1|           3|
    |select_ln167_2_fu_1376_p3  |    select|   0|  0|   6|           1|           1|
    |select_ln167_fu_1334_p3    |    select|   0|  0|   3|           1|           1|
    |ap_enable_pp0              |       xor|   0|  0|   2|           1|           2|
    |xor_ln166_fu_1296_p2       |       xor|   0|  0|   2|           1|           2|
    +---------------------------+----------+----+---+----+------------+------------+
    |Total                      |          |   0|  0| 122|          49|          36|
    +---------------------------+----------+----+---+----+------------+------------+

    * Multiplexer: 
    +----------------------------------------+----+-----------+-----+-----------+
    |                  Name                  | LUT| Input Size| Bits| Total Bits|
    +----------------------------------------+----+-----------+-----+-----------+
    |ap_done_int                             |   9|          2|    1|          2|
    |ap_enable_reg_pp0_iter1                 |   9|          2|    1|          2|
    |ap_sig_allocacmp_indvar_flatten12_load  |   9|          2|    8|         16|
    |ap_sig_allocacmp_indvar_flatten_load    |   9|          2|    6|         12|
    |ap_sig_allocacmp_t_load                 |   9|          2|    3|          6|
    |ap_sig_allocacmp_x_load                 |   9|          2|    3|          6|
    |ap_sig_allocacmp_y_load                 |   9|          2|    3|          6|
    |indvar_flatten12_fu_212                 |   9|          2|    8|         16|
    |indvar_flatten_fu_204                   |   9|          2|    6|         12|
    |t_fu_208                                |   9|          2|    3|          6|
    |x_fu_196                                |   9|          2|    3|          6|
    |y_fu_200                                |   9|          2|    3|          6|
    +----------------------------------------+----+-----------+-----+-----------+
    |Total                                   | 108|         24|   48|         96|
    +----------------------------------------+----+-----------+-----+-----------+

    * Register: 
    +-------------------------+---+----+-----+-----------+
    |           Name          | FF| LUT| Bits| Const Bits|
    +-------------------------+---+----+-----+-----------+
    |ap_CS_fsm                |  1|   0|    1|          0|
    |ap_done_reg              |  1|   0|    1|          0|
    |ap_enable_reg_pp0_iter1  |  1|   0|    1|          0|
    |indvar_flatten12_fu_212  |  8|   0|    8|          0|
    |indvar_flatten_fu_204    |  6|   0|    6|          0|
    |lshr_ln_reg_1534         |  2|   0|    2|          0|
    |select_ln167_1_reg_1526  |  3|   0|    3|          0|
    |select_ln167_reg_1522    |  3|   0|    3|          0|
    |t_fu_208                 |  3|   0|    3|          0|
    |trunc_ln166_reg_1530     |  1|   0|    1|          0|
    |x_fu_196                 |  3|   0|    3|          0|
    |y_fu_200                 |  3|   0|    3|          0|
    +-------------------------+---+----+-----+-----------+
    |Total                    | 35|   0|   35|          0|
    +-------------------------+---+----+-----+-----------+



================================================================
== Interface
================================================================
* Summary: 
+------------------------+-----+-----+------------+-----------------------------------------------------------------+--------------+
|        RTL Ports       | Dir | Bits|  Protocol  |                          Source Object                          |    C Type    |
+------------------------+-----+-----+------------+-----------------------------------------------------------------+--------------+
|ap_clk                  |   in|    1|  ap_ctrl_hs|  edge_correction_Pipeline_INIT_VITIS_LOOP_167_1_VITIS_LOOP_168_2|  return value|
|ap_rst                  |   in|    1|  ap_ctrl_hs|  edge_correction_Pipeline_INIT_VITIS_LOOP_167_1_VITIS_LOOP_168_2|  return value|
|ap_start                |   in|    1|  ap_ctrl_hs|  edge_correction_Pipeline_INIT_VITIS_LOOP_167_1_VITIS_LOOP_168_2|  return value|
|ap_done                 |  out|    1|  ap_ctrl_hs|  edge_correction_Pipeline_INIT_VITIS_LOOP_167_1_VITIS_LOOP_168_2|  return value|
|ap_idle                 |  out|    1|  ap_ctrl_hs|  edge_correction_Pipeline_INIT_VITIS_LOOP_167_1_VITIS_LOOP_168_2|  return value|
|ap_ready                |  out|    1|  ap_ctrl_hs|  edge_correction_Pipeline_INIT_VITIS_LOOP_167_1_VITIS_LOOP_168_2|  return value|
|correction_address0     |  out|    2|   ap_memory|                                                       correction|         array|
|correction_ce0          |  out|    1|   ap_memory|                                                       correction|         array|
|correction_we0          |  out|    1|   ap_memory|                                                       correction|         array|
|correction_d0           |  out|    1|   ap_memory|                                                       correction|         array|
|correction_1_address0   |  out|    2|   ap_memory|                                                     correction_1|         array|
|correction_1_ce0        |  out|    1|   ap_memory|                                                     correction_1|         array|
|correction_1_we0        |  out|    1|   ap_memory|                                                     correction_1|         array|
|correction_1_d0         |  out|    1|   ap_memory|                                                     correction_1|         array|
|correction_2_address0   |  out|    2|   ap_memory|                                                     correction_2|         array|
|correction_2_ce0        |  out|    1|   ap_memory|                                                     correction_2|         array|
|correction_2_we0        |  out|    1|   ap_memory|                                                     correction_2|         array|
|correction_2_d0         |  out|    1|   ap_memory|                                                     correction_2|         array|
|correction_3_address0   |  out|    2|   ap_memory|                                                     correction_3|         array|
|correction_3_ce0        |  out|    1|   ap_memory|                                                     correction_3|         array|
|correction_3_we0        |  out|    1|   ap_memory|                                                     correction_3|         array|
|correction_3_d0         |  out|    1|   ap_memory|                                                     correction_3|         array|
|correction_4_address0   |  out|    2|   ap_memory|                                                     correction_4|         array|
|correction_4_ce0        |  out|    1|   ap_memory|                                                     correction_4|         array|
|correction_4_we0        |  out|    1|   ap_memory|                                                     correction_4|         array|
|correction_4_d0         |  out|    1|   ap_memory|                                                     correction_4|         array|
|correction_5_address0   |  out|    2|   ap_memory|                                                     correction_5|         array|
|correction_5_ce0        |  out|    1|   ap_memory|                                                     correction_5|         array|
|correction_5_we0        |  out|    1|   ap_memory|                                                     correction_5|         array|
|correction_5_d0         |  out|    1|   ap_memory|                                                     correction_5|         array|
|correction_6_address0   |  out|    2|   ap_memory|                                                     correction_6|         array|
|correction_6_ce0        |  out|    1|   ap_memory|                                                     correction_6|         array|
|correction_6_we0        |  out|    1|   ap_memory|                                                     correction_6|         array|
|correction_6_d0         |  out|    1|   ap_memory|                                                     correction_6|         array|
|correction_7_address0   |  out|    2|   ap_memory|                                                     correction_7|         array|
|correction_7_ce0        |  out|    1|   ap_memory|                                                     correction_7|         array|
|correction_7_we0        |  out|    1|   ap_memory|                                                     correction_7|         array|
|correction_7_d0         |  out|    1|   ap_memory|                                                     correction_7|         array|
|correction_8_address0   |  out|    2|   ap_memory|                                                     correction_8|         array|
|correction_8_ce0        |  out|    1|   ap_memory|                                                     correction_8|         array|
|correction_8_we0        |  out|    1|   ap_memory|                                                     correction_8|         array|
|correction_8_d0         |  out|    1|   ap_memory|                                                     correction_8|         array|
|correction_9_address0   |  out|    2|   ap_memory|                                                     correction_9|         array|
|correction_9_ce0        |  out|    1|   ap_memory|                                                     correction_9|         array|
|correction_9_we0        |  out|    1|   ap_memory|                                                     correction_9|         array|
|correction_9_d0         |  out|    1|   ap_memory|                                                     correction_9|         array|
|correction_10_address0  |  out|    2|   ap_memory|                                                    correction_10|         array|
|correction_10_ce0       |  out|    1|   ap_memory|                                                    correction_10|         array|
|correction_10_we0       |  out|    1|   ap_memory|                                                    correction_10|         array|
|correction_10_d0        |  out|    1|   ap_memory|                                                    correction_10|         array|
|correction_11_address0  |  out|    2|   ap_memory|                                                    correction_11|         array|
|correction_11_ce0       |  out|    1|   ap_memory|                                                    correction_11|         array|
|correction_11_we0       |  out|    1|   ap_memory|                                                    correction_11|         array|
|correction_11_d0        |  out|    1|   ap_memory|                                                    correction_11|         array|
|correction_12_address0  |  out|    2|   ap_memory|                                                    correction_12|         array|
|correction_12_ce0       |  out|    1|   ap_memory|                                                    correction_12|         array|
|correction_12_we0       |  out|    1|   ap_memory|                                                    correction_12|         array|
|correction_12_d0        |  out|    1|   ap_memory|                                                    correction_12|         array|
|correction_13_address0  |  out|    2|   ap_memory|                                                    correction_13|         array|
|correction_13_ce0       |  out|    1|   ap_memory|                                                    correction_13|         array|
|correction_13_we0       |  out|    1|   ap_memory|                                                    correction_13|         array|
|correction_13_d0        |  out|    1|   ap_memory|                                                    correction_13|         array|
|correction_14_address0  |  out|    2|   ap_memory|                                                    correction_14|         array|
|correction_14_ce0       |  out|    1|   ap_memory|                                                    correction_14|         array|
|correction_14_we0       |  out|    1|   ap_memory|                                                    correction_14|         array|
|correction_14_d0        |  out|    1|   ap_memory|                                                    correction_14|         array|
|correction_15_address0  |  out|    2|   ap_memory|                                                    correction_15|         array|
|correction_15_ce0       |  out|    1|   ap_memory|                                                    correction_15|         array|
|correction_15_we0       |  out|    1|   ap_memory|                                                    correction_15|         array|
|correction_15_d0        |  out|    1|   ap_memory|                                                    correction_15|         array|
|correction_16_address0  |  out|    2|   ap_memory|                                                    correction_16|         array|
|correction_16_ce0       |  out|    1|   ap_memory|                                                    correction_16|         array|
|correction_16_we0       |  out|    1|   ap_memory|                                                    correction_16|         array|
|correction_16_d0        |  out|    1|   ap_memory|                                                    correction_16|         array|
|correction_17_address0  |  out|    2|   ap_memory|                                                    correction_17|         array|
|correction_17_ce0       |  out|    1|   ap_memory|                                                    correction_17|         array|
|correction_17_we0       |  out|    1|   ap_memory|                                                    correction_17|         array|
|correction_17_d0        |  out|    1|   ap_memory|                                                    correction_17|         array|
|correction_18_address0  |  out|    2|   ap_memory|                                                    correction_18|         array|
|correction_18_ce0       |  out|    1|   ap_memory|                                                    correction_18|         array|
|correction_18_we0       |  out|    1|   ap_memory|                                                    correction_18|         array|
|correction_18_d0        |  out|    1|   ap_memory|                                                    correction_18|         array|
|correction_19_address0  |  out|    2|   ap_memory|                                                    correction_19|         array|
|correction_19_ce0       |  out|    1|   ap_memory|                                                    correction_19|         array|
|correction_19_we0       |  out|    1|   ap_memory|                                                    correction_19|         array|
|correction_19_d0        |  out|    1|   ap_memory|                                                    correction_19|         array|
|correction_20_address0  |  out|    2|   ap_memory|                                                    correction_20|         array|
|correction_20_ce0       |  out|    1|   ap_memory|                                                    correction_20|         array|
|correction_20_we0       |  out|    1|   ap_memory|                                                    correction_20|         array|
|correction_20_d0        |  out|    1|   ap_memory|                                                    correction_20|         array|
|correction_21_address0  |  out|    2|   ap_memory|                                                    correction_21|         array|
|correction_21_ce0       |  out|    1|   ap_memory|                                                    correction_21|         array|
|correction_21_we0       |  out|    1|   ap_memory|                                                    correction_21|         array|
|correction_21_d0        |  out|    1|   ap_memory|                                                    correction_21|         array|
|correction_22_address0  |  out|    2|   ap_memory|                                                    correction_22|         array|
|correction_22_ce0       |  out|    1|   ap_memory|                                                    correction_22|         array|
|correction_22_we0       |  out|    1|   ap_memory|                                                    correction_22|         array|
|correction_22_d0        |  out|    1|   ap_memory|                                                    correction_22|         array|
|correction_23_address0  |  out|    2|   ap_memory|                                                    correction_23|         array|
|correction_23_ce0       |  out|    1|   ap_memory|                                                    correction_23|         array|
|correction_23_we0       |  out|    1|   ap_memory|                                                    correction_23|         array|
|correction_23_d0        |  out|    1|   ap_memory|                                                    correction_23|         array|
|correction_24_address0  |  out|    2|   ap_memory|                                                    correction_24|         array|
|correction_24_ce0       |  out|    1|   ap_memory|                                                    correction_24|         array|
|correction_24_we0       |  out|    1|   ap_memory|                                                    correction_24|         array|
|correction_24_d0        |  out|    1|   ap_memory|                                                    correction_24|         array|
|correction_25_address0  |  out|    2|   ap_memory|                                                    correction_25|         array|
|correction_25_ce0       |  out|    1|   ap_memory|                                                    correction_25|         array|
|correction_25_we0       |  out|    1|   ap_memory|                                                    correction_25|         array|
|correction_25_d0        |  out|    1|   ap_memory|                                                    correction_25|         array|
|correction_26_address0  |  out|    2|   ap_memory|                                                    correction_26|         array|
|correction_26_ce0       |  out|    1|   ap_memory|                                                    correction_26|         array|
|correction_26_we0       |  out|    1|   ap_memory|                                                    correction_26|         array|
|correction_26_d0        |  out|    1|   ap_memory|                                                    correction_26|         array|
|correction_27_address0  |  out|    2|   ap_memory|                                                    correction_27|         array|
|correction_27_ce0       |  out|    1|   ap_memory|                                                    correction_27|         array|
|correction_27_we0       |  out|    1|   ap_memory|                                                    correction_27|         array|
|correction_27_d0        |  out|    1|   ap_memory|                                                    correction_27|         array|
|correction_28_address0  |  out|    2|   ap_memory|                                                    correction_28|         array|
|correction_28_ce0       |  out|    1|   ap_memory|                                                    correction_28|         array|
|correction_28_we0       |  out|    1|   ap_memory|                                                    correction_28|         array|
|correction_28_d0        |  out|    1|   ap_memory|                                                    correction_28|         array|
|correction_29_address0  |  out|    2|   ap_memory|                                                    correction_29|         array|
|correction_29_ce0       |  out|    1|   ap_memory|                                                    correction_29|         array|
|correction_29_we0       |  out|    1|   ap_memory|                                                    correction_29|         array|
|correction_29_d0        |  out|    1|   ap_memory|                                                    correction_29|         array|
|correction_30_address0  |  out|    2|   ap_memory|                                                    correction_30|         array|
|correction_30_ce0       |  out|    1|   ap_memory|                                                    correction_30|         array|
|correction_30_we0       |  out|    1|   ap_memory|                                                    correction_30|         array|
|correction_30_d0        |  out|    1|   ap_memory|                                                    correction_30|         array|
|correction_31_address0  |  out|    2|   ap_memory|                                                    correction_31|         array|
|correction_31_ce0       |  out|    1|   ap_memory|                                                    correction_31|         array|
|correction_31_we0       |  out|    1|   ap_memory|                                                    correction_31|         array|
|correction_31_d0        |  out|    1|   ap_memory|                                                    correction_31|         array|
|correction_32_address0  |  out|    2|   ap_memory|                                                    correction_32|         array|
|correction_32_ce0       |  out|    1|   ap_memory|                                                    correction_32|         array|
|correction_32_we0       |  out|    1|   ap_memory|                                                    correction_32|         array|
|correction_32_d0        |  out|    1|   ap_memory|                                                    correction_32|         array|
|correction_33_address0  |  out|    2|   ap_memory|                                                    correction_33|         array|
|correction_33_ce0       |  out|    1|   ap_memory|                                                    correction_33|         array|
|correction_33_we0       |  out|    1|   ap_memory|                                                    correction_33|         array|
|correction_33_d0        |  out|    1|   ap_memory|                                                    correction_33|         array|
|correction_34_address0  |  out|    2|   ap_memory|                                                    correction_34|         array|
|correction_34_ce0       |  out|    1|   ap_memory|                                                    correction_34|         array|
|correction_34_we0       |  out|    1|   ap_memory|                                                    correction_34|         array|
|correction_34_d0        |  out|    1|   ap_memory|                                                    correction_34|         array|
|correction_35_address0  |  out|    2|   ap_memory|                                                    correction_35|         array|
|correction_35_ce0       |  out|    1|   ap_memory|                                                    correction_35|         array|
|correction_35_we0       |  out|    1|   ap_memory|                                                    correction_35|         array|
|correction_35_d0        |  out|    1|   ap_memory|                                                    correction_35|         array|
|correction_36_address0  |  out|    2|   ap_memory|                                                    correction_36|         array|
|correction_36_ce0       |  out|    1|   ap_memory|                                                    correction_36|         array|
|correction_36_we0       |  out|    1|   ap_memory|                                                    correction_36|         array|
|correction_36_d0        |  out|    1|   ap_memory|                                                    correction_36|         array|
|correction_37_address0  |  out|    2|   ap_memory|                                                    correction_37|         array|
|correction_37_ce0       |  out|    1|   ap_memory|                                                    correction_37|         array|
|correction_37_we0       |  out|    1|   ap_memory|                                                    correction_37|         array|
|correction_37_d0        |  out|    1|   ap_memory|                                                    correction_37|         array|
|correction_38_address0  |  out|    2|   ap_memory|                                                    correction_38|         array|
|correction_38_ce0       |  out|    1|   ap_memory|                                                    correction_38|         array|
|correction_38_we0       |  out|    1|   ap_memory|                                                    correction_38|         array|
|correction_38_d0        |  out|    1|   ap_memory|                                                    correction_38|         array|
|correction_39_address0  |  out|    2|   ap_memory|                                                    correction_39|         array|
|correction_39_ce0       |  out|    1|   ap_memory|                                                    correction_39|         array|
|correction_39_we0       |  out|    1|   ap_memory|                                                    correction_39|         array|
|correction_39_d0        |  out|    1|   ap_memory|                                                    correction_39|         array|
|correction_40_address0  |  out|    2|   ap_memory|                                                    correction_40|         array|
|correction_40_ce0       |  out|    1|   ap_memory|                                                    correction_40|         array|
|correction_40_we0       |  out|    1|   ap_memory|                                                    correction_40|         array|
|correction_40_d0        |  out|    1|   ap_memory|                                                    correction_40|         array|
|correction_41_address0  |  out|    2|   ap_memory|                                                    correction_41|         array|
|correction_41_ce0       |  out|    1|   ap_memory|                                                    correction_41|         array|
|correction_41_we0       |  out|    1|   ap_memory|                                                    correction_41|         array|
|correction_41_d0        |  out|    1|   ap_memory|                                                    correction_41|         array|
|correction_42_address0  |  out|    2|   ap_memory|                                                    correction_42|         array|
|correction_42_ce0       |  out|    1|   ap_memory|                                                    correction_42|         array|
|correction_42_we0       |  out|    1|   ap_memory|                                                    correction_42|         array|
|correction_42_d0        |  out|    1|   ap_memory|                                                    correction_42|         array|
|correction_43_address0  |  out|    2|   ap_memory|                                                    correction_43|         array|
|correction_43_ce0       |  out|    1|   ap_memory|                                                    correction_43|         array|
|correction_43_we0       |  out|    1|   ap_memory|                                                    correction_43|         array|
|correction_43_d0        |  out|    1|   ap_memory|                                                    correction_43|         array|
|correction_44_address0  |  out|    2|   ap_memory|                                                    correction_44|         array|
|correction_44_ce0       |  out|    1|   ap_memory|                                                    correction_44|         array|
|correction_44_we0       |  out|    1|   ap_memory|                                                    correction_44|         array|
|correction_44_d0        |  out|    1|   ap_memory|                                                    correction_44|         array|
|correction_45_address0  |  out|    2|   ap_memory|                                                    correction_45|         array|
|correction_45_ce0       |  out|    1|   ap_memory|                                                    correction_45|         array|
|correction_45_we0       |  out|    1|   ap_memory|                                                    correction_45|         array|
|correction_45_d0        |  out|    1|   ap_memory|                                                    correction_45|         array|
|correction_46_address0  |  out|    2|   ap_memory|                                                    correction_46|         array|
|correction_46_ce0       |  out|    1|   ap_memory|                                                    correction_46|         array|
|correction_46_we0       |  out|    1|   ap_memory|                                                    correction_46|         array|
|correction_46_d0        |  out|    1|   ap_memory|                                                    correction_46|         array|
|correction_47_address0  |  out|    2|   ap_memory|                                                    correction_47|         array|
|correction_47_ce0       |  out|    1|   ap_memory|                                                    correction_47|         array|
|correction_47_we0       |  out|    1|   ap_memory|                                                    correction_47|         array|
|correction_47_d0        |  out|    1|   ap_memory|                                                    correction_47|         array|
|correction_48_address0  |  out|    2|   ap_memory|                                                    correction_48|         array|
|correction_48_ce0       |  out|    1|   ap_memory|                                                    correction_48|         array|
|correction_48_we0       |  out|    1|   ap_memory|                                                    correction_48|         array|
|correction_48_d0        |  out|    1|   ap_memory|                                                    correction_48|         array|
|correction_49_address0  |  out|    2|   ap_memory|                                                    correction_49|         array|
|correction_49_ce0       |  out|    1|   ap_memory|                                                    correction_49|         array|
|correction_49_we0       |  out|    1|   ap_memory|                                                    correction_49|         array|
|correction_49_d0        |  out|    1|   ap_memory|                                                    correction_49|         array|
|correction_50_address0  |  out|    2|   ap_memory|                                                    correction_50|         array|
|correction_50_ce0       |  out|    1|   ap_memory|                                                    correction_50|         array|
|correction_50_we0       |  out|    1|   ap_memory|                                                    correction_50|         array|
|correction_50_d0        |  out|    1|   ap_memory|                                                    correction_50|         array|
|correction_51_address0  |  out|    2|   ap_memory|                                                    correction_51|         array|
|correction_51_ce0       |  out|    1|   ap_memory|                                                    correction_51|         array|
|correction_51_we0       |  out|    1|   ap_memory|                                                    correction_51|         array|
|correction_51_d0        |  out|    1|   ap_memory|                                                    correction_51|         array|
|correction_52_address0  |  out|    2|   ap_memory|                                                    correction_52|         array|
|correction_52_ce0       |  out|    1|   ap_memory|                                                    correction_52|         array|
|correction_52_we0       |  out|    1|   ap_memory|                                                    correction_52|         array|
|correction_52_d0        |  out|    1|   ap_memory|                                                    correction_52|         array|
|correction_53_address0  |  out|    2|   ap_memory|                                                    correction_53|         array|
|correction_53_ce0       |  out|    1|   ap_memory|                                                    correction_53|         array|
|correction_53_we0       |  out|    1|   ap_memory|                                                    correction_53|         array|
|correction_53_d0        |  out|    1|   ap_memory|                                                    correction_53|         array|
|correction_54_address0  |  out|    2|   ap_memory|                                                    correction_54|         array|
|correction_54_ce0       |  out|    1|   ap_memory|                                                    correction_54|         array|
|correction_54_we0       |  out|    1|   ap_memory|                                                    correction_54|         array|
|correction_54_d0        |  out|    1|   ap_memory|                                                    correction_54|         array|
|correction_55_address0  |  out|    2|   ap_memory|                                                    correction_55|         array|
|correction_55_ce0       |  out|    1|   ap_memory|                                                    correction_55|         array|
|correction_55_we0       |  out|    1|   ap_memory|                                                    correction_55|         array|
|correction_55_d0        |  out|    1|   ap_memory|                                                    correction_55|         array|
|correction_56_address0  |  out|    2|   ap_memory|                                                    correction_56|         array|
|correction_56_ce0       |  out|    1|   ap_memory|                                                    correction_56|         array|
|correction_56_we0       |  out|    1|   ap_memory|                                                    correction_56|         array|
|correction_56_d0        |  out|    1|   ap_memory|                                                    correction_56|         array|
|correction_57_address0  |  out|    2|   ap_memory|                                                    correction_57|         array|
|correction_57_ce0       |  out|    1|   ap_memory|                                                    correction_57|         array|
|correction_57_we0       |  out|    1|   ap_memory|                                                    correction_57|         array|
|correction_57_d0        |  out|    1|   ap_memory|                                                    correction_57|         array|
|correction_58_address0  |  out|    2|   ap_memory|                                                    correction_58|         array|
|correction_58_ce0       |  out|    1|   ap_memory|                                                    correction_58|         array|
|correction_58_we0       |  out|    1|   ap_memory|                                                    correction_58|         array|
|correction_58_d0        |  out|    1|   ap_memory|                                                    correction_58|         array|
|correction_59_address0  |  out|    2|   ap_memory|                                                    correction_59|         array|
|correction_59_ce0       |  out|    1|   ap_memory|                                                    correction_59|         array|
|correction_59_we0       |  out|    1|   ap_memory|                                                    correction_59|         array|
|correction_59_d0        |  out|    1|   ap_memory|                                                    correction_59|         array|
|correction_60_address0  |  out|    2|   ap_memory|                                                    correction_60|         array|
|correction_60_ce0       |  out|    1|   ap_memory|                                                    correction_60|         array|
|correction_60_we0       |  out|    1|   ap_memory|                                                    correction_60|         array|
|correction_60_d0        |  out|    1|   ap_memory|                                                    correction_60|         array|
|correction_61_address0  |  out|    2|   ap_memory|                                                    correction_61|         array|
|correction_61_ce0       |  out|    1|   ap_memory|                                                    correction_61|         array|
|correction_61_we0       |  out|    1|   ap_memory|                                                    correction_61|         array|
|correction_61_d0        |  out|    1|   ap_memory|                                                    correction_61|         array|
|correction_62_address0  |  out|    2|   ap_memory|                                                    correction_62|         array|
|correction_62_ce0       |  out|    1|   ap_memory|                                                    correction_62|         array|
|correction_62_we0       |  out|    1|   ap_memory|                                                    correction_62|         array|
|correction_62_d0        |  out|    1|   ap_memory|                                                    correction_62|         array|
|correction_63_address0  |  out|    2|   ap_memory|                                                    correction_63|         array|
|correction_63_ce0       |  out|    1|   ap_memory|                                                    correction_63|         array|
|correction_63_we0       |  out|    1|   ap_memory|                                                    correction_63|         array|
|correction_63_d0        |  out|    1|   ap_memory|                                                    correction_63|         array|
|correction_64_address0  |  out|    2|   ap_memory|                                                    correction_64|         array|
|correction_64_ce0       |  out|    1|   ap_memory|                                                    correction_64|         array|
|correction_64_we0       |  out|    1|   ap_memory|                                                    correction_64|         array|
|correction_64_d0        |  out|    1|   ap_memory|                                                    correction_64|         array|
|correction_65_address0  |  out|    2|   ap_memory|                                                    correction_65|         array|
|correction_65_ce0       |  out|    1|   ap_memory|                                                    correction_65|         array|
|correction_65_we0       |  out|    1|   ap_memory|                                                    correction_65|         array|
|correction_65_d0        |  out|    1|   ap_memory|                                                    correction_65|         array|
|correction_66_address0  |  out|    2|   ap_memory|                                                    correction_66|         array|
|correction_66_ce0       |  out|    1|   ap_memory|                                                    correction_66|         array|
|correction_66_we0       |  out|    1|   ap_memory|                                                    correction_66|         array|
|correction_66_d0        |  out|    1|   ap_memory|                                                    correction_66|         array|
|correction_67_address0  |  out|    2|   ap_memory|                                                    correction_67|         array|
|correction_67_ce0       |  out|    1|   ap_memory|                                                    correction_67|         array|
|correction_67_we0       |  out|    1|   ap_memory|                                                    correction_67|         array|
|correction_67_d0        |  out|    1|   ap_memory|                                                    correction_67|         array|
|correction_68_address0  |  out|    2|   ap_memory|                                                    correction_68|         array|
|correction_68_ce0       |  out|    1|   ap_memory|                                                    correction_68|         array|
|correction_68_we0       |  out|    1|   ap_memory|                                                    correction_68|         array|
|correction_68_d0        |  out|    1|   ap_memory|                                                    correction_68|         array|
|correction_69_address0  |  out|    2|   ap_memory|                                                    correction_69|         array|
|correction_69_ce0       |  out|    1|   ap_memory|                                                    correction_69|         array|
|correction_69_we0       |  out|    1|   ap_memory|                                                    correction_69|         array|
|correction_69_d0        |  out|    1|   ap_memory|                                                    correction_69|         array|
|correction_70_address0  |  out|    2|   ap_memory|                                                    correction_70|         array|
|correction_70_ce0       |  out|    1|   ap_memory|                                                    correction_70|         array|
|correction_70_we0       |  out|    1|   ap_memory|                                                    correction_70|         array|
|correction_70_d0        |  out|    1|   ap_memory|                                                    correction_70|         array|
|correction_71_address0  |  out|    2|   ap_memory|                                                    correction_71|         array|
|correction_71_ce0       |  out|    1|   ap_memory|                                                    correction_71|         array|
|correction_71_we0       |  out|    1|   ap_memory|                                                    correction_71|         array|
|correction_71_d0        |  out|    1|   ap_memory|                                                    correction_71|         array|
+------------------------+-----+-----+------------+-----------------------------------------------------------------+--------------+

