

================================================================
== Vitis HLS Report for 'edge_correction'
================================================================
* Date:           Thu Sep  3 17:11:07 2026

* Version:        2023.2 (Build 4023990 on Oct 11 2023)
* Project:        predecoder_csynth_proj
* Solution:       solution1 (Vitis Kernel Flow Target)
* Product family: virtexuplusHBM
* Target device:  xcu55c-fsvh2892-2L-e


================================================================
== Performance Estimates
================================================================
+ Timing: 
    * Summary: 
    +--------+---------+----------+------------+
    |  Clock |  Target | Estimated| Uncertainty|
    +--------+---------+----------+------------+
    |ap_clk  |  3.33 ns|  2.608 ns|     0.90 ns|
    +--------+---------+----------+------------+

+ Latency: 
    * Summary: 
    +---------+---------+-----------+-----------+-------+-------+---------+
    |  Latency (cycles) |   Latency (absolute)  |    Interval   | Pipeline|
    |   min   |   max   |    min    |    max    |  min  |  max  |   Type  |
    +---------+---------+-----------+-----------+-------+-------+---------+
    |    12782|    12782|  42.564 us|  42.564 us|  12782|  12782|       no|
    +---------+---------+-----------+-----------+-------+-------+---------+

    + Detail: 
        * Instance: 
        +----------------------------------------------------------------------------------------+-----------------------------------------------------------------------------+---------+---------+-----------+-----------+-------+-------+---------+
        |                                                                                        |                                                                             |  Latency (cycles) |   Latency (absolute)  |    Interval   | Pipeline|
        |                                        Instance                                        |                                    Module                                   |   min   |   max   |    min    |    max    |  min  |  max  |   Type  |
        +----------------------------------------------------------------------------------------+-----------------------------------------------------------------------------+---------+---------+-----------+-----------+-------+-------+---------+
        |grp_edge_correction_Pipeline_INIT_VITIS_LOOP_167_1_VITIS_LOOP_168_2_fu_354              |edge_correction_Pipeline_INIT_VITIS_LOOP_167_1_VITIS_LOOP_168_2              |      218|      218|   0.726 us|   0.726 us|    218|    218|       no|
        |grp_edge_correction_Pipeline_EC_LOOP_VITIS_LOOP_174_3_VITIS_LOOP_175_4_fu_502           |edge_correction_Pipeline_EC_LOOP_VITIS_LOOP_174_3_VITIS_LOOP_175_4           |    12340|    12340|  41.092 us|  41.092 us|  12340|  12340|       no|
        |grp_edge_correction_Pipeline_VITIS_LOOP_213_5_VITIS_LOOP_214_6_VITIS_LOOP_215_7_fu_613  |edge_correction_Pipeline_VITIS_LOOP_213_5_VITIS_LOOP_214_6_VITIS_LOOP_215_7  |      218|      218|   0.726 us|   0.726 us|    218|    218|       no|
        +----------------------------------------------------------------------------------------+-----------------------------------------------------------------------------+---------+---------+-----------+-----------+-------+-------+---------+

        * Loop: 
        N/A



================================================================
== Utilization Estimates
================================================================
* Summary: 
+---------------------+---------+------+---------+---------+-----+
|         Name        | BRAM_18K|  DSP |    FF   |   LUT   | URAM|
+---------------------+---------+------+---------+---------+-----+
|DSP                  |        -|     -|        -|        -|    -|
|Expression           |        -|     -|        0|        2|    -|
|FIFO                 |        -|     -|        -|        -|    -|
|Instance             |        0|    29|   128190|   130861|    -|
|Memory               |        0|     -|      144|      216|    0|
|Multiplexer          |        -|     -|        -|     6253|    -|
|Register             |        -|     -|       11|        -|    -|
+---------------------+---------+------+---------+---------+-----+
|Total                |        0|    29|   128345|   137332|    0|
+---------------------+---------+------+---------+---------+-----+
|Available SLR        |     1344|  3008|   869120|   434560|  320|
+---------------------+---------+------+---------+---------+-----+
|Utilization SLR (%)  |        0|    ~0|       14|       31|    0|
+---------------------+---------+------+---------+---------+-----+
|Available            |     4032|  9024|  2607360|  1303680|  960|
+---------------------+---------+------+---------+---------+-----+
|Utilization (%)      |        0|    ~0|        4|       10|    0|
+---------------------+---------+------+---------+---------+-----+

+ Detail: 
    * Instance: 
    +----------------------------------------------------------------------------------------+-----------------------------------------------------------------------------+---------+----+--------+--------+-----+
    |                                        Instance                                        |                                    Module                                   | BRAM_18K| DSP|   FF   |   LUT  | URAM|
    +----------------------------------------------------------------------------------------+-----------------------------------------------------------------------------+---------+----+--------+--------+-----+
    |grp_edge_correction_Pipeline_EC_LOOP_VITIS_LOOP_174_3_VITIS_LOOP_175_4_fu_502           |edge_correction_Pipeline_EC_LOOP_VITIS_LOOP_174_3_VITIS_LOOP_175_4           |        0|  29|  127607|  129888|    0|
    |grp_edge_correction_Pipeline_INIT_VITIS_LOOP_167_1_VITIS_LOOP_168_2_fu_354              |edge_correction_Pipeline_INIT_VITIS_LOOP_167_1_VITIS_LOOP_168_2              |        0|   0|      35|     230|    0|
    |grp_edge_correction_Pipeline_VITIS_LOOP_213_5_VITIS_LOOP_214_6_VITIS_LOOP_215_7_fu_613  |edge_correction_Pipeline_VITIS_LOOP_213_5_VITIS_LOOP_214_6_VITIS_LOOP_215_7  |        0|   0|     548|     743|    0|
    +----------------------------------------------------------------------------------------+-----------------------------------------------------------------------------+---------+----+--------+--------+-----+
    |Total                                                                                   |                                                                             |        0|  29|  128190|  130861|    0|
    +----------------------------------------------------------------------------------------+-----------------------------------------------------------------------------+---------+----+--------+--------+-----+

    * DSP: 
    N/A

    * Memory: 
    +-----------------+------------------------------------------+---------+---+----+-----+------+-----+------+-------------+
    |      Memory     |                  Module                  | BRAM_18K| FF| LUT| URAM| Words| Bits| Banks| W*Bits*Banks|
    +-----------------+------------------------------------------+---------+---+----+-----+------+-----+------+-------------+
    |correction_U     |edge_correction_correction_RAM_AUTO_1R1W  |        0|  2|   3|    0|     3|    1|     1|            3|
    |correction_1_U   |edge_correction_correction_RAM_AUTO_1R1W  |        0|  2|   3|    0|     3|    1|     1|            3|
    |correction_2_U   |edge_correction_correction_RAM_AUTO_1R1W  |        0|  2|   3|    0|     3|    1|     1|            3|
    |correction_3_U   |edge_correction_correction_RAM_AUTO_1R1W  |        0|  2|   3|    0|     3|    1|     1|            3|
    |correction_4_U   |edge_correction_correction_RAM_AUTO_1R1W  |        0|  2|   3|    0|     3|    1|     1|            3|
    |correction_5_U   |edge_correction_correction_RAM_AUTO_1R1W  |        0|  2|   3|    0|     3|    1|     1|            3|
    |correction_6_U   |edge_correction_correction_RAM_AUTO_1R1W  |        0|  2|   3|    0|     3|    1|     1|            3|
    |correction_7_U   |edge_correction_correction_RAM_AUTO_1R1W  |        0|  2|   3|    0|     3|    1|     1|            3|
    |correction_8_U   |edge_correction_correction_RAM_AUTO_1R1W  |        0|  2|   3|    0|     3|    1|     1|            3|
    |correction_9_U   |edge_correction_correction_RAM_AUTO_1R1W  |        0|  2|   3|    0|     3|    1|     1|            3|
    |correction_10_U  |edge_correction_correction_RAM_AUTO_1R1W  |        0|  2|   3|    0|     3|    1|     1|            3|
    |correction_11_U  |edge_correction_correction_RAM_AUTO_1R1W  |        0|  2|   3|    0|     3|    1|     1|            3|
    |correction_12_U  |edge_correction_correction_RAM_AUTO_1R1W  |        0|  2|   3|    0|     3|    1|     1|            3|
    |correction_13_U  |edge_correction_correction_RAM_AUTO_1R1W  |        0|  2|   3|    0|     3|    1|     1|            3|
    |correction_14_U  |edge_correction_correction_RAM_AUTO_1R1W  |        0|  2|   3|    0|     3|    1|     1|            3|
    |correction_15_U  |edge_correction_correction_RAM_AUTO_1R1W  |        0|  2|   3|    0|     3|    1|     1|            3|
    |correction_16_U  |edge_correction_correction_RAM_AUTO_1R1W  |        0|  2|   3|    0|     3|    1|     1|            3|
    |correction_17_U  |edge_correction_correction_RAM_AUTO_1R1W  |        0|  2|   3|    0|     3|    1|     1|            3|
    |correction_18_U  |edge_correction_correction_RAM_AUTO_1R1W  |        0|  2|   3|    0|     3|    1|     1|            3|
    |correction_19_U  |edge_correction_correction_RAM_AUTO_1R1W  |        0|  2|   3|    0|     3|    1|     1|            3|
    |correction_20_U  |edge_correction_correction_RAM_AUTO_1R1W  |        0|  2|   3|    0|     3|    1|     1|            3|
    |correction_21_U  |edge_correction_correction_RAM_AUTO_1R1W  |        0|  2|   3|    0|     3|    1|     1|            3|
    |correction_22_U  |edge_correction_correction_RAM_AUTO_1R1W  |        0|  2|   3|    0|     3|    1|     1|            3|
    |correction_23_U  |edge_correction_correction_RAM_AUTO_1R1W  |        0|  2|   3|    0|     3|    1|     1|            3|
    |correction_24_U  |edge_correction_correction_RAM_AUTO_1R1W  |        0|  2|   3|    0|     3|    1|     1|            3|
    |correction_25_U  |edge_correction_correction_RAM_AUTO_1R1W  |        0|  2|   3|    0|     3|    1|     1|            3|
    |correction_26_U  |edge_correction_correction_RAM_AUTO_1R1W  |        0|  2|   3|    0|     3|    1|     1|            3|
    |correction_27_U  |edge_correction_correction_RAM_AUTO_1R1W  |        0|  2|   3|    0|     3|    1|     1|            3|
    |correction_28_U  |edge_correction_correction_RAM_AUTO_1R1W  |        0|  2|   3|    0|     3|    1|     1|            3|
    |correction_29_U  |edge_correction_correction_RAM_AUTO_1R1W  |        0|  2|   3|    0|     3|    1|     1|            3|
    |correction_30_U  |edge_correction_correction_RAM_AUTO_1R1W  |        0|  2|   3|    0|     3|    1|     1|            3|
    |correction_31_U  |edge_correction_correction_RAM_AUTO_1R1W  |        0|  2|   3|    0|     3|    1|     1|            3|
    |correction_32_U  |edge_correction_correction_RAM_AUTO_1R1W  |        0|  2|   3|    0|     3|    1|     1|            3|
    |correction_33_U  |edge_correction_correction_RAM_AUTO_1R1W  |        0|  2|   3|    0|     3|    1|     1|            3|
    |correction_34_U  |edge_correction_correction_RAM_AUTO_1R1W  |        0|  2|   3|    0|     3|    1|     1|            3|
    |correction_35_U  |edge_correction_correction_RAM_AUTO_1R1W  |        0|  2|   3|    0|     3|    1|     1|            3|
    |correction_36_U  |edge_correction_correction_RAM_AUTO_1R1W  |        0|  2|   3|    0|     3|    1|     1|            3|
    |correction_37_U  |edge_correction_correction_RAM_AUTO_1R1W  |        0|  2|   3|    0|     3|    1|     1|            3|
    |correction_38_U  |edge_correction_correction_RAM_AUTO_1R1W  |        0|  2|   3|    0|     3|    1|     1|            3|
    |correction_39_U  |edge_correction_correction_RAM_AUTO_1R1W  |        0|  2|   3|    0|     3|    1|     1|            3|
    |correction_40_U  |edge_correction_correction_RAM_AUTO_1R1W  |        0|  2|   3|    0|     3|    1|     1|            3|
    |correction_41_U  |edge_correction_correction_RAM_AUTO_1R1W  |        0|  2|   3|    0|     3|    1|     1|            3|
    |correction_42_U  |edge_correction_correction_RAM_AUTO_1R1W  |        0|  2|   3|    0|     3|    1|     1|            3|
    |correction_43_U  |edge_correction_correction_RAM_AUTO_1R1W  |        0|  2|   3|    0|     3|    1|     1|            3|
    |correction_44_U  |edge_correction_correction_RAM_AUTO_1R1W  |        0|  2|   3|    0|     3|    1|     1|            3|
    |correction_45_U  |edge_correction_correction_RAM_AUTO_1R1W  |        0|  2|   3|    0|     3|    1|     1|            3|
    |correction_46_U  |edge_correction_correction_RAM_AUTO_1R1W  |        0|  2|   3|    0|     3|    1|     1|            3|
    |correction_47_U  |edge_correction_correction_RAM_AUTO_1R1W  |        0|  2|   3|    0|     3|    1|     1|            3|
    |correction_48_U  |edge_correction_correction_RAM_AUTO_1R1W  |        0|  2|   3|    0|     3|    1|     1|            3|
    |correction_49_U  |edge_correction_correction_RAM_AUTO_1R1W  |        0|  2|   3|    0|     3|    1|     1|            3|
    |correction_50_U  |edge_correction_correction_RAM_AUTO_1R1W  |        0|  2|   3|    0|     3|    1|     1|            3|
    |correction_51_U  |edge_correction_correction_RAM_AUTO_1R1W  |        0|  2|   3|    0|     3|    1|     1|            3|
    |correction_52_U  |edge_correction_correction_RAM_AUTO_1R1W  |        0|  2|   3|    0|     3|    1|     1|            3|
    |correction_53_U  |edge_correction_correction_RAM_AUTO_1R1W  |        0|  2|   3|    0|     3|    1|     1|            3|
    |correction_54_U  |edge_correction_correction_RAM_AUTO_1R1W  |        0|  2|   3|    0|     3|    1|     1|            3|
    |correction_55_U  |edge_correction_correction_RAM_AUTO_1R1W  |        0|  2|   3|    0|     3|    1|     1|            3|
    |correction_56_U  |edge_correction_correction_RAM_AUTO_1R1W  |        0|  2|   3|    0|     3|    1|     1|            3|
    |correction_57_U  |edge_correction_correction_RAM_AUTO_1R1W  |        0|  2|   3|    0|     3|    1|     1|            3|
    |correction_58_U  |edge_correction_correction_RAM_AUTO_1R1W  |        0|  2|   3|    0|     3|    1|     1|            3|
    |correction_59_U  |edge_correction_correction_RAM_AUTO_1R1W  |        0|  2|   3|    0|     3|    1|     1|            3|
    |correction_60_U  |edge_correction_correction_RAM_AUTO_1R1W  |        0|  2|   3|    0|     3|    1|     1|            3|
    |correction_61_U  |edge_correction_correction_RAM_AUTO_1R1W  |        0|  2|   3|    0|     3|    1|     1|            3|
    |correction_62_U  |edge_correction_correction_RAM_AUTO_1R1W  |        0|  2|   3|    0|     3|    1|     1|            3|
    |correction_63_U  |edge_correction_correction_RAM_AUTO_1R1W  |        0|  2|   3|    0|     3|    1|     1|            3|
    |correction_64_U  |edge_correction_correction_RAM_AUTO_1R1W  |        0|  2|   3|    0|     3|    1|     1|            3|
    |correction_65_U  |edge_correction_correction_RAM_AUTO_1R1W  |        0|  2|   3|    0|     3|    1|     1|            3|
    |correction_66_U  |edge_correction_correction_RAM_AUTO_1R1W  |        0|  2|   3|    0|     3|    1|     1|            3|
    |correction_67_U  |edge_correction_correction_RAM_AUTO_1R1W  |        0|  2|   3|    0|     3|    1|     1|            3|
    |correction_68_U  |edge_correction_correction_RAM_AUTO_1R1W  |        0|  2|   3|    0|     3|    1|     1|            3|
    |correction_69_U  |edge_correction_correction_RAM_AUTO_1R1W  |        0|  2|   3|    0|     3|    1|     1|            3|
    |correction_70_U  |edge_correction_correction_RAM_AUTO_1R1W  |        0|  2|   3|    0|     3|    1|     1|            3|
    |correction_71_U  |edge_correction_correction_RAM_AUTO_1R1W  |        0|  2|   3|    0|     3|    1|     1|            3|
    +-----------------+------------------------------------------+---------+---+----+-----+------+-----+------+-------------+
    |Total            |                                          |        0|144| 216|    0|   216|   72|    72|          216|
    +-----------------+------------------------------------------+---------+---+----+-----+------+-----+------+-------------+

    * FIFO: 
    N/A

    * Expression: 
    +-----------------+----------+----+---+----+------------+------------+
    |  Variable Name  | Operation| DSP| FF| LUT| Bitwidth P0| Bitwidth P1|
    +-----------------+----------+----+---+----+------------+------------+
    |ap_block_state1  |        or|   0|  0|   2|           1|           1|
    +-----------------+----------+----+---+----+------------+------------+
    |Total            |          |   0|  0|   2|           1|           1|
    +-----------------+----------+----+---+----+------------+------------+

    * Multiplexer: 
    +------------------------+----+-----------+-----+-----------+
    |          Name          | LUT| Input Size| Bits| Total Bits|
    +------------------------+----+-----------+-----+-----------+
    |ap_NS_fsm               |  43|          8|    1|          8|
    |ap_done                 |   9|          2|    1|          2|
    |correction_10_address0  |  20|          4|    2|          8|
    |correction_10_ce0       |  20|          4|    1|          4|
    |correction_10_ce1       |   9|          2|    1|          2|
    |correction_10_d0        |  14|          3|    1|          3|
    |correction_10_we0       |  14|          3|    1|          3|
    |correction_10_we1       |   9|          2|    1|          2|
    |correction_11_address0  |  20|          4|    2|          8|
    |correction_11_ce0       |  20|          4|    1|          4|
    |correction_11_ce1       |   9|          2|    1|          2|
    |correction_11_d0        |  14|          3|    1|          3|
    |correction_11_we0       |  14|          3|    1|          3|
    |correction_11_we1       |   9|          2|    1|          2|
    |correction_12_address0  |  20|          4|    2|          8|
    |correction_12_ce0       |  20|          4|    1|          4|
    |correction_12_ce1       |   9|          2|    1|          2|
    |correction_12_d0        |  14|          3|    1|          3|
    |correction_12_we0       |  14|          3|    1|          3|
    |correction_12_we1       |   9|          2|    1|          2|
    |correction_13_address0  |  20|          4|    2|          8|
    |correction_13_ce0       |  20|          4|    1|          4|
    |correction_13_ce1       |   9|          2|    1|          2|
    |correction_13_d0        |  14|          3|    1|          3|
    |correction_13_we0       |  14|          3|    1|          3|
    |correction_13_we1       |   9|          2|    1|          2|
    |correction_14_address0  |  20|          4|    2|          8|
    |correction_14_ce0       |  20|          4|    1|          4|
    |correction_14_ce1       |   9|          2|    1|          2|
    |correction_14_d0        |  14|          3|    1|          3|
    |correction_14_we0       |  14|          3|    1|          3|
    |correction_14_we1       |   9|          2|    1|          2|
    |correction_15_address0  |  20|          4|    2|          8|
    |correction_15_ce0       |  20|          4|    1|          4|
    |correction_15_ce1       |   9|          2|    1|          2|
    |correction_15_d0        |  14|          3|    1|          3|
    |correction_15_we0       |  14|          3|    1|          3|
    |correction_15_we1       |   9|          2|    1|          2|
    |correction_16_address0  |  20|          4|    2|          8|
    |correction_16_ce0       |  20|          4|    1|          4|
    |correction_16_ce1       |   9|          2|    1|          2|
    |correction_16_d0        |  14|          3|    1|          3|
    |correction_16_we0       |  14|          3|    1|          3|
    |correction_16_we1       |   9|          2|    1|          2|
    |correction_17_address0  |  20|          4|    2|          8|
    |correction_17_ce0       |  20|          4|    1|          4|
    |correction_17_ce1       |   9|          2|    1|          2|
    |correction_17_d0        |  14|          3|    1|          3|
    |correction_17_we0       |  14|          3|    1|          3|
    |correction_17_we1       |   9|          2|    1|          2|
    |correction_18_address0  |  20|          4|    2|          8|
    |correction_18_ce0       |  20|          4|    1|          4|
    |correction_18_ce1       |   9|          2|    1|          2|
    |correction_18_d0        |  14|          3|    1|          3|
    |correction_18_we0       |  14|          3|    1|          3|
    |correction_18_we1       |   9|          2|    1|          2|
    |correction_19_address0  |  20|          4|    2|          8|
    |correction_19_ce0       |  20|          4|    1|          4|
    |correction_19_ce1       |   9|          2|    1|          2|
    |correction_19_d0        |  14|          3|    1|          3|
    |correction_19_we0       |  14|          3|    1|          3|
    |correction_19_we1       |   9|          2|    1|          2|
    |correction_1_address0   |  20|          4|    2|          8|
    |correction_1_ce0        |  20|          4|    1|          4|
    |correction_1_ce1        |   9|          2|    1|          2|
    |correction_1_d0         |  14|          3|    1|          3|
    |correction_1_we0        |  14|          3|    1|          3|
    |correction_1_we1        |   9|          2|    1|          2|
    |correction_20_address0  |  20|          4|    2|          8|
    |correction_20_ce0       |  20|          4|    1|          4|
    |correction_20_ce1       |   9|          2|    1|          2|
    |correction_20_d0        |  14|          3|    1|          3|
    |correction_20_we0       |  14|          3|    1|          3|
    |correction_20_we1       |   9|          2|    1|          2|
    |correction_21_address0  |  20|          4|    2|          8|
    |correction_21_ce0       |  20|          4|    1|          4|
    |correction_21_ce1       |   9|          2|    1|          2|
    |correction_21_d0        |  14|          3|    1|          3|
    |correction_21_we0       |  14|          3|    1|          3|
    |correction_21_we1       |   9|          2|    1|          2|
    |correction_22_address0  |  20|          4|    2|          8|
    |correction_22_ce0       |  20|          4|    1|          4|
    |correction_22_ce1       |   9|          2|    1|          2|
    |correction_22_d0        |  14|          3|    1|          3|
    |correction_22_we0       |  14|          3|    1|          3|
    |correction_22_we1       |   9|          2|    1|          2|
    |correction_23_address0  |  20|          4|    2|          8|
    |correction_23_ce0       |  20|          4|    1|          4|
    |correction_23_ce1       |   9|          2|    1|          2|
    |correction_23_d0        |  14|          3|    1|          3|
    |correction_23_we0       |  14|          3|    1|          3|
    |correction_23_we1       |   9|          2|    1|          2|
    |correction_24_address0  |  20|          4|    2|          8|
    |correction_24_ce0       |  20|          4|    1|          4|
    |correction_24_ce1       |   9|          2|    1|          2|
    |correction_24_d0        |  14|          3|    1|          3|
    |correction_24_we0       |  14|          3|    1|          3|
    |correction_24_we1       |   9|          2|    1|          2|
    |correction_25_address0  |  20|          4|    2|          8|
    |correction_25_ce0       |  20|          4|    1|          4|
    |correction_25_ce1       |   9|          2|    1|          2|
    |correction_25_d0        |  14|          3|    1|          3|
    |correction_25_we0       |  14|          3|    1|          3|
    |correction_25_we1       |   9|          2|    1|          2|
    |correction_26_address0  |  20|          4|    2|          8|
    |correction_26_ce0       |  20|          4|    1|          4|
    |correction_26_ce1       |   9|          2|    1|          2|
    |correction_26_d0        |  14|          3|    1|          3|
    |correction_26_we0       |  14|          3|    1|          3|
    |correction_26_we1       |   9|          2|    1|          2|
    |correction_27_address0  |  20|          4|    2|          8|
    |correction_27_ce0       |  20|          4|    1|          4|
    |correction_27_ce1       |   9|          2|    1|          2|
    |correction_27_d0        |  14|          3|    1|          3|
    |correction_27_we0       |  14|          3|    1|          3|
    |correction_27_we1       |   9|          2|    1|          2|
    |correction_28_address0  |  20|          4|    2|          8|
    |correction_28_ce0       |  20|          4|    1|          4|
    |correction_28_ce1       |   9|          2|    1|          2|
    |correction_28_d0        |  14|          3|    1|          3|
    |correction_28_we0       |  14|          3|    1|          3|
    |correction_28_we1       |   9|          2|    1|          2|
    |correction_29_address0  |  20|          4|    2|          8|
    |correction_29_ce0       |  20|          4|    1|          4|
    |correction_29_ce1       |   9|          2|    1|          2|
    |correction_29_d0        |  14|          3|    1|          3|
    |correction_29_we0       |  14|          3|    1|          3|
    |correction_29_we1       |   9|          2|    1|          2|
    |correction_2_address0   |  20|          4|    2|          8|
    |correction_2_ce0        |  20|          4|    1|          4|
    |correction_2_ce1        |   9|          2|    1|          2|
    |correction_2_d0         |  14|          3|    1|          3|
    |correction_2_we0        |  14|          3|    1|          3|
    |correction_2_we1        |   9|          2|    1|          2|
    |correction_30_address0  |  20|          4|    2|          8|
    |correction_30_ce0       |  20|          4|    1|          4|
    |correction_30_ce1       |   9|          2|    1|          2|
    |correction_30_d0        |  14|          3|    1|          3|
    |correction_30_we0       |  14|          3|    1|          3|
    |correction_30_we1       |   9|          2|    1|          2|
    |correction_31_address0  |  20|          4|    2|          8|
    |correction_31_ce0       |  20|          4|    1|          4|
    |correction_31_ce1       |   9|          2|    1|          2|
    |correction_31_d0        |  14|          3|    1|          3|
    |correction_31_we0       |  14|          3|    1|          3|
    |correction_31_we1       |   9|          2|    1|          2|
    |correction_32_address0  |  20|          4|    2|          8|
    |correction_32_ce0       |  20|          4|    1|          4|
    |correction_32_ce1       |   9|          2|    1|          2|
    |correction_32_d0        |  14|          3|    1|          3|
    |correction_32_we0       |  14|          3|    1|          3|
    |correction_32_we1       |   9|          2|    1|          2|
    |correction_33_address0  |  20|          4|    2|          8|
    |correction_33_ce0       |  20|          4|    1|          4|
    |correction_33_ce1       |   9|          2|    1|          2|
    |correction_33_d0        |  14|          3|    1|          3|
    |correction_33_we0       |  14|          3|    1|          3|
    |correction_33_we1       |   9|          2|    1|          2|
    |correction_34_address0  |  20|          4|    2|          8|
    |correction_34_ce0       |  20|          4|    1|          4|
    |correction_34_ce1       |   9|          2|    1|          2|
    |correction_34_d0        |  14|          3|    1|          3|
    |correction_34_we0       |  14|          3|    1|          3|
    |correction_34_we1       |   9|          2|    1|          2|
    |correction_35_address0  |  20|          4|    2|          8|
    |correction_35_ce0       |  20|          4|    1|          4|
    |correction_35_ce1       |   9|          2|    1|          2|
    |correction_35_d0        |  14|          3|    1|          3|
    |correction_35_we0       |  14|          3|    1|          3|
    |correction_35_we1       |   9|          2|    1|          2|
    |correction_36_address0  |  20|          4|    2|          8|
    |correction_36_ce0       |  20|          4|    1|          4|
    |correction_36_ce1       |   9|          2|    1|          2|
    |correction_36_d0        |  14|          3|    1|          3|
    |correction_36_we0       |  14|          3|    1|          3|
    |correction_36_we1       |   9|          2|    1|          2|
    |correction_37_address0  |  20|          4|    2|          8|
    |correction_37_ce0       |  20|          4|    1|          4|
    |correction_37_ce1       |   9|          2|    1|          2|
    |correction_37_d0        |  14|          3|    1|          3|
    |correction_37_we0       |  14|          3|    1|          3|
    |correction_37_we1       |   9|          2|    1|          2|
    |correction_38_address0  |  20|          4|    2|          8|
    |correction_38_ce0       |  20|          4|    1|          4|
    |correction_38_ce1       |   9|          2|    1|          2|
    |correction_38_d0        |  14|          3|    1|          3|
    |correction_38_we0       |  14|          3|    1|          3|
    |correction_38_we1       |   9|          2|    1|          2|
    |correction_39_address0  |  20|          4|    2|          8|
    |correction_39_ce0       |  20|          4|    1|          4|
    |correction_39_ce1       |   9|          2|    1|          2|
    |correction_39_d0        |  14|          3|    1|          3|
    |correction_39_we0       |  14|          3|    1|          3|
    |correction_39_we1       |   9|          2|    1|          2|
    |correction_3_address0   |  20|          4|    2|          8|
    |correction_3_ce0        |  20|          4|    1|          4|
    |correction_3_ce1        |   9|          2|    1|          2|
    |correction_3_d0         |  14|          3|    1|          3|
    |correction_3_we0        |  14|          3|    1|          3|
    |correction_3_we1        |   9|          2|    1|          2|
    |correction_40_address0  |  20|          4|    2|          8|
    |correction_40_ce0       |  20|          4|    1|          4|
    |correction_40_ce1       |   9|          2|    1|          2|
    |correction_40_d0        |  14|          3|    1|          3|
    |correction_40_we0       |  14|          3|    1|          3|
    |correction_40_we1       |   9|          2|    1|          2|
    |correction_41_address0  |  20|          4|    2|          8|
    |correction_41_ce0       |  20|          4|    1|          4|
    |correction_41_ce1       |   9|          2|    1|          2|
    |correction_41_d0        |  14|          3|    1|          3|
    |correction_41_we0       |  14|          3|    1|          3|
    |correction_41_we1       |   9|          2|    1|          2|
    |correction_42_address0  |  20|          4|    2|          8|
    |correction_42_ce0       |  20|          4|    1|          4|
    |correction_42_ce1       |   9|          2|    1|          2|
    |correction_42_d0        |  14|          3|    1|          3|
    |correction_42_we0       |  14|          3|    1|          3|
    |correction_42_we1       |   9|          2|    1|          2|
    |correction_43_address0  |  20|          4|    2|          8|
    |correction_43_ce0       |  20|          4|    1|          4|
    |correction_43_ce1       |   9|          2|    1|          2|
    |correction_43_d0        |  14|          3|    1|          3|
    |correction_43_we0       |  14|          3|    1|          3|
    |correction_43_we1       |   9|          2|    1|          2|
    |correction_44_address0  |  20|          4|    2|          8|
    |correction_44_ce0       |  20|          4|    1|          4|
    |correction_44_ce1       |   9|          2|    1|          2|
    |correction_44_d0        |  14|          3|    1|          3|
    |correction_44_we0       |  14|          3|    1|          3|
    |correction_44_we1       |   9|          2|    1|          2|
    |correction_45_address0  |  20|          4|    2|          8|
    |correction_45_ce0       |  20|          4|    1|          4|
    |correction_45_ce1       |   9|          2|    1|          2|
    |correction_45_d0        |  14|          3|    1|          3|
    |correction_45_we0       |  14|          3|    1|          3|
    |correction_45_we1       |   9|          2|    1|          2|
    |correction_46_address0  |  20|          4|    2|          8|
    |correction_46_ce0       |  20|          4|    1|          4|
    |correction_46_ce1       |   9|          2|    1|          2|
    |correction_46_d0        |  14|          3|    1|          3|
    |correction_46_we0       |  14|          3|    1|          3|
    |correction_46_we1       |   9|          2|    1|          2|
    |correction_47_address0  |  20|          4|    2|          8|
    |correction_47_ce0       |  20|          4|    1|          4|
    |correction_47_ce1       |   9|          2|    1|          2|
    |correction_47_d0        |  14|          3|    1|          3|
    |correction_47_we0       |  14|          3|    1|          3|
    |correction_47_we1       |   9|          2|    1|          2|
    |correction_48_address0  |  20|          4|    2|          8|
    |correction_48_ce0       |  20|          4|    1|          4|
    |correction_48_ce1       |   9|          2|    1|          2|
    |correction_48_d0        |  14|          3|    1|          3|
    |correction_48_we0       |  14|          3|    1|          3|
    |correction_48_we1       |   9|          2|    1|          2|
    |correction_49_address0  |  20|          4|    2|          8|
    |correction_49_ce0       |  20|          4|    1|          4|
    |correction_49_ce1       |   9|          2|    1|          2|
    |correction_49_d0        |  14|          3|    1|          3|
    |correction_49_we0       |  14|          3|    1|          3|
    |correction_49_we1       |   9|          2|    1|          2|
    |correction_4_address0   |  20|          4|    2|          8|
    |correction_4_ce0        |  20|          4|    1|          4|
    |correction_4_ce1        |   9|          2|    1|          2|
    |correction_4_d0         |  14|          3|    1|          3|
    |correction_4_we0        |  14|          3|    1|          3|
    |correction_4_we1        |   9|          2|    1|          2|
    |correction_50_address0  |  20|          4|    2|          8|
    |correction_50_ce0       |  20|          4|    1|          4|
    |correction_50_ce1       |   9|          2|    1|          2|
    |correction_50_d0        |  14|          3|    1|          3|
    |correction_50_we0       |  14|          3|    1|          3|
    |correction_50_we1       |   9|          2|    1|          2|
    |correction_51_address0  |  20|          4|    2|          8|
    |correction_51_ce0       |  20|          4|    1|          4|
    |correction_51_ce1       |   9|          2|    1|          2|
    |correction_51_d0        |  14|          3|    1|          3|
    |correction_51_we0       |  14|          3|    1|          3|
    |correction_51_we1       |   9|          2|    1|          2|
    |correction_52_address0  |  20|          4|    2|          8|
    |correction_52_ce0       |  20|          4|    1|          4|
    |correction_52_ce1       |   9|          2|    1|          2|
    |correction_52_d0        |  14|          3|    1|          3|
    |correction_52_we0       |  14|          3|    1|          3|
    |correction_52_we1       |   9|          2|    1|          2|
    |correction_53_address0  |  20|          4|    2|          8|
    |correction_53_ce0       |  20|          4|    1|          4|
    |correction_53_ce1       |   9|          2|    1|          2|
    |correction_53_d0        |  14|          3|    1|          3|
    |correction_53_we0       |  14|          3|    1|          3|
    |correction_53_we1       |   9|          2|    1|          2|
    |correction_54_address0  |  20|          4|    2|          8|
    |correction_54_ce0       |  20|          4|    1|          4|
    |correction_54_ce1       |   9|          2|    1|          2|
    |correction_54_d0        |  14|          3|    1|          3|
    |correction_54_we0       |  14|          3|    1|          3|
    |correction_54_we1       |   9|          2|    1|          2|
    |correction_55_address0  |  20|          4|    2|          8|
    |correction_55_ce0       |  20|          4|    1|          4|
    |correction_55_ce1       |   9|          2|    1|          2|
    |correction_55_d0        |  14|          3|    1|          3|
    |correction_55_we0       |  14|          3|    1|          3|
    |correction_55_we1       |   9|          2|    1|          2|
    |correction_56_address0  |  20|          4|    2|          8|
    |correction_56_ce0       |  20|          4|    1|          4|
    |correction_56_ce1       |   9|          2|    1|          2|
    |correction_56_d0        |  14|          3|    1|          3|
    |correction_56_we0       |  14|          3|    1|          3|
    |correction_56_we1       |   9|          2|    1|          2|
    |correction_57_address0  |  20|          4|    2|          8|
    |correction_57_ce0       |  20|          4|    1|          4|
    |correction_57_ce1       |   9|          2|    1|          2|
    |correction_57_d0        |  14|          3|    1|          3|
    |correction_57_we0       |  14|          3|    1|          3|
    |correction_57_we1       |   9|          2|    1|          2|
    |correction_58_address0  |  20|          4|    2|          8|
    |correction_58_ce0       |  20|          4|    1|          4|
    |correction_58_ce1       |   9|          2|    1|          2|
    |correction_58_d0        |  14|          3|    1|          3|
    |correction_58_we0       |  14|          3|    1|          3|
    |correction_58_we1       |   9|          2|    1|          2|
    |correction_59_address0  |  20|          4|    2|          8|
    |correction_59_ce0       |  20|          4|    1|          4|
    |correction_59_ce1       |   9|          2|    1|          2|
    |correction_59_d0        |  14|          3|    1|          3|
    |correction_59_we0       |  14|          3|    1|          3|
    |correction_59_we1       |   9|          2|    1|          2|
    |correction_5_address0   |  20|          4|    2|          8|
    |correction_5_ce0        |  20|          4|    1|          4|
    |correction_5_ce1        |   9|          2|    1|          2|
    |correction_5_d0         |  14|          3|    1|          3|
    |correction_5_we0        |  14|          3|    1|          3|
    |correction_5_we1        |   9|          2|    1|          2|
    |correction_60_address0  |  20|          4|    2|          8|
    |correction_60_ce0       |  20|          4|    1|          4|
    |correction_60_ce1       |   9|          2|    1|          2|
    |correction_60_d0        |  14|          3|    1|          3|
    |correction_60_we0       |  14|          3|    1|          3|
    |correction_60_we1       |   9|          2|    1|          2|
    |correction_61_address0  |  20|          4|    2|          8|
    |correction_61_ce0       |  20|          4|    1|          4|
    |correction_61_ce1       |   9|          2|    1|          2|
    |correction_61_d0        |  14|          3|    1|          3|
    |correction_61_we0       |  14|          3|    1|          3|
    |correction_61_we1       |   9|          2|    1|          2|
    |correction_62_address0  |  20|          4|    2|          8|
    |correction_62_ce0       |  20|          4|    1|          4|
    |correction_62_ce1       |   9|          2|    1|          2|
    |correction_62_d0        |  14|          3|    1|          3|
    |correction_62_we0       |  14|          3|    1|          3|
    |correction_62_we1       |   9|          2|    1|          2|
    |correction_63_address0  |  20|          4|    2|          8|
    |correction_63_ce0       |  20|          4|    1|          4|
    |correction_63_ce1       |   9|          2|    1|          2|
    |correction_63_d0        |  14|          3|    1|          3|
    |correction_63_we0       |  14|          3|    1|          3|
    |correction_63_we1       |   9|          2|    1|          2|
    |correction_64_address0  |  20|          4|    2|          8|
    |correction_64_ce0       |  20|          4|    1|          4|
    |correction_64_ce1       |   9|          2|    1|          2|
    |correction_64_d0        |  14|          3|    1|          3|
    |correction_64_we0       |  14|          3|    1|          3|
    |correction_64_we1       |   9|          2|    1|          2|
    |correction_65_address0  |  20|          4|    2|          8|
    |correction_65_ce0       |  20|          4|    1|          4|
    |correction_65_ce1       |   9|          2|    1|          2|
    |correction_65_d0        |  14|          3|    1|          3|
    |correction_65_we0       |  14|          3|    1|          3|
    |correction_65_we1       |   9|          2|    1|          2|
    |correction_66_address0  |  20|          4|    2|          8|
    |correction_66_ce0       |  20|          4|    1|          4|
    |correction_66_ce1       |   9|          2|    1|          2|
    |correction_66_d0        |  14|          3|    1|          3|
    |correction_66_we0       |  14|          3|    1|          3|
    |correction_66_we1       |   9|          2|    1|          2|
    |correction_67_address0  |  20|          4|    2|          8|
    |correction_67_ce0       |  20|          4|    1|          4|
    |correction_67_ce1       |   9|          2|    1|          2|
    |correction_67_d0        |  14|          3|    1|          3|
    |correction_67_we0       |  14|          3|    1|          3|
    |correction_67_we1       |   9|          2|    1|          2|
    |correction_68_address0  |  20|          4|    2|          8|
    |correction_68_ce0       |  20|          4|    1|          4|
    |correction_68_ce1       |   9|          2|    1|          2|
    |correction_68_d0        |  14|          3|    1|          3|
    |correction_68_we0       |  14|          3|    1|          3|
    |correction_68_we1       |   9|          2|    1|          2|
    |correction_69_address0  |  20|          4|    2|          8|
    |correction_69_ce0       |  20|          4|    1|          4|
    |correction_69_ce1       |   9|          2|    1|          2|
    |correction_69_d0        |  14|          3|    1|          3|
    |correction_69_we0       |  14|          3|    1|          3|
    |correction_69_we1       |   9|          2|    1|          2|
    |correction_6_address0   |  20|          4|    2|          8|
    |correction_6_ce0        |  20|          4|    1|          4|
    |correction_6_ce1        |   9|          2|    1|          2|
    |correction_6_d0         |  14|          3|    1|          3|
    |correction_6_we0        |  14|          3|    1|          3|
    |correction_6_we1        |   9|          2|    1|          2|
    |correction_70_address0  |  20|          4|    2|          8|
    |correction_70_ce0       |  20|          4|    1|          4|
    |correction_70_ce1       |   9|          2|    1|          2|
    |correction_70_d0        |  14|          3|    1|          3|
    |correction_70_we0       |  14|          3|    1|          3|
    |correction_70_we1       |   9|          2|    1|          2|
    |correction_71_address0  |  20|          4|    2|          8|
    |correction_71_ce0       |  20|          4|    1|          4|
    |correction_71_ce1       |   9|          2|    1|          2|
    |correction_71_d0        |  14|          3|    1|          3|
    |correction_71_we0       |  14|          3|    1|          3|
    |correction_71_we1       |   9|          2|    1|          2|
    |correction_7_address0   |  20|          4|    2|          8|
    |correction_7_ce0        |  20|          4|    1|          4|
    |correction_7_ce1        |   9|          2|    1|          2|
    |correction_7_d0         |  14|          3|    1|          3|
    |correction_7_we0        |  14|          3|    1|          3|
    |correction_7_we1        |   9|          2|    1|          2|
    |correction_8_address0   |  20|          4|    2|          8|
    |correction_8_ce0        |  20|          4|    1|          4|
    |correction_8_ce1        |   9|          2|    1|          2|
    |correction_8_d0         |  14|          3|    1|          3|
    |correction_8_we0        |  14|          3|    1|          3|
    |correction_8_we1        |   9|          2|    1|          2|
    |correction_9_address0   |  20|          4|    2|          8|
    |correction_9_ce0        |  20|          4|    1|          4|
    |correction_9_ce1        |   9|          2|    1|          2|
    |correction_9_d0         |  14|          3|    1|          3|
    |correction_9_we0        |  14|          3|    1|          3|
    |correction_9_we1        |   9|          2|    1|          2|
    |correction_address0     |  20|          4|    2|          8|
    |correction_ce0          |  20|          4|    1|          4|
    |correction_ce1          |   9|          2|    1|          2|
    |correction_d0           |  14|          3|    1|          3|
    |correction_we0          |  14|          3|    1|          3|
    |correction_we1          |   9|          2|    1|          2|
    |s3_read                 |   9|          2|    1|          2|
    +------------------------+----+-----------+-----+-----------+
    |Total                   |6253|       1308|  507|       1596|
    +------------------------+----+-----------+-----+-----------+

    * Register: 
    +-----------------------------------------------------------------------------------------------------+---+----+-----+-----------+
    |                                                 Name                                                | FF| LUT| Bits| Const Bits|
    +-----------------------------------------------------------------------------------------------------+---+----+-----+-----------+
    |ap_CS_fsm                                                                                            |  7|   0|    7|          0|
    |ap_done_reg                                                                                          |  1|   0|    1|          0|
    |grp_edge_correction_Pipeline_EC_LOOP_VITIS_LOOP_174_3_VITIS_LOOP_175_4_fu_502_ap_start_reg           |  1|   0|    1|          0|
    |grp_edge_correction_Pipeline_INIT_VITIS_LOOP_167_1_VITIS_LOOP_168_2_fu_354_ap_start_reg              |  1|   0|    1|          0|
    |grp_edge_correction_Pipeline_VITIS_LOOP_213_5_VITIS_LOOP_214_6_VITIS_LOOP_215_7_fu_613_ap_start_reg  |  1|   0|    1|          0|
    +-----------------------------------------------------------------------------------------------------+---+----+-----+-----------+
    |Total                                                                                                | 11|   0|   11|          0|
    +-----------------------------------------------------------------------------------------------------+---+----+-----+-----------+



================================================================
== Interface
================================================================
* Summary: 
+-------------------+-----+-----+------------+-----------------+--------------+
|     RTL Ports     | Dir | Bits|  Protocol  |  Source Object  |    C Type    |
+-------------------+-----+-----+------------+-----------------+--------------+
|ap_clk             |   in|    1|  ap_ctrl_hs|  edge_correction|  return value|
|ap_rst             |   in|    1|  ap_ctrl_hs|  edge_correction|  return value|
|ap_start           |   in|    1|  ap_ctrl_hs|  edge_correction|  return value|
|ap_done            |  out|    1|  ap_ctrl_hs|  edge_correction|  return value|
|ap_continue        |   in|    1|  ap_ctrl_hs|  edge_correction|  return value|
|ap_idle            |  out|    1|  ap_ctrl_hs|  edge_correction|  return value|
|ap_ready           |  out|    1|  ap_ctrl_hs|  edge_correction|  return value|
|ap_return          |  out|  512|  ap_ctrl_hs|  edge_correction|  return value|
|s3_dout            |   in|  448|     ap_fifo|               s3|       pointer|
|s3_num_data_valid  |   in|    4|     ap_fifo|               s3|       pointer|
|s3_fifo_cap        |   in|    4|     ap_fifo|               s3|       pointer|
|s3_empty_n         |   in|    1|     ap_fifo|               s3|       pointer|
|s3_read            |  out|    1|     ap_fifo|               s3|       pointer|
+-------------------+-----+-----+------------+-----------------+--------------+

