

================================================================
== Vitis HLS Report for 'unpack_input'
================================================================
* Date:           Thu Sep  3 17:10:50 2026

* Version:        2023.2 (Build 4023990 on Oct 11 2023)
* Project:        predecoder_csynth_proj
* Solution:       solution1 (Vitis Kernel Flow Target)
* Product family: virtexuplusHBM
* Target device:  xcu55c-fsvh2892-2L-e


================================================================
== Performance Estimates
================================================================
+ Timing: 
    * Summary: 
    +--------+---------+----------+------------+
    |  Clock |  Target | Estimated| Uncertainty|
    +--------+---------+----------+------------+
    |ap_clk  |  3.33 ns|  2.757 ns|     0.90 ns|
    +--------+---------+----------+------------+

+ Latency: 
    * Summary: 
    +---------+---------+----------+----------+-----+-----+---------+
    |  Latency (cycles) |  Latency (absolute) |  Interval | Pipeline|
    |   min   |   max   |    min   |    max   | min | max |   Type  |
    +---------+---------+----------+----------+-----+-----+---------+
    |      219|      219|  0.729 us|  0.729 us|  219|  219|       no|
    +---------+---------+----------+----------+-----+-----+---------+

    + Detail: 
        * Instance: 
        N/A

        * Loop: 
        +------------------------------------------+---------+---------+----------+-----------+-----------+------+----------+
        |                                          |  Latency (cycles) | Iteration|  Initiation Interval  | Trip |          |
        |                 Loop Name                |   min   |   max   |  Latency |  achieved |   target  | Count| Pipelined|
        +------------------------------------------+---------+---------+----------+-----------+-----------+------+----------+
        |- UNPACK_VITIS_LOOP_19_1_VITIS_LOOP_20_2  |      217|      217|         3|          1|          1|   216|       yes|
        +------------------------------------------+---------+---------+----------+-----------+-----------+------+----------+



================================================================
== Utilization Estimates
================================================================
* Summary: 
+---------------------+---------+------+---------+---------+-----+
|         Name        | BRAM_18K|  DSP |    FF   |   LUT   | URAM|
+---------------------+---------+------+---------+---------+-----+
|DSP                  |        -|     -|        -|        -|    -|
|Expression           |        -|     -|        0|      196|    -|
|FIFO                 |        -|     -|        -|        -|    -|
|Instance             |        -|     -|        -|        -|    -|
|Memory               |        -|     -|        -|        -|    -|
|Multiplexer          |        -|     -|        -|      126|    -|
|Register             |        -|     -|      550|        -|    -|
+---------------------+---------+------+---------+---------+-----+
|Total                |        0|     0|      550|      322|    0|
+---------------------+---------+------+---------+---------+-----+
|Available SLR        |     1344|  3008|   869120|   434560|  320|
+---------------------+---------+------+---------+---------+-----+
|Utilization SLR (%)  |        0|     0|       ~0|       ~0|    0|
+---------------------+---------+------+---------+---------+-----+
|Available            |     4032|  9024|  2607360|  1303680|  960|
+---------------------+---------+------+---------+---------+-----+
|Utilization (%)      |        0|     0|       ~0|       ~0|    0|
+---------------------+---------+------+---------+---------+-----+

+ Detail: 
    * Instance: 
    N/A

    * DSP: 
    N/A

    * Memory: 
    N/A

    * FIFO: 
    N/A

    * Expression: 
    +---------------------------+----------+----+---+----+------------+------------+
    |       Variable Name       | Operation| DSP| FF| LUT| Bitwidth P0| Bitwidth P1|
    +---------------------------+----------+----+---+----+------------+------------+
    |add_fu_295_p2              |         +|   0|  0|  16|           7|           7|
    |add_ln18_fu_131_p2         |         +|   0|  0|  15|           8|           1|
    |add_ln19_1_fu_212_p2       |         +|   0|  0|  13|           6|           1|
    |idx_fu_330_p2              |         +|   0|  0|  18|          10|          10|
    |t_2_fu_249_p2              |         +|   0|  0|  10|           3|           1|
    |x_1_fu_206_p2              |         +|   0|  0|  10|           3|           1|
    |y_2_fu_178_p2              |         +|   0|  0|  10|           3|           1|
    |mul9_fu_321_p2             |         -|   0|  0|  18|          10|          10|
    |mul_fu_286_p2              |         -|   0|  0|  16|           7|           7|
    |and_ln18_fu_172_p2         |       and|   0|  0|   2|           1|           1|
    |ap_condition_109           |       and|   0|  0|   2|           1|           1|
    |ap_condition_135           |       and|   0|  0|   2|           1|           1|
    |icmp_ln18_fu_125_p2        |      icmp|   0|  0|  15|           8|           7|
    |icmp_ln19_fu_146_p2        |      icmp|   0|  0|  13|           6|           6|
    |icmp_ln20_fu_166_p2        |      icmp|   0|  0|  10|           3|           3|
    |ap_block_pp0_stage0_01001  |        or|   0|  0|   2|           1|           1|
    |or_ln19_fu_184_p2          |        or|   0|  0|   2|           1|           1|
    |select_ln18_1_fu_255_p3    |    select|   0|  0|   3|           1|           3|
    |select_ln18_fu_152_p3      |    select|   0|  0|   3|           1|           1|
    |select_ln19_1_fu_198_p3    |    select|   0|  0|   3|           1|           3|
    |select_ln19_2_fu_218_p3    |    select|   0|  0|   6|           1|           1|
    |select_ln19_fu_190_p3      |    select|   0|  0|   3|           1|           1|
    |ap_enable_pp0              |       xor|   0|  0|   2|           1|           2|
    |xor_ln18_fu_160_p2         |       xor|   0|  0|   2|           1|           2|
    +---------------------------+----------+----+---+----+------------+------------+
    |Total                      |          |   0|  0| 196|          86|          73|
    +---------------------------+----------+----+---+----+------------+------------+

    * Multiplexer: 
    +----------------------------------------+----+-----------+-----+-----------+
    |                  Name                  | LUT| Input Size| Bits| Total Bits|
    +----------------------------------------+----+-----------+-----+-----------+
    |ap_done_int                             |   9|          2|    1|          2|
    |ap_enable_reg_pp0_iter1                 |   9|          2|    1|          2|
    |ap_sig_allocacmp_indvar_flatten12_load  |   9|          2|    8|         16|
    |ap_sig_allocacmp_indvar_flatten_load    |   9|          2|    6|         12|
    |ap_sig_allocacmp_t_load                 |   9|          2|    3|          6|
    |ap_sig_allocacmp_x_load                 |   9|          2|    3|          6|
    |ap_sig_allocacmp_y_load                 |   9|          2|    3|          6|
    |indvar_flatten12_fu_80                  |   9|          2|    8|         16|
    |indvar_flatten_fu_72                    |   9|          2|    6|         12|
    |real_start                              |   9|          2|    1|          2|
    |s0_blk_n                                |   9|          2|    1|          2|
    |t_fu_76                                 |   9|          2|    3|          6|
    |x_fu_64                                 |   9|          2|    3|          6|
    |y_fu_68                                 |   9|          2|    3|          6|
    +----------------------------------------+----+-----------+-----+-----------+
    |Total                                   | 126|         28|   50|        100|
    +----------------------------------------+----+-----------+-----+-----------+

    * Register: 
    +----------------------------------+-----+----+-----+-----------+
    |               Name               |  FF | LUT| Bits| Const Bits|
    +----------------------------------+-----+----+-----+-----------+
    |ap_CS_fsm                         |    1|   0|    1|          0|
    |ap_done_reg                       |    1|   0|    1|          0|
    |ap_enable_reg_pp0_iter1           |    1|   0|    1|          0|
    |ap_enable_reg_pp0_iter2           |    1|   0|    1|          0|
    |ap_loop_exit_ready_pp0_iter1_reg  |    1|   0|    1|          0|
    |ap_loop_init_pp0_iter1_reg        |    1|   0|    1|          0|
    |beat_read_1_reg_399               |  512|   0|  512|          0|
    |bit_select_i_i_reg_423            |    1|   0|    1|          0|
    |icmp_ln19_reg_408                 |    1|   0|    1|          0|
    |indvar_flatten12_fu_80            |    8|   0|    8|          0|
    |indvar_flatten_fu_72              |    6|   0|    6|          0|
    |select_ln19_1_reg_418             |    3|   0|    3|          0|
    |select_ln19_reg_413               |    3|   0|    3|          0|
    |start_once_reg                    |    1|   0|    1|          0|
    |t_fu_76                           |    3|   0|    3|          0|
    |x_fu_64                           |    3|   0|    3|          0|
    |y_fu_68                           |    3|   0|    3|          0|
    +----------------------------------+-----+----+-----+-----------+
    |Total                             |  550|   0|  550|          0|
    +----------------------------------+-----+----+-----+-----------+



================================================================
== Interface
================================================================
* Summary: 
+-------------------+-----+-----+------------+--------------+--------------+
|     RTL Ports     | Dir | Bits|  Protocol  | Source Object|    C Type    |
+-------------------+-----+-----+------------+--------------+--------------+
|ap_clk             |   in|    1|  ap_ctrl_hs|  unpack_input|  return value|
|ap_rst             |   in|    1|  ap_ctrl_hs|  unpack_input|  return value|
|ap_start           |   in|    1|  ap_ctrl_hs|  unpack_input|  return value|
|start_full_n       |   in|    1|  ap_ctrl_hs|  unpack_input|  return value|
|ap_done            |  out|    1|  ap_ctrl_hs|  unpack_input|  return value|
|ap_continue        |   in|    1|  ap_ctrl_hs|  unpack_input|  return value|
|ap_idle            |  out|    1|  ap_ctrl_hs|  unpack_input|  return value|
|ap_ready           |  out|    1|  ap_ctrl_hs|  unpack_input|  return value|
|start_out          |  out|    1|  ap_ctrl_hs|  unpack_input|  return value|
|start_write        |  out|    1|  ap_ctrl_hs|  unpack_input|  return value|
|s0_din             |  out|   96|     ap_fifo|            s0|       pointer|
|s0_num_data_valid  |   in|    4|     ap_fifo|            s0|       pointer|
|s0_fifo_cap        |   in|    4|     ap_fifo|            s0|       pointer|
|s0_full_n          |   in|    1|     ap_fifo|            s0|       pointer|
|s0_write           |  out|    1|     ap_fifo|            s0|       pointer|
|beat_read          |   in|  512|     ap_none|     beat_read|        scalar|
+-------------------+-----+-----+------------+--------------+--------------+

